Command line invocation:
    /Applications/Xcode.app/Contents/Developer/usr/bin/xcodebuild test-without-building -xctestrun "LOCAL_HOME/ace-private/mcx19b-orientation-repair-20260915/10-target-size-diagnosis/complete-pilot-runs/20260915T125618Z-pilot-b5a15e274c09/native-settings/iPhone 17-restore-failure/ACEClientAppUITests.xctestrun" -destination id=2EB0863C-470E-467D-A0C6-CD216DA70C67 -parallel-testing-enabled NO "-only-testing:ACEClientAppUITests/ACEClientAppUITests/testConfigureAccessibilitySettings" -resultBundlePath "LOCAL_HOME/ace-private/mcx19b-orientation-repair-20260915/10-target-size-diagnosis/complete-pilot-runs/20260915T125618Z-pilot-b5a15e274c09/native-settings/iPhone 17-restore-failure/result.xcresult"

Writing result bundle at path:
	LOCAL_HOME/ace-private/mcx19b-orientation-repair-20260915/10-target-size-diagnosis/complete-pilot-runs/20260915T125618Z-pilot-b5a15e274c09/native-settings/iPhone 17-restore-failure/result.xcresult

2026-09-15 23:06:46.754891+1000 ACEClientAppUITests-Runner[77017:5312277] [Default] Running tests...
    t =      nans Interface orientation changed to Portrait
Test Suite 'Selected tests' started at 2026-09-15 23:06:51.813.
Test Suite 'ACEClientAppUITests.xctest' started at 2026-09-15 23:06:51.816.
Test Suite 'ACEClientAppUITests' started at 2026-09-15 23:06:51.826.
Test Case '-[ACEClientAppUITests.ACEClientAppUITests testConfigureAccessibilitySettings]' started.
    t =     0.01s Start Test at 2026-09-15 23:06:51.834
    t =     0.24s Set Up
    t =     0.27s Open com.example.aceclientapp
    t =     0.27s     Launch com.example.aceclientapp
    t =     4.55s         Setting up automation session
    t =     9.65s         Wait for com.example.aceclientapp to idle
    t =    12.65s Waiting 5.0s for "Effective interface style" Any to exist
    t =    13.73s     Checking `Expect predicate `existsNoRetry == 1` for object "Effective interface style" Any`
    t =    13.73s         Checking existence of `"Effective interface style" Any`
    t =    14.96s Find the "Effective interface style" Any
    t =    15.03s Find the "Effective interface style" ScrollView
    t =    15.10s Terminate com.example.aceclientapp:77037
    t =    16.15s Setting device orientation to Portrait
    t =    16.18s     Wait for com.apple.springboard to idle
    t =    16.20s Open com.example.aceclientapp
    t =    16.21s     Launch com.example.aceclientapp
    t =    17.30s         Setting up automation session
    t =    22.46s         Wait for com.example.aceclientapp to idle
    t =    25.40s Waiting 5.0s for "Effective interface style" Any to exist
    t =    26.46s     Checking `Expect predicate `existsNoRetry == 1` for object "Effective interface style" Any`
    t =    26.46s         Checking existence of `"Effective interface style" Any`
    t =    27.71s Find the "Effective interface style" Any
    t =    27.78s Find the "Effective interface style" ScrollView
ACE_ORIENTATION_READ_STARTED {"requested":"portrait"}
    t =    27.83s Find the Target Application 'com.example.aceclientapp'
ACE_ORIENTATION_FRAME {"elapsedReadSeconds":0.16828083799919114,"frame":{"height":"874.0","width":"402.0","x":"0.0","y":"0.0"},"outcome":"match","requested":"portrait"}
ACE_SETTINGS_RESULT {"mode":"set","observed":{"boldText":false,"increaseContrast":false,"orientation":"portrait","reduceMotion":false}}
    t =    28.00s Terminate com.example.aceclientapp:77063
    t =    29.07s Tear Down
Test Case '-[ACEClientAppUITests.ACEClientAppUITests testConfigureAccessibilitySettings]' passed (29.766 seconds).
Test Suite 'ACEClientAppUITests' passed at 2026-09-15 23:07:21.600.
	 Executed 1 test, with 0 failures (0 unexpected) in 29.766 (29.774) seconds
Test Suite 'ACEClientAppUITests.xctest' passed at 2026-09-15 23:07:21.603.
	 Executed 1 test, with 0 failures (0 unexpected) in 29.766 (29.787) seconds
Test Suite 'Selected tests' passed at 2026-09-15 23:07:21.605.
	 Executed 1 test, with 0 failures (0 unexpected) in 29.766 (29.791) seconds

Test session results, code coverage, and logs:
	LOCAL_HOME/ace-private/mcx19b-orientation-repair-20260915/10-target-size-diagnosis/complete-pilot-runs/20260915T125618Z-pilot-b5a15e274c09/native-settings/iPhone 17-restore-failure/result.xcresult

** TEST EXECUTE SUCCEEDED **

Testing started
2026-09-15 23:06:37.484 xcodebuild[76992:5311558] [MT] IDERunDestination: Supported platforms for the buildables in the current scheme is empty.
2026-09-15 23:06:37.542 xcodebuild[76992:5311558] [MT] IDERunDestination: Supported platforms for the buildables in the current scheme is empty.
2026-09-15 23:06:39.119 xcodebuild[76992:5311558] [MT] IDERunDestination: Supported platforms for the buildables in the current scheme is empty.
2026-09-15 23:06:52.283 xcodebuild[76992:5311558] [MT] IDELaunchParametersSnapshot: The operation couldn’t be completed. (DebuggerLLDB.DebuggerVersionStore.StoreError error 0.)
2026-09-15 23:06:52.283 xcodebuild[76992:5311558] [MT] IDELaunchParametersSnapshot: no debugger version
2026-09-15 23:07:08.041 xcodebuild[76992:5311558] [MT] IDELaunchParametersSnapshot: The operation couldn’t be completed. (DebuggerLLDB.DebuggerVersionStore.StoreError error 0.)
2026-09-15 23:07:08.041 xcodebuild[76992:5311558] [MT] IDELaunchParametersSnapshot: no debugger version
2026-09-15 23:07:22.114 xcodebuild[76992:5311558] [MT] IDETestOperationsObserverDebug: 42.955 elapsed -- Testing started completed.
2026-09-15 23:07:22.114 xcodebuild[76992:5311558] [MT] IDETestOperationsObserverDebug: 0.000 sec, +0.000 sec -- start
2026-09-15 23:07:22.114 xcodebuild[76992:5311558] [MT] IDETestOperationsObserverDebug: 42.955 sec, +42.955 sec -- end
