Command line invocation:
    /Applications/Xcode.app/Contents/Developer/usr/bin/xcodebuild test-without-building -xctestrun LOCAL_HOME/ace-private/mcx19b-orientation-repair-20260915/06-shutdown-native-gate/positive/native-settings/001-set/ACEClientAppUITests.xctestrun -destination id=2EB0863C-470E-467D-A0C6-CD216DA70C67 -parallel-testing-enabled NO "-only-testing:ACEClientAppUITests/ACEClientAppUITests/testConfigureAccessibilitySettings" -resultBundlePath LOCAL_HOME/ace-private/mcx19b-orientation-repair-20260915/06-shutdown-native-gate/positive/native-settings/001-set/result.xcresult

Writing result bundle at path:
	LOCAL_HOME/ace-private/mcx19b-orientation-repair-20260915/06-shutdown-native-gate/positive/native-settings/001-set/result.xcresult

2026-09-15 18:46:15.628380+1000 ACEClientAppUITests-Runner[40843:4606654] [Default] Running tests...
2026-09-15 18:46:15.816887+1000 ACEClientAppUITests-Runner[40843:4606811] [General] Failed to send CA Event for app launch measurements for ca_event_type: 0 event_name: com.apple.app_launch_measurement.FirstFramePresentationMetric
    t =      nans Interface orientation changed to Portrait
2026-09-15 18:46:18.940620+1000 ACEClientAppUITests-Runner[40843:4606813] [General] Failed to send CA Event for app launch measurements for ca_event_type: 1 event_name: com.apple.app_launch_measurement.ExtendedLaunchMetrics
Test Suite 'Selected tests' started at 2026-09-15 18:46:19.037.
Test Suite 'ACEClientAppUITests.xctest' started at 2026-09-15 18:46:19.041.
Test Suite 'ACEClientAppUITests' started at 2026-09-15 18:46:19.043.
Test Case '-[ACEClientAppUITests.ACEClientAppUITests testConfigureAccessibilitySettings]' started.
    t =     0.03s Start Test at 2026-09-15 18:46:19.066
    t =     0.23s Set Up
    t =     0.26s Open com.example.aceclientapp
    t =     0.26s     Launch com.example.aceclientapp
    t =     2.43s         Setting up automation session
    t =     6.45s         Wait for com.example.aceclientapp to idle
    t =     8.89s Waiting 5.0s for "Effective interface style" Any to exist
    t =     9.96s     Checking `Expect predicate `existsNoRetry == 1` for object "Effective interface style" Any`
    t =     9.96s         Checking existence of `"Effective interface style" Any`
    t =    11.21s Find the "Effective interface style" Any
    t =    11.28s Find the "Effective interface style" ScrollView
    t =    11.33s Terminate com.example.aceclientapp:40859
    t =    12.40s Setting device orientation to Portrait
    t =    12.41s     Device orientation changed to Portrait
    t =    12.47s     Wait for com.apple.springboard to idle
    t =    12.65s Open com.example.aceclientapp
    t =    12.65s     Launch com.example.aceclientapp
    t =    13.30s         Setting up automation session
    t =    17.52s         Wait for com.example.aceclientapp to idle
    t =    20.16s Waiting 5.0s for "Effective interface style" Any to exist
    t =    21.23s     Checking `Expect predicate `existsNoRetry == 1` for object "Effective interface style" Any`
    t =    21.23s         Checking existence of `"Effective interface style" Any`
    t =    22.40s Find the "Effective interface style" Any
    t =    22.50s Find the "Effective interface style" ScrollView
ACE_ORIENTATION_READ_STARTED {"requested":"portrait"}
    t =    22.58s Find the Target Application 'com.example.aceclientapp'
ACE_ORIENTATION_FRAME {"elapsedReadSeconds":0.09767451899824664,"frame":{"height":"874.0","width":"402.0","x":"0.0","y":"0.0"},"outcome":"match","requested":"portrait"}
ACE_SETTINGS_RESULT {"mode":"set","observed":{"boldText":false,"increaseContrast":false,"orientation":"portrait","reduceMotion":false}}
    t =    22.68s Terminate com.example.aceclientapp:40876
    t =    23.70s Tear Down
Test Case '-[ACEClientAppUITests.ACEClientAppUITests testConfigureAccessibilitySettings]' passed (23.890 seconds).
Test Suite 'ACEClientAppUITests' passed at 2026-09-15 18:46:42.954.
	 Executed 1 test, with 0 failures (0 unexpected) in 23.890 (23.911) seconds
Test Suite 'ACEClientAppUITests.xctest' passed at 2026-09-15 18:46:42.956.
	 Executed 1 test, with 0 failures (0 unexpected) in 23.890 (23.915) seconds
Test Suite 'Selected tests' passed at 2026-09-15 18:46:42.959.
	 Executed 1 test, with 0 failures (0 unexpected) in 23.890 (23.921) seconds

Test session results, code coverage, and logs:
	LOCAL_HOME/ace-private/mcx19b-orientation-repair-20260915/06-shutdown-native-gate/positive/native-settings/001-set/result.xcresult

** TEST EXECUTE SUCCEEDED **

Testing started
2026-09-15 18:46:08.981 xcodebuild[40827:4606144] [MT] IDERunDestination: Supported platforms for the buildables in the current scheme is empty.
2026-09-15 18:46:08.998 xcodebuild[40827:4606144] [MT] IDERunDestination: Supported platforms for the buildables in the current scheme is empty.
2026-09-15 18:46:09.913 xcodebuild[40827:4606144] [MT] IDERunDestination: Supported platforms for the buildables in the current scheme is empty.
2026-09-15 18:46:19.462 xcodebuild[40827:4606144] [MT] IDELaunchParametersSnapshot: The operation couldn’t be completed. (DebuggerLLDB.DebuggerVersionStore.StoreError error 0.)
2026-09-15 18:46:19.462 xcodebuild[40827:4606144] [MT] IDELaunchParametersSnapshot: no debugger version
2026-09-15 18:46:31.702 xcodebuild[40827:4606144] [MT] IDELaunchParametersSnapshot: The operation couldn’t be completed. (DebuggerLLDB.DebuggerVersionStore.StoreError error 0.)
2026-09-15 18:46:31.702 xcodebuild[40827:4606144] [MT] IDELaunchParametersSnapshot: no debugger version
2026-09-15 18:46:43.361 xcodebuild[40827:4606144] [MT] IDETestOperationsObserverDebug: 33.443 elapsed -- Testing started completed.
2026-09-15 18:46:43.361 xcodebuild[40827:4606144] [MT] IDETestOperationsObserverDebug: 0.000 sec, +0.000 sec -- start
2026-09-15 18:46:43.361 xcodebuild[40827:4606144] [MT] IDETestOperationsObserverDebug: 33.443 sec, +33.443 sec -- end
