Command line invocation:
    /Applications/Xcode.app/Contents/Developer/usr/bin/xcodebuild test-without-building -xctestrun LOCAL_HOME/ace-private/mcx19b-orientation-repair-20260915/03-ax-startup-isolation/native-settings/unchanged-read/ACEClientAppUITests.xctestrun -destination id=2EB0863C-470E-467D-A0C6-CD216DA70C67 -parallel-testing-enabled NO "-only-testing:ACEClientAppUITests/ACEClientAppUITests/testConfigureAccessibilitySettings" -resultBundlePath LOCAL_HOME/ace-private/mcx19b-orientation-repair-20260915/03-ax-startup-isolation/native-settings/unchanged-read/result.xcresult

Writing result bundle at path:
	LOCAL_HOME/ace-private/mcx19b-orientation-repair-20260915/03-ax-startup-isolation/native-settings/unchanged-read/result.xcresult

2026-09-15 16:40:58.383774+1000 ACEClientAppUITests-Runner[25703:4299599] [Default] Running tests...
Test Suite 'Selected tests' started at 2026-09-15 16:41:15.859.
Test Suite 'ACEClientAppUITests.xctest' started at 2026-09-15 16:41:15.863.
Test Suite 'ACEClientAppUITests' started at 2026-09-15 16:41:15.864.
Test Case '-[ACEClientAppUITests.ACEClientAppUITests testConfigureAccessibilitySettings]' started.
    t =     0.02s Start Test at 2026-09-15 16:41:15.880
    t =     0.89s Set Up
    t =     0.91s Open com.example.aceclientapp
    t =     0.91s     Launch com.example.aceclientapp
    t =     4.70s         Setting up automation session
    t =     9.13s         Wait for com.example.aceclientapp to idle
    t =    11.85s Waiting 5.0s for "Effective interface style" Any to exist
    t =    12.90s     Checking `Expect predicate `existsNoRetry == 1` for object "Effective interface style" Any`
    t =    12.90s         Checking existence of `"Effective interface style" Any`
    t =    14.10s Find the "Effective interface style" Any
    t =    14.22s Find the "Effective interface style" ScrollView
    t =    14.30s Terminate com.example.aceclientapp:25748
    t =    15.34s Open com.example.aceclientapp
    t =    15.34s     Launch com.example.aceclientapp
    t =    15.99s         Setting up automation session
    t =    20.26s         Wait for com.example.aceclientapp to idle
    t =    22.71s Waiting 5.0s for "Effective interface style" Any to exist
    t =    23.79s     Checking `Expect predicate `existsNoRetry == 1` for object "Effective interface style" Any`
    t =    23.79s         Checking existence of `"Effective interface style" Any`
    t =    25.03s Find the "Effective interface style" Any
    t =    25.09s Find the "Effective interface style" ScrollView
ACE_SETTINGS_RESULT {"mode":"read","observed":{"boldText":false,"increaseContrast":false,"orientation":"portrait","reduceMotion":false}}
    t =    25.15s Terminate com.example.aceclientapp:25775
    t =    26.19s Tear Down
Test Case '-[ACEClientAppUITests.ACEClientAppUITests testConfigureAccessibilitySettings]' passed (26.281 seconds).
Test Suite 'ACEClientAppUITests' passed at 2026-09-15 16:41:42.161.
	 Executed 1 test, with 0 failures (0 unexpected) in 26.281 (26.297) seconds
Test Suite 'ACEClientAppUITests.xctest' passed at 2026-09-15 16:41:42.163.
	 Executed 1 test, with 0 failures (0 unexpected) in 26.281 (26.300) seconds
Test Suite 'Selected tests' passed at 2026-09-15 16:41:42.164.
	 Executed 1 test, with 0 failures (0 unexpected) in 26.281 (26.305) seconds

Test session results, code coverage, and logs:
	LOCAL_HOME/ace-private/mcx19b-orientation-repair-20260915/03-ax-startup-isolation/native-settings/unchanged-read/result.xcresult

** TEST EXECUTE SUCCEEDED **

Testing started
2026-09-15 16:40:21.279 xcodebuild[25615:4297308] [MT] IDERunDestination: Supported platforms for the buildables in the current scheme is empty.
2026-09-15 16:40:21.360 xcodebuild[25615:4297308] [MT] IDERunDestination: Supported platforms for the buildables in the current scheme is empty.
2026-09-15 16:40:23.146 xcodebuild[25615:4297308] [MT] IDERunDestination: Supported platforms for the buildables in the current scheme is empty.
2026-09-15 16:40:23.597 xcodebuild[25615:4297308] [MT] IDERunDestination: Supported platforms for the buildables in the current scheme is empty.
2026-09-15 16:41:16.921 xcodebuild[25615:4297308] [MT] IDELaunchParametersSnapshot: The operation couldn’t be completed. (DebuggerLLDB.DebuggerVersionStore.StoreError error 0.)
2026-09-15 16:41:16.921 xcodebuild[25615:4297308] [MT] IDELaunchParametersSnapshot: no debugger version
2026-09-15 16:41:31.215 xcodebuild[25615:4297308] [MT] IDELaunchParametersSnapshot: The operation couldn’t be completed. (DebuggerLLDB.DebuggerVersionStore.StoreError error 0.)
2026-09-15 16:41:31.215 xcodebuild[25615:4297308] [MT] IDELaunchParametersSnapshot: no debugger version
2026-09-15 16:41:42.521 xcodebuild[25615:4297308] [MT] IDETestOperationsObserverDebug: 78.913 elapsed -- Testing started completed.
2026-09-15 16:41:42.521 xcodebuild[25615:4297308] [MT] IDETestOperationsObserverDebug: 0.000 sec, +0.000 sec -- start
2026-09-15 16:41:42.521 xcodebuild[25615:4297308] [MT] IDETestOperationsObserverDebug: 78.913 sec, +78.913 sec -- end
