Command line invocation:
    /Applications/Xcode.app/Contents/Developer/usr/bin/xcodebuild test-without-building -xctestrun LOCAL_HOME/ace-private/mcx19b-implementation-20260914/settings-bold-integration/native-settings/restored/ACEClientAppUITests.xctestrun -destination id=D1BAA05C-52DD-4E57-832F-C0A75718E085 -parallel-testing-enabled NO "-only-testing:ACEClientAppUITests/ACEClientAppUITests/testConfigureAccessibilitySettings" -resultBundlePath LOCAL_HOME/ace-private/mcx19b-implementation-20260914/settings-bold-integration/native-settings/restored/result.xcresult

Writing result bundle at path:
	LOCAL_HOME/ace-private/mcx19b-implementation-20260914/settings-bold-integration/native-settings/restored/result.xcresult

2026-09-14 18:10:38.179377+1000 ACEClientAppUITests-Runner[63689:1799270] [Default] Running tests...
    t =      nans Interface orientation changed to Portrait
Test Suite 'Selected tests' started at 2026-09-14 18:10:43.813.
Test Suite 'ACEClientAppUITests.xctest' started at 2026-09-14 18:10:43.815.
Test Suite 'ACEClientAppUITests' started at 2026-09-14 18:10:43.816.
Test Case '-[ACEClientAppUITests.ACEClientAppUITests testConfigureAccessibilitySettings]' started.
    t =     0.01s Start Test at 2026-09-14 18:10:43.831
    t =     0.24s Set Up
    t =     0.27s Open com.example.aceclientapp
    t =     0.27s     Launch com.example.aceclientapp
    t =     2.26s         Setting up automation session
    t =     7.77s         Wait for com.example.aceclientapp to idle
    t =    11.25s Waiting 5.0s for "Effective interface style" StaticText to exist
    t =    12.33s     Checking `Expect predicate `existsNoRetry == 1` for object "Effective interface style" StaticText`
    t =    12.33s         Checking existence of `"Effective interface style" StaticText`
    t =    14.03s Find the "Effective interface style" StaticText
    t =    14.27s Find the "Effective interface style" StaticText
    t =    14.57s Terminate com.example.aceclientapp:63713
    t =    15.59s Setting device orientation to Portrait
    t =    15.60s     Device orientation changed to Portrait
    t =    16.41s     Wait for com.apple.springboard to idle
    t =    16.79s Open com.example.aceclientapp
    t =    16.80s     Launch com.example.aceclientapp
    t =    17.67s         Setting up automation session
    t =    22.93s         Wait for com.example.aceclientapp to idle
    t =    25.97s Waiting 5.0s for "Effective interface style" StaticText to exist
    t =    27.06s     Checking `Expect predicate `existsNoRetry == 1` for object "Effective interface style" StaticText`
    t =    27.06s         Checking existence of `"Effective interface style" StaticText`
    t =    28.64s Find the "Effective interface style" StaticText
    t =    28.89s Find the "Effective interface style" StaticText
    t =    30.21s Find the Target Application 'com.example.aceclientapp'
ACE_SETTINGS_RESULT {"mode":"set","observed":{"boldText":false,"increaseContrast":false,"orientation":"portrait","reduceMotion":false}}
    t =    30.35s Terminate com.example.aceclientapp:63746
    t =    31.37s Tear Down
Test Case '-[ACEClientAppUITests.ACEClientAppUITests testConfigureAccessibilitySettings]' passed (31.587 seconds).
Test Suite 'ACEClientAppUITests' passed at 2026-09-14 18:11:15.417.
	 Executed 1 test, with 0 failures (0 unexpected) in 31.587 (31.601) seconds
Test Suite 'ACEClientAppUITests.xctest' passed at 2026-09-14 18:11:15.419.
	 Executed 1 test, with 0 failures (0 unexpected) in 31.587 (31.604) seconds
Test Suite 'Selected tests' passed at 2026-09-14 18:11:15.421.
	 Executed 1 test, with 0 failures (0 unexpected) in 31.587 (31.608) seconds

Test session results, code coverage, and logs:
	LOCAL_HOME/ace-private/mcx19b-implementation-20260914/settings-bold-integration/native-settings/restored/result.xcresult

** TEST EXECUTE SUCCEEDED **

Testing started
2026-09-14 18:10:28.690 xcodebuild[63667:1798631] [MT] IDERunDestination: Supported platforms for the buildables in the current scheme is empty.
2026-09-14 18:10:28.740 xcodebuild[63667:1798631] [MT] IDERunDestination: Supported platforms for the buildables in the current scheme is empty.
2026-09-14 18:10:30.121 xcodebuild[63667:1798631] [MT] IDERunDestination: Supported platforms for the buildables in the current scheme is empty.
2026-09-14 18:10:44.278 xcodebuild[63667:1798631] [MT] IDELaunchParametersSnapshot: The operation couldn’t be completed. (DebuggerLLDB.DebuggerVersionStore.StoreError error 0.)
2026-09-14 18:10:44.278 xcodebuild[63667:1798631] [MT] IDELaunchParametersSnapshot: no debugger version
2026-09-14 18:11:00.619 xcodebuild[63667:1798631] [MT] IDELaunchParametersSnapshot: The operation couldn’t be completed. (DebuggerLLDB.DebuggerVersionStore.StoreError error 0.)
2026-09-14 18:11:00.619 xcodebuild[63667:1798631] [MT] IDELaunchParametersSnapshot: no debugger version
2026-09-14 18:11:15.815 xcodebuild[63667:1798631] [MT] IDETestOperationsObserverDebug: 45.669 elapsed -- Testing started completed.
2026-09-14 18:11:15.815 xcodebuild[63667:1798631] [MT] IDETestOperationsObserverDebug: 0.000 sec, +0.000 sec -- start
2026-09-14 18:11:15.815 xcodebuild[63667:1798631] [MT] IDETestOperationsObserverDebug: 45.669 sec, +45.669 sec -- end
