Command line invocation:
    /Applications/Xcode.app/Contents/Developer/usr/bin/xcodebuild test-without-building -xctestrun LOCAL_HOME/ace-private/mcx19b-orientation-repair-20260915/02-native-orientation-proof/native-settings/corrected-portrait/ACEClientAppUITests.xctestrun -destination id=2EB0863C-470E-467D-A0C6-CD216DA70C67 -parallel-testing-enabled NO "-only-testing:ACEClientAppUITests/ACEClientAppUITests/testConfigureAccessibilitySettings" -resultBundlePath LOCAL_HOME/ace-private/mcx19b-orientation-repair-20260915/02-native-orientation-proof/native-settings/corrected-portrait/result.xcresult

Writing result bundle at path:
	LOCAL_HOME/ace-private/mcx19b-orientation-repair-20260915/02-native-orientation-proof/native-settings/corrected-portrait/result.xcresult

2026-09-15 16:11:05.059518+1000 ACEClientAppUITests-Runner[21690:4219763] [Default] Running tests...
    t =      nans Interface orientation changed to Portrait
Test Suite 'Selected tests' started at 2026-09-15 16:11:10.405.
Test Suite 'ACEClientAppUITests.xctest' started at 2026-09-15 16:11:10.408.
Test Suite 'ACEClientAppUITests' started at 2026-09-15 16:11:10.409.
Test Case '-[ACEClientAppUITests.ACEClientAppUITests testConfigureAccessibilitySettings]' started.
    t =     0.01s Start Test at 2026-09-15 16:11:10.417
    t =     0.23s Set Up
    t =     0.26s Open com.example.aceclientapp
    t =     0.26s     Launch com.example.aceclientapp
    t =     4.18s         Setting up automation session
    t =    10.58s         Wait for com.example.aceclientapp to idle
    t =    13.46s Waiting 5.0s for "Effective interface style" Any to exist
    t =    14.55s     Checking `Expect predicate `existsNoRetry == 1` for object "Effective interface style" Any`
    t =    14.55s         Checking existence of `"Effective interface style" Any`
    t =    15.91s Find the "Effective interface style" Any
    t =    15.99s Find the "Effective interface style" ScrollView
    t =    16.06s Terminate com.example.aceclientapp:21713
    t =    17.15s Setting device orientation to Portrait
    t =    17.24s     Wait for com.apple.springboard to idle
    t =    17.27s Open com.example.aceclientapp
    t =    17.27s     Launch com.example.aceclientapp
    t =    18.35s         Setting up automation session
    t =    24.52s         Wait for com.example.aceclientapp to idle
    t =    27.51s Waiting 5.0s for "Effective interface style" Any to exist
    t =    28.59s     Checking `Expect predicate `existsNoRetry == 1` for object "Effective interface style" Any`
    t =    28.59s         Checking existence of `"Effective interface style" Any`
    t =    30.05s Find the "Effective interface style" Any
    t =    30.13s Find the "Effective interface style" ScrollView
ACE_ORIENTATION_READ_STARTED {"requested":"portrait"}
    t =    30.20s Find the Target Application 'com.example.aceclientapp'
ACE_ORIENTATION_FRAME {"elapsedReadSeconds":0.13560687302378938,"frame":{"height":"874.0","width":"402.0","x":"0.0","y":"0.0"},"outcome":"match","requested":"portrait"}
ACE_SETTINGS_RESULT {"mode":"set","observed":{"boldText":false,"increaseContrast":false,"orientation":"portrait","reduceMotion":false}}
    t =    30.34s Terminate com.example.aceclientapp:21733
    t =    31.40s Tear Down
Test Case '-[ACEClientAppUITests.ACEClientAppUITests testConfigureAccessibilitySettings]' passed (31.555 seconds).
Test Suite 'ACEClientAppUITests' passed at 2026-09-15 16:11:41.972.
	 Executed 1 test, with 0 failures (0 unexpected) in 31.555 (31.563) seconds
Test Suite 'ACEClientAppUITests.xctest' passed at 2026-09-15 16:11:41.975.
	 Executed 1 test, with 0 failures (0 unexpected) in 31.555 (31.567) seconds
Test Suite 'Selected tests' passed at 2026-09-15 16:11:41.977.
	 Executed 1 test, with 0 failures (0 unexpected) in 31.555 (31.572) seconds

Test session results, code coverage, and logs:
	LOCAL_HOME/ace-private/mcx19b-orientation-repair-20260915/02-native-orientation-proof/native-settings/corrected-portrait/result.xcresult

** TEST EXECUTE SUCCEEDED **

Testing started
2026-09-15 16:10:54.208 xcodebuild[21665:4219117] [MT] IDERunDestination: Supported platforms for the buildables in the current scheme is empty.
2026-09-15 16:10:54.309 xcodebuild[21665:4219117] [MT] IDERunDestination: Supported platforms for the buildables in the current scheme is empty.
2026-09-15 16:10:56.044 xcodebuild[21665:4219117] [MT] IDERunDestination: Supported platforms for the buildables in the current scheme is empty.
2026-09-15 16:10:56.546 xcodebuild[21665:4219117] [MT] IDERunDestination: Supported platforms for the buildables in the current scheme is empty.
2026-09-15 16:11:10.967 xcodebuild[21665:4219117] [MT] IDELaunchParametersSnapshot: The operation couldn’t be completed. (DebuggerLLDB.DebuggerVersionStore.StoreError error 0.)
2026-09-15 16:11:10.967 xcodebuild[21665:4219117] [MT] IDELaunchParametersSnapshot: no debugger version
2026-09-15 16:11:27.685 xcodebuild[21665:4219117] [MT] IDELaunchParametersSnapshot: The operation couldn’t be completed. (DebuggerLLDB.DebuggerVersionStore.StoreError error 0.)
2026-09-15 16:11:27.685 xcodebuild[21665:4219117] [MT] IDELaunchParametersSnapshot: no debugger version
2026-09-15 16:11:42.405 xcodebuild[21665:4219117] [MT] IDETestOperationsObserverDebug: 45.828 elapsed -- Testing started completed.
2026-09-15 16:11:42.406 xcodebuild[21665:4219117] [MT] IDETestOperationsObserverDebug: 0.000 sec, +0.000 sec -- start
2026-09-15 16:11:42.406 xcodebuild[21665:4219117] [MT] IDETestOperationsObserverDebug: 45.828 sec, +45.828 sec -- end
