Command line invocation:
    /Applications/Xcode.app/Contents/Developer/usr/bin/xcodebuild test-without-building -xctestrun "LOCAL_HOME/ace-private/mcx19b-orientation-repair-20260915/12-revision5-discriminating-diagnosis/arm-B/repetition-3/native-settings/iPhone 17-restore-D1/ACEClientAppUITests.xctestrun" -destination id=2EB0863C-470E-467D-A0C6-CD216DA70C67 -parallel-testing-enabled NO "-only-testing:ACEClientAppUITests/ACEClientAppUITests/testConfigureAccessibilitySettings" -resultBundlePath "LOCAL_HOME/ace-private/mcx19b-orientation-repair-20260915/12-revision5-discriminating-diagnosis/arm-B/repetition-3/native-settings/iPhone 17-restore-D1/result.xcresult"

Writing result bundle at path:
	LOCAL_HOME/ace-private/mcx19b-orientation-repair-20260915/12-revision5-discriminating-diagnosis/arm-B/repetition-3/native-settings/iPhone 17-restore-D1/result.xcresult

2026-09-17 00:47:37.634295+1000 ACEClientAppUITests-Runner[13487:7729311] [Default] Running tests...
    t =      nans Interface orientation changed to Portrait
Test Suite 'Selected tests' started at 2026-09-17 00:47:41.849.
Test Suite 'ACEClientAppUITests.xctest' started at 2026-09-17 00:47:41.851.
Test Suite 'ACEClientAppUITests' started at 2026-09-17 00:47:41.852.
Test Case '-[ACEClientAppUITests.ACEClientAppUITests testConfigureAccessibilitySettings]' started.
    t =     0.02s Start Test at 2026-09-17 00:47:41.868
    t =     0.24s Set Up
    t =     0.27s Open com.example.aceclientapp
    t =     0.27s     Launch com.example.aceclientapp
    t =     2.14s         Setting up automation session
    t =     7.28s         Wait for com.example.aceclientapp to idle
    t =    10.26s Waiting 5.0s for "Effective interface style" Any to exist
    t =    11.33s     Checking `Expect predicate `existsNoRetry == 1` for object "Effective interface style" Any`
    t =    11.33s         Checking existence of `"Effective interface style" Any`
    t =    12.51s Find the "Effective interface style" Any
    t =    12.57s Find the "Effective interface style" ScrollView
    t =    12.62s Terminate com.example.aceclientapp:13503
    t =    13.64s Setting device orientation to Portrait
    t =    13.67s     Wait for com.apple.springboard to idle
    t =    13.69s Open com.example.aceclientapp
    t =    13.69s     Launch com.example.aceclientapp
    t =    14.56s         Setting up automation session
    t =    19.49s         Wait for com.example.aceclientapp to idle
    t =    22.17s Waiting 5.0s for "Effective interface style" Any to exist
    t =    23.23s     Checking `Expect predicate `existsNoRetry == 1` for object "Effective interface style" Any`
    t =    23.23s         Checking existence of `"Effective interface style" Any`
    t =    24.48s Find the "Effective interface style" Any
    t =    24.54s Find the "Effective interface style" ScrollView
ACE_ORIENTATION_READ_STARTED {"requested":"portrait"}
    t =    24.58s Find the Target Application 'com.example.aceclientapp'
ACE_ORIENTATION_FRAME {"elapsedReadSeconds":0.07735216902801767,"frame":{"height":"874.0","width":"402.0","x":"0.0","y":"0.0"},"outcome":"match","requested":"portrait"}
ACE_SETTINGS_RESULT {"mode":"set","observed":{"boldText":false,"increaseContrast":false,"orientation":"portrait","reduceMotion":false}}
    t =    24.66s Terminate com.example.aceclientapp:13525
    t =    25.73s Tear Down
Test Case '-[ACEClientAppUITests.ACEClientAppUITests testConfigureAccessibilitySettings]' passed (26.229 seconds).
Test Suite 'ACEClientAppUITests' passed at 2026-09-17 00:48:08.096.
	 Executed 1 test, with 0 failures (0 unexpected) in 26.229 (26.244) seconds
Test Suite 'ACEClientAppUITests.xctest' passed at 2026-09-17 00:48:08.098.
	 Executed 1 test, with 0 failures (0 unexpected) in 26.229 (26.247) seconds
Test Suite 'Selected tests' passed at 2026-09-17 00:48:08.100.
	 Executed 1 test, with 0 failures (0 unexpected) in 26.229 (26.250) seconds

Test session results, code coverage, and logs:
	LOCAL_HOME/ace-private/mcx19b-orientation-repair-20260915/12-revision5-discriminating-diagnosis/arm-B/repetition-3/native-settings/iPhone 17-restore-D1/result.xcresult

** TEST EXECUTE SUCCEEDED **

Testing started
2026-09-17 00:47:28.769 xcodebuild[13450:7728450] [MT] IDERunDestination: Supported platforms for the buildables in the current scheme is empty.
2026-09-17 00:47:28.817 xcodebuild[13450:7728450] [MT] IDERunDestination: Supported platforms for the buildables in the current scheme is empty.
2026-09-17 00:47:30.371 xcodebuild[13450:7728450] [MT] IDERunDestination: Supported platforms for the buildables in the current scheme is empty.
2026-09-17 00:47:42.311 xcodebuild[13450:7728450] [MT] IDELaunchParametersSnapshot: The operation couldn’t be completed. (DebuggerLLDB.DebuggerVersionStore.StoreError error 0.)
2026-09-17 00:47:42.311 xcodebuild[13450:7728450] [MT] IDELaunchParametersSnapshot: no debugger version
2026-09-17 00:47:55.551 xcodebuild[13450:7728450] [MT] IDELaunchParametersSnapshot: The operation couldn’t be completed. (DebuggerLLDB.DebuggerVersionStore.StoreError error 0.)
2026-09-17 00:47:55.551 xcodebuild[13450:7728450] [MT] IDELaunchParametersSnapshot: no debugger version
2026-09-17 00:48:08.531 xcodebuild[13450:7728450] [MT] IDETestOperationsObserverDebug: 38.117 elapsed -- Testing started completed.
2026-09-17 00:48:08.531 xcodebuild[13450:7728450] [MT] IDETestOperationsObserverDebug: 0.000 sec, +0.000 sec -- start
2026-09-17 00:48:08.531 xcodebuild[13450:7728450] [MT] IDETestOperationsObserverDebug: 38.117 sec, +38.117 sec -- end
