Command line invocation:
    /Applications/Xcode.app/Contents/Developer/usr/bin/xcodebuild test-without-building -xctestrun LOCAL_HOME/ace-private/mcx19b-orientation-repair-20260915/06-shutdown-native-gate/positive/batches/001/ACEClientAppUITests.xctestrun -destination id=2EB0863C-470E-467D-A0C6-CD216DA70C67 -parallel-testing-enabled NO "-only-testing:ACEClientAppUITests/ACEClientAppUITests/testCoverageBatch" -resultBundlePath LOCAL_HOME/ace-private/mcx19b-orientation-repair-20260915/06-shutdown-native-gate/positive/batches/001/result.xcresult

Writing result bundle at path:
	LOCAL_HOME/ace-private/mcx19b-orientation-repair-20260915/06-shutdown-native-gate/positive/batches/001/result.xcresult

2026-09-15 18:46:58.707881+1000 ACEClientAppUITests-Runner[40930:4608742] [Default] Running tests...
    t =      nans Interface orientation changed to Portrait
Test Suite 'Selected tests' started at 2026-09-15 18:47:02.408.
Test Suite 'ACEClientAppUITests.xctest' started at 2026-09-15 18:47:02.409.
Test Suite 'ACEClientAppUITests' started at 2026-09-15 18:47:02.410.
Test Case '-[ACEClientAppUITests.ACEClientAppUITests testCoverageBatch]' started.
    t =     0.01s Start Test at 2026-09-15 18:47:02.418
    t =     0.20s Set Up
    t =     0.24s Setting device orientation to Portrait
    t =     0.30s     Wait for com.apple.springboard to idle
    t =     0.35s Open com.example.aceclientapp
    t =     0.35s     Launch com.example.aceclientapp
    t =     2.57s         Setting up automation session
    t =     7.01s         Wait for com.example.aceclientapp to idle
    t =     9.97s Waiting 5.0s for "Current Release" StaticText to exist
    t =    10.98s     Checking `Expect predicate `existsNoRetry == 1` for object "Current Release" StaticText`
    t =    10.98s         Checking existence of `"Current Release" StaticText`
    t =    11.32s Find the "Current Release" StaticText
    t =    11.43s Find the Target Application 'com.example.aceclientapp'
ACE_ORIENTATION_READ_STARTED {"requested":"portrait"}
    t =    11.50s Find the Target Application 'com.example.aceclientapp'
ACE_ORIENTATION_FRAME {"elapsedReadSeconds":0.055729487008647993,"frame":{"height":"874.0","width":"402.0","x":"0.0","y":"0.0"},"outcome":"match","requested":"portrait"}
    t =    11.56s Waiting 5.0s for "Effective interface style" Any to exist
    t =    12.63s     Checking `Expect predicate `existsNoRetry == 1` for object "Effective interface style" Any`
    t =    12.63s         Checking existence of `"Effective interface style" Any`
    t =    13.76s Find the "Effective interface style" Any
    t =    13.81s Find the "Effective interface style" ScrollView
    t =    13.87s Find the Target Application 'com.example.aceclientapp'
    t =    14.44s Added attachment named 'Coverage pilot.iPhone-17.release.light.medium.portrait.0.0.0 viewport initial'
    t =    14.46s Waiting 5.0s for ScrollView (First Match) to exist
    t =    15.53s     Checking `Expect predicate `existsNoRetry == 1` for object ScrollView (First Match)`
    t =    15.53s         Checking existence of `ScrollView (First Match)`
    t =    15.56s Checking existence of `Any (First Match)`
    t =    15.61s Find the Any (First Match)
    t =    15.74s Find the "Engagement name: Fictional Engagement" StaticText
    t =    15.81s Find the ScrollView (First Match)
    t =    15.88s Checking existence of `"Engagement name: Fictional Engagement" StaticText`
    t =    15.93s Find the "Engagement name: Fictional Engagement" StaticText
    t =    16.06s Find the "Engagement name: Fictional Engagement" StaticText
    t =    16.15s Find the ScrollView (First Match)
    t =    16.20s Find the Target Application 'com.example.aceclientapp'
    t =    17.64s Added attachment named 'Coverage pilot.iPhone-17.release.light.medium.portrait.0.0.0 viewport value-Engagement name'
    t =    17.65s Waiting 5.0s for ScrollView (First Match) to exist
    t =    18.72s     Checking `Expect predicate `existsNoRetry == 1` for object ScrollView (First Match)`
    t =    18.72s         Checking existence of `ScrollView (First Match)`
    t =    18.75s Checking existence of `Any (First Match)`
    t =    18.84s Find the Any (First Match)
    t =    19.00s Find the "Review status: RELEASED" StaticText
    t =    19.07s Find the ScrollView (First Match)
    t =    19.13s Checking existence of `"Review status: RELEASED" StaticText`
    t =    19.19s Find the "Review status: RELEASED" StaticText
    t =    19.35s Find the "Review status: RELEASED" StaticText
    t =    19.45s Find the ScrollView (First Match)
    t =    19.51s Find the Target Application 'com.example.aceclientapp'
    t =    19.98s Added attachment named 'Coverage pilot.iPhone-17.release.light.medium.portrait.0.0.0 viewport value-Review status'
    t =    19.98s Waiting 5.0s for ScrollView (First Match) to exist
    t =    21.06s     Checking `Expect predicate `existsNoRetry == 1` for object ScrollView (First Match)`
    t =    21.06s         Checking existence of `ScrollView (First Match)`
    t =    21.10s Checking existence of `Any (First Match)`
    t =    21.15s Find the Any (First Match)
    t =    21.27s Find the "Release version: 1" StaticText
    t =    21.35s Find the ScrollView (First Match)
    t =    21.41s Checking existence of `"Release version: 1" StaticText`
    t =    21.47s Find the "Release version: 1" StaticText
    t =    21.59s Find the "Release version: 1" StaticText
    t =    21.67s Find the ScrollView (First Match)
    t =    21.72s Find the Target Application 'com.example.aceclientapp'
    t =    22.21s Added attachment named 'Coverage pilot.iPhone-17.release.light.medium.portrait.0.0.0 viewport value-Release version'
    t =    22.21s Waiting 5.0s for ScrollView (First Match) to exist
    t =    23.29s     Checking `Expect predicate `existsNoRetry == 1` for object ScrollView (First Match)`
    t =    23.29s         Checking existence of `ScrollView (First Match)`
    t =    23.32s Checking existence of `Any (First Match)`
    t =    23.39s Find the Any (First Match)
    t =    23.52s Find the "Published date and time: 2026-08-24T10:15:30Z" StaticText
    t =    23.60s Find the ScrollView (First Match)
    t =    23.66s Checking existence of `"Published date and time: 2026-08-24T10:15:30Z" StaticText`
    t =    23.71s Find the "Published date and time: 2026-08-24T10:15:30Z" StaticText
    t =    23.86s Find the "Published date and time: 2026-08-24T10:15:30Z" StaticText
    t =    23.99s Find the ScrollView (First Match)
    t =    24.04s Find the Target Application 'com.example.aceclientapp'
    t =    24.53s Added attachment named 'Coverage pilot.iPhone-17.release.light.medium.portrait.0.0.0 viewport value-Published date and time'
    t =    24.53s Waiting 5.0s for ScrollView (First Match) to exist
    t =    25.59s     Checking `Expect predicate `existsNoRetry == 1` for object ScrollView (First Match)`
    t =    25.60s         Checking existence of `ScrollView (First Match)`
    t =    25.63s Checking existence of `Any (First Match)`
    t =    25.71s Find the Any (First Match)
    t =    25.87s Find the "Conclusion title: Fictional conclusion" StaticText
    t =    25.97s Find the ScrollView (First Match)
    t =    26.03s Checking existence of `"Conclusion title: Fictional conclusion" StaticText`
    t =    26.08s Find the "Conclusion title: Fictional conclusion" StaticText
    t =    26.20s Find the "Conclusion title: Fictional conclusion" StaticText
    t =    26.31s Find the ScrollView (First Match)
    t =    26.36s Find the Target Application 'com.example.aceclientapp'
    t =    26.80s Added attachment named 'Coverage pilot.iPhone-17.release.light.medium.portrait.0.0.0 viewport value-Conclusion title'
    t =    26.80s Waiting 5.0s for ScrollView (First Match) to exist
    t =    27.90s     Checking `Expect predicate `existsNoRetry == 1` for object ScrollView (First Match)`
    t =    27.90s         Checking existence of `ScrollView (First Match)`
    t =    27.94s Checking existence of `Any (First Match)`
    t =    27.99s Find the Any (First Match)
    t =    28.14s Find the "Conclusion summary: Fictional summary" StaticText
    t =    28.22s Find the ScrollView (First Match)
    t =    28.27s Checking existence of `"Conclusion summary: Fictional summary" StaticText`
    t =    28.33s Find the "Conclusion summary: Fictional summary" StaticText
    t =    28.49s Find the "Conclusion summary: Fictional summary" StaticText
    t =    28.61s Find the ScrollView (First Match)
    t =    28.66s Find the Target Application 'com.example.aceclientapp'
    t =    29.11s Added attachment named 'Coverage pilot.iPhone-17.release.light.medium.portrait.0.0.0 viewport value-Conclusion summary'
    t =    29.11s Waiting 5.0s for ScrollView (First Match) to exist
    t =    30.18s     Checking `Expect predicate `existsNoRetry == 1` for object ScrollView (First Match)`
    t =    30.18s         Checking existence of `ScrollView (First Match)`
    t =    30.25s Checking existence of `Any (First Match)`
    t =    30.33s Find the Any (First Match)
    t =    30.45s Find the "Evidence reference: FICTIONAL-REF-001" StaticText
    t =    30.53s Find the ScrollView (First Match)
    t =    30.58s Checking existence of `"Evidence reference: FICTIONAL-REF-001" StaticText`
    t =    30.69s Find the "Evidence reference: FICTIONAL-REF-001" StaticText
    t =    30.85s Find the "Evidence reference: FICTIONAL-REF-001" StaticText
    t =    30.92s Find the ScrollView (First Match)
    t =    30.97s Find the Target Application 'com.example.aceclientapp'
    t =    31.45s Added attachment named 'Coverage pilot.iPhone-17.release.light.medium.portrait.0.0.0 viewport value-Evidence reference'
    t =    31.45s Waiting 5.0s for ScrollView (First Match) to exist
    t =    32.54s     Checking `Expect predicate `existsNoRetry == 1` for object ScrollView (First Match)`
    t =    32.54s         Checking existence of `ScrollView (First Match)`
    t =    32.57s Checking existence of `Any (First Match)`
    t =    32.65s Find the Any (First Match)
    t =    32.82s Find the "Action description: Fictional action" StaticText
    t =    32.98s Find the ScrollView (First Match)
    t =    33.05s Checking existence of `"Action description: Fictional action" StaticText`
    t =    33.14s Find the "Action description: Fictional action" StaticText
    t =    33.30s Find the "Action description: Fictional action" StaticText
    t =    33.43s Find the ScrollView (First Match)
    t =    33.47s Find the Target Application 'com.example.aceclientapp'
    t =    33.90s Added attachment named 'Coverage pilot.iPhone-17.release.light.medium.portrait.0.0.0 viewport value-Action description'
    t =    33.91s Waiting 5.0s for ScrollView (First Match) to exist
    t =    34.96s     Checking `Expect predicate `existsNoRetry == 1` for object ScrollView (First Match)`
    t =    34.97s         Checking existence of `ScrollView (First Match)`
    t =    35.00s Checking existence of `Any (First Match)`
    t =    35.11s Find the Any (First Match)
    t =    35.30s Find the "Action owner: Fictional owner" StaticText
    t =    35.41s Find the ScrollView (First Match)
    t =    35.47s Find the "Effective interface style" ScrollView
    t =    35.57s Checking existence of `"Action owner: Fictional owner" StaticText`
    t =    35.69s Find the "Action owner: Fictional owner" StaticText
    t =    35.84s Press "Effective interface style" ScrollView[0.50, 0.72] for 0.1 seconds, then drag to "Effective interface style" ScrollView[0.50, 0.28] with velocity of 500.00 pixels per second, and then hold for 0.0 seconds 
    t =    35.84s     Wait for com.example.aceclientapp to idle
    t =    35.85s     Find the "Effective interface style" ScrollView
    t =    35.90s     Check for interrupting elements affecting "Effective interface style" ScrollView
    t =    35.97s     Synthesize event
    t =    35.98s         Find the "Effective interface style" ScrollView
    t =    36.07s         Find the "Effective interface style" ScrollView
    t =    36.15s         Find the "Effective interface style" ScrollView
    t =    36.22s         Find the "Effective interface style" ScrollView
    t =    36.30s         Find the "Effective interface style" ScrollView
    t =    37.46s     Wait for com.example.aceclientapp to idle
    t =    37.49s Checking existence of `"Action owner: Fictional owner" StaticText`
    t =    37.59s Find the "Action owner: Fictional owner" StaticText
    t =    37.77s Find the "Action owner: Fictional owner" StaticText
    t =    38.00s Find the "Effective interface style" ScrollView
    t =    38.09s Checking existence of `"Action owner: Fictional owner" StaticText`
    t =    38.18s Find the "Action owner: Fictional owner" StaticText
    t =    38.36s Find the "Action owner: Fictional owner" StaticText
    t =    38.53s Find the ScrollView (First Match)
    t =    38.60s Find the Target Application 'com.example.aceclientapp'
    t =    39.36s Added attachment named 'Coverage pilot.iPhone-17.release.light.medium.portrait.0.0.0 viewport value-Action owner'
    t =    39.36s Waiting 5.0s for ScrollView (First Match) to exist
    t =    40.43s     Checking `Expect predicate `existsNoRetry == 1` for object ScrollView (First Match)`
    t =    40.43s         Checking existence of `ScrollView (First Match)`
    t =    40.47s Checking existence of `Any (First Match)`
    t =    40.58s Find the Any (First Match)
    t =    40.78s Find the "Action target date: 2026-08-25" StaticText
    t =    40.92s Find the ScrollView (First Match)
    t =    41.04s Checking existence of `"Action target date: 2026-08-25" StaticText`
    t =    41.14s Find the "Action target date: 2026-08-25" StaticText
    t =    41.30s Find the "Action target date: 2026-08-25" StaticText
    t =    41.43s Find the ScrollView (First Match)
    t =    41.47s Find the Target Application 'com.example.aceclientapp'
    t =    41.97s Added attachment named 'Coverage pilot.iPhone-17.release.light.medium.portrait.0.0.0 viewport value-Action target date'
    t =    41.97s Waiting 5.0s for ScrollView (First Match) to exist
    t =    42.97s     Checking `Expect predicate `existsNoRetry == 1` for object ScrollView (First Match)`
    t =    42.97s         Checking existence of `ScrollView (First Match)`
    t =    43.01s Checking existence of `Any (First Match)`
    t =    43.11s Find the Any (First Match)
    t =    43.34s Find the "Action status: OPEN" StaticText
    t =    43.47s Find the ScrollView (First Match)
    t =    43.54s Checking existence of `"Action status: OPEN" StaticText`
    t =    43.63s Find the "Action status: OPEN" StaticText
    t =    43.90s Find the "Action status: OPEN" StaticText
    t =    44.10s Find the ScrollView (First Match)
    t =    44.15s Find the Target Application 'com.example.aceclientapp'
    t =    44.61s Added attachment named 'Coverage pilot.iPhone-17.release.light.medium.portrait.0.0.0 viewport value-Action status'
    t =    44.61s Waiting 5.0s for ScrollView (First Match) to exist
    t =    45.68s     Checking `Expect predicate `existsNoRetry == 1` for object ScrollView (First Match)`
    t =    45.68s         Checking existence of `ScrollView (First Match)`
    t =    45.71s Checking existence of `"Copy action 1" Button`
    t =    45.79s Find the "Copy action 1" Button
    t =    45.91s Find the "Copy action 1" Button
    t =    45.99s Find the ScrollView (First Match)
    t =    46.04s Checking existence of `"Copy action 1" Button`
    t =    46.13s Find the "Copy action 1" Button
    t =    46.26s Find the "Copy action 1" Button
    t =    46.36s Find the "Copy action 1" Button
    t =    46.44s Waiting 5.0s for ScrollView (First Match) to exist
    t =    47.51s     Checking `Expect predicate `existsNoRetry == 1` for object ScrollView (First Match)`
    t =    47.51s         Checking existence of `ScrollView (First Match)`
    t =    47.54s Checking existence of `"Refresh current release" Button`
    t =    47.60s Find the "Refresh current release" Button
    t =    47.74s Find the "Refresh current release" Button
    t =    47.82s Find the ScrollView (First Match)
    t =    47.91s Checking existence of `"Refresh current release" Button`
    t =    47.98s Find the "Refresh current release" Button
    t =    48.10s Find the "Refresh current release" Button
    t =    48.19s Find the "Refresh current release" Button
    t =    48.30s Waiting 5.0s for ScrollView (First Match) to exist
    t =    49.35s     Checking `Expect predicate `existsNoRetry == 1` for object ScrollView (First Match)`
    t =    49.36s         Checking existence of `ScrollView (First Match)`
    t =    49.40s Checking existence of `"Sign out" Button`
    t =    49.50s Find the "Sign out" Button
    t =    49.63s Find the "Sign out" Button
    t =    49.70s Find the ScrollView (First Match)
    t =    49.78s Find the "Effective interface style" ScrollView
    t =    49.87s Checking existence of `"Sign out" Button`
    t =    49.93s Find the "Sign out" Button
    t =    50.06s Press "Effective interface style" ScrollView[0.50, 0.72] for 0.1 seconds, then drag to "Effective interface style" ScrollView[0.50, 0.28] with velocity of 500.00 pixels per second, and then hold for 0.0 seconds 
    t =    50.06s     Wait for com.example.aceclientapp to idle
    t =    50.07s     Find the "Effective interface style" ScrollView
    t =    50.14s     Check for interrupting elements affecting "Effective interface style" ScrollView
    t =    50.22s     Synthesize event
    t =    50.23s         Find the "Effective interface style" ScrollView
    t =    50.30s         Find the "Effective interface style" ScrollView
    t =    50.41s         Find the "Effective interface style" ScrollView
    t =    50.50s         Find the "Effective interface style" ScrollView
    t =    50.58s         Find the "Effective interface style" ScrollView
    t =    51.61s     Wait for com.example.aceclientapp to idle
    t =    52.05s Checking existence of `"Sign out" Button`
    t =    52.12s Find the "Sign out" Button
    t =    52.23s Find the "Sign out" Button
    t =    52.34s Find the "Effective interface style" ScrollView
    t =    52.46s Checking existence of `"Sign out" Button`
    t =    52.56s Find the "Sign out" Button
    t =    52.71s Find the "Sign out" Button
    t =    52.80s Find the "Sign out" Button
    t =    52.89s Find the Target Application 'com.example.aceclientapp'
    t =    53.41s Added attachment named 'Coverage pilot.iPhone-17.release.light.medium.portrait.0.0.0 viewport release-final'
ACE_CASE_RESULT {"auditInvocations":0,"id":"pilot.iPhone-17.release.light.medium.portrait.0.0.0","observed":{"appearance":"light","boldText":false,"contentSize":"medium","increaseContrast":false,"orientation":"portrait","reduceMotion":false},"result":"passed","scenario":"release","screenshots":["Coverage pilot.iPhone-17.release.light.medium.portrait.0.0.0 viewport initial","Coverage pilot.iPhone-17.release.light.medium.portrait.0.0.0 viewport value-Engagement name","Coverage pilot.iPhone-17.release.light.medium.portrait.0.0.0 viewport value-Review status","Coverage pilot.iPhone-17.release.light.medium.portrait.0.0.0 viewport value-Release version","Coverage pilot.iPhone-17.release.light.medium.portrait.0.0.0 viewport value-Published date and time","Coverage pilot.iPhone-17.release.light.medium.portrait.0.0.0 viewport value-Conclusion title","Coverage pilot.iPhone-17.release.light.medium.portrait.0.0.0 viewport value-Conclusion summary","Coverage pilot.iPhone-17.release.light.medium.portrait.0.0.0 viewport value-Evidence reference","Coverage pilot.iPhone-17.release.light.medium.portrait.0.0.0 viewport value-Action description","Coverage pilot.iPhone-17.release.light.medium.portrait.0.0.0 viewport value-Action owner","Coverage pilot.iPhone-17.release.light.medium.portrait.0.0.0 viewport value-Action target date","Coverage pilot.iPhone-17.release.light.medium.portrait.0.0.0 viewport value-Action status","Coverage pilot.iPhone-17.release.light.medium.portrait.0.0.0 viewport release-final"]}
    t =    53.41s Terminate com.example.aceclientapp:40946
    t =    54.53s Tear Down
Test Case '-[ACEClientAppUITests.ACEClientAppUITests testCoverageBatch]' passed (54.736 seconds).
Test Suite 'ACEClientAppUITests' passed at 2026-09-15 18:47:57.154.
	 Executed 1 test, with 0 failures (0 unexpected) in 54.736 (54.743) seconds
Test Suite 'ACEClientAppUITests.xctest' passed at 2026-09-15 18:47:57.155.
	 Executed 1 test, with 0 failures (0 unexpected) in 54.736 (54.746) seconds
Test Suite 'Selected tests' passed at 2026-09-15 18:47:57.157.
	 Executed 1 test, with 0 failures (0 unexpected) in 54.736 (54.750) seconds

Test session results, code coverage, and logs:
	LOCAL_HOME/ace-private/mcx19b-orientation-repair-20260915/06-shutdown-native-gate/positive/batches/001/result.xcresult

** TEST EXECUTE SUCCEEDED **

Testing started
2026-09-15 18:46:51.179 xcodebuild[40912:4608172] [MT] IDERunDestination: Supported platforms for the buildables in the current scheme is empty.
2026-09-15 18:46:51.198 xcodebuild[40912:4608172] [MT] IDERunDestination: Supported platforms for the buildables in the current scheme is empty.
2026-09-15 18:46:52.692 xcodebuild[40912:4608172] [MT] IDERunDestination: Supported platforms for the buildables in the current scheme is empty.
2026-09-15 18:47:02.956 xcodebuild[40912:4608172] [MT] IDELaunchParametersSnapshot: The operation couldn’t be completed. (DebuggerLLDB.DebuggerVersionStore.StoreError error 0.)
2026-09-15 18:47:02.956 xcodebuild[40912:4608172] [MT] IDELaunchParametersSnapshot: no debugger version
2026-09-15 18:47:57.639 xcodebuild[40912:4608172] [MT] IDETestOperationsObserverDebug: 64.931 elapsed -- Testing started completed.
2026-09-15 18:47:57.639 xcodebuild[40912:4608172] [MT] IDETestOperationsObserverDebug: 0.000 sec, +0.000 sec -- start
2026-09-15 18:47:57.639 xcodebuild[40912:4608172] [MT] IDETestOperationsObserverDebug: 64.931 sec, +64.931 sec -- end
