Command line invocation:
    /Applications/Xcode.app/Contents/Developer/usr/bin/xcodebuild test-without-building -xctestrun "LOCAL_HOME/ace-private/mcx19b-orientation-repair-20260915/12-revision5-discriminating-diagnosis/arm-B/repetition-1/native-settings/iPhone 17-restore-D1/ACEClientAppUITests.xctestrun" -destination id=2EB0863C-470E-467D-A0C6-CD216DA70C67 -parallel-testing-enabled NO "-only-testing:ACEClientAppUITests/ACEClientAppUITests/testConfigureAccessibilitySettings" -resultBundlePath "LOCAL_HOME/ace-private/mcx19b-orientation-repair-20260915/12-revision5-discriminating-diagnosis/arm-B/repetition-1/native-settings/iPhone 17-restore-D1/result.xcresult"

Writing result bundle at path:
	LOCAL_HOME/ace-private/mcx19b-orientation-repair-20260915/12-revision5-discriminating-diagnosis/arm-B/repetition-1/native-settings/iPhone 17-restore-D1/result.xcresult

2026-09-16 22:54:27.578459+1000 ACEClientAppUITests-Runner[3483:7559073] [Default] Running tests...
    t =      nans Interface orientation changed to Portrait
Test Suite 'Selected tests' started at 2026-09-16 22:54:31.631.
Test Suite 'ACEClientAppUITests.xctest' started at 2026-09-16 22:54:31.634.
Test Suite 'ACEClientAppUITests' started at 2026-09-16 22:54:31.635.
Test Case '-[ACEClientAppUITests.ACEClientAppUITests testConfigureAccessibilitySettings]' started.
    t =     0.02s Start Test at 2026-09-16 22:54:31.654
    t =     0.24s Set Up
    t =     0.30s Open com.example.aceclientapp
    t =     0.30s     Launch com.example.aceclientapp
    t =     2.17s         Setting up automation session
    t =    10.61s         Wait for com.example.aceclientapp to idle
    t =    14.14s Waiting 5.0s for "Effective interface style" Any to exist
    t =    15.16s     Checking `Expect predicate `existsNoRetry == 1` for object "Effective interface style" Any`
    t =    15.17s         Checking existence of `"Effective interface style" Any`
    t =    16.66s Find the "Effective interface style" Any
    t =    16.73s Find the "Effective interface style" ScrollView
    t =    16.78s Terminate com.example.aceclientapp:3504
    t =    17.87s Setting device orientation to Portrait
    t =    17.90s     Wait for com.apple.springboard to idle
    t =    17.92s Open com.example.aceclientapp
    t =    17.92s     Launch com.example.aceclientapp
    t =    18.81s         Setting up automation session
    t =    24.35s         Wait for com.example.aceclientapp to idle
    t =    26.88s Waiting 5.0s for "Effective interface style" Any to exist
    t =    27.97s     Checking `Expect predicate `existsNoRetry == 1` for object "Effective interface style" Any`
    t =    27.97s         Checking existence of `"Effective interface style" Any`
    t =    29.27s Find the "Effective interface style" Any
    t =    29.33s Find the "Effective interface style" ScrollView
ACE_ORIENTATION_READ_STARTED {"requested":"portrait"}
    t =    29.37s Find the Target Application 'com.example.aceclientapp'
ACE_ORIENTATION_FRAME {"elapsedReadSeconds":0.057670323993079364,"frame":{"height":"874.0","width":"402.0","x":"0.0","y":"0.0"},"outcome":"match","requested":"portrait"}
ACE_SETTINGS_RESULT {"mode":"set","observed":{"boldText":false,"increaseContrast":false,"orientation":"portrait","reduceMotion":false}}
    t =    29.43s Terminate com.example.aceclientapp:3530
    t =    30.46s Tear Down
Test Case '-[ACEClientAppUITests.ACEClientAppUITests testConfigureAccessibilitySettings]' passed (32.551 seconds).
Test Suite 'ACEClientAppUITests' passed at 2026-09-16 22:55:04.196.
	 Executed 1 test, with 0 failures (0 unexpected) in 32.551 (32.561) seconds
Test Suite 'ACEClientAppUITests.xctest' passed at 2026-09-16 22:55:04.198.
	 Executed 1 test, with 0 failures (0 unexpected) in 32.551 (32.565) seconds
Test Suite 'Selected tests' passed at 2026-09-16 22:55:04.200.
	 Executed 1 test, with 0 failures (0 unexpected) in 32.551 (32.569) seconds

Test session results, code coverage, and logs:
	LOCAL_HOME/ace-private/mcx19b-orientation-repair-20260915/12-revision5-discriminating-diagnosis/arm-B/repetition-1/native-settings/iPhone 17-restore-D1/result.xcresult

** TEST EXECUTE SUCCEEDED **

Testing started
2026-09-16 22:54:17.374 xcodebuild[3456:7558233] [MT] IDERunDestination: Supported platforms for the buildables in the current scheme is empty.
2026-09-16 22:54:17.406 xcodebuild[3456:7558233] [MT] IDERunDestination: Supported platforms for the buildables in the current scheme is empty.
2026-09-16 22:54:18.542 xcodebuild[3456:7558233] [MT] IDERunDestination: Supported platforms for the buildables in the current scheme is empty.
2026-09-16 22:54:32.109 xcodebuild[3456:7558233] [MT] IDELaunchParametersSnapshot: The operation couldn’t be completed. (DebuggerLLDB.DebuggerVersionStore.StoreError error 0.)
2026-09-16 22:54:32.109 xcodebuild[3456:7558233] [MT] IDELaunchParametersSnapshot: no debugger version
2026-09-16 22:54:49.563 xcodebuild[3456:7558233] [MT] IDELaunchParametersSnapshot: The operation couldn’t be completed. (DebuggerLLDB.DebuggerVersionStore.StoreError error 0.)
2026-09-16 22:54:49.563 xcodebuild[3456:7558233] [MT] IDELaunchParametersSnapshot: no debugger version
2026-09-16 22:55:04.620 xcodebuild[3456:7558233] [MT] IDETestOperationsObserverDebug: 46.068 elapsed -- Testing started completed.
2026-09-16 22:55:04.620 xcodebuild[3456:7558233] [MT] IDETestOperationsObserverDebug: 0.000 sec, +0.000 sec -- start
2026-09-16 22:55:04.620 xcodebuild[3456:7558233] [MT] IDETestOperationsObserverDebug: 46.068 sec, +46.068 sec -- end
