Command line invocation:
    /Applications/Xcode.app/Contents/Developer/usr/bin/xcodebuild test-without-building -xctestrun "LOCAL_HOME/ace-private/mcx19b-orientation-repair-20260915/09-signin-scroll-diagnosis/native-focus-v1-replay/native-settings/iPhone 17 Pro Max-restore-post-boot/ACEClientAppUITests.xctestrun" -destination id=D1BAA05C-52DD-4E57-832F-C0A75718E085 -parallel-testing-enabled NO "-only-testing:ACEClientAppUITests/ACEClientAppUITests/testConfigureAccessibilitySettings" -resultBundlePath "LOCAL_HOME/ace-private/mcx19b-orientation-repair-20260915/09-signin-scroll-diagnosis/native-focus-v1-replay/native-settings/iPhone 17 Pro Max-restore-post-boot/result.xcresult"

Writing result bundle at path:
	LOCAL_HOME/ace-private/mcx19b-orientation-repair-20260915/09-signin-scroll-diagnosis/native-focus-v1-replay/native-settings/iPhone 17 Pro Max-restore-post-boot/result.xcresult

2026-09-15 21:50:18.100099+1000 ACEClientAppUITests-Runner[65385:5082406] [Default] Running tests...
    t =      nans Interface orientation changed to Portrait
Test Suite 'Selected tests' started at 2026-09-15 21:50:30.782.
Test Suite 'ACEClientAppUITests.xctest' started at 2026-09-15 21:50:30.784.
Test Suite 'ACEClientAppUITests' started at 2026-09-15 21:50:30.785.
Test Case '-[ACEClientAppUITests.ACEClientAppUITests testConfigureAccessibilitySettings]' started.
    t =     0.01s Start Test at 2026-09-15 21:50:30.799
    t =     0.72s Set Up
    t =     0.74s Open com.example.aceclientapp
    t =     0.74s     Launch com.example.aceclientapp
    t =     3.24s         Setting up automation session
    t =     7.49s         Wait for com.example.aceclientapp to idle
    t =    10.70s Waiting 5.0s for "Effective interface style" Any to exist
    t =    11.79s     Checking `Expect predicate `existsNoRetry == 1` for object "Effective interface style" Any`
    t =    11.79s         Checking existence of `"Effective interface style" Any`
    t =    13.08s Find the "Effective interface style" Any
    t =    13.13s Find the "Effective interface style" ScrollView
    t =    13.18s Terminate com.example.aceclientapp:65415
    t =    14.19s Setting device orientation to Portrait
    t =    14.20s     Device orientation changed to Portrait
    t =    14.24s     Wait for com.apple.springboard to idle
    t =    14.39s Open com.example.aceclientapp
    t =    14.39s     Launch com.example.aceclientapp
    t =    15.25s         Setting up automation session
    t =    19.08s         Wait for com.example.aceclientapp to idle
    t =    21.57s Waiting 5.0s for "Effective interface style" Any to exist
    t =    22.64s     Checking `Expect predicate `existsNoRetry == 1` for object "Effective interface style" Any`
    t =    22.65s         Checking existence of `"Effective interface style" Any`
    t =    23.88s Find the "Effective interface style" Any
    t =    23.94s Find the "Effective interface style" ScrollView
ACE_ORIENTATION_READ_STARTED {"requested":"portrait"}
    t =    23.99s Find the Target Application 'com.example.aceclientapp'
ACE_ORIENTATION_FRAME {"elapsedReadSeconds":0.071127566014183685,"frame":{"height":"956.0","width":"440.0","x":"0.0","y":"0.0"},"outcome":"match","requested":"portrait"}
ACE_SETTINGS_RESULT {"mode":"set","observed":{"boldText":false,"increaseContrast":false,"orientation":"portrait","reduceMotion":false}}
    t =    24.06s Terminate com.example.aceclientapp:65445
    t =    25.08s Tear Down
Test Case '-[ACEClientAppUITests.ACEClientAppUITests testConfigureAccessibilitySettings]' passed (25.341 seconds).
Test Suite 'ACEClientAppUITests' passed at 2026-09-15 21:50:56.139.
	 Executed 1 test, with 0 failures (0 unexpected) in 25.341 (25.354) seconds
Test Suite 'ACEClientAppUITests.xctest' passed at 2026-09-15 21:50:56.142.
	 Executed 1 test, with 0 failures (0 unexpected) in 25.341 (25.357) seconds
Test Suite 'Selected tests' passed at 2026-09-15 21:50:56.144.
	 Executed 1 test, with 0 failures (0 unexpected) in 25.341 (25.361) seconds

Test session results, code coverage, and logs:
	LOCAL_HOME/ace-private/mcx19b-orientation-repair-20260915/09-signin-scroll-diagnosis/native-focus-v1-replay/native-settings/iPhone 17 Pro Max-restore-post-boot/result.xcresult

** TEST EXECUTE SUCCEEDED **

Testing started
2026-09-15 21:49:51.472 xcodebuild[65324:5080795] [MT] IDERunDestination: Supported platforms for the buildables in the current scheme is empty.
2026-09-15 21:49:51.498 xcodebuild[65324:5080795] [MT] IDERunDestination: Supported platforms for the buildables in the current scheme is empty.
2026-09-15 21:49:53.283 xcodebuild[65324:5080795] [MT] IDERunDestination: Supported platforms for the buildables in the current scheme is empty.
2026-09-15 21:50:31.702 xcodebuild[65324:5080795] [MT] IDELaunchParametersSnapshot: The operation couldn’t be completed. (DebuggerLLDB.DebuggerVersionStore.StoreError error 0.)
2026-09-15 21:50:31.703 xcodebuild[65324:5080795] [MT] IDELaunchParametersSnapshot: no debugger version
2026-09-15 21:50:45.185 xcodebuild[65324:5080795] [MT] IDELaunchParametersSnapshot: The operation couldn’t be completed. (DebuggerLLDB.DebuggerVersionStore.StoreError error 0.)
2026-09-15 21:50:45.185 xcodebuild[65324:5080795] [MT] IDELaunchParametersSnapshot: no debugger version
2026-09-15 21:50:56.519 xcodebuild[65324:5080795] [MT] IDETestOperationsObserverDebug: 63.183 elapsed -- Testing started completed.
2026-09-15 21:50:56.520 xcodebuild[65324:5080795] [MT] IDETestOperationsObserverDebug: 0.000 sec, +0.000 sec -- start
2026-09-15 21:50:56.520 xcodebuild[65324:5080795] [MT] IDETestOperationsObserverDebug: 63.183 sec, +63.183 sec -- end
