Command line invocation:
    /Applications/Xcode.app/Contents/Developer/usr/bin/xcodebuild test-without-building -xctestrun "LOCAL_HOME/ace-private/mcx19b-orientation-repair-20260915/shutdown-pilot-runs/20260915T085501Z-pilot-a40a74500076/native-settings/iPhone 17-restore-failure/ACEClientAppUITests.xctestrun" -destination id=2EB0863C-470E-467D-A0C6-CD216DA70C67 -parallel-testing-enabled NO "-only-testing:ACEClientAppUITests/ACEClientAppUITests/testConfigureAccessibilitySettings" -resultBundlePath "LOCAL_HOME/ace-private/mcx19b-orientation-repair-20260915/shutdown-pilot-runs/20260915T085501Z-pilot-a40a74500076/native-settings/iPhone 17-restore-failure/result.xcresult"

Writing result bundle at path:
	LOCAL_HOME/ace-private/mcx19b-orientation-repair-20260915/shutdown-pilot-runs/20260915T085501Z-pilot-a40a74500076/native-settings/iPhone 17-restore-failure/result.xcresult

2026-09-15 19:04:23.592028+1000 ACEClientAppUITests-Runner[43193:4657500] [Default] Running tests...
    t =      nans Interface orientation changed to Portrait
Test Suite 'Selected tests' started at 2026-09-15 19:04:28.084.
Test Suite 'ACEClientAppUITests.xctest' started at 2026-09-15 19:04:28.086.
Test Suite 'ACEClientAppUITests' started at 2026-09-15 19:04:28.092.
Test Case '-[ACEClientAppUITests.ACEClientAppUITests testConfigureAccessibilitySettings]' started.
    t =     0.03s Start Test at 2026-09-15 19:04:28.123
    t =     0.26s Set Up
    t =     0.29s Open com.example.aceclientapp
    t =     0.29s     Launch com.example.aceclientapp
    t =     2.63s         Setting up automation session
    t =     8.38s         Wait for com.example.aceclientapp to idle
    t =    11.23s Waiting 5.0s for "Effective interface style" Any to exist
    t =    12.24s     Checking `Expect predicate `existsNoRetry == 1` for object "Effective interface style" Any`
    t =    12.24s         Checking existence of `"Effective interface style" Any`
    t =    13.68s Find the "Effective interface style" Any
    t =    13.75s Find the "Effective interface style" ScrollView
    t =    13.81s Terminate com.example.aceclientapp:43208
    t =    14.89s Setting device orientation to Portrait
    t =    14.99s     Wait for com.apple.springboard to idle
    t =    15.01s Open com.example.aceclientapp
    t =    15.02s     Launch com.example.aceclientapp
    t =    16.13s         Setting up automation session
    t =    21.19s         Wait for com.example.aceclientapp to idle
    t =    24.12s Waiting 5.0s for "Effective interface style" Any to exist
    t =    25.19s     Checking `Expect predicate `existsNoRetry == 1` for object "Effective interface style" Any`
    t =    25.20s         Checking existence of `"Effective interface style" Any`
    t =    26.44s Find the "Effective interface style" Any
    t =    26.51s Find the "Effective interface style" ScrollView
ACE_ORIENTATION_READ_STARTED {"requested":"portrait"}
    t =    26.57s Find the Target Application 'com.example.aceclientapp'
ACE_ORIENTATION_FRAME {"elapsedReadSeconds":0.087377389019820839,"frame":{"height":"874.0","width":"402.0","x":"0.0","y":"0.0"},"outcome":"match","requested":"portrait"}
ACE_SETTINGS_RESULT {"mode":"set","observed":{"boldText":false,"increaseContrast":false,"orientation":"portrait","reduceMotion":false}}
    t =    26.66s Terminate com.example.aceclientapp:43227
    t =    27.71s Tear Down
Test Case '-[ACEClientAppUITests.ACEClientAppUITests testConfigureAccessibilitySettings]' passed (28.072 seconds).
Test Suite 'ACEClientAppUITests' passed at 2026-09-15 19:04:56.195.
	 Executed 1 test, with 0 failures (0 unexpected) in 28.072 (28.102) seconds
Test Suite 'ACEClientAppUITests.xctest' passed at 2026-09-15 19:04:56.197.
	 Executed 1 test, with 0 failures (0 unexpected) in 28.072 (28.111) seconds
Test Suite 'Selected tests' passed at 2026-09-15 19:04:56.199.
	 Executed 1 test, with 0 failures (0 unexpected) in 28.072 (28.115) seconds

Test session results, code coverage, and logs:
	LOCAL_HOME/ace-private/mcx19b-orientation-repair-20260915/shutdown-pilot-runs/20260915T085501Z-pilot-a40a74500076/native-settings/iPhone 17-restore-failure/result.xcresult

** TEST EXECUTE SUCCEEDED **

Testing started
2026-09-15 19:04:14.170 xcodebuild[43175:4656922] [MT] IDERunDestination: Supported platforms for the buildables in the current scheme is empty.
2026-09-15 19:04:14.195 xcodebuild[43175:4656922] [MT] IDERunDestination: Supported platforms for the buildables in the current scheme is empty.
2026-09-15 19:04:15.417 xcodebuild[43175:4656922] [MT] IDERunDestination: Supported platforms for the buildables in the current scheme is empty.
2026-09-15 19:04:28.667 xcodebuild[43175:4656922] [MT] IDELaunchParametersSnapshot: The operation couldn’t be completed. (DebuggerLLDB.DebuggerVersionStore.StoreError error 0.)
2026-09-15 19:04:28.667 xcodebuild[43175:4656922] [MT] IDELaunchParametersSnapshot: no debugger version
2026-09-15 19:04:43.115 xcodebuild[43175:4656922] [MT] IDELaunchParametersSnapshot: The operation couldn’t be completed. (DebuggerLLDB.DebuggerVersionStore.StoreError error 0.)
2026-09-15 19:04:43.115 xcodebuild[43175:4656922] [MT] IDELaunchParametersSnapshot: no debugger version
2026-09-15 19:04:56.641 xcodebuild[43175:4656922] [MT] IDETestOperationsObserverDebug: 41.212 elapsed -- Testing started completed.
2026-09-15 19:04:56.641 xcodebuild[43175:4656922] [MT] IDETestOperationsObserverDebug: 0.000 sec, +0.000 sec -- start
2026-09-15 19:04:56.641 xcodebuild[43175:4656922] [MT] IDETestOperationsObserverDebug: 41.212 sec, +41.212 sec -- end
