Command line invocation:
    /Applications/Xcode.app/Contents/Developer/usr/bin/xcodebuild test-without-building -xctestrun LOCAL_HOME/ace-private/mcx19b-implementation-20260914/remaining-settings-integration/native-settings/before/ACEClientAppUITests.xctestrun -destination id=D1BAA05C-52DD-4E57-832F-C0A75718E085 -parallel-testing-enabled NO "-only-testing:ACEClientAppUITests/ACEClientAppUITests/testConfigureAccessibilitySettings" -resultBundlePath LOCAL_HOME/ace-private/mcx19b-implementation-20260914/remaining-settings-integration/native-settings/before/result.xcresult

Writing result bundle at path:
	LOCAL_HOME/ace-private/mcx19b-implementation-20260914/remaining-settings-integration/native-settings/before/result.xcresult

2026-09-14 19:22:26.539461+1000 ACEClientAppUITests-Runner[72658:1951319] [Default] Running tests...
    t =      nans Interface orientation changed to Portrait
Test Suite 'Selected tests' started at 2026-09-14 19:22:31.250.
Test Suite 'ACEClientAppUITests.xctest' started at 2026-09-14 19:22:31.252.
Test Suite 'ACEClientAppUITests' started at 2026-09-14 19:22:31.252.
Test Case '-[ACEClientAppUITests.ACEClientAppUITests testConfigureAccessibilitySettings]' started.
    t =     0.03s Start Test at 2026-09-14 19:22:31.283
    t =     0.25s Set Up
    t =     0.29s Open com.example.aceclientapp
    t =     0.29s     Launch com.example.aceclientapp
    t =     2.47s         Setting up automation session
    t =     8.17s         Wait for com.example.aceclientapp to idle
    t =    11.42s Waiting 5.0s for "Effective interface style" StaticText to exist
    t =    12.46s     Checking `Expect predicate `existsNoRetry == 1` for object "Effective interface style" StaticText`
    t =    12.46s         Checking existence of `"Effective interface style" StaticText`
    t =    14.10s Find the "Effective interface style" StaticText
    t =    14.33s Find the "Effective interface style" StaticText
    t =    14.53s Terminate com.example.aceclientapp:72687
    t =    15.57s Open com.example.aceclientapp
    t =    15.57s     Launch com.example.aceclientapp
    t =    16.44s         Setting up automation session
    t =    21.95s         Wait for com.example.aceclientapp to idle
    t =    25.08s Waiting 5.0s for "Effective interface style" StaticText to exist
    t =    26.15s     Checking `Expect predicate `existsNoRetry == 1` for object "Effective interface style" StaticText`
    t =    26.15s         Checking existence of `"Effective interface style" StaticText`
    t =    27.68s Find the "Effective interface style" StaticText
    t =    27.88s Find the "Effective interface style" StaticText
ACE_SETTINGS_RESULT {"mode":"read","observed":{"boldText":false,"increaseContrast":false,"orientation":"portrait","reduceMotion":false}}
    t =    28.08s Terminate com.example.aceclientapp:72718
    t =    29.15s Tear Down
Test Case '-[ACEClientAppUITests.ACEClientAppUITests testConfigureAccessibilitySettings]' passed (29.578 seconds).
Test Suite 'ACEClientAppUITests' passed at 2026-09-14 19:23:00.862.
	 Executed 1 test, with 0 failures (0 unexpected) in 29.578 (29.610) seconds
Test Suite 'ACEClientAppUITests.xctest' passed at 2026-09-14 19:23:00.865.
	 Executed 1 test, with 0 failures (0 unexpected) in 29.578 (29.613) seconds
Test Suite 'Selected tests' passed at 2026-09-14 19:23:00.867.
	 Executed 1 test, with 0 failures (0 unexpected) in 29.578 (29.618) seconds

Test session results, code coverage, and logs:
	LOCAL_HOME/ace-private/mcx19b-implementation-20260914/remaining-settings-integration/native-settings/before/result.xcresult

** TEST EXECUTE SUCCEEDED **

Testing started
2026-09-14 19:22:17.467 xcodebuild[72630:1950834] [MT] IDERunDestination: Supported platforms for the buildables in the current scheme is empty.
2026-09-14 19:22:17.522 xcodebuild[72630:1950834] [MT] IDERunDestination: Supported platforms for the buildables in the current scheme is empty.
2026-09-14 19:22:18.739 xcodebuild[72630:1950834] [MT] IDERunDestination: Supported platforms for the buildables in the current scheme is empty.
2026-09-14 19:22:31.739 xcodebuild[72630:1950834] [MT] IDELaunchParametersSnapshot: The operation couldn’t be completed. (DebuggerLLDB.DebuggerVersionStore.StoreError error 0.)
2026-09-14 19:22:31.739 xcodebuild[72630:1950834] [MT] IDELaunchParametersSnapshot: no debugger version
2026-09-14 19:22:46.828 xcodebuild[72630:1950834] [MT] IDELaunchParametersSnapshot: The operation couldn’t be completed. (DebuggerLLDB.DebuggerVersionStore.StoreError error 0.)
2026-09-14 19:22:46.828 xcodebuild[72630:1950834] [MT] IDELaunchParametersSnapshot: no debugger version
2026-09-14 19:23:01.279 xcodebuild[72630:1950834] [MT] IDETestOperationsObserverDebug: 42.532 elapsed -- Testing started completed.
2026-09-14 19:23:01.279 xcodebuild[72630:1950834] [MT] IDETestOperationsObserverDebug: 0.000 sec, +0.000 sec -- start
2026-09-14 19:23:01.279 xcodebuild[72630:1950834] [MT] IDETestOperationsObserverDebug: 42.532 sec, +42.532 sec -- end
