Command line invocation:
    /Applications/Xcode.app/Contents/Developer/usr/bin/xcodebuild test-without-building -xctestrun "LOCAL_HOME/ace-private/mcx19b-orientation-repair-20260915/06-shutdown-native-gate/negative/native-settings/iPhone 17-read/ACEClientAppUITests.xctestrun" -destination id=2EB0863C-470E-467D-A0C6-CD216DA70C67 -parallel-testing-enabled NO "-only-testing:ACEClientAppUITests/ACEClientAppUITests/testConfigureAccessibilitySettings" -resultBundlePath "LOCAL_HOME/ace-private/mcx19b-orientation-repair-20260915/06-shutdown-native-gate/negative/native-settings/iPhone 17-read/result.xcresult"

Writing result bundle at path:
	LOCAL_HOME/ace-private/mcx19b-orientation-repair-20260915/06-shutdown-native-gate/negative/native-settings/iPhone 17-read/result.xcresult

2026-09-15 18:36:13.769420+1000 ACEClientAppUITests-Runner[39286:4570848] [Default] Running tests...
2026-09-15 18:36:13.919451+1000 ACEClientAppUITests-Runner[39286:4571155] [General] Failed to send CA Event for app launch measurements for ca_event_type: 0 event_name: com.apple.app_launch_measurement.FirstFramePresentationMetric
2026-09-15 18:36:13.959781+1000 ACEClientAppUITests-Runner[39286:4571156] [General] Failed to send CA Event for app launch measurements for ca_event_type: 1 event_name: com.apple.app_launch_measurement.ExtendedLaunchMetrics
    t =      nans Interface orientation changed to Portrait
Test Suite 'Selected tests' started at 2026-09-15 18:36:26.788.
Test Suite 'ACEClientAppUITests.xctest' started at 2026-09-15 18:36:26.790.
Test Suite 'ACEClientAppUITests' started at 2026-09-15 18:36:26.792.
Test Case '-[ACEClientAppUITests.ACEClientAppUITests testConfigureAccessibilitySettings]' started.
    t =     0.01s Start Test at 2026-09-15 18:36:26.800
    t =     0.85s Set Up
    t =     0.89s Open com.example.aceclientapp
    t =     0.89s     Launch com.example.aceclientapp
    t =     3.82s         Setting up automation session
    t =     7.78s         Wait for com.example.aceclientapp to idle
    t =    10.12s Waiting 5.0s for "Effective interface style" Any to exist
    t =    11.19s     Checking `Expect predicate `existsNoRetry == 1` for object "Effective interface style" Any`
    t =    11.19s         Checking existence of `"Effective interface style" Any`
    t =    12.39s Find the "Effective interface style" Any
    t =    12.46s Find the "Effective interface style" ScrollView
    t =    12.51s Terminate com.example.aceclientapp:39316
    t =    13.55s Open com.example.aceclientapp
    t =    13.55s     Launch com.example.aceclientapp
    t =    14.21s         Setting up automation session
    t =    17.84s         Wait for com.example.aceclientapp to idle
    t =    20.14s Waiting 5.0s for "Effective interface style" Any to exist
    t =    21.22s     Checking `Expect predicate `existsNoRetry == 1` for object "Effective interface style" Any`
    t =    21.22s         Checking existence of `"Effective interface style" Any`
    t =    22.53s Find the "Effective interface style" Any
    t =    22.58s Find the "Effective interface style" ScrollView
ACE_SETTINGS_RESULT {"mode":"read","observed":{"boldText":false,"increaseContrast":false,"orientation":"portrait","reduceMotion":false}}
    t =    22.64s Terminate com.example.aceclientapp:39334
    t =    23.74s Tear Down
Test Case '-[ACEClientAppUITests.ACEClientAppUITests testConfigureAccessibilitySettings]' passed (24.002 seconds).
Test Suite 'ACEClientAppUITests' passed at 2026-09-15 18:36:50.802.
	 Executed 1 test, with 0 failures (0 unexpected) in 24.002 (24.011) seconds
Test Suite 'ACEClientAppUITests.xctest' passed at 2026-09-15 18:36:50.805.
	 Executed 1 test, with 0 failures (0 unexpected) in 24.002 (24.014) seconds
Test Suite 'Selected tests' passed at 2026-09-15 18:36:50.807.
	 Executed 1 test, with 0 failures (0 unexpected) in 24.002 (24.019) seconds

Test session results, code coverage, and logs:
	LOCAL_HOME/ace-private/mcx19b-orientation-repair-20260915/06-shutdown-native-gate/negative/native-settings/iPhone 17-read/result.xcresult

** TEST EXECUTE SUCCEEDED **

Testing started
2026-09-15 18:35:40.906 xcodebuild[39178:4568673] [MT] IDERunDestination: Supported platforms for the buildables in the current scheme is empty.
2026-09-15 18:35:40.975 xcodebuild[39178:4568673] [MT] IDERunDestination: Supported platforms for the buildables in the current scheme is empty.
2026-09-15 18:35:41.030 xcodebuild[39178:4568673] [MT] IDERunDestination: Supported platforms for the buildables in the current scheme is empty.
2026-09-15 18:35:42.766 xcodebuild[39178:4568673] [MT] IDERunDestination: Supported platforms for the buildables in the current scheme is empty.
2026-09-15 18:35:43.220 xcodebuild[39178:4568673] [MT] IDERunDestination: Supported platforms for the buildables in the current scheme is empty.
2026-09-15 18:36:27.859 xcodebuild[39178:4568673] [MT] IDELaunchParametersSnapshot: The operation couldn’t be completed. (DebuggerLLDB.DebuggerVersionStore.StoreError error 0.)
2026-09-15 18:36:27.859 xcodebuild[39178:4568673] [MT] IDELaunchParametersSnapshot: no debugger version
2026-09-15 18:36:40.351 xcodebuild[39178:4568673] [MT] IDELaunchParametersSnapshot: The operation couldn’t be completed. (DebuggerLLDB.DebuggerVersionStore.StoreError error 0.)
2026-09-15 18:36:40.351 xcodebuild[39178:4568673] [MT] IDELaunchParametersSnapshot: no debugger version
2026-09-15 18:36:51.176 xcodebuild[39178:4568673] [MT] IDETestOperationsObserverDebug: 67.927 elapsed -- Testing started completed.
2026-09-15 18:36:51.176 xcodebuild[39178:4568673] [MT] IDETestOperationsObserverDebug: 0.000 sec, +0.000 sec -- start
2026-09-15 18:36:51.176 xcodebuild[39178:4568673] [MT] IDETestOperationsObserverDebug: 67.927 sec, +67.927 sec -- end
