Command line invocation:
    /Applications/Xcode.app/Contents/Developer/usr/bin/xcodebuild test-without-building -xctestrun "LOCAL_HOME/ace-private/mcx19b-orientation-repair-20260915/05-serial-native-gate/positive/native-settings/iPhone 17 Pro Max-read/ACEClientAppUITests.xctestrun" -destination id=D1BAA05C-52DD-4E57-832F-C0A75718E085 -parallel-testing-enabled NO "-only-testing:ACEClientAppUITests/ACEClientAppUITests/testConfigureAccessibilitySettings" -resultBundlePath "LOCAL_HOME/ace-private/mcx19b-orientation-repair-20260915/05-serial-native-gate/positive/native-settings/iPhone 17 Pro Max-read/result.xcresult"

Writing result bundle at path:
	LOCAL_HOME/ace-private/mcx19b-orientation-repair-20260915/05-serial-native-gate/positive/native-settings/iPhone 17 Pro Max-read/result.xcresult

2026-09-15 18:03:52.733355+1000 ACEClientAppUITests-Runner[34890:4496612] [Default] Running tests...
    t =      nans Interface orientation changed to Portrait
Test Suite 'Selected tests' started at 2026-09-15 18:03:56.434.
Test Suite 'ACEClientAppUITests.xctest' started at 2026-09-15 18:03:56.437.
Test Suite 'ACEClientAppUITests' started at 2026-09-15 18:03:56.438.
Test Case '-[ACEClientAppUITests.ACEClientAppUITests testConfigureAccessibilitySettings]' started.
    t =     0.01s Start Test at 2026-09-15 18:03:56.446
    t =     0.25s Set Up
    t =     0.28s Open com.example.aceclientapp
    t =     0.28s     Launch com.example.aceclientapp
    t =     4.20s         Setting up automation session
    t =     8.59s         Wait for com.example.aceclientapp to idle
    t =    11.16s Waiting 5.0s for "Effective interface style" Any to exist
    t =    12.24s     Checking `Expect predicate `existsNoRetry == 1` for object "Effective interface style" Any`
    t =    12.24s         Checking existence of `"Effective interface style" Any`
    t =    13.57s Find the "Effective interface style" Any
    t =    13.65s Find the "Effective interface style" ScrollView
    t =    13.72s Terminate com.example.aceclientapp:34911
    t =    14.74s Open com.example.aceclientapp
    t =    14.74s     Launch com.example.aceclientapp
    t =    15.61s         Setting up automation session
    t =    19.63s         Wait for com.example.aceclientapp to idle
    t =    22.05s Waiting 5.0s for "Effective interface style" Any to exist
    t =    23.14s     Checking `Expect predicate `existsNoRetry == 1` for object "Effective interface style" Any`
    t =    23.14s         Checking existence of `"Effective interface style" Any`
    t =    24.38s Find the "Effective interface style" Any
    t =    24.44s Find the "Effective interface style" ScrollView
ACE_SETTINGS_RESULT {"mode":"read","observed":{"boldText":false,"increaseContrast":false,"orientation":"portrait","reduceMotion":false}}
    t =    24.50s Terminate com.example.aceclientapp:34945
    t =    25.55s Tear Down
Test Case '-[ACEClientAppUITests.ACEClientAppUITests testConfigureAccessibilitySettings]' passed (25.712 seconds).
Test Suite 'ACEClientAppUITests' passed at 2026-09-15 18:04:22.158.
	 Executed 1 test, with 0 failures (0 unexpected) in 25.712 (25.720) seconds
Test Suite 'ACEClientAppUITests.xctest' passed at 2026-09-15 18:04:22.160.
	 Executed 1 test, with 0 failures (0 unexpected) in 25.712 (25.723) seconds
Test Suite 'Selected tests' passed at 2026-09-15 18:04:22.162.
	 Executed 1 test, with 0 failures (0 unexpected) in 25.712 (25.728) seconds

Test session results, code coverage, and logs:
	LOCAL_HOME/ace-private/mcx19b-orientation-repair-20260915/05-serial-native-gate/positive/native-settings/iPhone 17 Pro Max-read/result.xcresult

** TEST EXECUTE SUCCEEDED **

Testing started
2026-09-15 18:03:45.765 xcodebuild[34868:4495997] [MT] IDERunDestination: Supported platforms for the buildables in the current scheme is empty.
2026-09-15 18:03:45.778 xcodebuild[34868:4495997] [MT] IDERunDestination: Supported platforms for the buildables in the current scheme is empty.
2026-09-15 18:03:46.650 xcodebuild[34868:4495997] [MT] IDERunDestination: Supported platforms for the buildables in the current scheme is empty.
2026-09-15 18:03:56.883 xcodebuild[34868:4495997] [MT] IDELaunchParametersSnapshot: The operation couldn’t be completed. (DebuggerLLDB.DebuggerVersionStore.StoreError error 0.)
2026-09-15 18:03:56.883 xcodebuild[34868:4495997] [MT] IDELaunchParametersSnapshot: no debugger version
2026-09-15 18:04:11.187 xcodebuild[34868:4495997] [MT] IDELaunchParametersSnapshot: The operation couldn’t be completed. (DebuggerLLDB.DebuggerVersionStore.StoreError error 0.)
2026-09-15 18:04:11.187 xcodebuild[34868:4495997] [MT] IDELaunchParametersSnapshot: no debugger version
2026-09-15 18:04:22.554 xcodebuild[34868:4495997] [MT] IDETestOperationsObserverDebug: 35.898 elapsed -- Testing started completed.
2026-09-15 18:04:22.554 xcodebuild[34868:4495997] [MT] IDETestOperationsObserverDebug: 0.000 sec, +0.000 sec -- start
2026-09-15 18:04:22.554 xcodebuild[34868:4495997] [MT] IDETestOperationsObserverDebug: 35.898 sec, +35.898 sec -- end
