Command line invocation:
    /Applications/Xcode.app/Contents/Developer/usr/bin/xcodebuild test-without-building -xctestrun LOCAL_HOME/ace-private/mcx19b-implementation-20260914/pilot-preparation-20260915/pass-runs/20260915T005355Z-selected-67dae754fec2/selected.xctestrun -destination id=D1BAA05C-52DD-4E57-832F-C0A75718E085 -parallel-testing-enabled NO "-only-testing:ACEClientAppTests/ACEClientAppTests/testRequestIsGETAndHasNoCache" -resultBundlePath LOCAL_HOME/ace-private/mcx19b-implementation-20260914/pilot-preparation-20260915/pass-runs/20260915T005355Z-selected-67dae754fec2/selected.xcresult

Writing result bundle at path:
	LOCAL_HOME/ace-private/mcx19b-implementation-20260914/pilot-preparation-20260915/pass-runs/20260915T005355Z-selected-67dae754fec2/selected.xcresult

Test Suite 'Selected tests' started at 2026-09-15 10:56:32.253.
Test Suite 'ACEClientAppTests.xctest' started at 2026-09-15 10:56:32.256.
Test Suite 'ACEClientAppTests' started at 2026-09-15 10:56:32.257.
Test Case '-[ACEClientAppTests.ACEClientAppTests testRequestIsGETAndHasNoCache]' started.
Test Case '-[ACEClientAppTests.ACEClientAppTests testRequestIsGETAndHasNoCache]' passed (0.019 seconds).
Test Suite 'ACEClientAppTests' passed at 2026-09-15 10:56:32.298.
	 Executed 1 test, with 0 failures (0 unexpected) in 0.019 (0.041) seconds
Test Suite 'ACEClientAppTests.xctest' passed at 2026-09-15 10:56:32.299.
	 Executed 1 test, with 0 failures (0 unexpected) in 0.019 (0.044) seconds
Test Suite 'Selected tests' passed at 2026-09-15 10:56:32.301.
	 Executed 1 test, with 0 failures (0 unexpected) in 0.019 (0.048) seconds

Test session results, code coverage, and logs:
	LOCAL_HOME/ace-private/mcx19b-implementation-20260914/pilot-preparation-20260915/pass-runs/20260915T005355Z-selected-67dae754fec2/selected.xcresult

** TEST EXECUTE SUCCEEDED **

Testing started
2026-09-15 10:56:24.432 xcodebuild[86576:3561721] [MT] IDERunDestination: Supported platforms for the buildables in the current scheme is empty.
2026-09-15 10:56:24.459 xcodebuild[86576:3561721] [MT] IDERunDestination: Supported platforms for the buildables in the current scheme is empty.
2026-09-15 10:56:25.823 xcodebuild[86576:3561721] [MT] IDERunDestination: Supported platforms for the buildables in the current scheme is empty.
2026-09-15 10:56:32.677 xcodebuild[86576:3561721] [MT] IDETestOperationsObserverDebug: 6.847 elapsed -- Testing started completed.
2026-09-15 10:56:32.677 xcodebuild[86576:3561721] [MT] IDETestOperationsObserverDebug: 0.000 sec, +0.000 sec -- start
2026-09-15 10:56:32.677 xcodebuild[86576:3561721] [MT] IDETestOperationsObserverDebug: 6.847 sec, +6.847 sec -- end
