Command line invocation:
    /Applications/Xcode.app/Contents/Developer/usr/bin/xcodebuild test-without-building -xctestrun LOCAL_HOME/ace-private/mcx19b-orientation-repair-20260915/05-serial-native-gate/negative/native-settings/001-set/ACEClientAppUITests.xctestrun -destination id=2EB0863C-470E-467D-A0C6-CD216DA70C67 -parallel-testing-enabled NO "-only-testing:ACEClientAppUITests/ACEClientAppUITests/testConfigureAccessibilitySettings" -resultBundlePath LOCAL_HOME/ace-private/mcx19b-orientation-repair-20260915/05-serial-native-gate/negative/native-settings/001-set/result.xcresult

Writing result bundle at path:
	LOCAL_HOME/ace-private/mcx19b-orientation-repair-20260915/05-serial-native-gate/negative/native-settings/001-set/result.xcresult

2026-09-15 17:57:46.221983+1000 ACEClientAppUITests-Runner[33625:4472428] [Default] Running tests...
2026-09-15 17:57:46.400112+1000 ACEClientAppUITests-Runner[33625:4472515] [General] Failed to send CA Event for app launch measurements for ca_event_type: 0 event_name: com.apple.app_launch_measurement.FirstFramePresentationMetric
    t =      nans Interface orientation changed to Portrait
2026-09-15 17:57:49.877071+1000 ACEClientAppUITests-Runner[33625:4472512] [General] Failed to send CA Event for app launch measurements for ca_event_type: 1 event_name: com.apple.app_launch_measurement.ExtendedLaunchMetrics
Test Suite 'Selected tests' started at 2026-09-15 17:57:49.971.
Test Suite 'ACEClientAppUITests.xctest' started at 2026-09-15 17:57:49.987.
Test Suite 'ACEClientAppUITests' started at 2026-09-15 17:57:49.989.
Test Case '-[ACEClientAppUITests.ACEClientAppUITests testConfigureAccessibilitySettings]' started.
    t =     0.02s Start Test at 2026-09-15 17:57:50.005
    t =     0.22s Set Up
    t =     0.25s Open com.example.aceclientapp
    t =     0.25s     Launch com.example.aceclientapp
    t =     2.40s         Setting up automation session
    t =     6.72s         Wait for com.example.aceclientapp to idle
    t =     9.17s Waiting 5.0s for "Effective interface style" Any to exist
    t =    10.19s     Checking `Expect predicate `existsNoRetry == 1` for object "Effective interface style" Any`
    t =    10.19s         Checking existence of `"Effective interface style" Any`
    t =    11.47s Find the "Effective interface style" Any
    t =    11.56s Find the "Effective interface style" ScrollView
    t =    11.64s Terminate com.example.aceclientapp:33643
    t =    12.69s Setting device orientation to Portrait
    t =    12.70s     Device orientation changed to Portrait
    t =    12.77s     Wait for com.apple.springboard to idle
    t =    12.96s Open com.example.aceclientapp
    t =    12.96s     Launch com.example.aceclientapp
    t =    13.82s         Setting up automation session
    t =    19.10s         Wait for com.example.aceclientapp to idle
    t =    21.78s Waiting 5.0s for "Effective interface style" Any to exist
    t =    22.85s     Checking `Expect predicate `existsNoRetry == 1` for object "Effective interface style" Any`
    t =    22.85s         Checking existence of `"Effective interface style" Any`
    t =    24.15s Find the "Effective interface style" Any
    t =    24.22s Find the "Effective interface style" ScrollView
ACE_ORIENTATION_READ_STARTED {"requested":"portrait"}
    t =    24.29s Find the Target Application 'com.example.aceclientapp'
ACE_ORIENTATION_FRAME {"elapsedReadSeconds":0.10126927500823513,"frame":{"height":"874.0","width":"402.0","x":"0.0","y":"0.0"},"outcome":"match","requested":"portrait"}
ACE_SETTINGS_RESULT {"mode":"set","observed":{"boldText":false,"increaseContrast":false,"orientation":"portrait","reduceMotion":false}}
    t =    24.39s Terminate com.example.aceclientapp:33671
    t =    25.46s Tear Down
Test Case '-[ACEClientAppUITests.ACEClientAppUITests testConfigureAccessibilitySettings]' passed (25.636 seconds).
Test Suite 'ACEClientAppUITests' passed at 2026-09-15 17:58:15.638.
	 Executed 1 test, with 0 failures (0 unexpected) in 25.636 (25.649) seconds
Test Suite 'ACEClientAppUITests.xctest' passed at 2026-09-15 17:58:15.639.
	 Executed 1 test, with 0 failures (0 unexpected) in 25.636 (25.652) seconds
Test Suite 'Selected tests' passed at 2026-09-15 17:58:15.641.
	 Executed 1 test, with 0 failures (0 unexpected) in 25.636 (25.670) seconds

Test session results, code coverage, and logs:
	LOCAL_HOME/ace-private/mcx19b-orientation-repair-20260915/05-serial-native-gate/negative/native-settings/001-set/result.xcresult

** TEST EXECUTE SUCCEEDED **

Testing started
2026-09-15 17:57:38.937 xcodebuild[33615:4471953] [MT] IDERunDestination: Supported platforms for the buildables in the current scheme is empty.
2026-09-15 17:57:38.959 xcodebuild[33615:4471953] [MT] IDERunDestination: Supported platforms for the buildables in the current scheme is empty.
2026-09-15 17:57:40.007 xcodebuild[33615:4471953] [MT] IDERunDestination: Supported platforms for the buildables in the current scheme is empty.
2026-09-15 17:57:40.213 xcodebuild[33615:4471953] [MT] IDERunDestination: Supported platforms for the buildables in the current scheme is empty.
2026-09-15 17:57:50.419 xcodebuild[33615:4471953] [MT] IDELaunchParametersSnapshot: The operation couldn’t be completed. (DebuggerLLDB.DebuggerVersionStore.StoreError error 0.)
2026-09-15 17:57:50.419 xcodebuild[33615:4471953] [MT] IDELaunchParametersSnapshot: no debugger version
2026-09-15 17:58:02.958 xcodebuild[33615:4471953] [MT] IDELaunchParametersSnapshot: The operation couldn’t be completed. (DebuggerLLDB.DebuggerVersionStore.StoreError error 0.)
2026-09-15 17:58:02.958 xcodebuild[33615:4471953] [MT] IDELaunchParametersSnapshot: no debugger version
2026-09-15 17:58:16.046 xcodebuild[33615:4471953] [MT] IDETestOperationsObserverDebug: 35.828 elapsed -- Testing started completed.
2026-09-15 17:58:16.046 xcodebuild[33615:4471953] [MT] IDETestOperationsObserverDebug: 0.000 sec, +0.000 sec -- start
2026-09-15 17:58:16.046 xcodebuild[33615:4471953] [MT] IDETestOperationsObserverDebug: 35.828 sec, +35.828 sec -- end
