Command line invocation:
    /Applications/Xcode.app/Contents/Developer/usr/bin/xcodebuild test-without-building -xctestrun "LOCAL_HOME/ace-private/mcx19b-orientation-repair-20260915/12-revision5-discriminating-diagnosis/arm-A/repetition-1/native-settings/iPhone 17-restore-D1/ACEClientAppUITests.xctestrun" -destination id=2EB0863C-470E-467D-A0C6-CD216DA70C67 -parallel-testing-enabled NO "-only-testing:ACEClientAppUITests/ACEClientAppUITests/testConfigureAccessibilitySettings" -resultBundlePath "LOCAL_HOME/ace-private/mcx19b-orientation-repair-20260915/12-revision5-discriminating-diagnosis/arm-A/repetition-1/native-settings/iPhone 17-restore-D1/result.xcresult"

Writing result bundle at path:
	LOCAL_HOME/ace-private/mcx19b-orientation-repair-20260915/12-revision5-discriminating-diagnosis/arm-A/repetition-1/native-settings/iPhone 17-restore-D1/result.xcresult

2026-09-16 21:59:08.006206+1000 ACEClientAppUITests-Runner[90676:7417910] [Default] Running tests...
    t =      nans Interface orientation changed to Portrait
Test Suite 'Selected tests' started at 2026-09-16 21:59:12.340.
Test Suite 'ACEClientAppUITests.xctest' started at 2026-09-16 21:59:12.342.
Test Suite 'ACEClientAppUITests' started at 2026-09-16 21:59:12.343.
Test Case '-[ACEClientAppUITests.ACEClientAppUITests testConfigureAccessibilitySettings]' started.
    t =     0.01s Start Test at 2026-09-16 21:59:12.349
    t =     0.17s Set Up
    t =     0.20s Open com.example.aceclientapp
    t =     0.20s     Launch com.example.aceclientapp
    t =     1.83s         Setting up automation session
    t =     5.76s         Wait for com.example.aceclientapp to idle
    t =     8.44s Waiting 5.0s for "Effective interface style" Any to exist
    t =     9.48s     Checking `Expect predicate `existsNoRetry == 1` for object "Effective interface style" Any`
    t =     9.49s         Checking existence of `"Effective interface style" Any`
    t =    10.68s Find the "Effective interface style" Any
    t =    10.84s Find the "Effective interface style" ScrollView
    t =    10.91s Terminate com.example.aceclientapp:90717
    t =    11.94s Setting device orientation to Portrait
    t =    11.96s     Wait for com.apple.springboard to idle
    t =    11.98s Open com.example.aceclientapp
    t =    11.98s     Launch com.example.aceclientapp
    t =    12.63s         Setting up automation session
    t =    16.21s         Wait for com.example.aceclientapp to idle
    t =    18.37s Waiting 5.0s for "Effective interface style" Any to exist
    t =    19.42s     Checking `Expect predicate `existsNoRetry == 1` for object "Effective interface style" Any`
    t =    19.42s         Checking existence of `"Effective interface style" Any`
    t =    20.64s Find the "Effective interface style" Any
    t =    20.69s Find the "Effective interface style" ScrollView
ACE_ORIENTATION_READ_STARTED {"requested":"portrait"}
    t =    20.73s Find the Target Application 'com.example.aceclientapp'
ACE_ORIENTATION_FRAME {"elapsedReadSeconds":0.060712626960594207,"frame":{"height":"874.0","width":"402.0","x":"0.0","y":"0.0"},"outcome":"match","requested":"portrait"}
ACE_SETTINGS_RESULT {"mode":"set","observed":{"boldText":false,"increaseContrast":false,"orientation":"portrait","reduceMotion":false}}
    t =    20.79s Terminate com.example.aceclientapp:90764
    t =    22.84s Tear Down
Test Case '-[ACEClientAppUITests.ACEClientAppUITests testConfigureAccessibilitySettings]' passed (23.020 seconds).
Test Suite 'ACEClientAppUITests' passed at 2026-09-16 21:59:35.369.
	 Executed 1 test, with 0 failures (0 unexpected) in 23.020 (23.026) seconds
Test Suite 'ACEClientAppUITests.xctest' passed at 2026-09-16 21:59:35.371.
	 Executed 1 test, with 0 failures (0 unexpected) in 23.020 (23.030) seconds
Test Suite 'Selected tests' passed at 2026-09-16 21:59:35.373.
	 Executed 1 test, with 0 failures (0 unexpected) in 23.020 (23.033) seconds

Test session results, code coverage, and logs:
	LOCAL_HOME/ace-private/mcx19b-orientation-repair-20260915/12-revision5-discriminating-diagnosis/arm-A/repetition-1/native-settings/iPhone 17-restore-D1/result.xcresult

** TEST EXECUTE SUCCEEDED **

Testing started
2026-09-16 21:59:01.536 xcodebuild[90648:7417199] [MT] IDERunDestination: Supported platforms for the buildables in the current scheme is empty.
2026-09-16 21:59:01.557 xcodebuild[90648:7417199] [MT] IDERunDestination: Supported platforms for the buildables in the current scheme is empty.
2026-09-16 21:59:02.629 xcodebuild[90648:7417199] [MT] IDERunDestination: Supported platforms for the buildables in the current scheme is empty.
2026-09-16 21:59:12.686 xcodebuild[90648:7417199] [MT] IDELaunchParametersSnapshot: The operation couldn’t be completed. (DebuggerLLDB.DebuggerVersionStore.StoreError error 0.)
2026-09-16 21:59:12.686 xcodebuild[90648:7417199] [MT] IDELaunchParametersSnapshot: no debugger version
2026-09-16 21:59:24.331 xcodebuild[90648:7417199] [MT] IDELaunchParametersSnapshot: The operation couldn’t be completed. (DebuggerLLDB.DebuggerVersionStore.StoreError error 0.)
2026-09-16 21:59:24.331 xcodebuild[90648:7417199] [MT] IDELaunchParametersSnapshot: no debugger version
2026-09-16 21:59:35.723 xcodebuild[90648:7417199] [MT] IDETestOperationsObserverDebug: 33.088 elapsed -- Testing started completed.
2026-09-16 21:59:35.723 xcodebuild[90648:7417199] [MT] IDETestOperationsObserverDebug: 0.000 sec, +0.000 sec -- start
2026-09-16 21:59:35.723 xcodebuild[90648:7417199] [MT] IDETestOperationsObserverDebug: 33.088 sec, +33.088 sec -- end
