Command line invocation:
    /Applications/Xcode.app/Contents/Developer/usr/bin/xcodebuild test-without-building -xctestrun "LOCAL_HOME/ace-private/mcx19b-orientation-repair-20260915/10-target-size-diagnosis/native-target-probe/native-settings/iPhone 17-restore-failure/ACEClientAppUITests.xctestrun" -destination id=2EB0863C-470E-467D-A0C6-CD216DA70C67 -parallel-testing-enabled NO "-only-testing:ACEClientAppUITests/ACEClientAppUITests/testConfigureAccessibilitySettings" -resultBundlePath "LOCAL_HOME/ace-private/mcx19b-orientation-repair-20260915/10-target-size-diagnosis/native-target-probe/native-settings/iPhone 17-restore-failure/result.xcresult"

Writing result bundle at path:
	LOCAL_HOME/ace-private/mcx19b-orientation-repair-20260915/10-target-size-diagnosis/native-target-probe/native-settings/iPhone 17-restore-failure/result.xcresult

2026-09-15 22:36:06.517670+1000 ACEClientAppUITests-Runner[72828:5228054] [Default] Running tests...
    t =      nans Interface orientation changed to Portrait
Test Suite 'Selected tests' started at 2026-09-15 22:36:10.156.
Test Suite 'ACEClientAppUITests.xctest' started at 2026-09-15 22:36:10.158.
Test Suite 'ACEClientAppUITests' started at 2026-09-15 22:36:10.159.
Test Case '-[ACEClientAppUITests.ACEClientAppUITests testConfigureAccessibilitySettings]' started.
    t =     0.01s Start Test at 2026-09-15 22:36:10.182
    t =     0.22s Set Up
    t =     0.25s Open com.example.aceclientapp
    t =     0.25s     Launch com.example.aceclientapp
    t =     2.44s         Setting up automation session
    t =     6.76s         Wait for com.example.aceclientapp to idle
    t =     9.44s Waiting 5.0s for "Effective interface style" Any to exist
    t =    10.50s     Checking `Expect predicate `existsNoRetry == 1` for object "Effective interface style" Any`
    t =    10.50s         Checking existence of `"Effective interface style" Any`
    t =    11.76s Find the "Effective interface style" Any
    t =    11.84s Find the "Effective interface style" ScrollView
    t =    11.98s Terminate com.example.aceclientapp:72842
    t =    13.03s Setting device orientation to Portrait
    t =    13.06s     Wait for com.apple.springboard to idle
    t =    13.08s Open com.example.aceclientapp
    t =    13.09s     Launch com.example.aceclientapp
    t =    13.94s         Setting up automation session
    t =    18.43s         Wait for com.example.aceclientapp to idle
    t =    21.31s Waiting 5.0s for "Effective interface style" Any to exist
    t =    22.38s     Checking `Expect predicate `existsNoRetry == 1` for object "Effective interface style" Any`
    t =    22.38s         Checking existence of `"Effective interface style" Any`
    t =    23.70s Find the "Effective interface style" Any
    t =    23.77s Find the "Effective interface style" ScrollView
ACE_ORIENTATION_READ_STARTED {"requested":"portrait"}
    t =    23.82s Find the Target Application 'com.example.aceclientapp'
ACE_ORIENTATION_FRAME {"elapsedReadSeconds":0.091288064024411142,"frame":{"height":"874.0","width":"402.0","x":"0.0","y":"0.0"},"outcome":"match","requested":"portrait"}
ACE_SETTINGS_RESULT {"mode":"set","observed":{"boldText":false,"increaseContrast":false,"orientation":"portrait","reduceMotion":false}}
    t =    23.92s Terminate com.example.aceclientapp:72863
    t =    24.98s Tear Down
Test Case '-[ACEClientAppUITests.ACEClientAppUITests testConfigureAccessibilitySettings]' passed (25.698 seconds).
Test Suite 'ACEClientAppUITests' passed at 2026-09-15 22:36:35.880.
	 Executed 1 test, with 0 failures (0 unexpected) in 25.698 (25.721) seconds
Test Suite 'ACEClientAppUITests.xctest' passed at 2026-09-15 22:36:35.882.
	 Executed 1 test, with 0 failures (0 unexpected) in 25.698 (25.725) seconds
Test Suite 'Selected tests' passed at 2026-09-15 22:36:35.885.
	 Executed 1 test, with 0 failures (0 unexpected) in 25.698 (25.729) seconds

Test session results, code coverage, and logs:
	LOCAL_HOME/ace-private/mcx19b-orientation-repair-20260915/10-target-size-diagnosis/native-target-probe/native-settings/iPhone 17-restore-failure/result.xcresult

** TEST EXECUTE SUCCEEDED **

Testing started
2026-09-15 22:35:59.422 xcodebuild[72807:5227564] [MT] IDERunDestination: Supported platforms for the buildables in the current scheme is empty.
2026-09-15 22:35:59.455 xcodebuild[72807:5227564] [MT] IDERunDestination: Supported platforms for the buildables in the current scheme is empty.
2026-09-15 22:36:00.453 xcodebuild[72807:5227564] [MT] IDERunDestination: Supported platforms for the buildables in the current scheme is empty.
2026-09-15 22:36:10.598 xcodebuild[72807:5227564] [MT] IDELaunchParametersSnapshot: The operation couldn’t be completed. (DebuggerLLDB.DebuggerVersionStore.StoreError error 0.)
2026-09-15 22:36:10.598 xcodebuild[72807:5227564] [MT] IDELaunchParametersSnapshot: no debugger version
2026-09-15 22:36:23.265 xcodebuild[72807:5227564] [MT] IDELaunchParametersSnapshot: The operation couldn’t be completed. (DebuggerLLDB.DebuggerVersionStore.StoreError error 0.)
2026-09-15 22:36:23.265 xcodebuild[72807:5227564] [MT] IDELaunchParametersSnapshot: no debugger version
2026-09-15 22:36:36.299 xcodebuild[72807:5227564] [MT] IDETestOperationsObserverDebug: 35.838 elapsed -- Testing started completed.
2026-09-15 22:36:36.299 xcodebuild[72807:5227564] [MT] IDETestOperationsObserverDebug: 0.000 sec, +0.000 sec -- start
2026-09-15 22:36:36.299 xcodebuild[72807:5227564] [MT] IDETestOperationsObserverDebug: 35.838 sec, +35.838 sec -- end
