Command line invocation:
    /Applications/Xcode.app/Contents/Developer/usr/bin/xcodebuild test-without-building -xctestrun "LOCAL_HOME/ace-private/mcx19b-orientation-repair-20260915/07-scroll-margin-diagnosis/native-focus-v2/native-settings/iPhone 17-restore-batch/ACEClientAppUITests.xctestrun" -destination id=2EB0863C-470E-467D-A0C6-CD216DA70C67 -parallel-testing-enabled NO "-only-testing:ACEClientAppUITests/ACEClientAppUITests/testConfigureAccessibilitySettings" -resultBundlePath "LOCAL_HOME/ace-private/mcx19b-orientation-repair-20260915/07-scroll-margin-diagnosis/native-focus-v2/native-settings/iPhone 17-restore-batch/result.xcresult"

Writing result bundle at path:
	LOCAL_HOME/ace-private/mcx19b-orientation-repair-20260915/07-scroll-margin-diagnosis/native-focus-v2/native-settings/iPhone 17-restore-batch/result.xcresult

2026-09-15 19:39:29.576913+1000 ACEClientAppUITests-Runner[47367:4727832] [Default] Running tests...
    t =      nans Interface orientation changed to Portrait
Test Suite 'Selected tests' started at 2026-09-15 19:39:32.686.
Test Suite 'ACEClientAppUITests.xctest' started at 2026-09-15 19:39:32.689.
Test Suite 'ACEClientAppUITests' started at 2026-09-15 19:39:32.691.
Test Case '-[ACEClientAppUITests.ACEClientAppUITests testConfigureAccessibilitySettings]' started.
    t =     0.02s Start Test at 2026-09-15 19:39:32.713
    t =     0.20s Set Up
    t =     0.24s Open com.example.aceclientapp
    t =     0.24s     Launch com.example.aceclientapp
    t =     2.30s         Setting up automation session
    t =     6.51s         Wait for com.example.aceclientapp to idle
    t =     9.01s Waiting 5.0s for "Effective interface style" Any to exist
    t =    10.08s     Checking `Expect predicate `existsNoRetry == 1` for object "Effective interface style" Any`
    t =    10.08s         Checking existence of `"Effective interface style" Any`
    t =    11.33s Find the "Effective interface style" Any
    t =    11.39s Find the "Effective interface style" ScrollView
    t =    11.45s Terminate com.example.aceclientapp:47384
    t =    12.50s Setting device orientation to Portrait
    t =    12.52s     Wait for com.apple.springboard to idle
    t =    12.55s Open com.example.aceclientapp
    t =    12.55s     Launch com.example.aceclientapp
    t =    13.23s         Setting up automation session
    t =    17.24s         Wait for com.example.aceclientapp to idle
    t =    19.80s Waiting 5.0s for "Effective interface style" Any to exist
    t =    20.88s     Checking `Expect predicate `existsNoRetry == 1` for object "Effective interface style" Any`
    t =    20.88s         Checking existence of `"Effective interface style" Any`
    t =    22.03s Find the "Effective interface style" Any
    t =    22.10s Find the "Effective interface style" ScrollView
ACE_ORIENTATION_READ_STARTED {"requested":"portrait"}
    t =    22.16s Find the Target Application 'com.example.aceclientapp'
ACE_ORIENTATION_FRAME {"elapsedReadSeconds":0.10808070600614883,"frame":{"height":"874.0","width":"402.0","x":"0.0","y":"0.0"},"outcome":"match","requested":"portrait"}
ACE_SETTINGS_RESULT {"mode":"set","observed":{"boldText":false,"increaseContrast":false,"orientation":"portrait","reduceMotion":false}}
    t =    22.27s Terminate com.example.aceclientapp:47416
    t =    23.33s Tear Down
Test Case '-[ACEClientAppUITests.ACEClientAppUITests testConfigureAccessibilitySettings]' passed (23.624 seconds).
Test Suite 'ACEClientAppUITests' passed at 2026-09-15 19:39:56.335.
	 Executed 1 test, with 0 failures (0 unexpected) in 23.624 (23.645) seconds
Test Suite 'ACEClientAppUITests.xctest' passed at 2026-09-15 19:39:56.338.
	 Executed 1 test, with 0 failures (0 unexpected) in 23.624 (23.649) seconds
Test Suite 'Selected tests' passed at 2026-09-15 19:39:56.340.
	 Executed 1 test, with 0 failures (0 unexpected) in 23.624 (23.654) seconds

Test session results, code coverage, and logs:
	LOCAL_HOME/ace-private/mcx19b-orientation-repair-20260915/07-scroll-margin-diagnosis/native-focus-v2/native-settings/iPhone 17-restore-batch/result.xcresult

** TEST EXECUTE SUCCEEDED **

Testing started
2026-09-15 19:39:22.957 xcodebuild[47355:4727366] [MT] IDERunDestination: Supported platforms for the buildables in the current scheme is empty.
2026-09-15 19:39:22.979 xcodebuild[47355:4727366] [MT] IDERunDestination: Supported platforms for the buildables in the current scheme is empty.
2026-09-15 19:39:23.865 xcodebuild[47355:4727366] [MT] IDERunDestination: Supported platforms for the buildables in the current scheme is empty.
2026-09-15 19:39:33.112 xcodebuild[47355:4727366] [MT] IDELaunchParametersSnapshot: The operation couldn’t be completed. (DebuggerLLDB.DebuggerVersionStore.StoreError error 0.)
2026-09-15 19:39:33.112 xcodebuild[47355:4727366] [MT] IDELaunchParametersSnapshot: no debugger version
2026-09-15 19:39:45.246 xcodebuild[47355:4727366] [MT] IDELaunchParametersSnapshot: The operation couldn’t be completed. (DebuggerLLDB.DebuggerVersionStore.StoreError error 0.)
2026-09-15 19:39:45.246 xcodebuild[47355:4727366] [MT] IDELaunchParametersSnapshot: no debugger version
2026-09-15 19:39:56.718 xcodebuild[47355:4727366] [MT] IDETestOperationsObserverDebug: 32.846 elapsed -- Testing started completed.
2026-09-15 19:39:56.718 xcodebuild[47355:4727366] [MT] IDETestOperationsObserverDebug: 0.000 sec, +0.000 sec -- start
2026-09-15 19:39:56.718 xcodebuild[47355:4727366] [MT] IDETestOperationsObserverDebug: 32.846 sec, +32.846 sec -- end
