test_case_linked_pilot_capture_rejects_missing_or_changed_attachment (tools.tests.test_ace_ios_local.CommandAndResourceEvidenceTests.test_case_linked_pilot_capture_rejects_missing_or_changed_attachment) ... ok
test_full_gate_reconstructs_22_case_pilot_and_rejects_changed_image (tools.tests.test_ace_ios_local.CommandAndResourceEvidenceTests.test_full_gate_reconstructs_22_case_pilot_and_rejects_changed_image) ... ok
test_full_gate_rejects_unreviewed_retained_native_image (tools.tests.test_ace_ios_local.CommandAndResourceEvidenceTests.test_full_gate_rejects_unreviewed_retained_native_image) ... ok
test_measured_review_projection_requires_complete_affordable_evidence (tools.tests.test_ace_ios_local.CommandAndResourceEvidenceTests.test_measured_review_projection_requires_complete_affordable_evidence) ... ok
test_over_threshold_projection_requires_measured_review_arrangement (tools.tests.test_ace_ios_local.CommandAndResourceEvidenceTests.test_over_threshold_projection_requires_measured_review_arrangement) ... ok
test_timeout_retains_partial_streams_in_the_command_log (tools.tests.test_ace_ios_local.CommandAndResourceEvidenceTests.test_timeout_retains_partial_streams_in_the_command_log) ... ok
test_approved_coverage_counts_and_states (tools.tests.test_ace_ios_local.CoverageMatrixTests.test_approved_coverage_counts_and_states) ... ok
test_pilot_contains_22_cases_and_two_layout_only_release_cases (tools.tests.test_ace_ios_local.CoverageMatrixTests.test_pilot_contains_22_cases_and_two_layout_only_release_cases) ... ok
test_acceptance_native_error_still_stops (tools.tests.test_ace_ios_local.DiscoveryExecutionTests.test_acceptance_native_error_still_stops) ... ok
test_all_pass_discovery_manifest_is_rejected_by_actual_full_gate (tools.tests.test_ace_ios_local.DiscoveryExecutionTests.test_all_pass_discovery_manifest_is_rejected_by_actual_full_gate) ... ok
test_candidate_change_after_case_blocks_remaining_cases (tools.tests.test_ace_ios_local.DiscoveryExecutionTests.test_candidate_change_after_case_blocks_remaining_cases) ... ok
test_discovery_cli_reports_distinct_completed_failed_and_blocked_exits (tools.tests.test_ace_ios_local.DiscoveryExecutionTests.test_discovery_cli_reports_distinct_completed_failed_and_blocked_exits) ... ok
test_evidence_or_launch_fault_stops_before_next_case (tools.tests.test_ace_ios_local.DiscoveryExecutionTests.test_evidence_or_launch_fault_stops_before_next_case) ... ok
test_failure_continues_then_completes_with_one_build_and_preflight (tools.tests.test_ace_ios_local.DiscoveryExecutionTests.test_failure_continues_then_completes_with_one_build_and_preflight) ... ok
test_restoration_fault_stops_before_next_device (tools.tests.test_ace_ios_local.DiscoveryExecutionTests.test_restoration_fault_stops_before_next_device) ... ok
test_finding_viewport_requires_its_own_screenshot (tools.tests.test_ace_ios_local.DiscoveryNativeEvidenceTests.test_finding_viewport_requires_its_own_screenshot) ... ok
test_invalid_utf8_and_missing_log_block (tools.tests.test_ace_ios_local.DiscoveryNativeEvidenceTests.test_invalid_utf8_and_missing_log_block) ... ok
test_launch_fault_and_missing_completion_block_despite_matching_finding (tools.tests.test_ace_ios_local.DiscoveryNativeEvidenceTests.test_launch_fault_and_missing_completion_block_despite_matching_finding) ... ok
test_matched_failure_preserves_native_summary_assertion_and_finding (tools.tests.test_ace_ios_local.DiscoveryNativeEvidenceTests.test_matched_failure_preserves_native_summary_assertion_and_finding) ... ok
test_missing_and_malformed_native_summary_block (tools.tests.test_ace_ios_local.DiscoveryNativeEvidenceTests.test_missing_and_malformed_native_summary_block) ... ok
test_missing_malformed_and_mismatched_issue_markers_block (tools.tests.test_ace_ios_local.DiscoveryNativeEvidenceTests.test_missing_malformed_and_mismatched_issue_markers_block) ... ok
test_missing_mismatched_and_corrupt_screenshot_evidence_block (tools.tests.test_ace_ios_local.DiscoveryNativeEvidenceTests.test_missing_mismatched_and_corrupt_screenshot_evidence_block) ... ok
test_pass_requires_real_case_marker_and_valid_screenshot (tools.tests.test_ace_ios_local.DiscoveryNativeEvidenceTests.test_pass_requires_real_case_marker_and_valid_screenshot) ... ok
test_png_with_valid_crc_and_zlib_but_invalid_scanlines_blocks (tools.tests.test_ace_ios_local.DiscoveryNativeEvidenceTests.test_png_with_valid_crc_and_zlib_but_invalid_scanlines_blocks) ... ok
test_prior_case_completion_marker_blocks_singleton_failure (tools.tests.test_ace_ios_local.DiscoveryNativeEvidenceTests.test_prior_case_completion_marker_blocks_singleton_failure) ... ok
test_process_faults_do_not_become_native_assertions (tools.tests.test_ace_ios_local.DiscoveryNativeEvidenceTests.test_process_faults_do_not_become_native_assertions) ... ok
test_skipped_incomplete_unexpected_and_boolean_counts_block (tools.tests.test_ace_ios_local.DiscoveryNativeEvidenceTests.test_skipped_incomplete_unexpected_and_boolean_counts_block) ... ok
test_unsupported_png_headers_block (tools.tests.test_ace_ios_local.DiscoveryNativeEvidenceTests.test_unsupported_png_headers_block) ... ok
test_valid_native_rgb_and_rgba_screenshot_formats_are_supported (tools.tests.test_ace_ios_local.DiscoveryNativeEvidenceTests.test_valid_native_rgb_and_rgba_screenshot_formats_are_supported) ... ok
test_wrong_summary_assertion_or_test_identity_blocks (tools.tests.test_ace_ios_local.DiscoveryNativeEvidenceTests.test_wrong_summary_assertion_or_test_identity_blocks) ... ok
test_actual_native_enumeration_schema_rejects_disabled_tests (tools.tests.test_ace_ios_local.NativeRecordTests.test_actual_native_enumeration_schema_rejects_disabled_tests) ... ok
test_attachment_manifest_maps_human_name_to_uuid_export (tools.tests.test_ace_ios_local.NativeRecordTests.test_attachment_manifest_maps_human_name_to_uuid_export) ... ok
test_case_markers_require_matching_observed_settings_and_screenshot (tools.tests.test_ace_ios_local.NativeRecordTests.test_case_markers_require_matching_observed_settings_and_screenshot) ... ok
test_complex_audit_viewports_do_not_change_audited_case_count (tools.tests.test_ace_ios_local.NativeRecordTests.test_complex_audit_viewports_do_not_change_audited_case_count) ... ok
test_device_records_rejects_malformed_required_udid (tools.tests.test_ace_ios_local.NativeRecordTests.test_device_records_rejects_malformed_required_udid) ... ok
test_environment_identity_ignores_only_runtime_last_usage_without_mutating_raw_input (tools.tests.test_ace_ios_local.NativeRecordTests.test_environment_identity_ignores_only_runtime_last_usage_without_mutating_raw_input) ... ok
test_environment_identity_rejects_runtime_device_tool_and_python_changes (tools.tests.test_ace_ios_local.NativeRecordTests.test_environment_identity_rejects_runtime_device_tool_and_python_changes) ... ok
test_marker_reader_rejects_invalid_json (tools.tests.test_ace_ios_local.NativeRecordTests.test_marker_reader_rejects_invalid_json) ... ok
test_pilot_readiness_rejects_loose_prose_and_bad_artifact_hash (tools.tests.test_ace_ios_local.NativeRecordTests.test_pilot_readiness_rejects_loose_prose_and_bad_artifact_hash) ... ok
test_restore_boot_state_propagates_state_and_shutdown_errors (tools.tests.test_ace_ios_local.NativeRecordTests.test_restore_boot_state_propagates_state_and_shutdown_errors) ... ok
test_restore_boot_state_skips_shutdown_when_the_simulator_is_already_shutdown (tools.tests.test_ace_ios_local.NativeRecordTests.test_restore_boot_state_skips_shutdown_when_the_simulator_is_already_shutdown) ... ok
test_retained_summary_schema_requires_a_complete_pass (tools.tests.test_ace_ios_local.NativeRecordTests.test_retained_summary_schema_requires_a_complete_pass) ... ok
test_runtime_schema_requires_the_retained_version_build_and_identifier (tools.tests.test_ace_ios_local.NativeRecordTests.test_runtime_schema_requires_the_retained_version_build_and_identifier) ... ok
test_selected_boot_helpers_restore_only_an_initially_shutdown_simulator (tools.tests.test_ace_ios_local.NativeRecordTests.test_selected_boot_helpers_restore_only_an_initially_shutdown_simulator) ... ok
test_selected_forwards_input_and_retains_original_record_when_input_is_deleted (tools.tests.test_ace_ios_local.NativeRecordTests.test_selected_forwards_input_and_retains_original_record_when_input_is_deleted) ... ok
test_selected_restores_shutdown_state_after_partial_boot_failure (tools.tests.test_ace_ios_local.NativeRecordTests.test_selected_restores_shutdown_state_after_partial_boot_failure) ... ok
test_selected_ui_environment_accepts_only_the_approved_values_and_hashes (tools.tests.test_ace_ios_local.NativeRecordTests.test_selected_ui_environment_accepts_only_the_approved_values_and_hashes) ... ok
test_bootstatus_failure_still_restores_original_shutdown_state (tools.tests.test_ace_ios_local.PartialBootRecoveryTests.test_bootstatus_failure_still_restores_original_shutdown_state) ... ok
test_first_device_failure_does_not_start_the_second_device (tools.tests.test_ace_ios_local.SerialDeviceExecutionTests.test_first_device_failure_does_not_start_the_second_device) ... ok
test_first_device_failure_restores_parked_landscape_device_after_final_boot (tools.tests.test_ace_ios_local.SerialDeviceExecutionTests.test_first_device_failure_restores_parked_landscape_device_after_final_boot) ... ok
test_full_plan_finishes_one_device_before_starting_the_next (tools.tests.test_ace_ios_local.SerialDeviceExecutionTests.test_full_plan_finishes_one_device_before_starting_the_next) ... ok
test_mixed_boot_state_restores_landscape_after_final_boot (tools.tests.test_ace_ios_local.SerialDeviceExecutionTests.test_mixed_boot_state_restores_landscape_after_final_boot) ... ok
test_parks_initially_booted_idle_device_and_restores_boot_states (tools.tests.test_ace_ios_local.SerialDeviceExecutionTests.test_parks_initially_booted_idle_device_and_restores_boot_states) ... ok
test_records_all_initial_boot_states_before_parking (tools.tests.test_ace_ios_local.SerialDeviceExecutionTests.test_records_all_initial_boot_states_before_parking) ... ok
test_runs_one_required_device_before_booting_the_next (tools.tests.test_ace_ios_local.SerialDeviceExecutionTests.test_runs_one_required_device_before_booting_the_next) ... ok
test_simctl_restoration_evidence_includes_phase (tools.tests.test_ace_ios_local.SerialDeviceExecutionTests.test_simctl_restoration_evidence_includes_phase) ... ok
test_uses_unique_native_restore_evidence_labels (tools.tests.test_ace_ios_local.SerialDeviceExecutionTests.test_uses_unique_native_restore_evidence_labels) ... ok
test_format_one_flat_target_is_configured (tools.tests.test_ace_ios_local.XctestrunTests.test_format_one_flat_target_is_configured) ... ok
test_rejects_configuration_style_format (tools.tests.test_ace_ios_local.XctestrunTests.test_rejects_configuration_style_format) ... ok

----------------------------------------------------------------------
Ran 59 tests in 3.798s

OK
