Command line invocation:
    /Applications/Xcode.app/Contents/Developer/usr/bin/xcodebuild test-without-building -xctestrun "LOCAL_HOME/ace-private/mcx19b-orientation-repair-20260915/12-revision5-discriminating-diagnosis/arm-B/repetition-4/native-settings/iPhone 17-restore-D1/ACEClientAppUITests.xctestrun" -destination id=2EB0863C-470E-467D-A0C6-CD216DA70C67 -parallel-testing-enabled NO "-only-testing:ACEClientAppUITests/ACEClientAppUITests/testConfigureAccessibilitySettings" -resultBundlePath "LOCAL_HOME/ace-private/mcx19b-orientation-repair-20260915/12-revision5-discriminating-diagnosis/arm-B/repetition-4/native-settings/iPhone 17-restore-D1/result.xcresult"

Writing result bundle at path:
	LOCAL_HOME/ace-private/mcx19b-orientation-repair-20260915/12-revision5-discriminating-diagnosis/arm-B/repetition-4/native-settings/iPhone 17-restore-D1/result.xcresult

2026-09-17 00:53:10.747539+1000 ACEClientAppUITests-Runner[14367:7745332] [Default] Running tests...
    t =      nans Interface orientation changed to Portrait
Test Suite 'Selected tests' started at 2026-09-17 00:53:14.816.
Test Suite 'ACEClientAppUITests.xctest' started at 2026-09-17 00:53:14.818.
Test Suite 'ACEClientAppUITests' started at 2026-09-17 00:53:14.819.
Test Case '-[ACEClientAppUITests.ACEClientAppUITests testConfigureAccessibilitySettings]' started.
    t =     0.02s Start Test at 2026-09-17 00:53:14.838
    t =     0.22s Set Up
    t =     0.26s Open com.example.aceclientapp
    t =     0.27s     Launch com.example.aceclientapp
    t =     2.40s         Setting up automation session
    t =     7.41s         Wait for com.example.aceclientapp to idle
    t =    10.08s Waiting 5.0s for "Effective interface style" Any to exist
    t =    11.17s     Checking `Expect predicate `existsNoRetry == 1` for object "Effective interface style" Any`
    t =    11.17s         Checking existence of `"Effective interface style" Any`
    t =    12.40s Find the "Effective interface style" Any
    t =    12.49s Find the "Effective interface style" ScrollView
    t =    12.54s Terminate com.example.aceclientapp:14386
    t =    13.59s Setting device orientation to Portrait
    t =    13.63s     Wait for com.apple.springboard to idle
    t =    13.65s Open com.example.aceclientapp
    t =    13.65s     Launch com.example.aceclientapp
    t =    14.53s         Setting up automation session
    t =    19.19s         Wait for com.example.aceclientapp to idle
    t =    22.41s Waiting 5.0s for "Effective interface style" Any to exist
    t =    23.47s     Checking `Expect predicate `existsNoRetry == 1` for object "Effective interface style" Any`
    t =    23.47s         Checking existence of `"Effective interface style" Any`
    t =    24.69s Find the "Effective interface style" Any
    t =    24.75s Find the "Effective interface style" ScrollView
ACE_ORIENTATION_READ_STARTED {"requested":"portrait"}
    t =    24.79s Find the Target Application 'com.example.aceclientapp'
ACE_ORIENTATION_FRAME {"elapsedReadSeconds":0.073017840972170234,"frame":{"height":"874.0","width":"402.0","x":"0.0","y":"0.0"},"outcome":"match","requested":"portrait"}
ACE_SETTINGS_RESULT {"mode":"set","observed":{"boldText":false,"increaseContrast":false,"orientation":"portrait","reduceMotion":false}}
    t =    24.86s Terminate com.example.aceclientapp:14405
    t =    28.88s Tear Down
Test Case '-[ACEClientAppUITests.ACEClientAppUITests testConfigureAccessibilitySettings]' passed (30.008 seconds).
Test Suite 'ACEClientAppUITests' passed at 2026-09-17 00:53:44.845.
	 Executed 1 test, with 0 failures (0 unexpected) in 30.008 (30.027) seconds
Test Suite 'ACEClientAppUITests.xctest' passed at 2026-09-17 00:53:44.848.
	 Executed 1 test, with 0 failures (0 unexpected) in 30.008 (30.030) seconds
Test Suite 'Selected tests' passed at 2026-09-17 00:53:44.850.
	 Executed 1 test, with 0 failures (0 unexpected) in 30.008 (30.033) seconds

Test session results, code coverage, and logs:
	LOCAL_HOME/ace-private/mcx19b-orientation-repair-20260915/12-revision5-discriminating-diagnosis/arm-B/repetition-4/native-settings/iPhone 17-restore-D1/result.xcresult

** TEST EXECUTE SUCCEEDED **

Testing started
2026-09-17 00:53:03.093 xcodebuild[14338:7744597] [MT] IDERunDestination: Supported platforms for the buildables in the current scheme is empty.
2026-09-17 00:53:03.172 xcodebuild[14338:7744597] [MT] IDERunDestination: Supported platforms for the buildables in the current scheme is empty.
2026-09-17 00:53:04.192 xcodebuild[14338:7744597] [MT] IDERunDestination: Supported platforms for the buildables in the current scheme is empty.
2026-09-17 00:53:15.374 xcodebuild[14338:7744597] [MT] IDELaunchParametersSnapshot: The operation couldn’t be completed. (DebuggerLLDB.DebuggerVersionStore.StoreError error 0.)
2026-09-17 00:53:15.374 xcodebuild[14338:7744597] [MT] IDELaunchParametersSnapshot: no debugger version
2026-09-17 00:53:28.509 xcodebuild[14338:7744597] [MT] IDELaunchParametersSnapshot: The operation couldn’t be completed. (DebuggerLLDB.DebuggerVersionStore.StoreError error 0.)
2026-09-17 00:53:28.509 xcodebuild[14338:7744597] [MT] IDELaunchParametersSnapshot: no debugger version
2026-09-17 00:53:45.258 xcodebuild[14338:7744597] [MT] IDETestOperationsObserverDebug: 41.058 elapsed -- Testing started completed.
2026-09-17 00:53:45.258 xcodebuild[14338:7744597] [MT] IDETestOperationsObserverDebug: 0.000 sec, +0.000 sec -- start
2026-09-17 00:53:45.259 xcodebuild[14338:7744597] [MT] IDETestOperationsObserverDebug: 41.058 sec, +41.058 sec -- end
