Command line invocation:
    /Applications/Xcode.app/Contents/Developer/usr/bin/xcodebuild test-without-building -xctestrun LOCAL_HOME/ace-private/mcx19b-implementation-20260914/fixture-parity-integration/native-settings/before/ACEClientAppUITests.xctestrun -destination id=D1BAA05C-52DD-4E57-832F-C0A75718E085 -parallel-testing-enabled NO "-only-testing:ACEClientAppUITests/ACEClientAppUITests/testConfigureAccessibilitySettings" -resultBundlePath LOCAL_HOME/ace-private/mcx19b-implementation-20260914/fixture-parity-integration/native-settings/before/result.xcresult

Writing result bundle at path:
	LOCAL_HOME/ace-private/mcx19b-implementation-20260914/fixture-parity-integration/native-settings/before/result.xcresult

2026-09-14 19:36:02.691275+1000 ACEClientAppUITests-Runner[74277:1979010] [Default] Running tests...
    t =      nans Interface orientation changed to Portrait
Test Suite 'Selected tests' started at 2026-09-14 19:36:08.021.
Test Suite 'ACEClientAppUITests.xctest' started at 2026-09-14 19:36:08.023.
Test Suite 'ACEClientAppUITests' started at 2026-09-14 19:36:08.024.
Test Case '-[ACEClientAppUITests.ACEClientAppUITests testConfigureAccessibilitySettings]' started.
    t =     0.02s Start Test at 2026-09-14 19:36:08.040
    t =     0.25s Set Up
    t =     0.27s Open com.example.aceclientapp
    t =     0.28s     Launch com.example.aceclientapp
    t =     3.00s         Setting up automation session
    t =     8.76s         Wait for com.example.aceclientapp to idle
    t =    11.89s Waiting 5.0s for "Effective interface style" StaticText to exist
    t =    12.94s     Checking `Expect predicate `existsNoRetry == 1` for object "Effective interface style" StaticText`
    t =    12.94s         Checking existence of `"Effective interface style" StaticText`
    t =    14.64s Find the "Effective interface style" StaticText
    t =    14.87s Find the "Effective interface style" StaticText
    t =    15.08s Terminate com.example.aceclientapp:74304
    t =    16.14s Open com.example.aceclientapp
    t =    16.15s     Launch com.example.aceclientapp
    t =    18.27s         Setting up automation session
    t =    23.58s         Wait for com.example.aceclientapp to idle
    t =    26.61s Waiting 5.0s for "Effective interface style" StaticText to exist
    t =    27.69s     Checking `Expect predicate `existsNoRetry == 1` for object "Effective interface style" StaticText`
    t =    27.69s         Checking existence of `"Effective interface style" StaticText`
    t =    29.18s Find the "Effective interface style" StaticText
    t =    29.38s Find the "Effective interface style" StaticText
ACE_SETTINGS_RESULT {"mode":"read","observed":{"boldText":false,"increaseContrast":false,"orientation":"portrait","reduceMotion":false}}
    t =    29.56s Terminate com.example.aceclientapp:74331
    t =    30.61s Tear Down
Test Case '-[ACEClientAppUITests.ACEClientAppUITests testConfigureAccessibilitySettings]' passed (30.713 seconds).
Test Suite 'ACEClientAppUITests' passed at 2026-09-14 19:36:38.753.
	 Executed 1 test, with 0 failures (0 unexpected) in 30.713 (30.729) seconds
Test Suite 'ACEClientAppUITests.xctest' passed at 2026-09-14 19:36:38.756.
	 Executed 1 test, with 0 failures (0 unexpected) in 30.713 (30.732) seconds
Test Suite 'Selected tests' passed at 2026-09-14 19:36:38.758.
	 Executed 1 test, with 0 failures (0 unexpected) in 30.713 (30.737) seconds

Test session results, code coverage, and logs:
	LOCAL_HOME/ace-private/mcx19b-implementation-20260914/fixture-parity-integration/native-settings/before/result.xcresult

** TEST EXECUTE SUCCEEDED **

Testing started
2026-09-14 19:35:53.713 xcodebuild[74260:1978519] [MT] IDERunDestination: Supported platforms for the buildables in the current scheme is empty.
2026-09-14 19:35:53.755 xcodebuild[74260:1978519] [MT] IDERunDestination: Supported platforms for the buildables in the current scheme is empty.
2026-09-14 19:35:54.787 xcodebuild[74260:1978519] [MT] IDERunDestination: Supported platforms for the buildables in the current scheme is empty.
2026-09-14 19:35:55.153 xcodebuild[74260:1978519] [MT] IDERunDestination: Supported platforms for the buildables in the current scheme is empty.
2026-09-14 19:36:08.504 xcodebuild[74260:1978519] [MT] IDELaunchParametersSnapshot: The operation couldn’t be completed. (DebuggerLLDB.DebuggerVersionStore.StoreError error 0.)
2026-09-14 19:36:08.504 xcodebuild[74260:1978519] [MT] IDELaunchParametersSnapshot: no debugger version
2026-09-14 19:36:24.180 xcodebuild[74260:1978519] [MT] IDELaunchParametersSnapshot: The operation couldn’t be completed. (DebuggerLLDB.DebuggerVersionStore.StoreError error 0.)
2026-09-14 19:36:24.181 xcodebuild[74260:1978519] [MT] IDELaunchParametersSnapshot: no debugger version
2026-09-14 19:36:39.155 xcodebuild[74260:1978519] [MT] IDETestOperationsObserverDebug: 43.958 elapsed -- Testing started completed.
2026-09-14 19:36:39.155 xcodebuild[74260:1978519] [MT] IDETestOperationsObserverDebug: 0.000 sec, +0.000 sec -- start
2026-09-14 19:36:39.155 xcodebuild[74260:1978519] [MT] IDETestOperationsObserverDebug: 43.958 sec, +43.958 sec -- end
