Command line invocation:
    /Applications/Xcode.app/Contents/Developer/usr/bin/xcodebuild test-without-building -xctestrun "LOCAL_HOME/ace-private/mcx19b-orientation-repair-20260915/12-revision5-discriminating-diagnosis/arm-B/repetition-2/native-settings/iPhone 17-restore-D1/ACEClientAppUITests.xctestrun" -destination id=2EB0863C-470E-467D-A0C6-CD216DA70C67 -parallel-testing-enabled NO "-only-testing:ACEClientAppUITests/ACEClientAppUITests/testConfigureAccessibilitySettings" -resultBundlePath "LOCAL_HOME/ace-private/mcx19b-orientation-repair-20260915/12-revision5-discriminating-diagnosis/arm-B/repetition-2/native-settings/iPhone 17-restore-D1/result.xcresult"

Writing result bundle at path:
	LOCAL_HOME/ace-private/mcx19b-orientation-repair-20260915/12-revision5-discriminating-diagnosis/arm-B/repetition-2/native-settings/iPhone 17-restore-D1/result.xcresult

2026-09-16 23:00:27.731396+1000 ACEClientAppUITests-Runner[4395:7575631] [Default] Running tests...
    t =      nans Interface orientation changed to Portrait
Test Suite 'Selected tests' started at 2026-09-16 23:00:32.934.
Test Suite 'ACEClientAppUITests.xctest' started at 2026-09-16 23:00:32.936.
Test Suite 'ACEClientAppUITests' started at 2026-09-16 23:00:32.937.
Test Case '-[ACEClientAppUITests.ACEClientAppUITests testConfigureAccessibilitySettings]' started.
    t =     0.01s Start Test at 2026-09-16 23:00:32.947
    t =     0.19s Set Up
    t =     0.22s Open com.example.aceclientapp
    t =     0.23s     Launch com.example.aceclientapp
    t =     2.60s         Setting up automation session
    t =     7.68s         Wait for com.example.aceclientapp to idle
    t =    10.57s Waiting 5.0s for "Effective interface style" Any to exist
    t =    11.67s     Checking `Expect predicate `existsNoRetry == 1` for object "Effective interface style" Any`
    t =    11.67s         Checking existence of `"Effective interface style" Any`
    t =    12.94s Find the "Effective interface style" Any
    t =    13.00s Find the "Effective interface style" ScrollView
    t =    13.05s Terminate com.example.aceclientapp:4414
    t =    18.07s Setting device orientation to Portrait
    t =    18.92s     Wait for com.apple.springboard to idle
    t =    18.95s Open com.example.aceclientapp
    t =    18.95s     Launch com.example.aceclientapp
    t =    20.44s         Setting up automation session
    t =    25.68s         Wait for com.example.aceclientapp to idle
    t =    29.25s Waiting 5.0s for "Effective interface style" Any to exist
    t =    30.32s     Checking `Expect predicate `existsNoRetry == 1` for object "Effective interface style" Any`
    t =    30.32s         Checking existence of `"Effective interface style" Any`
    t =    31.51s Find the "Effective interface style" Any
    t =    31.56s Find the "Effective interface style" ScrollView
ACE_ORIENTATION_READ_STARTED {"requested":"portrait"}
    t =    31.62s Find the Target Application 'com.example.aceclientapp'
ACE_ORIENTATION_FRAME {"elapsedReadSeconds":0.11636610899586231,"frame":{"height":"874.0","width":"402.0","x":"0.0","y":"0.0"},"outcome":"match","requested":"portrait"}
ACE_SETTINGS_RESULT {"mode":"set","observed":{"boldText":false,"increaseContrast":false,"orientation":"portrait","reduceMotion":false}}
    t =    31.74s Terminate com.example.aceclientapp:4451
    t =    32.80s Tear Down
Test Case '-[ACEClientAppUITests.ACEClientAppUITests testConfigureAccessibilitySettings]' passed (35.496 seconds).
Test Suite 'ACEClientAppUITests' passed at 2026-09-16 23:01:08.443.
	 Executed 1 test, with 0 failures (0 unexpected) in 35.496 (35.506) seconds
Test Suite 'ACEClientAppUITests.xctest' passed at 2026-09-16 23:01:08.445.
	 Executed 1 test, with 0 failures (0 unexpected) in 35.496 (35.510) seconds
Test Suite 'Selected tests' passed at 2026-09-16 23:01:08.447.
	 Executed 1 test, with 0 failures (0 unexpected) in 35.496 (35.513) seconds

Test session results, code coverage, and logs:
	LOCAL_HOME/ace-private/mcx19b-orientation-repair-20260915/12-revision5-discriminating-diagnosis/arm-B/repetition-2/native-settings/iPhone 17-restore-D1/result.xcresult

** TEST EXECUTE SUCCEEDED **

Testing started
2026-09-16 23:00:19.775 xcodebuild[4372:7575114] [MT] IDERunDestination: Supported platforms for the buildables in the current scheme is empty.
2026-09-16 23:00:19.803 xcodebuild[4372:7575114] [MT] IDERunDestination: Supported platforms for the buildables in the current scheme is empty.
2026-09-16 23:00:21.051 xcodebuild[4372:7575114] [MT] IDERunDestination: Supported platforms for the buildables in the current scheme is empty.
2026-09-16 23:00:33.411 xcodebuild[4372:7575114] [MT] IDELaunchParametersSnapshot: The operation couldn’t be completed. (DebuggerLLDB.DebuggerVersionStore.StoreError error 0.)
2026-09-16 23:00:33.411 xcodebuild[4372:7575114] [MT] IDELaunchParametersSnapshot: no debugger version
2026-09-16 23:00:51.897 xcodebuild[4372:7575114] [MT] IDELaunchParametersSnapshot: The operation couldn’t be completed. (DebuggerLLDB.DebuggerVersionStore.StoreError error 0.)
2026-09-16 23:00:51.898 xcodebuild[4372:7575114] [MT] IDELaunchParametersSnapshot: no debugger version
2026-09-16 23:01:08.859 xcodebuild[4372:7575114] [MT] IDETestOperationsObserverDebug: 47.800 elapsed -- Testing started completed.
2026-09-16 23:01:08.859 xcodebuild[4372:7575114] [MT] IDETestOperationsObserverDebug: 0.000 sec, +0.000 sec -- start
2026-09-16 23:01:08.859 xcodebuild[4372:7575114] [MT] IDETestOperationsObserverDebug: 47.800 sec, +47.800 sec -- end
