Command line invocation:
    /Applications/Xcode.app/Contents/Developer/usr/bin/xcodebuild test-without-building -xctestrun "LOCAL_HOME/ace-private/mcx19b-orientation-repair-20260915/09-signin-scroll-diagnosis/native-screen-focus-v1/native-settings/iPhone 17 Pro Max-restore-post-boot/ACEClientAppUITests.xctestrun" -destination id=D1BAA05C-52DD-4E57-832F-C0A75718E085 -parallel-testing-enabled NO "-only-testing:ACEClientAppUITests/ACEClientAppUITests/testConfigureAccessibilitySettings" -resultBundlePath "LOCAL_HOME/ace-private/mcx19b-orientation-repair-20260915/09-signin-scroll-diagnosis/native-screen-focus-v1/native-settings/iPhone 17 Pro Max-restore-post-boot/result.xcresult"

Writing result bundle at path:
	LOCAL_HOME/ace-private/mcx19b-orientation-repair-20260915/09-signin-scroll-diagnosis/native-screen-focus-v1/native-settings/iPhone 17 Pro Max-restore-post-boot/result.xcresult

2026-09-15 22:05:41.153492+1000 ACEClientAppUITests-Runner[67947:5125369] [Default] Running tests...
2026-09-15 22:05:41.353870+1000 ACEClientAppUITests-Runner[67947:5125638] [General] Failed to send CA Event for app launch measurements for ca_event_type: 0 event_name: com.apple.app_launch_measurement.FirstFramePresentationMetric
2026-09-15 22:05:41.394671+1000 ACEClientAppUITests-Runner[67947:5125643] [General] Failed to send CA Event for app launch measurements for ca_event_type: 1 event_name: com.apple.app_launch_measurement.ExtendedLaunchMetrics
    t =      nans Interface orientation changed to Portrait
Test Suite 'Selected tests' started at 2026-09-15 22:05:53.668.
Test Suite 'ACEClientAppUITests.xctest' started at 2026-09-15 22:05:53.670.
Test Suite 'ACEClientAppUITests' started at 2026-09-15 22:05:53.671.
Test Case '-[ACEClientAppUITests.ACEClientAppUITests testConfigureAccessibilitySettings]' started.
    t =     0.01s Start Test at 2026-09-15 22:05:53.682
    t =     0.73s Set Up
    t =     0.75s Open com.example.aceclientapp
    t =     0.76s     Launch com.example.aceclientapp
    t =     3.42s         Setting up automation session
    t =     7.51s         Wait for com.example.aceclientapp to idle
    t =     9.93s Waiting 5.0s for "Effective interface style" Any to exist
    t =    11.00s     Checking `Expect predicate `existsNoRetry == 1` for object "Effective interface style" Any`
    t =    11.00s         Checking existence of `"Effective interface style" Any`
    t =    12.24s Find the "Effective interface style" Any
    t =    12.30s Find the "Effective interface style" ScrollView
    t =    12.37s Terminate com.example.aceclientapp:67993
    t =    13.39s Setting device orientation to Portrait
    t =    13.42s     Device orientation changed to Portrait
    t =    13.97s     Wait for com.apple.springboard to idle
    t =    14.13s Open com.example.aceclientapp
    t =    14.13s     Launch com.example.aceclientapp
    t =    14.79s         Setting up automation session
    t =    18.88s         Wait for com.example.aceclientapp to idle
    t =    21.26s Waiting 5.0s for "Effective interface style" Any to exist
    t =    22.36s     Checking `Expect predicate `existsNoRetry == 1` for object "Effective interface style" Any`
    t =    22.36s         Checking existence of `"Effective interface style" Any`
    t =    23.57s Find the "Effective interface style" Any
    t =    23.64s Find the "Effective interface style" ScrollView
ACE_ORIENTATION_READ_STARTED {"requested":"portrait"}
    t =    23.69s Find the Target Application 'com.example.aceclientapp'
ACE_ORIENTATION_FRAME {"elapsedReadSeconds":0.084234084002673626,"frame":{"height":"956.0","width":"440.0","x":"0.0","y":"0.0"},"outcome":"match","requested":"portrait"}
ACE_SETTINGS_RESULT {"mode":"set","observed":{"boldText":false,"increaseContrast":false,"orientation":"portrait","reduceMotion":false}}
    t =    23.77s Terminate com.example.aceclientapp:68019
    t =    24.79s Tear Down
Test Case '-[ACEClientAppUITests.ACEClientAppUITests testConfigureAccessibilitySettings]' passed (25.050 seconds).
Test Suite 'ACEClientAppUITests' passed at 2026-09-15 22:06:18.732.
	 Executed 1 test, with 0 failures (0 unexpected) in 25.050 (25.061) seconds
Test Suite 'ACEClientAppUITests.xctest' passed at 2026-09-15 22:06:18.735.
	 Executed 1 test, with 0 failures (0 unexpected) in 25.050 (25.065) seconds
Test Suite 'Selected tests' passed at 2026-09-15 22:06:18.738.
	 Executed 1 test, with 0 failures (0 unexpected) in 25.050 (25.071) seconds

Test session results, code coverage, and logs:
	LOCAL_HOME/ace-private/mcx19b-orientation-repair-20260915/09-signin-scroll-diagnosis/native-screen-focus-v1/native-settings/iPhone 17 Pro Max-restore-post-boot/result.xcresult

** TEST EXECUTE SUCCEEDED **

Testing started
2026-09-15 22:05:16.289 xcodebuild[67872:5123804] [MT] IDERunDestination: Supported platforms for the buildables in the current scheme is empty.
2026-09-15 22:05:16.337 xcodebuild[67872:5123804] [MT] IDERunDestination: Supported platforms for the buildables in the current scheme is empty.
2026-09-15 22:05:17.562 xcodebuild[67872:5123804] [MT] IDERunDestination: Supported platforms for the buildables in the current scheme is empty.
2026-09-15 22:05:54.554 xcodebuild[67872:5123804] [MT] IDELaunchParametersSnapshot: The operation couldn’t be completed. (DebuggerLLDB.DebuggerVersionStore.StoreError error 0.)
2026-09-15 22:05:54.554 xcodebuild[67872:5123804] [MT] IDELaunchParametersSnapshot: no debugger version
2026-09-15 22:06:07.816 xcodebuild[67872:5123804] [MT] IDELaunchParametersSnapshot: The operation couldn’t be completed. (DebuggerLLDB.DebuggerVersionStore.StoreError error 0.)
2026-09-15 22:06:07.816 xcodebuild[67872:5123804] [MT] IDELaunchParametersSnapshot: no debugger version
2026-09-15 22:06:19.119 xcodebuild[67872:5123804] [MT] IDETestOperationsObserverDebug: 61.541 elapsed -- Testing started completed.
2026-09-15 22:06:19.119 xcodebuild[67872:5123804] [MT] IDETestOperationsObserverDebug: 0.000 sec, +0.000 sec -- start
2026-09-15 22:06:19.119 xcodebuild[67872:5123804] [MT] IDETestOperationsObserverDebug: 61.541 sec, +61.541 sec -- end
