Command line invocation:
    /Applications/Xcode.app/Contents/Developer/usr/bin/xcodebuild test-without-building -xctestrun LOCAL_HOME/ace-private/mcx19b-orientation-repair-20260915/12-revision5-discriminating-diagnosis/arm-A/repetition-3/batches/001/ACEClientAppUITests.xctestrun -destination id=2EB0863C-470E-467D-A0C6-CD216DA70C67 -parallel-testing-enabled NO "-only-testing:ACEClientAppUITests/ACEClientAppUITests/testCoverageBatch" -resultBundlePath LOCAL_HOME/ace-private/mcx19b-orientation-repair-20260915/12-revision5-discriminating-diagnosis/arm-A/repetition-3/batches/001/result.xcresult

Writing result bundle at path:
	LOCAL_HOME/ace-private/mcx19b-orientation-repair-20260915/12-revision5-discriminating-diagnosis/arm-A/repetition-3/batches/001/result.xcresult

2026-09-16 22:07:20.640265+1000 ACEClientAppUITests-Runner[96322:7454751] [Default] Running tests...
    t =      nans Interface orientation changed to Portrait
Test Suite 'Selected tests' started at 2026-09-16 22:07:24.410.
Test Suite 'ACEClientAppUITests.xctest' started at 2026-09-16 22:07:24.412.
Test Suite 'ACEClientAppUITests' started at 2026-09-16 22:07:24.413.
Test Case '-[ACEClientAppUITests.ACEClientAppUITests testCoverageBatch]' started.
    t =     0.01s Start Test at 2026-09-16 22:07:24.419
    t =     0.21s Set Up
    t =     0.23s Setting device orientation to Portrait
    t =     0.33s     Device orientation changed to Portrait
    t =     0.43s     Wait for com.apple.springboard to idle
    t =     0.60s Open com.example.aceclientapp
    t =     0.60s     Launch com.example.aceclientapp
    t =     2.39s         Setting up automation session
    t =     6.68s         Wait for com.example.aceclientapp to idle
    t =     9.29s Waiting 5.0s for "Current Release" StaticText to exist
    t =    10.32s     Checking `Expect predicate `existsNoRetry == 1` for object "Current Release" StaticText`
    t =    10.32s         Checking existence of `"Current Release" StaticText`
    t =    10.59s Checking existence of `"Current Release" StaticText`
    t =    10.66s Find the "Current Release" StaticText
    t =    10.75s Find the Target Application 'com.example.aceclientapp'
ACE_ORIENTATION_READ_STARTED {"requested":"portrait"}
    t =    10.79s Find the Target Application 'com.example.aceclientapp'
ACE_ORIENTATION_FRAME {"elapsedReadSeconds":0.04788864403963089,"frame":{"height":"874.0","width":"402.0","x":"0.0","y":"0.0"},"outcome":"match","requested":"portrait"}
    t =    10.84s Waiting 5.0s for "Effective interface style" Any to exist
    t =    11.90s     Checking `Expect predicate `existsNoRetry == 1` for object "Effective interface style" Any`
    t =    11.90s         Checking existence of `"Effective interface style" Any`
    t =    13.06s Find the "Effective interface style" Any
    t =    13.14s Find the "Effective interface style" ScrollView
    t =    13.65s Added attachment named 'Coverage pilot.iPhone-17.copyConfirmation.light.large.portrait.0.0.0 viewport initial'
    t =    19.64s Waiting 5.0s for ScrollView (First Match) to exist
    t =    20.71s     Checking `Expect predicate `existsNoRetry == 1` for object ScrollView (First Match)`
    t =    20.71s         Checking existence of `ScrollView (First Match)`
    t =    20.74s Checking existence of `"Copy action 1" Button`
    t =    20.81s Find the "Copy action 1" Button
    t =    20.93s Find the ScrollView (First Match)
    t =    20.97s Checking existence of `"Copy action 1" Button`
    t =    21.05s Find the "Copy action 1" Button
    t =    21.16s Press "Effective interface style" ScrollView[0.50, 0.72] for 0.1 seconds, then drag to "Effective interface style" ScrollView[0.50, 0.28] with velocity of 500.00 pixels per second, and then hold for 0.0 seconds 
    t =    21.16s     Wait for com.example.aceclientapp to idle
    t =    21.17s     Find the "Effective interface style" ScrollView
    t =    21.21s     Check for interrupting elements affecting "Effective interface style" ScrollView
    t =    21.28s     Synthesize event
    t =    21.30s         Find the "Effective interface style" ScrollView
    t =    21.37s         Find the "Effective interface style" ScrollView
    t =    21.52s         Find the "Effective interface style" ScrollView
    t =    21.59s         Find the "Effective interface style" ScrollView
    t =    21.67s         Find the "Effective interface style" ScrollView
    t =    22.91s     Wait for com.example.aceclientapp to idle
    t =    22.98s Checking existence of `"Copy action 1" Button`
    t =    23.05s Find the "Copy action 1" Button
    t =    23.18s Find the "Copy action 1" Button
    t =    23.28s Find the "Effective interface style" ScrollView
    t =    23.37s Checking existence of `"Copy action 1" Button`
    t =    23.44s Find the "Copy action 1" Button
    t =    23.55s Find the "Copy action 1" Button
    t =    23.63s Tap "Copy action 1" Button
    t =    23.63s     Wait for com.example.aceclientapp to idle
    t =    23.64s     Find the "Copy action 1" Button
    t =    23.75s     Check for interrupting elements affecting "Copy action 1" Button
    t =    23.84s     Synthesize event
    t =    24.17s     Wait for com.example.aceclientapp to idle
    t =    24.19s Waiting 5.0s for Any (First Match) to exist
    t =    25.26s     Checking `Expect predicate `existsNoRetry == 1` for object Any (First Match)`
    t =    25.26s         Checking existence of `Any (First Match)`
    t =    25.39s Waiting 5.0s for ScrollView (First Match) to exist
    t =    26.43s     Checking `Expect predicate `existsNoRetry == 1` for object ScrollView (First Match)`
    t =    26.43s         Checking existence of `ScrollView (First Match)`
    t =    26.47s Checking existence of `Any (First Match)`
    t =    26.58s Find the Any (First Match)
    t =    26.81s Find the "Copied Action 1." StaticText
    t =    26.94s Find the ScrollView (First Match)
    t =    26.99s Checking existence of `"Copied Action 1." StaticText`
    t =    27.08s Find the "Copied Action 1." StaticText
    t =    27.32s Find the "Copied Action 1." StaticText
    t =    27.45s Find the ScrollView (First Match)
    t =    27.91s Added attachment named 'Coverage pilot.iPhone-17.copyConfirmation.light.large.portrait.0.0.0 viewport copy-confirmation'
ACE_CASE_RESULT {"auditInvocations":2,"id":"pilot.iPhone-17.copyConfirmation.light.large.portrait.0.0.0","observed":{"appearance":"light","boldText":false,"contentSize":"large","increaseContrast":false,"orientation":"portrait","reduceMotion":false},"result":"passed","scenario":"copyConfirmation","screenshots":["Coverage pilot.iPhone-17.copyConfirmation.light.large.portrait.0.0.0 viewport initial","Coverage pilot.iPhone-17.copyConfirmation.light.large.portrait.0.0.0 viewport copy-confirmation"]}
    t =    32.27s Terminate com.example.aceclientapp:96340
    t =    33.33s Tear Down
Test Case '-[ACEClientAppUITests.ACEClientAppUITests testCoverageBatch]' passed (34.060 seconds).
Test Suite 'ACEClientAppUITests' passed at 2026-09-16 22:07:58.478.
	 Executed 1 test, with 0 failures (0 unexpected) in 34.060 (34.066) seconds
Test Suite 'ACEClientAppUITests.xctest' passed at 2026-09-16 22:07:58.480.
	 Executed 1 test, with 0 failures (0 unexpected) in 34.060 (34.069) seconds
Test Suite 'Selected tests' passed at 2026-09-16 22:07:58.483.
	 Executed 1 test, with 0 failures (0 unexpected) in 34.060 (34.073) seconds

Test session results, code coverage, and logs:
	LOCAL_HOME/ace-private/mcx19b-orientation-repair-20260915/12-revision5-discriminating-diagnosis/arm-A/repetition-3/batches/001/result.xcresult

** TEST EXECUTE SUCCEEDED **

Testing started
2026-09-16 22:07:10.312 xcodebuild[96298:7454072] [MT] IDERunDestination: Supported platforms for the buildables in the current scheme is empty.
2026-09-16 22:07:10.336 xcodebuild[96298:7454072] [MT] IDERunDestination: Supported platforms for the buildables in the current scheme is empty.
2026-09-16 22:07:11.425 xcodebuild[96298:7454072] [MT] IDERunDestination: Supported platforms for the buildables in the current scheme is empty.
2026-09-16 22:07:25.188 xcodebuild[96298:7454072] [MT] IDELaunchParametersSnapshot: The operation couldn’t be completed. (DebuggerLLDB.DebuggerVersionStore.StoreError error 0.)
2026-09-16 22:07:25.188 xcodebuild[96298:7454072] [MT] IDELaunchParametersSnapshot: no debugger version
2026-09-16 22:07:58.888 xcodebuild[96298:7454072] [MT] IDETestOperationsObserverDebug: 47.457 elapsed -- Testing started completed.
2026-09-16 22:07:58.888 xcodebuild[96298:7454072] [MT] IDETestOperationsObserverDebug: 0.000 sec, +0.000 sec -- start
2026-09-16 22:07:58.889 xcodebuild[96298:7454072] [MT] IDETestOperationsObserverDebug: 47.457 sec, +47.457 sec -- end
