Command line invocation:
    /Applications/Xcode.app/Contents/Developer/usr/bin/xcodebuild test-without-building -xctestrun LOCAL_HOME/ace-private/mcx19b-implementation-20260914/fixture-parity-integration-2/native-settings/before/ACEClientAppUITests.xctestrun -destination id=D1BAA05C-52DD-4E57-832F-C0A75718E085 -parallel-testing-enabled NO "-only-testing:ACEClientAppUITests/ACEClientAppUITests/testConfigureAccessibilitySettings" -resultBundlePath LOCAL_HOME/ace-private/mcx19b-implementation-20260914/fixture-parity-integration-2/native-settings/before/result.xcresult

Writing result bundle at path:
	LOCAL_HOME/ace-private/mcx19b-implementation-20260914/fixture-parity-integration-2/native-settings/before/result.xcresult

2026-09-14 19:47:33.400045+1000 ACEClientAppUITests-Runner[75576:2003873] [Default] Running tests...
    t =      nans Interface orientation changed to Portrait
Test Suite 'Selected tests' started at 2026-09-14 19:47:38.840.
Test Suite 'ACEClientAppUITests.xctest' started at 2026-09-14 19:47:38.842.
Test Suite 'ACEClientAppUITests' started at 2026-09-14 19:47:38.843.
Test Case '-[ACEClientAppUITests.ACEClientAppUITests testConfigureAccessibilitySettings]' started.
    t =     0.01s Start Test at 2026-09-14 19:47:38.858
    t =     0.21s Set Up
    t =     0.24s Open com.example.aceclientapp
    t =     0.25s     Launch com.example.aceclientapp
    t =     3.23s         Setting up automation session
    t =     9.11s         Wait for com.example.aceclientapp to idle
    t =    11.93s Waiting 5.0s for "Effective interface style" StaticText to exist
    t =    13.00s     Checking `Expect predicate `existsNoRetry == 1` for object "Effective interface style" StaticText`
    t =    13.00s         Checking existence of `"Effective interface style" StaticText`
    t =    14.55s Find the "Effective interface style" StaticText
    t =    14.75s Find the "Effective interface style" StaticText
    t =    14.94s Terminate com.example.aceclientapp:75600
    t =    16.01s Open com.example.aceclientapp
    t =    16.01s     Launch com.example.aceclientapp
    t =    16.87s         Setting up automation session
    t =    21.73s         Wait for com.example.aceclientapp to idle
    t =    24.66s Waiting 5.0s for "Effective interface style" StaticText to exist
    t =    25.67s     Checking `Expect predicate `existsNoRetry == 1` for object "Effective interface style" StaticText`
    t =    25.67s         Checking existence of `"Effective interface style" StaticText`
    t =    27.24s Find the "Effective interface style" StaticText
    t =    27.46s Find the "Effective interface style" StaticText
ACE_SETTINGS_RESULT {"mode":"read","observed":{"boldText":false,"increaseContrast":false,"orientation":"portrait","reduceMotion":false}}
    t =    27.64s Terminate com.example.aceclientapp:75634
    t =    28.70s Tear Down
Test Case '-[ACEClientAppUITests.ACEClientAppUITests testConfigureAccessibilitySettings]' passed (28.780 seconds).
Test Suite 'ACEClientAppUITests' passed at 2026-09-14 19:48:07.638.
	 Executed 1 test, with 0 failures (0 unexpected) in 28.780 (28.796) seconds
Test Suite 'ACEClientAppUITests.xctest' passed at 2026-09-14 19:48:07.641.
	 Executed 1 test, with 0 failures (0 unexpected) in 28.780 (28.799) seconds
Test Suite 'Selected tests' passed at 2026-09-14 19:48:07.643.
	 Executed 1 test, with 0 failures (0 unexpected) in 28.780 (28.803) seconds

Test session results, code coverage, and logs:
	LOCAL_HOME/ace-private/mcx19b-implementation-20260914/fixture-parity-integration-2/native-settings/before/result.xcresult

** TEST EXECUTE SUCCEEDED **

Testing started
2026-09-14 19:47:24.510 xcodebuild[75556:2003343] [MT] IDERunDestination: Supported platforms for the buildables in the current scheme is empty.
2026-09-14 19:47:24.553 xcodebuild[75556:2003343] [MT] IDERunDestination: Supported platforms for the buildables in the current scheme is empty.
2026-09-14 19:47:25.958 xcodebuild[75556:2003343] [MT] IDERunDestination: Supported platforms for the buildables in the current scheme is empty.
2026-09-14 19:47:39.330 xcodebuild[75556:2003343] [MT] IDELaunchParametersSnapshot: The operation couldn’t be completed. (DebuggerLLDB.DebuggerVersionStore.StoreError error 0.)
2026-09-14 19:47:39.330 xcodebuild[75556:2003343] [MT] IDELaunchParametersSnapshot: no debugger version
2026-09-14 19:47:54.862 xcodebuild[75556:2003343] [MT] IDELaunchParametersSnapshot: The operation couldn’t be completed. (DebuggerLLDB.DebuggerVersionStore.StoreError error 0.)
2026-09-14 19:47:54.862 xcodebuild[75556:2003343] [MT] IDELaunchParametersSnapshot: no debugger version
2026-09-14 19:48:08.054 xcodebuild[75556:2003343] [MT] IDETestOperationsObserverDebug: 42.086 elapsed -- Testing started completed.
2026-09-14 19:48:08.054 xcodebuild[75556:2003343] [MT] IDETestOperationsObserverDebug: 0.000 sec, +0.000 sec -- start
2026-09-14 19:48:08.054 xcodebuild[75556:2003343] [MT] IDETestOperationsObserverDebug: 42.086 sec, +42.086 sec -- end
