Command line invocation:
    /Applications/Xcode.app/Contents/Developer/usr/bin/xcodebuild test-without-building -xctestrun "LOCAL_HOME/ace-private/mcx19b-orientation-repair-20260915/06-shutdown-native-gate/positive/native-settings/iPhone 17-restore-batch/ACEClientAppUITests.xctestrun" -destination id=2EB0863C-470E-467D-A0C6-CD216DA70C67 -parallel-testing-enabled NO "-only-testing:ACEClientAppUITests/ACEClientAppUITests/testConfigureAccessibilitySettings" -resultBundlePath "LOCAL_HOME/ace-private/mcx19b-orientation-repair-20260915/06-shutdown-native-gate/positive/native-settings/iPhone 17-restore-batch/result.xcresult"

Writing result bundle at path:
	LOCAL_HOME/ace-private/mcx19b-orientation-repair-20260915/06-shutdown-native-gate/positive/native-settings/iPhone 17-restore-batch/result.xcresult

2026-09-15 18:48:15.697348+1000 ACEClientAppUITests-Runner[41097:4612431] [Default] Running tests...
    t =      nans Interface orientation changed to Portrait
Test Suite 'Selected tests' started at 2026-09-15 18:48:18.786.
Test Suite 'ACEClientAppUITests.xctest' started at 2026-09-15 18:48:18.787.
Test Suite 'ACEClientAppUITests' started at 2026-09-15 18:48:18.788.
Test Case '-[ACEClientAppUITests.ACEClientAppUITests testConfigureAccessibilitySettings]' started.
    t =     0.02s Start Test at 2026-09-15 18:48:18.805
    t =     0.19s Set Up
    t =     0.22s Open com.example.aceclientapp
    t =     0.22s     Launch com.example.aceclientapp
    t =     2.05s         Setting up automation session
    t =     5.93s         Wait for com.example.aceclientapp to idle
    t =     8.58s Waiting 5.0s for "Effective interface style" Any to exist
    t =     9.67s     Checking `Expect predicate `existsNoRetry == 1` for object "Effective interface style" Any`
    t =     9.67s         Checking existence of `"Effective interface style" Any`
    t =    10.88s Find the "Effective interface style" Any
    t =    10.95s Find the "Effective interface style" ScrollView
    t =    11.00s Terminate com.example.aceclientapp:41113
    t =    12.06s Setting device orientation to Portrait
    t =    12.25s     Wait for com.apple.springboard to idle
    t =    12.33s Open com.example.aceclientapp
    t =    12.34s     Launch com.example.aceclientapp
    t =    13.20s         Setting up automation session
    t =    16.95s         Wait for com.example.aceclientapp to idle
    t =    19.52s Waiting 5.0s for "Effective interface style" Any to exist
    t =    20.60s     Checking `Expect predicate `existsNoRetry == 1` for object "Effective interface style" Any`
    t =    20.60s         Checking existence of `"Effective interface style" Any`
    t =    21.87s Find the "Effective interface style" Any
    t =    21.93s Find the "Effective interface style" ScrollView
ACE_ORIENTATION_READ_STARTED {"requested":"portrait"}
    t =    21.98s Find the Target Application 'com.example.aceclientapp'
ACE_ORIENTATION_FRAME {"elapsedReadSeconds":0.084159112011548132,"frame":{"height":"874.0","width":"402.0","x":"0.0","y":"0.0"},"outcome":"match","requested":"portrait"}
ACE_SETTINGS_RESULT {"mode":"set","observed":{"boldText":false,"increaseContrast":false,"orientation":"portrait","reduceMotion":false}}
    t =    22.06s Terminate com.example.aceclientapp:41125
    t =    23.07s Tear Down
Test Case '-[ACEClientAppUITests.ACEClientAppUITests testConfigureAccessibilitySettings]' passed (23.350 seconds).
Test Suite 'ACEClientAppUITests' passed at 2026-09-15 18:48:42.148.
	 Executed 1 test, with 0 failures (0 unexpected) in 23.350 (23.359) seconds
Test Suite 'ACEClientAppUITests.xctest' passed at 2026-09-15 18:48:42.150.
	 Executed 1 test, with 0 failures (0 unexpected) in 23.350 (23.363) seconds
Test Suite 'Selected tests' passed at 2026-09-15 18:48:42.152.
	 Executed 1 test, with 0 failures (0 unexpected) in 23.350 (23.367) seconds

Test session results, code coverage, and logs:
	LOCAL_HOME/ace-private/mcx19b-orientation-repair-20260915/06-shutdown-native-gate/positive/native-settings/iPhone 17-restore-batch/result.xcresult

** TEST EXECUTE SUCCEEDED **

Testing started
2026-09-15 18:48:07.489 xcodebuild[41069:4611942] [MT] IDERunDestination: Supported platforms for the buildables in the current scheme is empty.
2026-09-15 18:48:07.507 xcodebuild[41069:4611942] [MT] IDERunDestination: Supported platforms for the buildables in the current scheme is empty.
2026-09-15 18:48:08.422 xcodebuild[41069:4611942] [MT] IDERunDestination: Supported platforms for the buildables in the current scheme is empty.
2026-09-15 18:48:19.195 xcodebuild[41069:4611942] [MT] IDELaunchParametersSnapshot: The operation couldn’t be completed. (DebuggerLLDB.DebuggerVersionStore.StoreError error 0.)
2026-09-15 18:48:19.195 xcodebuild[41069:4611942] [MT] IDELaunchParametersSnapshot: no debugger version
2026-09-15 18:48:31.131 xcodebuild[41069:4611942] [MT] IDELaunchParametersSnapshot: The operation couldn’t be completed. (DebuggerLLDB.DebuggerVersionStore.StoreError error 0.)
2026-09-15 18:48:31.131 xcodebuild[41069:4611942] [MT] IDELaunchParametersSnapshot: no debugger version
2026-09-15 18:48:42.517 xcodebuild[41069:4611942] [MT] IDETestOperationsObserverDebug: 34.089 elapsed -- Testing started completed.
2026-09-15 18:48:42.517 xcodebuild[41069:4611942] [MT] IDETestOperationsObserverDebug: 0.000 sec, +0.000 sec -- start
2026-09-15 18:48:42.517 xcodebuild[41069:4611942] [MT] IDETestOperationsObserverDebug: 34.089 sec, +34.089 sec -- end
