Command line invocation:
    /Applications/Xcode.app/Contents/Developer/usr/bin/xcodebuild test-without-building -xctestrun "LOCAL_HOME/ace-private/mcx19b-orientation-repair-20260915/12-revision5-discriminating-diagnosis/arm-A/repetition-5/native-settings/iPhone 17-restore-D1/ACEClientAppUITests.xctestrun" -destination id=2EB0863C-470E-467D-A0C6-CD216DA70C67 -parallel-testing-enabled NO "-only-testing:ACEClientAppUITests/ACEClientAppUITests/testConfigureAccessibilitySettings" -resultBundlePath "LOCAL_HOME/ace-private/mcx19b-orientation-repair-20260915/12-revision5-discriminating-diagnosis/arm-A/repetition-5/native-settings/iPhone 17-restore-D1/result.xcresult"

Writing result bundle at path:
	LOCAL_HOME/ace-private/mcx19b-orientation-repair-20260915/12-revision5-discriminating-diagnosis/arm-A/repetition-5/native-settings/iPhone 17-restore-D1/result.xcresult

2026-09-16 22:26:20.719105+1000 ACEClientAppUITests-Runner[99194:7504163] [Default] Running tests...
    t =      nans Interface orientation changed to Portrait
Test Suite 'Selected tests' started at 2026-09-16 22:26:26.223.
Test Suite 'ACEClientAppUITests.xctest' started at 2026-09-16 22:26:26.225.
Test Suite 'ACEClientAppUITests' started at 2026-09-16 22:26:26.226.
Test Case '-[ACEClientAppUITests.ACEClientAppUITests testConfigureAccessibilitySettings]' started.
    t =     0.01s Start Test at 2026-09-16 22:26:26.233
    t =     0.20s Set Up
    t =     0.24s Open com.example.aceclientapp
    t =     0.24s     Launch com.example.aceclientapp
    t =     2.44s         Setting up automation session
    t =     7.70s         Wait for com.example.aceclientapp to idle
    t =    10.88s Waiting 5.0s for "Effective interface style" Any to exist
    t =    11.88s     Checking `Expect predicate `existsNoRetry == 1` for object "Effective interface style" Any`
    t =    11.88s         Checking existence of `"Effective interface style" Any`
    t =    13.19s Find the "Effective interface style" Any
    t =    13.27s Find the "Effective interface style" ScrollView
    t =    13.32s Terminate com.example.aceclientapp:99216
    t =    14.41s Setting device orientation to Portrait
    t =    14.44s     Wait for com.apple.springboard to idle
    t =    14.46s Open com.example.aceclientapp
    t =    14.47s     Launch com.example.aceclientapp
    t =    15.36s         Setting up automation session
    t =    20.67s         Wait for com.example.aceclientapp to idle
    t =    23.61s Waiting 5.0s for "Effective interface style" Any to exist
    t =    24.67s     Checking `Expect predicate `existsNoRetry == 1` for object "Effective interface style" Any`
    t =    24.67s         Checking existence of `"Effective interface style" Any`
    t =    25.95s Find the "Effective interface style" Any
    t =    26.04s Find the "Effective interface style" ScrollView
ACE_ORIENTATION_READ_STARTED {"requested":"portrait"}
    t =    26.09s Find the Target Application 'com.example.aceclientapp'
ACE_ORIENTATION_FRAME {"elapsedReadSeconds":0.09151754598133266,"frame":{"height":"874.0","width":"402.0","x":"0.0","y":"0.0"},"outcome":"match","requested":"portrait"}
ACE_SETTINGS_RESULT {"mode":"set","observed":{"boldText":false,"increaseContrast":false,"orientation":"portrait","reduceMotion":false}}
    t =    26.18s Terminate com.example.aceclientapp:99240
    t =    27.19s Tear Down
Test Case '-[ACEClientAppUITests.ACEClientAppUITests testConfigureAccessibilitySettings]' passed (27.789 seconds).
Test Suite 'ACEClientAppUITests' passed at 2026-09-16 22:26:54.022.
	 Executed 1 test, with 0 failures (0 unexpected) in 27.789 (27.796) seconds
Test Suite 'ACEClientAppUITests.xctest' passed at 2026-09-16 22:26:54.024.
	 Executed 1 test, with 0 failures (0 unexpected) in 27.789 (27.799) seconds
Test Suite 'Selected tests' passed at 2026-09-16 22:26:54.026.
	 Executed 1 test, with 0 failures (0 unexpected) in 27.789 (27.803) seconds

Test session results, code coverage, and logs:
	LOCAL_HOME/ace-private/mcx19b-orientation-repair-20260915/12-revision5-discriminating-diagnosis/arm-A/repetition-5/native-settings/iPhone 17-restore-D1/result.xcresult

** TEST EXECUTE SUCCEEDED **

Testing started
2026-09-16 22:26:12.034 xcodebuild[99153:7503515] [MT] IDERunDestination: Supported platforms for the buildables in the current scheme is empty.
2026-09-16 22:26:12.058 xcodebuild[99153:7503515] [MT] IDERunDestination: Supported platforms for the buildables in the current scheme is empty.
2026-09-16 22:26:13.462 xcodebuild[99153:7503515] [MT] IDERunDestination: Supported platforms for the buildables in the current scheme is empty.
2026-09-16 22:26:26.686 xcodebuild[99153:7503515] [MT] IDELaunchParametersSnapshot: The operation couldn’t be completed. (DebuggerLLDB.DebuggerVersionStore.StoreError error 0.)
2026-09-16 22:26:26.686 xcodebuild[99153:7503515] [MT] IDELaunchParametersSnapshot: no debugger version
2026-09-16 22:26:40.697 xcodebuild[99153:7503515] [MT] IDELaunchParametersSnapshot: The operation couldn’t be completed. (DebuggerLLDB.DebuggerVersionStore.StoreError error 0.)
2026-09-16 22:26:40.697 xcodebuild[99153:7503515] [MT] IDELaunchParametersSnapshot: no debugger version
2026-09-16 22:26:54.410 xcodebuild[99153:7503515] [MT] IDETestOperationsObserverDebug: 40.938 elapsed -- Testing started completed.
2026-09-16 22:26:54.410 xcodebuild[99153:7503515] [MT] IDETestOperationsObserverDebug: 0.000 sec, +0.000 sec -- start
2026-09-16 22:26:54.410 xcodebuild[99153:7503515] [MT] IDETestOperationsObserverDebug: 40.938 sec, +40.938 sec -- end
