Command line invocation:
    /Applications/Xcode.app/Contents/Developer/usr/bin/xcodebuild test-without-building -xctestrun "LOCAL_HOME/ace-private/mcx19b-orientation-repair-20260915/06-shutdown-native-gate/negative/native-settings/iPhone 17-restore-failure/ACEClientAppUITests.xctestrun" -destination id=2EB0863C-470E-467D-A0C6-CD216DA70C67 -parallel-testing-enabled NO "-only-testing:ACEClientAppUITests/ACEClientAppUITests/testConfigureAccessibilitySettings" -resultBundlePath "LOCAL_HOME/ace-private/mcx19b-orientation-repair-20260915/06-shutdown-native-gate/negative/native-settings/iPhone 17-restore-failure/result.xcresult"

Writing result bundle at path:
	LOCAL_HOME/ace-private/mcx19b-orientation-repair-20260915/06-shutdown-native-gate/negative/native-settings/iPhone 17-restore-failure/result.xcresult

2026-09-15 18:39:16.404448+1000 ACEClientAppUITests-Runner[39642:4584318] [Default] Running tests...
    t =      nans Interface orientation changed to Portrait
Test Suite 'Selected tests' started at 2026-09-15 18:39:19.666.
Test Suite 'ACEClientAppUITests.xctest' started at 2026-09-15 18:39:19.668.
Test Suite 'ACEClientAppUITests' started at 2026-09-15 18:39:19.670.
Test Case '-[ACEClientAppUITests.ACEClientAppUITests testConfigureAccessibilitySettings]' started.
    t =     0.01s Start Test at 2026-09-15 18:39:19.676
    t =     0.21s Set Up
    t =     0.24s Open com.example.aceclientapp
    t =     0.24s     Launch com.example.aceclientapp
    t =     2.06s         Setting up automation session
    t =     5.86s         Wait for com.example.aceclientapp to idle
    t =     8.35s Waiting 5.0s for "Effective interface style" Any to exist
    t =     9.43s     Checking `Expect predicate `existsNoRetry == 1` for object "Effective interface style" Any`
    t =     9.43s         Checking existence of `"Effective interface style" Any`
    t =    10.72s Find the "Effective interface style" Any
    t =    10.78s Find the "Effective interface style" ScrollView
    t =    10.83s Terminate com.example.aceclientapp:39659
    t =    11.87s Setting device orientation to Portrait
    t =    11.94s     Wait for com.apple.springboard to idle
    t =    11.96s Open com.example.aceclientapp
    t =    11.96s     Launch com.example.aceclientapp
    t =    12.61s         Setting up automation session
    t =    16.55s         Wait for com.example.aceclientapp to idle
    t =    18.99s Waiting 5.0s for "Effective interface style" Any to exist
    t =    20.07s     Checking `Expect predicate `existsNoRetry == 1` for object "Effective interface style" Any`
    t =    20.07s         Checking existence of `"Effective interface style" Any`
    t =    21.42s Find the "Effective interface style" Any
    t =    21.48s Find the "Effective interface style" ScrollView
ACE_ORIENTATION_READ_STARTED {"requested":"portrait"}
    t =    21.54s Find the Target Application 'com.example.aceclientapp'
ACE_ORIENTATION_FRAME {"elapsedReadSeconds":0.077316843991866335,"frame":{"height":"874.0","width":"402.0","x":"0.0","y":"0.0"},"outcome":"match","requested":"portrait"}
ACE_SETTINGS_RESULT {"mode":"set","observed":{"boldText":false,"increaseContrast":false,"orientation":"portrait","reduceMotion":false}}
    t =    21.62s Terminate com.example.aceclientapp:39672
    t =    22.69s Tear Down
Test Case '-[ACEClientAppUITests.ACEClientAppUITests testConfigureAccessibilitySettings]' passed (22.920 seconds).
Test Suite 'ACEClientAppUITests' passed at 2026-09-15 18:39:42.598.
	 Executed 1 test, with 0 failures (0 unexpected) in 22.920 (22.928) seconds
Test Suite 'ACEClientAppUITests.xctest' passed at 2026-09-15 18:39:42.600.
	 Executed 1 test, with 0 failures (0 unexpected) in 22.920 (22.931) seconds
Test Suite 'Selected tests' passed at 2026-09-15 18:39:42.602.
	 Executed 1 test, with 0 failures (0 unexpected) in 22.920 (22.936) seconds

Test session results, code coverage, and logs:
	LOCAL_HOME/ace-private/mcx19b-orientation-repair-20260915/06-shutdown-native-gate/negative/native-settings/iPhone 17-restore-failure/result.xcresult

** TEST EXECUTE SUCCEEDED **

Testing started
2026-09-15 18:39:10.338 xcodebuild[39629:4583781] [MT] IDERunDestination: Supported platforms for the buildables in the current scheme is empty.
2026-09-15 18:39:10.361 xcodebuild[39629:4583781] [MT] IDERunDestination: Supported platforms for the buildables in the current scheme is empty.
2026-09-15 18:39:11.170 xcodebuild[39629:4583781] [MT] IDERunDestination: Supported platforms for the buildables in the current scheme is empty.
2026-09-15 18:39:20.091 xcodebuild[39629:4583781] [MT] IDELaunchParametersSnapshot: The operation couldn’t be completed. (DebuggerLLDB.DebuggerVersionStore.StoreError error 0.)
2026-09-15 18:39:20.091 xcodebuild[39629:4583781] [MT] IDELaunchParametersSnapshot: no debugger version
2026-09-15 18:39:31.633 xcodebuild[39629:4583781] [MT] IDELaunchParametersSnapshot: The operation couldn’t be completed. (DebuggerLLDB.DebuggerVersionStore.StoreError error 0.)
2026-09-15 18:39:31.633 xcodebuild[39629:4583781] [MT] IDELaunchParametersSnapshot: no debugger version
2026-09-15 18:39:42.967 xcodebuild[39629:4583781] [MT] IDETestOperationsObserverDebug: 31.784 elapsed -- Testing started completed.
2026-09-15 18:39:42.967 xcodebuild[39629:4583781] [MT] IDETestOperationsObserverDebug: 0.000 sec, +0.000 sec -- start
2026-09-15 18:39:42.967 xcodebuild[39629:4583781] [MT] IDETestOperationsObserverDebug: 31.784 sec, +31.784 sec -- end
