Command line invocation:
    /Applications/Xcode.app/Contents/Developer/usr/bin/xcodebuild test-without-building -xctestrun LOCAL_HOME/ace-private/mcx19b-implementation-20260914/pilot-preparation-20260915/settings-navigation-fix/native-settings/002-enable/ACEClientAppUITests.xctestrun -destination id=2EB0863C-470E-467D-A0C6-CD216DA70C67 -parallel-testing-enabled NO "-only-testing:ACEClientAppUITests/ACEClientAppUITests/testConfigureAccessibilitySettings" -resultBundlePath LOCAL_HOME/ace-private/mcx19b-implementation-20260914/pilot-preparation-20260915/settings-navigation-fix/native-settings/002-enable/result.xcresult

Writing result bundle at path:
	LOCAL_HOME/ace-private/mcx19b-implementation-20260914/pilot-preparation-20260915/settings-navigation-fix/native-settings/002-enable/result.xcresult

2026-09-15 12:45:35.197279+1000 ACEClientAppUITests-Runner[1530:3805278] [Default] Running tests...
    t =      nans Interface orientation changed to Portrait
Test Suite 'Selected tests' started at 2026-09-15 12:45:42.335.
Test Suite 'ACEClientAppUITests.xctest' started at 2026-09-15 12:45:42.340.
Test Suite 'ACEClientAppUITests' started at 2026-09-15 12:45:42.341.
Test Case '-[ACEClientAppUITests.ACEClientAppUITests testConfigureAccessibilitySettings]' started.
    t =     0.01s Start Test at 2026-09-15 12:45:42.351
    t =     0.43s Set Up
    t =     0.46s Open com.example.aceclientapp
    t =     0.47s     Launch com.example.aceclientapp
    t =     3.23s         Setting up automation session
    t =     9.77s         Wait for com.example.aceclientapp to idle
    t =    12.65s Waiting 5.0s for "Effective interface style" Any to exist
    t =    13.72s     Checking `Expect predicate `existsNoRetry == 1` for object "Effective interface style" Any`
    t =    13.73s         Checking existence of `"Effective interface style" Any`
    t =    14.93s Find the "Effective interface style" Any
    t =    15.06s Find the "Effective interface style" ScrollView
    t =    15.13s Terminate com.example.aceclientapp:1563
    t =    16.18s Open com.apple.Preferences
    t =    16.19s     Activate com.apple.Preferences
    t =    17.06s         Wait for com.apple.Preferences to idle
    t =    17.97s Wait for com.apple.Preferences to become Running Foreground
    t =    17.98s Checking existence of `"Settings" NavigationBar`
    t =    18.33s Checking existence of `Button (First Match)`
    t =    18.43s Find the Button (First Match)
    t =    18.71s Tap "BackButton" Button
    t =    18.71s     Wait for com.apple.Preferences to idle
    t =    18.73s     Find the "BackButton" Button
    t =    18.85s     Check for interrupting elements affecting "BackButton" Button
    t =    19.06s     Synthesize event
    t =    19.47s     Wait for com.apple.Preferences to idle
    t =    20.47s Checking existence of `"Settings" NavigationBar`
    t =    21.07s Checking existence of `Button (First Match)`
    t =    21.16s Find the Button (First Match)
    t =    21.43s Tap "BackButton" Button
    t =    21.43s     Wait for com.apple.Preferences to idle
    t =    21.44s     Find the "BackButton" Button
    t =    21.57s     Check for interrupting elements affecting "BackButton" Button
    t =    21.95s     Synthesize event
    t =    22.35s     Wait for com.apple.Preferences to idle
    t =    24.38s Checking existence of `"Settings" NavigationBar`
    t =    24.82s Checking existence of `"Accessibility" Cell`
    t =    25.39s Checking existence of `Cell (First Match)`
    t =    25.65s Find the Cell (First Match)
    t =    26.10s Tap Cell at {{16.0, 432.3}, {370.0, 52.0}}
    t =    26.10s     Wait for com.apple.Preferences to idle
    t =    26.11s     Find the Cell at {{16.0, 432.3}, {370.0, 52.0}}
    t =    26.37s     Check for interrupting elements affecting Cell
    t =    26.66s     Synthesize event
    t =    27.03s     Wait for com.apple.Preferences to idle
    t =    27.79s Waiting 5.0s for "Accessibility" NavigationBar to exist
    t =    28.88s     Checking `Expect predicate `existsNoRetry == 1` for object "Accessibility" NavigationBar`
    t =    28.88s         Checking existence of `"Accessibility" NavigationBar`
ACE_NATIVE_SETTINGS_NAVIGATION Accessibility destinationOpened=true
    t =    29.44s Checking existence of `"Display & Text Size" Cell`
    t =    30.00s Find the "Display & Text Size" Cell
    t =    30.51s Tap "DISPLAY_AND_TEXT" Cell
    t =    30.51s     Wait for com.apple.Preferences to idle
    t =    30.53s     Find the "DISPLAY_AND_TEXT" Cell
    t =    30.92s     Check for interrupting elements affecting "DISPLAY_AND_TEXT" Cell
    t =    31.27s     Synthesize event
    t =    31.64s     Wait for com.apple.Preferences to idle
    t =    32.39s Waiting 5.0s for "Display & Text Size" NavigationBar to exist
    t =    33.41s     Checking `Expect predicate `existsNoRetry == 1` for object "Display & Text Size" NavigationBar`
    t =    33.42s         Checking existence of `"Display & Text Size" NavigationBar`
ACE_NATIVE_SETTINGS_NAVIGATION Display & Text Size destinationOpened=true
    t =    33.83s Waiting 5.0s for "Bold Text" Switch to exist
    t =    34.92s     Checking `Expect predicate `existsNoRetry == 1` for object "Bold Text" Switch`
    t =    34.92s         Checking existence of `"Bold Text" Switch`
    t =    35.20s Find the "Bold Text" Switch
    t =    35.49s Find the "ENHANCE_TEXT_LEGIBILITY" Switch
ACE_NATIVE_SWITCH Bold Text before=false expected=true frame=(36.0, 146.3333282470703, 330.0, 28.0)
    t =    35.84s Tap "ENHANCE_TEXT_LEGIBILITY" Switch[0.90, 0.50]
    t =    35.84s     Wait for com.apple.Preferences to idle
    t =    35.86s     Find the "ENHANCE_TEXT_LEGIBILITY" Switch
    t =    36.17s     Check for interrupting elements affecting "ENHANCE_TEXT_LEGIBILITY" Switch
    t =    36.45s     Synthesize event
    t =    36.45s         Find the "ENHANCE_TEXT_LEGIBILITY" Switch
    t =    36.78s         Find the "ENHANCE_TEXT_LEGIBILITY" Switch
    t =    37.14s         Find the "ENHANCE_TEXT_LEGIBILITY" Switch
    t =    37.74s     Wait for com.apple.Preferences to idle
    t =    40.49s Find the "ENHANCE_TEXT_LEGIBILITY" Switch
    t =    40.89s Find the "Bold Text" Switch
ACE_NATIVE_SWITCH_RESULT Bold Text wait=1 seconds=1.7813856659922749 expected=true actual=Optional(true)
    t =    41.19s Checking existence of `"Settings" NavigationBar`
    t =    41.47s Checking existence of `Button (First Match)`
    t =    41.63s Find the Button (First Match)
    t =    41.90s Tap "BackButton" Button
    t =    41.90s     Wait for com.apple.Preferences to idle
    t =    41.92s     Find the "BackButton" Button
    t =    42.04s     Check for interrupting elements affecting "BackButton" Button
    t =    42.31s     Synthesize event
    t =    42.71s     Wait for com.apple.Preferences to idle
    t =    43.79s Checking existence of `"Settings" NavigationBar`
    t =    44.70s Checking existence of `Button (First Match)`
    t =    44.84s Find the Button (First Match)
    t =    45.26s Tap "BackButton" Button
    t =    45.26s     Wait for com.apple.Preferences to idle
    t =    45.28s     Find the "BackButton" Button
    t =    45.43s     Check for interrupting elements affecting "BackButton" Button
    t =    45.78s     Synthesize event
    t =    46.21s     Wait for com.apple.Preferences to idle
    t =    48.13s Checking existence of `"Settings" NavigationBar`
    t =    48.51s Checking existence of `"Accessibility" Cell`
    t =    48.88s Checking existence of `Cell (First Match)`
    t =    49.13s Find the Cell (First Match)
    t =    49.47s Tap Cell at {{16.0, 432.3}, {370.0, 52.0}}
    t =    49.47s     Wait for com.apple.Preferences to idle
    t =    49.49s     Find the Cell at {{16.0, 432.3}, {370.0, 52.0}}
    t =    49.73s     Check for interrupting elements affecting Cell
    t =    50.04s     Synthesize event
    t =    50.41s     Wait for com.apple.Preferences to idle
    t =    51.01s Waiting 5.0s for "Accessibility" NavigationBar to exist
    t =    52.06s     Checking `Expect predicate `existsNoRetry == 1` for object "Accessibility" NavigationBar`
    t =    52.06s         Checking existence of `"Accessibility" NavigationBar`
ACE_NATIVE_SETTINGS_NAVIGATION Accessibility destinationOpened=true
    t =    52.68s Checking existence of `"Motion" Cell`
    t =    53.18s Find the "Motion" Cell
    t =    53.63s Tap "MOTION_TITLE" Cell
    t =    53.63s     Wait for com.apple.Preferences to idle
    t =    53.65s     Find the "MOTION_TITLE" Cell
    t =    54.15s     Check for interrupting elements affecting "MOTION_TITLE" Cell
    t =    54.50s     Synthesize event
    t =    54.87s     Wait for com.apple.Preferences to idle
    t =    55.31s Waiting 5.0s for "Motion" NavigationBar to exist
    t =    56.38s     Checking `Expect predicate `existsNoRetry == 1` for object "Motion" NavigationBar`
    t =    56.38s         Checking existence of `"Motion" NavigationBar`
ACE_NATIVE_SETTINGS_NAVIGATION Motion destinationOpened=true
    t =    56.67s Waiting 5.0s for "Reduce Motion" Switch to exist
    t =    57.77s     Checking `Expect predicate `existsNoRetry == 1` for object "Reduce Motion" Switch`
    t =    57.77s         Checking existence of `"Reduce Motion" Switch`
    t =    57.96s Find the "Reduce Motion" Switch
    t =    58.16s Find the "REDUCE_MOTION" Switch
ACE_NATIVE_SWITCH Reduce Motion before=false expected=true frame=(36.0, 146.3333282470703, 330.0, 28.0)
    t =    58.39s Tap "REDUCE_MOTION" Switch[0.90, 0.50]
    t =    58.40s     Wait for com.apple.Preferences to idle
    t =    58.41s     Find the "REDUCE_MOTION" Switch
    t =    58.69s     Check for interrupting elements affecting "REDUCE_MOTION" Switch
    t =    58.92s     Synthesize event
    t =    58.93s         Find the "REDUCE_MOTION" Switch
    t =    59.15s         Find the "REDUCE_MOTION" Switch
    t =    59.45s         Find the "REDUCE_MOTION" Switch
    t =    60.03s     Wait for com.apple.Preferences to idle
    t =    62.94s Find the "REDUCE_MOTION" Switch
    t =    63.35s Find the "Reduce Motion" Switch
ACE_NATIVE_SWITCH_RESULT Reduce Motion wait=1 seconds=1.6517118359915912 expected=true actual=Optional(true)
    t =    63.58s Checking existence of `"Settings" NavigationBar`
    t =    63.81s Checking existence of `Button (First Match)`
    t =    64.00s Find the Button (First Match)
    t =    64.29s Tap "BackButton" Button
    t =    64.29s     Wait for com.apple.Preferences to idle
    t =    64.31s     Find the "BackButton" Button
    t =    64.45s     Check for interrupting elements affecting "BackButton" Button
    t =    64.70s     Synthesize event
    t =    65.22s     Wait for com.apple.Preferences to idle
    t =    65.91s Checking existence of `"Settings" NavigationBar`
    t =    66.64s Checking existence of `Button (First Match)`
    t =    66.84s Find the Button (First Match)
    t =    67.09s Tap "BackButton" Button
    t =    67.09s     Wait for com.apple.Preferences to idle
    t =    67.13s     Find the "BackButton" Button
    t =    67.32s     Check for interrupting elements affecting "BackButton" Button
    t =    67.67s     Synthesize event
    t =    68.11s     Wait for com.apple.Preferences to idle
    t =    69.55s Checking existence of `"Settings" NavigationBar`
    t =    70.06s Checking existence of `"Accessibility" Cell`
    t =    70.38s Checking existence of `Cell (First Match)`
    t =    70.67s Find the Cell (First Match)
    t =    70.99s Tap Cell at {{16.0, 432.3}, {370.0, 52.0}}
    t =    70.99s     Wait for com.apple.Preferences to idle
    t =    71.02s     Find the Cell at {{16.0, 432.3}, {370.0, 52.0}}
    t =    71.28s     Check for interrupting elements affecting Cell
    t =    71.60s     Synthesize event
    t =    71.98s     Wait for com.apple.Preferences to idle
    t =    72.62s Waiting 5.0s for "Accessibility" NavigationBar to exist
    t =    73.72s     Checking `Expect predicate `existsNoRetry == 1` for object "Accessibility" NavigationBar`
    t =    73.72s         Checking existence of `"Accessibility" NavigationBar`
ACE_NATIVE_SETTINGS_NAVIGATION Accessibility destinationOpened=true
    t =    74.31s Checking existence of `"Display & Text Size" Cell`
    t =    74.79s Find the "Display & Text Size" Cell
    t =    75.45s Tap "DISPLAY_AND_TEXT" Cell
    t =    75.45s     Wait for com.apple.Preferences to idle
    t =    75.47s     Find the "DISPLAY_AND_TEXT" Cell
    t =    75.95s     Check for interrupting elements affecting "DISPLAY_AND_TEXT" Cell
    t =    76.37s     Synthesize event
    t =    76.74s     Wait for com.apple.Preferences to idle
    t =    77.62s Waiting 5.0s for "Display & Text Size" NavigationBar to exist
    t =    78.67s     Checking `Expect predicate `existsNoRetry == 1` for object "Display & Text Size" NavigationBar`
    t =    78.68s         Checking existence of `"Display & Text Size" NavigationBar`
ACE_NATIVE_SETTINGS_NAVIGATION Display & Text Size destinationOpened=true
    t =    79.13s Waiting 5.0s for "Increase Contrast" Switch to exist
    t =    80.18s     Checking `Expect predicate `existsNoRetry == 1` for object "Increase Contrast" Switch`
    t =    80.18s         Checking existence of `"Increase Contrast" Switch`
    t =    80.47s Find the "Increase Contrast" Switch
    t =    80.77s Find the "TEXT_COLORS_DARKEN" Switch
ACE_NATIVE_SWITCH Increase Contrast before=false expected=true frame=(36.0, 535.6666870117188, 330.0, 28.0)
    t =    81.22s Tap "TEXT_COLORS_DARKEN" Switch[0.90, 0.50]
    t =    81.22s     Wait for com.apple.Preferences to idle
    t =    81.24s     Find the "TEXT_COLORS_DARKEN" Switch
    t =    81.53s     Check for interrupting elements affecting "TEXT_COLORS_DARKEN" Switch
    t =    81.82s     Synthesize event
    t =    81.83s         Find the "TEXT_COLORS_DARKEN" Switch
    t =    82.17s         Find the "TEXT_COLORS_DARKEN" Switch
    t =    82.60s         Find the "TEXT_COLORS_DARKEN" Switch
    t =    83.21s     Wait for com.apple.Preferences to idle
    t =    86.28s Find the "TEXT_COLORS_DARKEN" Switch
    t =    86.83s Find the "Increase Contrast" Switch
ACE_NATIVE_SWITCH_RESULT Increase Contrast wait=1 seconds=3.873524622002151 expected=true actual=Optional(true)
    t =    87.26s Setting device orientation to Landscape Left
    t =    87.26s     Device orientation changed to Landscape Left
    t =    87.31s     Wait for com.apple.Preferences to idle
    t =    87.33s Open com.example.aceclientapp
    t =    87.34s     Launch com.example.aceclientapp
    t =    87.59s         Interface orientation changed to Landscape Right
    t =    88.64s         Setting up automation session
    t =    95.06s         Wait for com.example.aceclientapp to idle
    t =    98.56s Waiting 5.0s for "Effective interface style" Any to exist
    t =    99.58s     Checking `Expect predicate `existsNoRetry == 1` for object "Effective interface style" Any`
    t =    99.58s         Checking existence of `"Effective interface style" Any`
    t =   100.83s Find the "Effective interface style" Any
    t =   100.89s Find the "Effective interface style" ScrollView
    t =   101.97s Find the Target Application 'com.example.aceclientapp'
ACE_SETTINGS_RESULT {"mode":"set","observed":{"boldText":true,"increaseContrast":true,"orientation":"landscape","reduceMotion":true}}
    t =   102.09s Terminate com.example.aceclientapp:1714
    t =   104.62s     Interface orientation changed to Portrait
    t =   105.16s Tear Down
Test Case '-[ACEClientAppUITests.ACEClientAppUITests testConfigureAccessibilitySettings]' passed (106.856 seconds).
Test Suite 'ACEClientAppUITests' passed at 2026-09-15 12:47:29.206.
	 Executed 1 test, with 0 failures (0 unexpected) in 106.856 (106.865) seconds
Test Suite 'ACEClientAppUITests.xctest' passed at 2026-09-15 12:47:29.209.
	 Executed 1 test, with 0 failures (0 unexpected) in 106.856 (106.869) seconds
Test Suite 'Selected tests' passed at 2026-09-15 12:47:29.212.
	 Executed 1 test, with 0 failures (0 unexpected) in 106.856 (106.876) seconds

Test session results, code coverage, and logs:
	LOCAL_HOME/ace-private/mcx19b-implementation-20260914/pilot-preparation-20260915/settings-navigation-fix/native-settings/002-enable/result.xcresult

** TEST EXECUTE SUCCEEDED **

Testing started
2026-09-15 12:45:22.736 xcodebuild[1497:3804509] [MT] IDERunDestination: Supported platforms for the buildables in the current scheme is empty.
2026-09-15 12:45:22.785 xcodebuild[1497:3804509] [MT] IDERunDestination: Supported platforms for the buildables in the current scheme is empty.
2026-09-15 12:45:24.641 xcodebuild[1497:3804509] [MT] IDERunDestination: Supported platforms for the buildables in the current scheme is empty.
2026-09-15 12:45:25.344 xcodebuild[1497:3804509] [MT] IDERunDestination: Supported platforms for the buildables in the current scheme is empty.
2026-09-15 12:45:43.049 xcodebuild[1497:3804509] [MT] IDELaunchParametersSnapshot: The operation couldn’t be completed. (DebuggerLLDB.DebuggerVersionStore.StoreError error 0.)
2026-09-15 12:45:43.049 xcodebuild[1497:3804509] [MT] IDELaunchParametersSnapshot: no debugger version
2026-09-15 12:47:09.688 xcodebuild[1497:3804509] [MT] IDELaunchParametersSnapshot: The operation couldn’t be completed. (DebuggerLLDB.DebuggerVersionStore.StoreError error 0.)
2026-09-15 12:47:09.688 xcodebuild[1497:3804509] [MT] IDELaunchParametersSnapshot: no debugger version
2026-09-15 12:47:29.648 xcodebuild[1497:3804509] [MT] IDETestOperationsObserverDebug: 124.294 elapsed -- Testing started completed.
2026-09-15 12:47:29.648 xcodebuild[1497:3804509] [MT] IDETestOperationsObserverDebug: 0.000 sec, +0.000 sec -- start
2026-09-15 12:47:29.648 xcodebuild[1497:3804509] [MT] IDETestOperationsObserverDebug: 124.294 sec, +124.294 sec -- end
