Command line invocation:
    /Applications/Xcode.app/Contents/Developer/usr/bin/xcodebuild test-without-building -xctestrun "LOCAL_HOME/ace-private/mcx19b-implementation-20260914/pilot-preparation-20260915/pilot-runs/20260915T011300Z-pilot-3679b0557e89/native-settings/iPhone 17 Pro Max-read/ACEClientAppUITests.xctestrun" -destination id=D1BAA05C-52DD-4E57-832F-C0A75718E085 -parallel-testing-enabled NO "-only-testing:ACEClientAppUITests/ACEClientAppUITests/testConfigureAccessibilitySettings" -resultBundlePath "LOCAL_HOME/ace-private/mcx19b-implementation-20260914/pilot-preparation-20260915/pilot-runs/20260915T011300Z-pilot-3679b0557e89/native-settings/iPhone 17 Pro Max-read/result.xcresult"

Writing result bundle at path:
	LOCAL_HOME/ace-private/mcx19b-implementation-20260914/pilot-preparation-20260915/pilot-runs/20260915T011300Z-pilot-3679b0557e89/native-settings/iPhone 17 Pro Max-read/result.xcresult

2026-09-15 11:14:43.496181+1000 ACEClientAppUITests-Runner[89345:3600442] [Default] Running tests...
    t =      nans Interface orientation changed to Portrait
Test Suite 'Selected tests' started at 2026-09-15 11:14:51.587.
Test Suite 'ACEClientAppUITests.xctest' started at 2026-09-15 11:14:51.591.
Test Suite 'ACEClientAppUITests' started at 2026-09-15 11:14:51.592.
Test Case '-[ACEClientAppUITests.ACEClientAppUITests testConfigureAccessibilitySettings]' started.
    t =     0.02s Start Test at 2026-09-15 11:14:51.610
    t =     0.43s Set Up
    t =     0.49s Open com.example.aceclientapp
    t =     0.49s     Launch com.example.aceclientapp
    t =     4.29s         Setting up automation session
    t =    10.87s         Wait for com.example.aceclientapp to idle
    t =    14.01s Waiting 5.0s for "Effective interface style" Any to exist
    t =    15.08s     Checking `Expect predicate `existsNoRetry == 1` for object "Effective interface style" Any`
    t =    15.08s         Checking existence of `"Effective interface style" Any`
    t =    16.34s Find the "Effective interface style" Any
    t =    16.44s Find the "Effective interface style" ScrollView
    t =    16.50s Terminate com.example.aceclientapp:89377
    t =    17.52s Open com.example.aceclientapp
    t =    17.52s     Launch com.example.aceclientapp
    t =    18.64s         Setting up automation session
    t =    24.45s         Wait for com.example.aceclientapp to idle
    t =    27.54s Waiting 5.0s for "Effective interface style" Any to exist
    t =    28.61s     Checking `Expect predicate `existsNoRetry == 1` for object "Effective interface style" Any`
    t =    28.62s         Checking existence of `"Effective interface style" Any`
    t =    29.90s Find the "Effective interface style" Any
    t =    29.97s Find the "Effective interface style" ScrollView
ACE_SETTINGS_RESULT {"mode":"read","observed":{"boldText":false,"increaseContrast":false,"orientation":"portrait","reduceMotion":false}}
    t =    30.04s Terminate com.example.aceclientapp:89411
    t =    31.06s Tear Down
Test Case '-[ACEClientAppUITests.ACEClientAppUITests testConfigureAccessibilitySettings]' passed (31.522 seconds).
Test Suite 'ACEClientAppUITests' passed at 2026-09-15 11:15:23.131.
	 Executed 1 test, with 0 failures (0 unexpected) in 31.522 (31.539) seconds
Test Suite 'ACEClientAppUITests.xctest' passed at 2026-09-15 11:15:23.134.
	 Executed 1 test, with 0 failures (0 unexpected) in 31.522 (31.543) seconds
Test Suite 'Selected tests' passed at 2026-09-15 11:15:23.136.
	 Executed 1 test, with 0 failures (0 unexpected) in 31.522 (31.549) seconds

Test session results, code coverage, and logs:
	LOCAL_HOME/ace-private/mcx19b-implementation-20260914/pilot-preparation-20260915/pilot-runs/20260915T011300Z-pilot-3679b0557e89/native-settings/iPhone 17 Pro Max-read/result.xcresult

** TEST EXECUTE SUCCEEDED **

Testing started
2026-09-15 11:14:31.910 xcodebuild[89323:3599887] [MT] IDERunDestination: Supported platforms for the buildables in the current scheme is empty.
2026-09-15 11:14:31.943 xcodebuild[89323:3599887] [MT] IDERunDestination: Supported platforms for the buildables in the current scheme is empty.
2026-09-15 11:14:33.127 xcodebuild[89323:3599887] [MT] IDERunDestination: Supported platforms for the buildables in the current scheme is empty.
2026-09-15 11:14:53.212 xcodebuild[89323:3599887] [MT] IDELaunchParametersSnapshot: The operation couldn’t be completed. (DebuggerLLDB.DebuggerVersionStore.StoreError error 0.)
2026-09-15 11:14:53.212 xcodebuild[89323:3599887] [MT] IDELaunchParametersSnapshot: no debugger version
2026-09-15 11:15:09.124 xcodebuild[89323:3599887] [MT] IDELaunchParametersSnapshot: The operation couldn’t be completed. (DebuggerLLDB.DebuggerVersionStore.StoreError error 0.)
2026-09-15 11:15:09.124 xcodebuild[89323:3599887] [MT] IDELaunchParametersSnapshot: no debugger version
2026-09-15 11:15:23.543 xcodebuild[89323:3599887] [MT] IDETestOperationsObserverDebug: 50.401 elapsed -- Testing started completed.
2026-09-15 11:15:23.543 xcodebuild[89323:3599887] [MT] IDETestOperationsObserverDebug: 0.000 sec, +0.000 sec -- start
2026-09-15 11:15:23.543 xcodebuild[89323:3599887] [MT] IDETestOperationsObserverDebug: 50.401 sec, +50.401 sec -- end
