Command line invocation:
    /Applications/Xcode.app/Contents/Developer/usr/bin/xcodebuild test-without-building -xctestrun "LOCAL_HOME/ace-private/mcx19b-orientation-repair-20260915/09-signin-scroll-diagnosis/native-focus-v1/native-settings/iPhone 17 Pro Max-read/ACEClientAppUITests.xctestrun" -destination id=D1BAA05C-52DD-4E57-832F-C0A75718E085 -parallel-testing-enabled NO "-only-testing:ACEClientAppUITests/ACEClientAppUITests/testConfigureAccessibilitySettings" -resultBundlePath "LOCAL_HOME/ace-private/mcx19b-orientation-repair-20260915/09-signin-scroll-diagnosis/native-focus-v1/native-settings/iPhone 17 Pro Max-read/result.xcresult"

Writing result bundle at path:
	LOCAL_HOME/ace-private/mcx19b-orientation-repair-20260915/09-signin-scroll-diagnosis/native-focus-v1/native-settings/iPhone 17 Pro Max-read/result.xcresult

2026-09-15 21:30:16.394565+1000 ACEClientAppUITests-Runner[62286:5017971] [Default] Running tests...
2026-09-15 21:30:16.732552+1000 ACEClientAppUITests-Runner[62286:5018059] [General] Failed to send CA Event for app launch measurements for ca_event_type: 0 event_name: com.apple.app_launch_measurement.FirstFramePresentationMetric
    t =      nans Interface orientation changed to Portrait
2026-09-15 21:30:21.009551+1000 ACEClientAppUITests-Runner[62286:5018064] [General] Failed to send CA Event for app launch measurements for ca_event_type: 1 event_name: com.apple.app_launch_measurement.ExtendedLaunchMetrics
Test Suite 'Selected tests' started at 2026-09-15 21:30:21.094.
Test Suite 'ACEClientAppUITests.xctest' started at 2026-09-15 21:30:21.096.
Test Suite 'ACEClientAppUITests' started at 2026-09-15 21:30:21.097.
Test Case '-[ACEClientAppUITests.ACEClientAppUITests testConfigureAccessibilitySettings]' started.
    t =     0.02s Start Test at 2026-09-15 21:30:21.113
    t =     0.32s Set Up
    t =     0.35s Open com.example.aceclientapp
    t =     0.35s     Launch com.example.aceclientapp
    t =     3.29s         Setting up automation session
    t =     8.99s         Wait for com.example.aceclientapp to idle
    t =    11.90s Waiting 5.0s for "Effective interface style" Any to exist
    t =    12.96s     Checking `Expect predicate `existsNoRetry == 1` for object "Effective interface style" Any`
    t =    12.96s         Checking existence of `"Effective interface style" Any`
    t =    14.21s Find the "Effective interface style" Any
    t =    14.29s Find the "Effective interface style" ScrollView
    t =    14.34s Terminate com.example.aceclientapp:62302
    t =    15.37s Open com.example.aceclientapp
    t =    15.38s     Launch com.example.aceclientapp
    t =    16.67s         Setting up automation session
    t =    22.87s         Wait for com.example.aceclientapp to idle
    t =    25.71s Waiting 5.0s for "Effective interface style" Any to exist
    t =    26.79s     Checking `Expect predicate `existsNoRetry == 1` for object "Effective interface style" Any`
    t =    26.79s         Checking existence of `"Effective interface style" Any`
    t =    28.15s Find the "Effective interface style" Any
    t =    28.22s Find the "Effective interface style" ScrollView
ACE_SETTINGS_RESULT {"mode":"read","observed":{"boldText":false,"increaseContrast":false,"orientation":"portrait","reduceMotion":false}}
    t =    28.28s Terminate com.example.aceclientapp:62329
    t =    29.34s Tear Down
Test Case '-[ACEClientAppUITests.ACEClientAppUITests testConfigureAccessibilitySettings]' passed (29.628 seconds).
Test Suite 'ACEClientAppUITests' passed at 2026-09-15 21:30:50.740.
	 Executed 1 test, with 0 failures (0 unexpected) in 29.628 (29.643) seconds
Test Suite 'ACEClientAppUITests.xctest' passed at 2026-09-15 21:30:50.743.
	 Executed 1 test, with 0 failures (0 unexpected) in 29.628 (29.647) seconds
Test Suite 'Selected tests' passed at 2026-09-15 21:30:50.745.
	 Executed 1 test, with 0 failures (0 unexpected) in 29.628 (29.651) seconds

Test session results, code coverage, and logs:
	LOCAL_HOME/ace-private/mcx19b-orientation-repair-20260915/09-signin-scroll-diagnosis/native-focus-v1/native-settings/iPhone 17 Pro Max-read/result.xcresult

** TEST EXECUTE SUCCEEDED **

Testing started
2026-09-15 21:30:07.726 xcodebuild[62267:5017413] [MT] IDERunDestination: Supported platforms for the buildables in the current scheme is empty.
2026-09-15 21:30:07.759 xcodebuild[62267:5017413] [MT] IDERunDestination: Supported platforms for the buildables in the current scheme is empty.
2026-09-15 21:30:09.113 xcodebuild[62267:5017413] [MT] IDERunDestination: Supported platforms for the buildables in the current scheme is empty.
2026-09-15 21:30:21.658 xcodebuild[62267:5017413] [MT] IDELaunchParametersSnapshot: The operation couldn’t be completed. (DebuggerLLDB.DebuggerVersionStore.StoreError error 0.)
2026-09-15 21:30:21.658 xcodebuild[62267:5017413] [MT] IDELaunchParametersSnapshot: no debugger version
2026-09-15 21:30:36.484 xcodebuild[62267:5017413] [MT] IDELaunchParametersSnapshot: The operation couldn’t be completed. (DebuggerLLDB.DebuggerVersionStore.StoreError error 0.)
2026-09-15 21:30:36.485 xcodebuild[62267:5017413] [MT] IDELaunchParametersSnapshot: no debugger version
2026-09-15 21:30:51.168 xcodebuild[62267:5017413] [MT] IDETestOperationsObserverDebug: 42.048 elapsed -- Testing started completed.
2026-09-15 21:30:51.168 xcodebuild[62267:5017413] [MT] IDETestOperationsObserverDebug: 0.000 sec, +0.000 sec -- start
2026-09-15 21:30:51.168 xcodebuild[62267:5017413] [MT] IDETestOperationsObserverDebug: 42.048 sec, +42.048 sec -- end
