Command line invocation:
    /Applications/Xcode.app/Contents/Developer/usr/bin/xcodebuild test-without-building -xctestrun "LOCAL_HOME/ace-private/mcx19b-orientation-repair-20260915/05-serial-native-gate/negative/native-settings/iPhone 17 Pro Max-restore-post-boot/ACEClientAppUITests.xctestrun" -destination id=D1BAA05C-52DD-4E57-832F-C0A75718E085 -parallel-testing-enabled NO "-only-testing:ACEClientAppUITests/ACEClientAppUITests/testConfigureAccessibilitySettings" -resultBundlePath "LOCAL_HOME/ace-private/mcx19b-orientation-repair-20260915/05-serial-native-gate/negative/native-settings/iPhone 17 Pro Max-restore-post-boot/result.xcresult"

Writing result bundle at path:
	LOCAL_HOME/ace-private/mcx19b-orientation-repair-20260915/05-serial-native-gate/negative/native-settings/iPhone 17 Pro Max-restore-post-boot/result.xcresult

2026-09-15 18:01:55.034098+1000 ACEClientAppUITests-Runner[34303:4490245] [Default] Running tests...
2026-09-15 18:01:55.242542+1000 ACEClientAppUITests-Runner[34303:4490438] [General] Failed to send CA Event for app launch measurements for ca_event_type: 0 event_name: com.apple.app_launch_measurement.FirstFramePresentationMetric
2026-09-15 18:01:55.285326+1000 ACEClientAppUITests-Runner[34303:4490440] [General] Failed to send CA Event for app launch measurements for ca_event_type: 1 event_name: com.apple.app_launch_measurement.ExtendedLaunchMetrics
    t =      nans Interface orientation changed to Portrait
Test Suite 'Selected tests' started at 2026-09-15 18:02:08.438.
Test Suite 'ACEClientAppUITests.xctest' started at 2026-09-15 18:02:08.440.
Test Suite 'ACEClientAppUITests' started at 2026-09-15 18:02:08.441.
Test Case '-[ACEClientAppUITests.ACEClientAppUITests testConfigureAccessibilitySettings]' started.
    t =     0.01s Start Test at 2026-09-15 18:02:08.449
    t =     0.89s Set Up
    t =     0.93s Open com.example.aceclientapp
    t =     0.93s     Launch com.example.aceclientapp
    t =     4.27s         Setting up automation session
    t =     8.30s         Wait for com.example.aceclientapp to idle
    t =    10.61s Waiting 5.0s for "Effective interface style" Any to exist
    t =    11.69s     Checking `Expect predicate `existsNoRetry == 1` for object "Effective interface style" Any`
    t =    11.69s         Checking existence of `"Effective interface style" Any`
    t =    12.99s Find the "Effective interface style" Any
    t =    13.05s Find the "Effective interface style" ScrollView
    t =    13.12s Terminate com.example.aceclientapp:34353
    t =    14.15s Setting device orientation to Portrait
    t =    14.16s     Device orientation changed to Portrait
    t =    14.21s     Wait for com.apple.springboard to idle
    t =    14.41s Open com.example.aceclientapp
    t =    14.41s     Launch com.example.aceclientapp
    t =    15.28s         Setting up automation session
    t =    19.05s         Wait for com.example.aceclientapp to idle
    t =    21.46s Waiting 5.0s for "Effective interface style" Any to exist
    t =    22.54s     Checking `Expect predicate `existsNoRetry == 1` for object "Effective interface style" Any`
    t =    22.54s         Checking existence of `"Effective interface style" Any`
    t =    23.80s Find the "Effective interface style" Any
    t =    23.88s Find the "Effective interface style" ScrollView
ACE_ORIENTATION_READ_STARTED {"requested":"portrait"}
    t =    23.95s Find the Target Application 'com.example.aceclientapp'
ACE_ORIENTATION_FRAME {"elapsedReadSeconds":0.075354475993663073,"frame":{"height":"956.0","width":"440.0","x":"0.0","y":"0.0"},"outcome":"match","requested":"portrait"}
ACE_SETTINGS_RESULT {"mode":"set","observed":{"boldText":false,"increaseContrast":false,"orientation":"portrait","reduceMotion":false}}
    t =    24.03s Terminate com.example.aceclientapp:34375
    t =    25.06s Tear Down
Test Case '-[ACEClientAppUITests.ACEClientAppUITests testConfigureAccessibilitySettings]' passed (25.243 seconds).
Test Suite 'ACEClientAppUITests' passed at 2026-09-15 18:02:33.691.
	 Executed 1 test, with 0 failures (0 unexpected) in 25.243 (25.250) seconds
Test Suite 'ACEClientAppUITests.xctest' passed at 2026-09-15 18:02:33.694.
	 Executed 1 test, with 0 failures (0 unexpected) in 25.243 (25.253) seconds
Test Suite 'Selected tests' passed at 2026-09-15 18:02:33.696.
	 Executed 1 test, with 0 failures (0 unexpected) in 25.243 (25.258) seconds

Test session results, code coverage, and logs:
	LOCAL_HOME/ace-private/mcx19b-orientation-repair-20260915/05-serial-native-gate/negative/native-settings/iPhone 17 Pro Max-restore-post-boot/result.xcresult

** TEST EXECUTE SUCCEEDED **

Testing started
2026-09-15 18:01:28.884 xcodebuild[34225:4488633] [MT] IDERunDestination: Supported platforms for the buildables in the current scheme is empty.
2026-09-15 18:01:28.989 xcodebuild[34225:4488633] [MT] IDERunDestination: Supported platforms for the buildables in the current scheme is empty.
2026-09-15 18:01:29.005 xcodebuild[34225:4488633] [MT] IDERunDestination: Supported platforms for the buildables in the current scheme is empty.
2026-09-15 18:02:09.541 xcodebuild[34225:4488633] [MT] IDELaunchParametersSnapshot: The operation couldn’t be completed. (DebuggerLLDB.DebuggerVersionStore.StoreError error 0.)
2026-09-15 18:02:09.541 xcodebuild[34225:4488633] [MT] IDELaunchParametersSnapshot: no debugger version
2026-09-15 18:02:22.863 xcodebuild[34225:4488633] [MT] IDELaunchParametersSnapshot: The operation couldn’t be completed. (DebuggerLLDB.DebuggerVersionStore.StoreError error 0.)
2026-09-15 18:02:22.863 xcodebuild[34225:4488633] [MT] IDELaunchParametersSnapshot: no debugger version
2026-09-15 18:02:34.057 xcodebuild[34225:4488633] [MT] IDETestOperationsObserverDebug: 63.784 elapsed -- Testing started completed.
2026-09-15 18:02:34.057 xcodebuild[34225:4488633] [MT] IDETestOperationsObserverDebug: 0.000 sec, +0.000 sec -- start
2026-09-15 18:02:34.057 xcodebuild[34225:4488633] [MT] IDETestOperationsObserverDebug: 63.784 sec, +63.784 sec -- end
