Command line invocation:
    /Applications/Xcode.app/Contents/Developer/usr/bin/xcodebuild test-without-building -xctestrun "LOCAL_HOME/ace-private/mcx19b-orientation-repair-20260915/08-copy-confirmation-diagnosis/native-frame-probe/native-settings/iPhone 17 Pro Max-read/ACEClientAppUITests.xctestrun" -destination id=D1BAA05C-52DD-4E57-832F-C0A75718E085 -parallel-testing-enabled NO "-only-testing:ACEClientAppUITests/ACEClientAppUITests/testConfigureAccessibilitySettings" -resultBundlePath "LOCAL_HOME/ace-private/mcx19b-orientation-repair-20260915/08-copy-confirmation-diagnosis/native-frame-probe/native-settings/iPhone 17 Pro Max-read/result.xcresult"

Writing result bundle at path:
	LOCAL_HOME/ace-private/mcx19b-orientation-repair-20260915/08-copy-confirmation-diagnosis/native-frame-probe/native-settings/iPhone 17 Pro Max-read/result.xcresult

2026-09-15 20:28:53.300401+1000 ACEClientAppUITests-Runner[53923:4849412] [Default] Running tests...
2026-09-15 20:28:53.506459+1000 ACEClientAppUITests-Runner[53923:4849523] [General] Failed to send CA Event for app launch measurements for ca_event_type: 0 event_name: com.apple.app_launch_measurement.FirstFramePresentationMetric
    t =      nans Interface orientation changed to Portrait
Test Suite 'Selected tests' started at 2026-09-15 20:28:57.673.
Test Suite 'ACEClientAppUITests.xctest' started at 2026-09-15 20:28:57.677.
Test Suite 'ACEClientAppUITests' started at 2026-09-15 20:28:57.678.
Test Case '-[ACEClientAppUITests.ACEClientAppUITests testConfigureAccessibilitySettings]' started.
    t =     0.01s Start Test at 2026-09-15 20:28:57.687
2026-09-15 20:28:57.834530+1000 ACEClientAppUITests-Runner[53923:4849512] [General] Failed to send CA Event for app launch measurements for ca_event_type: 1 event_name: com.apple.app_launch_measurement.ExtendedLaunchMetrics
    t =     0.29s Set Up
    t =     0.32s Open com.example.aceclientapp
    t =     0.32s     Launch com.example.aceclientapp
    t =     2.95s         Setting up automation session
    t =     7.61s         Wait for com.example.aceclientapp to idle
    t =    10.61s Waiting 5.0s for "Effective interface style" Any to exist
    t =    11.67s     Checking `Expect predicate `existsNoRetry == 1` for object "Effective interface style" Any`
    t =    11.67s         Checking existence of `"Effective interface style" Any`
    t =    12.95s Find the "Effective interface style" Any
    t =    13.02s Find the "Effective interface style" ScrollView
    t =    13.07s Terminate com.example.aceclientapp:53940
    t =    14.09s Open com.example.aceclientapp
    t =    14.09s     Launch com.example.aceclientapp
    t =    14.95s         Setting up automation session
    t =    19.67s         Wait for com.example.aceclientapp to idle
    t =    22.46s Waiting 5.0s for "Effective interface style" Any to exist
    t =    23.53s     Checking `Expect predicate `existsNoRetry == 1` for object "Effective interface style" Any`
    t =    23.53s         Checking existence of `"Effective interface style" Any`
    t =    24.76s Find the "Effective interface style" Any
    t =    24.84s Find the "Effective interface style" ScrollView
ACE_SETTINGS_RESULT {"mode":"read","observed":{"boldText":false,"increaseContrast":false,"orientation":"portrait","reduceMotion":false}}
    t =    24.90s Terminate com.example.aceclientapp:53963
    t =    25.94s Tear Down
Test Case '-[ACEClientAppUITests.ACEClientAppUITests testConfigureAccessibilitySettings]' passed (26.142 seconds).
Test Suite 'ACEClientAppUITests' passed at 2026-09-15 20:29:23.829.
	 Executed 1 test, with 0 failures (0 unexpected) in 26.142 (26.151) seconds
Test Suite 'ACEClientAppUITests.xctest' passed at 2026-09-15 20:29:23.832.
	 Executed 1 test, with 0 failures (0 unexpected) in 26.142 (26.155) seconds
Test Suite 'Selected tests' passed at 2026-09-15 20:29:23.834.
	 Executed 1 test, with 0 failures (0 unexpected) in 26.142 (26.161) seconds

Test session results, code coverage, and logs:
	LOCAL_HOME/ace-private/mcx19b-orientation-repair-20260915/08-copy-confirmation-diagnosis/native-frame-probe/native-settings/iPhone 17 Pro Max-read/result.xcresult

** TEST EXECUTE SUCCEEDED **

Testing started
2026-09-15 20:28:44.424 xcodebuild[53908:4848791] [MT] IDERunDestination: Supported platforms for the buildables in the current scheme is empty.
2026-09-15 20:28:44.463 xcodebuild[53908:4848791] [MT] IDERunDestination: Supported platforms for the buildables in the current scheme is empty.
2026-09-15 20:28:45.640 xcodebuild[53908:4848791] [MT] IDERunDestination: Supported platforms for the buildables in the current scheme is empty.
2026-09-15 20:28:58.190 xcodebuild[53908:4848791] [MT] IDELaunchParametersSnapshot: The operation couldn’t be completed. (DebuggerLLDB.DebuggerVersionStore.StoreError error 0.)
2026-09-15 20:28:58.190 xcodebuild[53908:4848791] [MT] IDELaunchParametersSnapshot: no debugger version
2026-09-15 20:29:11.779 xcodebuild[53908:4848791] [MT] IDELaunchParametersSnapshot: The operation couldn’t be completed. (DebuggerLLDB.DebuggerVersionStore.StoreError error 0.)
2026-09-15 20:29:11.779 xcodebuild[53908:4848791] [MT] IDELaunchParametersSnapshot: no debugger version
2026-09-15 20:29:24.245 xcodebuild[53908:4848791] [MT] IDETestOperationsObserverDebug: 38.565 elapsed -- Testing started completed.
2026-09-15 20:29:24.245 xcodebuild[53908:4848791] [MT] IDETestOperationsObserverDebug: 0.000 sec, +0.000 sec -- start
2026-09-15 20:29:24.245 xcodebuild[53908:4848791] [MT] IDETestOperationsObserverDebug: 38.565 sec, +38.565 sec -- end
