Command line invocation:
    /Applications/Xcode.app/Contents/Developer/usr/bin/xcodebuild test-without-building -xctestrun LOCAL_HOME/ace-private/mcx19b-orientation-repair-20260915/06-shutdown-native-gate/negative/native-settings/001-set/ACEClientAppUITests.xctestrun -destination id=2EB0863C-470E-467D-A0C6-CD216DA70C67 -parallel-testing-enabled NO "-only-testing:ACEClientAppUITests/ACEClientAppUITests/testConfigureAccessibilitySettings" -resultBundlePath LOCAL_HOME/ace-private/mcx19b-orientation-repair-20260915/06-shutdown-native-gate/negative/native-settings/001-set/result.xcresult

Writing result bundle at path:
	LOCAL_HOME/ace-private/mcx19b-orientation-repair-20260915/06-shutdown-native-gate/negative/native-settings/001-set/result.xcresult

2026-09-15 18:37:03.454320+1000 ACEClientAppUITests-Runner[39372:4573429] [Default] Running tests...
    t =      nans Interface orientation changed to Portrait
Test Suite 'Selected tests' started at 2026-09-15 18:37:07.080.
Test Suite 'ACEClientAppUITests.xctest' started at 2026-09-15 18:37:07.083.
Test Suite 'ACEClientAppUITests' started at 2026-09-15 18:37:07.084.
Test Case '-[ACEClientAppUITests.ACEClientAppUITests testConfigureAccessibilitySettings]' started.
    t =     0.01s Start Test at 2026-09-15 18:37:07.093
    t =     0.22s Set Up
    t =     0.26s Open com.example.aceclientapp
    t =     0.26s     Launch com.example.aceclientapp
    t =     2.21s         Setting up automation session
    t =     6.77s         Wait for com.example.aceclientapp to idle
    t =     9.43s Waiting 5.0s for "Effective interface style" Any to exist
    t =    10.49s     Checking `Expect predicate `existsNoRetry == 1` for object "Effective interface style" Any`
    t =    10.49s         Checking existence of `"Effective interface style" Any`
    t =    11.66s Find the "Effective interface style" Any
    t =    11.74s Find the "Effective interface style" ScrollView
    t =    11.82s Terminate com.example.aceclientapp:39383
    t =    12.86s Setting device orientation to Portrait
    t =    12.87s     Device orientation changed to Portrait
    t =    12.93s     Wait for com.apple.springboard to idle
    t =    13.14s Open com.example.aceclientapp
    t =    13.15s     Launch com.example.aceclientapp
    t =    14.03s         Setting up automation session
    t =    18.18s         Wait for com.example.aceclientapp to idle
    t =    20.53s Waiting 5.0s for "Effective interface style" Any to exist
    t =    21.63s     Checking `Expect predicate `existsNoRetry == 1` for object "Effective interface style" Any`
    t =    21.63s         Checking existence of `"Effective interface style" Any`
    t =    22.84s Find the "Effective interface style" Any
    t =    22.93s Find the "Effective interface style" ScrollView
ACE_ORIENTATION_READ_STARTED {"requested":"portrait"}
    t =    22.99s Find the Target Application 'com.example.aceclientapp'
ACE_ORIENTATION_FRAME {"elapsedReadSeconds":0.078302156005520374,"frame":{"height":"874.0","width":"402.0","x":"0.0","y":"0.0"},"outcome":"match","requested":"portrait"}
ACE_SETTINGS_RESULT {"mode":"set","observed":{"boldText":false,"increaseContrast":false,"orientation":"portrait","reduceMotion":false}}
    t =    23.07s Terminate com.example.aceclientapp:39404
    t =    24.10s Tear Down
Test Case '-[ACEClientAppUITests.ACEClientAppUITests testConfigureAccessibilitySettings]' passed (24.209 seconds).
Test Suite 'ACEClientAppUITests' passed at 2026-09-15 18:37:31.301.
	 Executed 1 test, with 0 failures (0 unexpected) in 24.209 (24.217) seconds
Test Suite 'ACEClientAppUITests.xctest' passed at 2026-09-15 18:37:31.303.
	 Executed 1 test, with 0 failures (0 unexpected) in 24.209 (24.220) seconds
Test Suite 'Selected tests' passed at 2026-09-15 18:37:31.306.
	 Executed 1 test, with 0 failures (0 unexpected) in 24.209 (24.226) seconds

Test session results, code coverage, and logs:
	LOCAL_HOME/ace-private/mcx19b-orientation-repair-20260915/06-shutdown-native-gate/negative/native-settings/001-set/result.xcresult

** TEST EXECUTE SUCCEEDED **

Testing started
2026-09-15 18:36:56.236 xcodebuild[39353:4572982] [MT] IDERunDestination: Supported platforms for the buildables in the current scheme is empty.
2026-09-15 18:36:56.358 xcodebuild[39353:4572982] [MT] IDERunDestination: Supported platforms for the buildables in the current scheme is empty.
2026-09-15 18:36:57.183 xcodebuild[39353:4572982] [MT] IDERunDestination: Supported platforms for the buildables in the current scheme is empty.
2026-09-15 18:36:58.489 xcodebuild[39353:4572982] [MT] IDERunDestination: Supported platforms for the buildables in the current scheme is empty.
2026-09-15 18:37:07.526 xcodebuild[39353:4572982] [MT] IDELaunchParametersSnapshot: The operation couldn’t be completed. (DebuggerLLDB.DebuggerVersionStore.StoreError error 0.)
2026-09-15 18:37:07.526 xcodebuild[39353:4572982] [MT] IDELaunchParametersSnapshot: no debugger version
2026-09-15 18:37:20.256 xcodebuild[39353:4572982] [MT] IDELaunchParametersSnapshot: The operation couldn’t be completed. (DebuggerLLDB.DebuggerVersionStore.StoreError error 0.)
2026-09-15 18:37:20.256 xcodebuild[39353:4572982] [MT] IDELaunchParametersSnapshot: no debugger version
2026-09-15 18:37:31.704 xcodebuild[39353:4572982] [MT] IDETestOperationsObserverDebug: 34.433 elapsed -- Testing started completed.
2026-09-15 18:37:31.704 xcodebuild[39353:4572982] [MT] IDETestOperationsObserverDebug: 0.000 sec, +0.000 sec -- start
2026-09-15 18:37:31.704 xcodebuild[39353:4572982] [MT] IDETestOperationsObserverDebug: 34.433 sec, +34.433 sec -- end
