Command line invocation:
    /Applications/Xcode.app/Contents/Developer/usr/bin/xcodebuild test-without-building -xctestrun "LOCAL_HOME/ace-private/mcx19b-orientation-repair-20260915/pilot-runs/20260915T064440Z-pilot-478288537d90/native-settings/iPhone 17-restore/ACEClientAppUITests.xctestrun" -destination id=2EB0863C-470E-467D-A0C6-CD216DA70C67 -parallel-testing-enabled NO "-only-testing:ACEClientAppUITests/ACEClientAppUITests/testConfigureAccessibilitySettings" -resultBundlePath "LOCAL_HOME/ace-private/mcx19b-orientation-repair-20260915/pilot-runs/20260915T064440Z-pilot-478288537d90/native-settings/iPhone 17-restore/result.xcresult"

Writing result bundle at path:
	LOCAL_HOME/ace-private/mcx19b-orientation-repair-20260915/pilot-runs/20260915T064440Z-pilot-478288537d90/native-settings/iPhone 17-restore/result.xcresult

2026-09-15 17:33:29.021911+1000 ACEClientAppUITests-Runner[30016:4417067] [Default] Running tests...
2026-09-15 17:33:29.327755+1000 ACEClientAppUITests-Runner[30016:4417812] [General] Failed to send CA Event for app launch measurements for ca_event_type: 0 event_name: com.apple.app_launch_measurement.FirstFramePresentationMetric
    t =      nans Interface orientation changed to Portrait
Test Suite 'Selected tests' started at 2026-09-15 17:33:35.023.
Test Suite 'ACEClientAppUITests.xctest' started at 2026-09-15 17:33:35.025.
Test Suite 'ACEClientAppUITests' started at 2026-09-15 17:33:35.026.
Test Case '-[ACEClientAppUITests.ACEClientAppUITests testConfigureAccessibilitySettings]' started.
    t =     0.01s Start Test at 2026-09-15 17:33:35.051
2026-09-15 17:33:35.181314+1000 ACEClientAppUITests-Runner[30016:4417816] [General] Failed to send CA Event for app launch measurements for ca_event_type: 1 event_name: com.apple.app_launch_measurement.ExtendedLaunchMetrics
    t =     0.35s Set Up
    t =     0.38s Open com.example.aceclientapp
    t =     0.39s     Launch com.example.aceclientapp
    t =     2.67s         Setting up automation session
    t =     9.19s         Wait for com.example.aceclientapp to idle
    t =    13.48s Waiting 5.0s for "Effective interface style" Any to exist
    t =    14.56s     Checking `Expect predicate `existsNoRetry == 1` for object "Effective interface style" Any`
    t =    14.56s         Checking existence of `"Effective interface style" Any`
    t =    15.84s Find the "Effective interface style" Any
    t =    15.91s Find the "Effective interface style" ScrollView
    t =    15.97s Terminate com.example.aceclientapp:30076
    t =    17.00s Setting device orientation to Portrait
    t =    17.03s     Device orientation changed to Portrait
    t =    17.14s     Wait for com.apple.springboard to idle
    t =    17.45s Open com.example.aceclientapp
    t =    17.45s     Launch com.example.aceclientapp
    t =    18.52s         Setting up automation session
    t =    24.31s         Wait for com.example.aceclientapp to idle
    t =    27.89s Waiting 5.0s for "Effective interface style" Any to exist
    t =    28.96s     Checking `Expect predicate `existsNoRetry == 1` for object "Effective interface style" Any`
    t =    28.96s         Checking existence of `"Effective interface style" Any`
    t =    30.24s Find the "Effective interface style" Any
    t =    30.29s Find the "Effective interface style" ScrollView
ACE_ORIENTATION_READ_STARTED {"requested":"portrait"}
    t =    30.35s Find the Target Application 'com.example.aceclientapp'
ACE_ORIENTATION_FRAME {"elapsedReadSeconds":0.16987703999620862,"frame":{"height":"874.0","width":"402.0","x":"0.0","y":"0.0"},"outcome":"match","requested":"portrait"}
ACE_SETTINGS_RESULT {"mode":"set","observed":{"boldText":false,"increaseContrast":false,"orientation":"portrait","reduceMotion":false}}
    t =    30.52s Terminate com.example.aceclientapp:30114
    t =    31.57s Tear Down
Test Case '-[ACEClientAppUITests.ACEClientAppUITests testConfigureAccessibilitySettings]' passed (31.963 seconds).
Test Suite 'ACEClientAppUITests' passed at 2026-09-15 17:34:07.013.
	 Executed 1 test, with 0 failures (0 unexpected) in 31.963 (31.987) seconds
Test Suite 'ACEClientAppUITests.xctest' passed at 2026-09-15 17:34:07.016.
	 Executed 1 test, with 0 failures (0 unexpected) in 31.963 (31.991) seconds
Test Suite 'Selected tests' passed at 2026-09-15 17:34:07.019.
	 Executed 1 test, with 0 failures (0 unexpected) in 31.963 (31.996) seconds

Test session results, code coverage, and logs:
	LOCAL_HOME/ace-private/mcx19b-orientation-repair-20260915/pilot-runs/20260915T064440Z-pilot-478288537d90/native-settings/iPhone 17-restore/result.xcresult

** TEST EXECUTE SUCCEEDED **

Testing started
2026-09-15 17:32:27.213 xcodebuild[29935:4414967] [MT] IDERunDestination: Supported platforms for the buildables in the current scheme is empty.
2026-09-15 17:32:27.243 xcodebuild[29935:4414967] [MT] IDERunDestination: Supported platforms for the buildables in the current scheme is empty.
2026-09-15 17:32:27.262 xcodebuild[29935:4414967] [MT] IDERunDestination: Supported platforms for the buildables in the current scheme is empty.
2026-09-15 17:32:53.595 xcodebuild[29935:4414967] [MT] IDERunDestination: Supported platforms for the buildables in the current scheme is empty.
2026-09-15 17:33:03.451 xcodebuild[29935:4414967] [MT] IDERunDestination: Supported platforms for the buildables in the current scheme is empty.
2026-09-15 17:33:35.606 xcodebuild[29935:4414967] [MT] IDELaunchParametersSnapshot: The operation couldn’t be completed. (DebuggerLLDB.DebuggerVersionStore.StoreError error 0.)
2026-09-15 17:33:35.606 xcodebuild[29935:4414967] [MT] IDELaunchParametersSnapshot: no debugger version
2026-09-15 17:33:52.502 xcodebuild[29935:4414967] [MT] IDELaunchParametersSnapshot: The operation couldn’t be completed. (DebuggerLLDB.DebuggerVersionStore.StoreError error 0.)
2026-09-15 17:33:52.502 xcodebuild[29935:4414967] [MT] IDELaunchParametersSnapshot: no debugger version
2026-09-15 17:34:07.429 xcodebuild[29935:4414967] [MT] IDETestOperationsObserverDebug: 98.118 elapsed -- Testing started completed.
2026-09-15 17:34:07.429 xcodebuild[29935:4414967] [MT] IDETestOperationsObserverDebug: 0.000 sec, +0.000 sec -- start
2026-09-15 17:34:07.429 xcodebuild[29935:4414967] [MT] IDETestOperationsObserverDebug: 98.118 sec, +98.118 sec -- end
