Command line invocation:
    /Applications/Xcode.app/Contents/Developer/usr/bin/xcodebuild test-without-building -xctestrun LOCAL_HOME/ace-private/mcx19b-implementation-20260914/copy-colour-investigation-20260915/light-runs/20260914T230801Z-selected-156183575705/selected.xctestrun -destination id=D1BAA05C-52DD-4E57-832F-C0A75718E085 -parallel-testing-enabled NO "-only-testing:ACEClientAppUITests/ACEClientAppUITests/testFictionalReleaseHasApprovedCopyControls" -resultBundlePath LOCAL_HOME/ace-private/mcx19b-implementation-20260914/copy-colour-investigation-20260915/light-runs/20260914T230801Z-selected-156183575705/selected.xcresult

Writing result bundle at path:
	LOCAL_HOME/ace-private/mcx19b-implementation-20260914/copy-colour-investigation-20260915/light-runs/20260914T230801Z-selected-156183575705/selected.xcresult

2026-09-15 09:10:05.162083+1000 ACEClientAppUITests-Runner[73307:3377967] [Default] Running tests...
    t =      nans Interface orientation changed to Portrait
Test Suite 'Selected tests' started at 2026-09-15 09:10:10.049.
Test Suite 'ACEClientAppUITests.xctest' started at 2026-09-15 09:10:10.057.
Test Suite 'ACEClientAppUITests' started at 2026-09-15 09:10:10.059.
Test Case '-[ACEClientAppUITests.ACEClientAppUITests testFictionalReleaseHasApprovedCopyControls]' started.
    t =     0.01s Start Test at 2026-09-15 09:10:10.073
    t =     0.33s Set Up
    t =     0.35s Open com.example.aceclientapp
    t =     0.35s     Launch com.example.aceclientapp
    t =     2.66s         Setting up automation session
    t =     8.60s         Wait for com.example.aceclientapp to idle
    t =    11.82s Checking existence of `"Copy action 1" Button`
    t =    12.14s Checking existence of `"Copy Engagement name" Button`
    t =    12.24s Checking existence of `"Copy Review status" Button`
    t =    12.34s Checking existence of `"Copy Release version" Button`
    t =    12.45s Checking existence of `"Copy Published date and time" Button`
    t =    12.54s Checking existence of `"Copy Conclusion title" Button`
    t =    12.62s Checking existence of `"Copy Conclusion summary" Button`
    t =    12.70s Checking existence of `"Copy Evidence reference" Button`
    t =    12.77s Checking existence of `"Copy Action description" Button`
    t =    12.84s Checking existence of `"Copy Action owner" Button`
    t =    12.92s Checking existence of `"Copy Action target date" Button`
    t =    13.01s Checking existence of `"Copy Action status" Button`
    t =    13.09s Get number of matches for: Elements matching predicate 'label BEGINSWITH "Copy "'
    t =    13.17s Get all elements bound by index for: Descendants matching type Button
    t =    13.22s Find the Button (Element at index 0)
    t =    13.42s Find the Button (Element at index 1)
    t =    13.63s Find the Button (Element at index 2)
    t =    13.74s Waiting 5.0s for "Effective interface style" Any to exist
    t =    14.83s     Checking `Expect predicate `existsNoRetry == 1` for object "Effective interface style" Any`
    t =    14.83s         Checking existence of `"Effective interface style" Any`
    t =    15.98s Checking `Expect predicate `label == "light"` for object "Effective interface style" Any`
    t =    15.99s     Find the "Effective interface style" Any
    t =    22.72s Waiting 5.0s for ScrollView (First Match) to exist
    t =    23.82s     Checking `Expect predicate `existsNoRetry == 1` for object ScrollView (First Match)`
    t =    23.82s         Checking existence of `ScrollView (First Match)`
    t =    23.86s Checking existence of `Any (First Match)`
    t =    23.92s Find the Any (First Match)
    t =    24.06s Find the "Engagement name: Fictional Engagement" StaticText
    t =    24.15s Find the ScrollView (First Match)
    t =    24.20s Get all elements bound by index for: Descendants matching type Button
    t =    24.26s Find the Button (Element at index 0)
    t =    24.38s Find the Button (Element at index 1)
    t =    24.48s Find the Button (Element at index 2)
    t =    25.35s Added attachment named 'Release detail — Engagement name — light'
    t =    25.36s Waiting 5.0s for ScrollView (First Match) to exist
    t =    26.43s     Checking `Expect predicate `existsNoRetry == 1` for object ScrollView (First Match)`
    t =    26.44s         Checking existence of `ScrollView (First Match)`
    t =    26.47s Checking existence of `Any (First Match)`
    t =    26.54s Find the Any (First Match)
    t =    26.68s Find the "Review status: RELEASED" StaticText
    t =    26.78s Find the ScrollView (First Match)
    t =    26.83s Get all elements bound by index for: Descendants matching type Button
    t =    26.90s Find the Button (Element at index 0)
    t =    27.02s Find the Button (Element at index 1)
    t =    27.14s Find the Button (Element at index 2)
    t =    28.20s Added attachment named 'Release detail — Review status — light'
    t =    28.20s Waiting 5.0s for ScrollView (First Match) to exist
    t =    29.28s     Checking `Expect predicate `existsNoRetry == 1` for object ScrollView (First Match)`
    t =    29.28s         Checking existence of `ScrollView (First Match)`
    t =    29.31s Checking existence of `Any (First Match)`
    t =    29.38s Find the Any (First Match)
    t =    29.53s Find the "Release version: 1" StaticText
    t =    29.63s Find the ScrollView (First Match)
    t =    29.67s Get all elements bound by index for: Descendants matching type Button
    t =    29.73s Find the Button (Element at index 0)
    t =    29.84s Find the Button (Element at index 1)
    t =    29.94s Find the Button (Element at index 2)
    t =    30.85s Added attachment named 'Release detail — Release version — light'
    t =    30.86s Waiting 5.0s for ScrollView (First Match) to exist
    t =    31.95s     Checking `Expect predicate `existsNoRetry == 1` for object ScrollView (First Match)`
    t =    31.95s         Checking existence of `ScrollView (First Match)`
    t =    31.99s Checking existence of `Any (First Match)`
    t =    32.15s Find the Any (First Match)
    t =    32.30s Find the "Published date and time: 2026-08-24T10:15:30Z" StaticText
    t =    32.40s Find the ScrollView (First Match)
    t =    32.45s Get all elements bound by index for: Descendants matching type Button
    t =    32.52s Find the Button (Element at index 0)
    t =    32.62s Find the Button (Element at index 1)
    t =    32.74s Find the Button (Element at index 2)
    t =    33.60s Added attachment named 'Release detail — Published date and time — light'
    t =    33.61s Waiting 5.0s for ScrollView (First Match) to exist
    t =    34.70s     Checking `Expect predicate `existsNoRetry == 1` for object ScrollView (First Match)`
    t =    34.70s         Checking existence of `ScrollView (First Match)`
    t =    34.73s Checking existence of `Any (First Match)`
    t =    34.81s Find the Any (First Match)
    t =    34.96s Find the "Conclusion title: Fictional conclusion" StaticText
    t =    35.06s Find the ScrollView (First Match)
    t =    35.11s Get all elements bound by index for: Descendants matching type Button
    t =    35.18s Find the Button (Element at index 0)
    t =    35.37s Find the Button (Element at index 1)
    t =    35.48s Find the Button (Element at index 2)
    t =    36.23s Added attachment named 'Release detail — Conclusion title — light'
    t =    36.23s Waiting 5.0s for ScrollView (First Match) to exist
    t =    37.31s     Checking `Expect predicate `existsNoRetry == 1` for object ScrollView (First Match)`
    t =    37.31s         Checking existence of `ScrollView (First Match)`
    t =    37.35s Checking existence of `Any (First Match)`
    t =    37.43s Find the Any (First Match)
    t =    37.59s Find the "Conclusion summary: Fictional summary" StaticText
    t =    37.72s Find the ScrollView (First Match)
    t =    37.77s Get all elements bound by index for: Descendants matching type Button
    t =    37.84s Find the Button (Element at index 0)
    t =    37.96s Find the Button (Element at index 1)
    t =    38.07s Find the Button (Element at index 2)
    t =    39.18s Added attachment named 'Release detail — Conclusion summary — light'
    t =    39.18s Waiting 5.0s for ScrollView (First Match) to exist
    t =    40.26s     Checking `Expect predicate `existsNoRetry == 1` for object ScrollView (First Match)`
    t =    40.26s         Checking existence of `ScrollView (First Match)`
    t =    40.30s Checking existence of `Any (First Match)`
    t =    40.38s Find the Any (First Match)
    t =    40.54s Find the "Evidence reference: FICTIONAL-REF-001" StaticText
    t =    40.64s Find the ScrollView (First Match)
    t =    40.69s Get all elements bound by index for: Descendants matching type Button
    t =    40.74s Find the Button (Element at index 0)
    t =    40.84s Find the Button (Element at index 1)
    t =    40.95s Find the Button (Element at index 2)
    t =    41.72s Added attachment named 'Release detail — Evidence reference — light'
    t =    41.72s Waiting 5.0s for ScrollView (First Match) to exist
    t =    42.78s     Checking `Expect predicate `existsNoRetry == 1` for object ScrollView (First Match)`
    t =    42.79s         Checking existence of `ScrollView (First Match)`
    t =    42.82s Checking existence of `Any (First Match)`
    t =    42.96s Find the Any (First Match)
    t =    43.15s Find the "Action description: Fictional action" StaticText
    t =    43.29s Find the ScrollView (First Match)
    t =    43.33s Get all elements bound by index for: Descendants matching type Button
    t =    43.43s Find the Button (Element at index 0)
    t =    43.58s Find the Button (Element at index 1)
    t =    43.69s Find the Button (Element at index 2)
    t =    44.44s Added attachment named 'Release detail — Action description — light'
    t =    44.44s Waiting 5.0s for ScrollView (First Match) to exist
    t =    45.53s     Checking `Expect predicate `existsNoRetry == 1` for object ScrollView (First Match)`
    t =    45.53s         Checking existence of `ScrollView (First Match)`
    t =    45.57s Checking existence of `Any (First Match)`
    t =    45.69s Find the Any (First Match)
    t =    45.89s Find the "Action owner: Fictional owner" StaticText
    t =    46.03s Find the ScrollView (First Match)
    t =    46.09s Get all elements bound by index for: Descendants matching type Button
    t =    46.16s Find the Button (Element at index 0)
    t =    46.30s Find the Button (Element at index 1)
    t =    46.41s Find the Button (Element at index 2)
    t =    47.27s Added attachment named 'Release detail — Action owner — light'
    t =    47.28s Waiting 5.0s for ScrollView (First Match) to exist
    t =    48.36s     Checking `Expect predicate `existsNoRetry == 1` for object ScrollView (First Match)`
    t =    48.36s         Checking existence of `ScrollView (First Match)`
    t =    48.40s Checking existence of `Any (First Match)`
    t =    48.53s Find the Any (First Match)
    t =    48.77s Find the "Action target date: 2026-08-25" StaticText
    t =    48.97s Find the ScrollView (First Match)
    t =    49.05s Find the "Effective interface style" ScrollView
    t =    49.12s Checking existence of `"Action target date: 2026-08-25" StaticText`
    t =    49.25s Find the "Action target date: 2026-08-25" StaticText
    t =    49.47s Press "Effective interface style" ScrollView[0.50, 0.72] for 0.1 seconds, then drag to "Effective interface style" ScrollView[0.50, 0.28] with velocity of 500.00 pixels per second, and then hold for 0.0 seconds 
    t =    49.47s     Wait for com.example.aceclientapp to idle
    t =    49.48s     Find the "Effective interface style" ScrollView
    t =    49.55s     Check for interrupting elements affecting "Effective interface style" ScrollView
    t =    49.65s     Synthesize event
    t =    49.65s         Find the "Effective interface style" ScrollView
    t =    49.74s         Find the "Effective interface style" ScrollView
    t =    49.85s         Find the "Effective interface style" ScrollView
    t =    49.96s         Find the "Effective interface style" ScrollView
    t =    50.09s         Find the "Effective interface style" ScrollView
    t =    51.23s     Wait for com.example.aceclientapp to idle
    t =    51.65s Checking existence of `"Action target date: 2026-08-25" StaticText`
    t =    51.77s Find the "Action target date: 2026-08-25" StaticText
    t =    52.00s Find the "Action target date: 2026-08-25" StaticText
    t =    52.17s Find the "Effective interface style" ScrollView
    t =    52.22s Get all elements bound by index for: Descendants matching type Button
    t =    52.27s Find the Button (Element at index 0)
    t =    52.40s Find the "Refresh current release" Button
    t =    52.54s Find the "Refresh current release" Button
    t =    52.62s Find the Button (Element at index 1)
    t =    52.75s Find the "Sign out" Button
    t =    52.87s Find the "Sign out" Button
    t =    52.95s Find the Button (Element at index 2)
    t =    53.07s Find the "Copy action 1" Button
    t =    53.16s Find the "Copy action 1" Button
    t =    53.88s Added attachment named 'Release detail — Action target date — light'
    t =    53.88s Waiting 5.0s for ScrollView (First Match) to exist
    t =    54.90s     Checking `Expect predicate `existsNoRetry == 1` for object ScrollView (First Match)`
    t =    54.90s         Checking existence of `ScrollView (First Match)`
    t =    54.96s Checking existence of `Any (First Match)`
    t =    55.13s Find the Any (First Match)
    t =    55.36s Find the "Action status: OPEN" StaticText
    t =    55.52s Find the ScrollView (First Match)
    t =    55.57s Get all elements bound by index for: Descendants matching type Button
    t =    55.63s Find the Button (Element at index 0)
    t =    55.74s Find the "Refresh current release" Button
    t =    55.92s Find the "Refresh current release" Button
    t =    55.99s Find the Button (Element at index 1)
    t =    56.13s Find the "Sign out" Button
    t =    56.23s Find the "Sign out" Button
    t =    56.31s Find the Button (Element at index 2)
    t =    56.48s Find the "Copy action 1" Button
    t =    56.59s Find the "Copy action 1" Button
    t =    57.44s Added attachment named 'Release detail — Action status — light'
    t =    57.44s Get all elements bound by index for: Descendants matching type Button
    t =    57.50s Find the Button (Element at index 0)
    t =    57.67s Find the "Refresh current release" Button
    t =    57.77s Find the "Refresh current release" Button
    t =    57.85s Find the Button (Element at index 1)
    t =    57.98s Find the "Sign out" Button
    t =    58.08s Find the "Sign out" Button
    t =    58.17s Find the Button (Element at index 2)
    t =    58.30s Find the "Copy action 1" Button
    t =    58.42s Find the "Copy action 1" Button
    t =    58.50s Find the Target Application 'com.example.aceclientapp'
    t =    59.25s Added attachment named 'Fictional release — approved-controls — light'
    t =    59.26s Find the "Action 1" StaticText
    t =    59.38s Find the "Action status: OPEN" StaticText
    t =    60.06s Find the "Action 1" StaticText
    t =    60.19s Find the "Action status: OPEN" StaticText
ACE_MCX19_CONTRAST_PROBE {"after":{"Action 1":{"height":20.333333333333428,"width":63.333333333333329,"x":32,"y":454.33333333333326},"Action status: OPEN":{"height":42.333333333333258,"width":99.666666666666657,"x":32,"y":649.66666666666674}},"before":{"Action 1":{"height":20.333333333333428,"width":63.333333333333329,"x":32,"y":454.33333333333326},"Action status: OPEN":{"height":42.333333333333258,"width":99.666666666666657,"x":32,"y":649.66666666666674}}}
    t =    60.32s Find the "Action 1" StaticText
    t =    60.44s Find the "Action status: OPEN" StaticText
ACE_MCX19_ALL_AUDIT_PRE {"after":{"Action 1":{"height":20.333333333333428,"width":63.333333333333329,"x":32,"y":454.33333333333326},"Action status: OPEN":{"height":42.333333333333258,"width":99.666666666666657,"x":32,"y":649.66666666666674}},"before":{"Action 1":{"height":20.333333333333428,"width":63.333333333333329,"x":32,"y":454.33333333333326},"Action status: OPEN":{"height":42.333333333333258,"width":99.666666666666657,"x":32,"y":649.66666666666674}}}
    t =    65.10s Find the "Action 1" StaticText
    t =    65.28s Find the "Action status: OPEN" StaticText
ACE_MCX19_ALL_AUDIT_POST {"after":{"Action 1":{"height":20.333333333333371,"width":63.333333333333329,"x":32,"y":542.99999999999989},"Action status: OPEN":{"height":42.333333333333258,"width":99.666666666666657,"x":32,"y":738.33333333333337}},"before":{"Action 1":{"height":20.333333333333371,"width":63.333333333333329,"x":32,"y":542.99999999999989},"Action status: OPEN":{"height":42.333333333333258,"width":99.666666666666657,"x":32,"y":738.33333333333337}}}
    t =    65.41s Terminate com.example.aceclientapp:73325
    t =    66.42s Open com.example.aceclientapp
    t =    66.43s     Launch com.example.aceclientapp
    t =    67.50s         Setting up automation session
    t =    72.53s         Wait for com.example.aceclientapp to idle
    t =    75.47s Waiting 5.0s for ScrollView (First Match) to exist
    t =    76.50s     Checking `Expect predicate `existsNoRetry == 1` for object ScrollView (First Match)`
    t =    76.51s         Checking existence of `ScrollView (First Match)`
    t =    76.68s Checking existence of `"Copy action 1" Button`
    t =    76.93s Find the "Copy action 1" Button
    t =    77.13s Find the ScrollView (First Match)
    t =    77.20s Checking existence of `"Copy action 1" Button`
    t =    77.29s Find the "Copy action 1" Button
    t =    77.43s Press "Effective interface style" ScrollView[0.50, 0.72] for 0.1 seconds, then drag to "Effective interface style" ScrollView[0.50, 0.28] with velocity of 500.00 pixels per second, and then hold for 0.0 seconds 
    t =    77.43s     Wait for com.example.aceclientapp to idle
    t =    77.45s     Find the "Effective interface style" ScrollView
    t =    77.51s     Check for interrupting elements affecting "Effective interface style" ScrollView
    t =    77.62s     Synthesize event
    t =    77.62s         Find the "Effective interface style" ScrollView
    t =    77.72s         Find the "Effective interface style" ScrollView
    t =    77.80s         Find the "Effective interface style" ScrollView
    t =    77.88s         Find the "Effective interface style" ScrollView
    t =    77.97s         Find the "Effective interface style" ScrollView
    t =    79.09s     Wait for com.example.aceclientapp to idle
    t =    79.50s Checking existence of `"Copy action 1" Button`
    t =    79.62s Find the "Copy action 1" Button
    t =    79.81s Find the "Copy action 1" Button
    t =    79.94s Find the "Effective interface style" ScrollView
    t =    80.00s Tap "Copy action 1" Button
    t =    80.01s     Wait for com.example.aceclientapp to idle
    t =    80.02s     Find the "Copy action 1" Button
    t =    80.11s     Check for interrupting elements affecting "Copy action 1" Button
    t =    80.21s     Synthesize event
    t =    80.60s     Wait for com.example.aceclientapp to idle
    t =    80.61s Checking existence of `"Copied Action 1." StaticText`
    t =    80.71s Waiting 5.0s for ScrollView (First Match) to exist
    t =    81.76s     Checking `Expect predicate `existsNoRetry == 1` for object ScrollView (First Match)`
    t =    81.76s         Checking existence of `ScrollView (First Match)`
    t =    81.80s Checking existence of `"Copied Action 1." StaticText`
    t =    81.88s Find the "Copied Action 1." StaticText
    t =    82.03s Find the "Copied Action 1." StaticText
    t =    82.12s Find the ScrollView (First Match)
    t =    82.19s Find the Target Application 'com.example.aceclientapp'
    t =    82.92s Added attachment named 'Controlled state — copyConfirmation — light'
    t =    88.10s Terminate com.example.aceclientapp:73443
    t =    89.21s Tear Down
Test Case '-[ACEClientAppUITests.ACEClientAppUITests testFictionalReleaseHasApprovedCopyControls]' passed (89.600 seconds).
Test Suite 'ACEClientAppUITests' passed at 2026-09-15 09:11:39.668.
	 Executed 1 test, with 0 failures (0 unexpected) in 89.600 (89.609) seconds
Test Suite 'ACEClientAppUITests.xctest' passed at 2026-09-15 09:11:39.670.
	 Executed 1 test, with 0 failures (0 unexpected) in 89.600 (89.613) seconds
Test Suite 'Selected tests' passed at 2026-09-15 09:11:39.673.
	 Executed 1 test, with 0 failures (0 unexpected) in 89.600 (89.624) seconds

Test session results, code coverage, and logs:
	LOCAL_HOME/ace-private/mcx19b-implementation-20260914/copy-colour-investigation-20260915/light-runs/20260914T230801Z-selected-156183575705/selected.xcresult

** TEST EXECUTE SUCCEEDED **

Testing started
2026-09-15 09:09:55.774 xcodebuild[73288:3377422] [MT] IDERunDestination: Supported platforms for the buildables in the current scheme is empty.
2026-09-15 09:09:55.818 xcodebuild[73288:3377422] [MT] IDERunDestination: Supported platforms for the buildables in the current scheme is empty.
2026-09-15 09:09:57.252 xcodebuild[73288:3377422] [MT] IDERunDestination: Supported platforms for the buildables in the current scheme is empty.
2026-09-15 09:10:10.597 xcodebuild[73288:3377422] [MT] IDELaunchParametersSnapshot: The operation couldn’t be completed. (DebuggerLLDB.DebuggerVersionStore.StoreError error 0.)
2026-09-15 09:10:10.597 xcodebuild[73288:3377422] [MT] IDELaunchParametersSnapshot: no debugger version
2026-09-15 09:11:16.491 xcodebuild[73288:3377422] [MT] IDELaunchParametersSnapshot: The operation couldn’t be completed. (DebuggerLLDB.DebuggerVersionStore.StoreError error 0.)
2026-09-15 09:11:16.491 xcodebuild[73288:3377422] [MT] IDELaunchParametersSnapshot: no debugger version
2026-09-15 09:11:40.205 xcodebuild[73288:3377422] [MT] IDETestOperationsObserverDebug: 102.942 elapsed -- Testing started completed.
2026-09-15 09:11:40.205 xcodebuild[73288:3377422] [MT] IDETestOperationsObserverDebug: 0.000 sec, +0.000 sec -- start
2026-09-15 09:11:40.205 xcodebuild[73288:3377422] [MT] IDETestOperationsObserverDebug: 102.942 sec, +102.942 sec -- end
