Command line invocation:
    /Applications/Xcode.app/Contents/Developer/usr/bin/xcodebuild test-without-building -xctestrun "LOCAL_HOME/ace-private/mcx19b-orientation-repair-20260915/10-target-size-diagnosis/native-measurement-focus-v1/native-settings/iPhone 17 Pro Max-read/ACEClientAppUITests.xctestrun" -destination id=D1BAA05C-52DD-4E57-832F-C0A75718E085 -parallel-testing-enabled NO "-only-testing:ACEClientAppUITests/ACEClientAppUITests/testConfigureAccessibilitySettings" -resultBundlePath "LOCAL_HOME/ace-private/mcx19b-orientation-repair-20260915/10-target-size-diagnosis/native-measurement-focus-v1/native-settings/iPhone 17 Pro Max-read/result.xcresult"

Writing result bundle at path:
	LOCAL_HOME/ace-private/mcx19b-orientation-repair-20260915/10-target-size-diagnosis/native-measurement-focus-v1/native-settings/iPhone 17 Pro Max-read/result.xcresult

2026-09-15 22:46:27.941513+1000 ACEClientAppUITests-Runner[74267:5251485] [Default] Running tests...
2026-09-15 22:46:28.205078+1000 ACEClientAppUITests-Runner[74267:5251594] [General] Failed to send CA Event for app launch measurements for ca_event_type: 0 event_name: com.apple.app_launch_measurement.FirstFramePresentationMetric
    t =      nans Interface orientation changed to Portrait
2026-09-15 22:46:33.176471+1000 ACEClientAppUITests-Runner[74267:5251592] [General] Failed to send CA Event for app launch measurements for ca_event_type: 1 event_name: com.apple.app_launch_measurement.ExtendedLaunchMetrics
Test Suite 'Selected tests' started at 2026-09-15 22:46:33.275.
Test Suite 'ACEClientAppUITests.xctest' started at 2026-09-15 22:46:33.278.
Test Suite 'ACEClientAppUITests' started at 2026-09-15 22:46:33.279.
Test Case '-[ACEClientAppUITests.ACEClientAppUITests testConfigureAccessibilitySettings]' started.
    t =     0.01s Start Test at 2026-09-15 22:46:33.288
    t =     0.31s Set Up
    t =     0.34s Open com.example.aceclientapp
    t =     0.35s     Launch com.example.aceclientapp
    t =     4.64s         Setting up automation session
    t =    10.47s         Wait for com.example.aceclientapp to idle
    t =    13.41s Waiting 5.0s for "Effective interface style" Any to exist
    t =    14.49s     Checking `Expect predicate `existsNoRetry == 1` for object "Effective interface style" Any`
    t =    14.49s         Checking existence of `"Effective interface style" Any`
    t =    15.66s Find the "Effective interface style" Any
    t =    15.74s Find the "Effective interface style" ScrollView
    t =    15.79s Terminate com.example.aceclientapp:74296
    t =    19.87s Open com.example.aceclientapp
    t =    19.88s     Launch com.example.aceclientapp
    t =    21.25s         Setting up automation session
    t =    26.96s         Wait for com.example.aceclientapp to idle
    t =    30.09s Waiting 5.0s for "Effective interface style" Any to exist
    t =    31.15s     Checking `Expect predicate `existsNoRetry == 1` for object "Effective interface style" Any`
    t =    31.15s         Checking existence of `"Effective interface style" Any`
    t =    32.46s Find the "Effective interface style" Any
    t =    32.53s Find the "Effective interface style" ScrollView
ACE_SETTINGS_RESULT {"mode":"read","observed":{"boldText":false,"increaseContrast":false,"orientation":"portrait","reduceMotion":false}}
    t =    32.59s Terminate com.example.aceclientapp:74321
    t =    33.62s Tear Down
Test Case '-[ACEClientAppUITests.ACEClientAppUITests testConfigureAccessibilitySettings]' passed (35.899 seconds).
Test Suite 'ACEClientAppUITests' passed at 2026-09-15 22:47:09.187.
	 Executed 1 test, with 0 failures (0 unexpected) in 35.899 (35.908) seconds
Test Suite 'ACEClientAppUITests.xctest' passed at 2026-09-15 22:47:09.189.
	 Executed 1 test, with 0 failures (0 unexpected) in 35.899 (35.911) seconds
Test Suite 'Selected tests' passed at 2026-09-15 22:47:09.192.
	 Executed 1 test, with 0 failures (0 unexpected) in 35.899 (35.917) seconds

Test session results, code coverage, and logs:
	LOCAL_HOME/ace-private/mcx19b-orientation-repair-20260915/10-target-size-diagnosis/native-measurement-focus-v1/native-settings/iPhone 17 Pro Max-read/result.xcresult

** TEST EXECUTE SUCCEEDED **

Testing started
2026-09-15 22:46:15.867 xcodebuild[74236:5250715] [MT] IDERunDestination: Supported platforms for the buildables in the current scheme is empty.
2026-09-15 22:46:15.896 xcodebuild[74236:5250715] [MT] IDERunDestination: Supported platforms for the buildables in the current scheme is empty.
2026-09-15 22:46:17.658 xcodebuild[74236:5250715] [MT] IDERunDestination: Supported platforms for the buildables in the current scheme is empty.
2026-09-15 22:46:33.854 xcodebuild[74236:5250715] [MT] IDELaunchParametersSnapshot: The operation couldn’t be completed. (DebuggerLLDB.DebuggerVersionStore.StoreError error 0.)
2026-09-15 22:46:33.854 xcodebuild[74236:5250715] [MT] IDELaunchParametersSnapshot: no debugger version
2026-09-15 22:46:53.164 xcodebuild[74236:5250715] [MT] IDELaunchParametersSnapshot: The operation couldn’t be completed. (DebuggerLLDB.DebuggerVersionStore.StoreError error 0.)
2026-09-15 22:46:53.164 xcodebuild[74236:5250715] [MT] IDELaunchParametersSnapshot: no debugger version
2026-09-15 22:47:09.666 xcodebuild[74236:5250715] [MT] IDETestOperationsObserverDebug: 51.996 elapsed -- Testing started completed.
2026-09-15 22:47:09.666 xcodebuild[74236:5250715] [MT] IDETestOperationsObserverDebug: 0.000 sec, +0.000 sec -- start
2026-09-15 22:47:09.666 xcodebuild[74236:5250715] [MT] IDETestOperationsObserverDebug: 51.996 sec, +51.996 sec -- end
