Command line invocation:
    /Applications/Xcode.app/Contents/Developer/usr/bin/xcodebuild test-without-building -xctestrun LOCAL_HOME/ace-private/mcx19b-orientation-repair-20260915/04-pro-max-restore-recovery/native-settings/restore/ACEClientAppUITests.xctestrun -destination id=D1BAA05C-52DD-4E57-832F-C0A75718E085 -parallel-testing-enabled NO "-only-testing:ACEClientAppUITests/ACEClientAppUITests/testConfigureAccessibilitySettings" -resultBundlePath LOCAL_HOME/ace-private/mcx19b-orientation-repair-20260915/04-pro-max-restore-recovery/native-settings/restore/result.xcresult

Writing result bundle at path:
	LOCAL_HOME/ace-private/mcx19b-orientation-repair-20260915/04-pro-max-restore-recovery/native-settings/restore/result.xcresult

2026-09-15 17:38:34.214873+1000 ACEClientAppUITests-Runner[30858:4430710] [Default] Running tests...
    t =      nans Interface orientation changed to Portrait
Test Suite 'Selected tests' started at 2026-09-15 17:38:55.933.
Test Suite 'ACEClientAppUITests.xctest' started at 2026-09-15 17:38:55.935.
Test Suite 'ACEClientAppUITests' started at 2026-09-15 17:38:55.936.
Test Case '-[ACEClientAppUITests.ACEClientAppUITests testConfigureAccessibilitySettings]' started.
    t =     0.01s Start Test at 2026-09-15 17:38:55.945
    t =     1.05s Set Up
    t =     1.08s Open com.example.aceclientapp
    t =     1.08s     Launch com.example.aceclientapp
    t =     4.44s         Setting up automation session
    t =     9.45s         Wait for com.example.aceclientapp to idle
    t =    12.26s Waiting 5.0s for "Effective interface style" Any to exist
    t =    13.31s     Checking `Expect predicate `existsNoRetry == 1` for object "Effective interface style" Any`
    t =    13.31s         Checking existence of `"Effective interface style" Any`
    t =    14.58s Find the "Effective interface style" Any
    t =    14.67s Find the "Effective interface style" ScrollView
    t =    14.72s Terminate com.example.aceclientapp:30929
    t =    15.79s Setting device orientation to Portrait
    t =    15.80s     Device orientation changed to Portrait
    t =    15.97s     Wait for com.apple.springboard to idle
    t =    16.20s Open com.example.aceclientapp
    t =    16.20s     Launch com.example.aceclientapp
    t =    17.08s         Setting up automation session
    t =    21.28s         Wait for com.example.aceclientapp to idle
    t =    24.11s Waiting 5.0s for "Effective interface style" Any to exist
    t =    25.19s     Checking `Expect predicate `existsNoRetry == 1` for object "Effective interface style" Any`
    t =    25.19s         Checking existence of `"Effective interface style" Any`
    t =    26.41s Find the "Effective interface style" Any
    t =    26.47s Find the "Effective interface style" ScrollView
ACE_ORIENTATION_READ_STARTED {"requested":"portrait"}
    t =    26.53s Find the Target Application 'com.example.aceclientapp'
ACE_ORIENTATION_FRAME {"elapsedReadSeconds":0.075157368002692237,"frame":{"height":"956.0","width":"440.0","x":"0.0","y":"0.0"},"outcome":"match","requested":"portrait"}
ACE_SETTINGS_RESULT {"mode":"set","observed":{"boldText":false,"increaseContrast":false,"orientation":"portrait","reduceMotion":false}}
    t =    26.61s Terminate com.example.aceclientapp:30955
    t =    27.65s Tear Down
Test Case '-[ACEClientAppUITests.ACEClientAppUITests testConfigureAccessibilitySettings]' passed (28.006 seconds).
Test Suite 'ACEClientAppUITests' passed at 2026-09-15 17:39:23.950.
	 Executed 1 test, with 0 failures (0 unexpected) in 28.006 (28.014) seconds
Test Suite 'ACEClientAppUITests.xctest' passed at 2026-09-15 17:39:23.953.
	 Executed 1 test, with 0 failures (0 unexpected) in 28.006 (28.018) seconds
Test Suite 'Selected tests' passed at 2026-09-15 17:39:23.955.
	 Executed 1 test, with 0 failures (0 unexpected) in 28.006 (28.022) seconds

Test session results, code coverage, and logs:
	LOCAL_HOME/ace-private/mcx19b-orientation-repair-20260915/04-pro-max-restore-recovery/native-settings/restore/result.xcresult

** TEST EXECUTE SUCCEEDED **

Testing started
2026-09-15 17:37:22.434 xcodebuild[30688:4426997] [MT] IDERunDestination: Supported platforms for the buildables in the current scheme is empty.
2026-09-15 17:37:22.455 xcodebuild[30688:4426997] [MT] IDERunDestination: Supported platforms for the buildables in the current scheme is empty.
2026-09-15 17:37:22.468 xcodebuild[30688:4426997] [MT] IDERunDestination: Supported platforms for the buildables in the current scheme is empty.
2026-09-15 17:38:57.228 xcodebuild[30688:4426997] [MT] IDELaunchParametersSnapshot: The operation couldn’t be completed. (DebuggerLLDB.DebuggerVersionStore.StoreError error 0.)
2026-09-15 17:38:57.229 xcodebuild[30688:4426997] [MT] IDELaunchParametersSnapshot: no debugger version
2026-09-15 17:39:12.141 xcodebuild[30688:4426997] [MT] IDELaunchParametersSnapshot: The operation couldn’t be completed. (DebuggerLLDB.DebuggerVersionStore.StoreError error 0.)
2026-09-15 17:39:12.141 xcodebuild[30688:4426997] [MT] IDELaunchParametersSnapshot: no debugger version
2026-09-15 17:39:24.322 xcodebuild[30688:4426997] [MT] IDETestOperationsObserverDebug: 120.345 elapsed -- Testing started completed.
2026-09-15 17:39:24.323 xcodebuild[30688:4426997] [MT] IDETestOperationsObserverDebug: 0.000 sec, +0.000 sec -- start
2026-09-15 17:39:24.323 xcodebuild[30688:4426997] [MT] IDETestOperationsObserverDebug: 120.345 sec, +120.345 sec -- end
