Command line invocation:
    /Applications/Xcode.app/Contents/Developer/usr/bin/xcodebuild test-without-building -xctestrun "LOCAL_HOME/ace-private/mcx19b-orientation-repair-20260915/08-copy-confirmation-diagnosis/native-frame-probe/native-settings/iPhone 17 Pro Max-restore-post-boot/ACEClientAppUITests.xctestrun" -destination id=D1BAA05C-52DD-4E57-832F-C0A75718E085 -parallel-testing-enabled NO "-only-testing:ACEClientAppUITests/ACEClientAppUITests/testConfigureAccessibilitySettings" -resultBundlePath "LOCAL_HOME/ace-private/mcx19b-orientation-repair-20260915/08-copy-confirmation-diagnosis/native-frame-probe/native-settings/iPhone 17 Pro Max-restore-post-boot/result.xcresult"

Writing result bundle at path:
	LOCAL_HOME/ace-private/mcx19b-orientation-repair-20260915/08-copy-confirmation-diagnosis/native-frame-probe/native-settings/iPhone 17 Pro Max-restore-post-boot/result.xcresult

2026-09-15 20:35:04.753637+1000 ACEClientAppUITests-Runner[54908:4869540] [Default] Running tests...
2026-09-15 20:35:04.942026+1000 ACEClientAppUITests-Runner[54908:4869717] [General] Failed to send CA Event for app launch measurements for ca_event_type: 0 event_name: com.apple.app_launch_measurement.FirstFramePresentationMetric
2026-09-15 20:35:05.025470+1000 ACEClientAppUITests-Runner[54908:4869717] [General] Failed to send CA Event for app launch measurements for ca_event_type: 1 event_name: com.apple.app_launch_measurement.ExtendedLaunchMetrics
    t =      nans Interface orientation changed to Portrait
Test Suite 'Selected tests' started at 2026-09-15 20:35:18.571.
Test Suite 'ACEClientAppUITests.xctest' started at 2026-09-15 20:35:18.573.
Test Suite 'ACEClientAppUITests' started at 2026-09-15 20:35:18.574.
Test Case '-[ACEClientAppUITests.ACEClientAppUITests testConfigureAccessibilitySettings]' started.
    t =     0.01s Start Test at 2026-09-15 20:35:18.583
    t =     0.80s Set Up
    t =     0.84s Open com.example.aceclientapp
    t =     0.85s     Launch com.example.aceclientapp
    t =     5.61s         Setting up automation session
    t =     9.49s         Wait for com.example.aceclientapp to idle
    t =    11.97s Waiting 5.0s for "Effective interface style" Any to exist
    t =    13.03s     Checking `Expect predicate `existsNoRetry == 1` for object "Effective interface style" Any`
    t =    13.04s         Checking existence of `"Effective interface style" Any`
    t =    14.22s Find the "Effective interface style" Any
    t =    14.28s Find the "Effective interface style" ScrollView
    t =    14.32s Terminate com.example.aceclientapp:54944
    t =    15.35s Setting device orientation to Portrait
    t =    15.36s     Device orientation changed to Portrait
    t =    15.41s     Wait for com.apple.springboard to idle
    t =    15.54s Open com.example.aceclientapp
    t =    15.54s     Launch com.example.aceclientapp
    t =    16.19s         Setting up automation session
    t =    20.23s         Wait for com.example.aceclientapp to idle
    t =    22.67s Waiting 5.0s for "Effective interface style" Any to exist
    t =    23.73s     Checking `Expect predicate `existsNoRetry == 1` for object "Effective interface style" Any`
    t =    23.73s         Checking existence of `"Effective interface style" Any`
    t =    24.89s Find the "Effective interface style" Any
    t =    24.97s Find the "Effective interface style" ScrollView
ACE_ORIENTATION_READ_STARTED {"requested":"portrait"}
    t =    25.03s Find the Target Application 'com.example.aceclientapp'
ACE_ORIENTATION_FRAME {"elapsedReadSeconds":0.069471422000788152,"frame":{"height":"956.0","width":"440.0","x":"0.0","y":"0.0"},"outcome":"match","requested":"portrait"}
ACE_SETTINGS_RESULT {"mode":"set","observed":{"boldText":false,"increaseContrast":false,"orientation":"portrait","reduceMotion":false}}
    t =    25.10s Terminate com.example.aceclientapp:54961
    t =    26.18s Tear Down
Test Case '-[ACEClientAppUITests.ACEClientAppUITests testConfigureAccessibilitySettings]' passed (26.456 seconds).
Test Suite 'ACEClientAppUITests' passed at 2026-09-15 20:35:45.039.
	 Executed 1 test, with 0 failures (0 unexpected) in 26.456 (26.465) seconds
Test Suite 'ACEClientAppUITests.xctest' passed at 2026-09-15 20:35:45.040.
	 Executed 1 test, with 0 failures (0 unexpected) in 26.456 (26.468) seconds
Test Suite 'Selected tests' passed at 2026-09-15 20:35:45.043.
	 Executed 1 test, with 0 failures (0 unexpected) in 26.456 (26.472) seconds

Test session results, code coverage, and logs:
	LOCAL_HOME/ace-private/mcx19b-orientation-repair-20260915/08-copy-confirmation-diagnosis/native-frame-probe/native-settings/iPhone 17 Pro Max-restore-post-boot/result.xcresult

** TEST EXECUTE SUCCEEDED **

Testing started
2026-09-15 20:34:36.412 xcodebuild[54836:4867943] [MT] IDERunDestination: Supported platforms for the buildables in the current scheme is empty.
2026-09-15 20:34:36.434 xcodebuild[54836:4867943] [MT] IDERunDestination: Supported platforms for the buildables in the current scheme is empty.
2026-09-15 20:34:37.802 xcodebuild[54836:4867943] [MT] IDERunDestination: Supported platforms for the buildables in the current scheme is empty.
2026-09-15 20:35:19.568 xcodebuild[54836:4867943] [MT] IDELaunchParametersSnapshot: The operation couldn’t be completed. (DebuggerLLDB.DebuggerVersionStore.StoreError error 0.)
2026-09-15 20:35:19.568 xcodebuild[54836:4867943] [MT] IDELaunchParametersSnapshot: no debugger version
2026-09-15 20:35:34.120 xcodebuild[54836:4867943] [MT] IDELaunchParametersSnapshot: The operation couldn’t be completed. (DebuggerLLDB.DebuggerVersionStore.StoreError error 0.)
2026-09-15 20:35:34.120 xcodebuild[54836:4867943] [MT] IDELaunchParametersSnapshot: no debugger version
2026-09-15 20:35:45.401 xcodebuild[54836:4867943] [MT] IDETestOperationsObserverDebug: 67.575 elapsed -- Testing started completed.
2026-09-15 20:35:45.401 xcodebuild[54836:4867943] [MT] IDETestOperationsObserverDebug: 0.000 sec, +0.000 sec -- start
2026-09-15 20:35:45.401 xcodebuild[54836:4867943] [MT] IDETestOperationsObserverDebug: 67.575 sec, +67.575 sec -- end
