Command line invocation:
    /Applications/Xcode.app/Contents/Developer/usr/bin/xcodebuild test-without-building -xctestrun "LOCAL_HOME/ace-private/mcx19b-orientation-repair-20260915/09-signin-scroll-diagnosis/native-screen-focus-v1/native-settings/iPhone 17-read/ACEClientAppUITests.xctestrun" -destination id=2EB0863C-470E-467D-A0C6-CD216DA70C67 -parallel-testing-enabled NO "-only-testing:ACEClientAppUITests/ACEClientAppUITests/testConfigureAccessibilitySettings" -resultBundlePath "LOCAL_HOME/ace-private/mcx19b-orientation-repair-20260915/09-signin-scroll-diagnosis/native-screen-focus-v1/native-settings/iPhone 17-read/result.xcresult"

Writing result bundle at path:
	LOCAL_HOME/ace-private/mcx19b-orientation-repair-20260915/09-signin-scroll-diagnosis/native-screen-focus-v1/native-settings/iPhone 17-read/result.xcresult

2026-09-15 21:58:52.917711+1000 ACEClientAppUITests-Runner[66668:5104907] [Default] Running tests...
    t =      nans Interface orientation changed to Portrait
Test Suite 'Selected tests' started at 2026-09-15 21:59:05.575.
Test Suite 'ACEClientAppUITests.xctest' started at 2026-09-15 21:59:05.577.
Test Suite 'ACEClientAppUITests' started at 2026-09-15 21:59:05.578.
Test Case '-[ACEClientAppUITests.ACEClientAppUITests testConfigureAccessibilitySettings]' started.
    t =     0.01s Start Test at 2026-09-15 21:59:05.593
    t =     0.78s Set Up
    t =     0.80s Open com.example.aceclientapp
    t =     0.80s     Launch com.example.aceclientapp
    t =     3.48s         Setting up automation session
    t =     7.37s         Wait for com.example.aceclientapp to idle
    t =     9.78s Waiting 5.0s for "Effective interface style" Any to exist
    t =    10.86s     Checking `Expect predicate `existsNoRetry == 1` for object "Effective interface style" Any`
    t =    10.87s         Checking existence of `"Effective interface style" Any`
    t =    12.04s Find the "Effective interface style" Any
    t =    12.09s Find the "Effective interface style" ScrollView
    t =    12.14s Terminate com.example.aceclientapp:66712
    t =    13.17s Open com.example.aceclientapp
    t =    13.17s     Launch com.example.aceclientapp
    t =    13.83s         Setting up automation session
    t =    17.84s         Wait for com.example.aceclientapp to idle
    t =    20.41s Waiting 5.0s for "Effective interface style" Any to exist
    t =    21.49s     Checking `Expect predicate `existsNoRetry == 1` for object "Effective interface style" Any`
    t =    21.49s         Checking existence of `"Effective interface style" Any`
    t =    22.79s Find the "Effective interface style" Any
    t =    22.84s Find the "Effective interface style" ScrollView
ACE_SETTINGS_RESULT {"mode":"read","observed":{"boldText":false,"increaseContrast":false,"orientation":"portrait","reduceMotion":false}}
    t =    22.89s Terminate com.example.aceclientapp:66737
    t =    23.92s Tear Down
Test Case '-[ACEClientAppUITests.ACEClientAppUITests testConfigureAccessibilitySettings]' passed (24.290 seconds).
Test Suite 'ACEClientAppUITests' passed at 2026-09-15 21:59:29.883.
	 Executed 1 test, with 0 failures (0 unexpected) in 24.290 (24.304) seconds
Test Suite 'ACEClientAppUITests.xctest' passed at 2026-09-15 21:59:29.886.
	 Executed 1 test, with 0 failures (0 unexpected) in 24.290 (24.308) seconds
Test Suite 'Selected tests' passed at 2026-09-15 21:59:29.889.
	 Executed 1 test, with 0 failures (0 unexpected) in 24.290 (24.314) seconds

Test session results, code coverage, and logs:
	LOCAL_HOME/ace-private/mcx19b-orientation-repair-20260915/09-signin-scroll-diagnosis/native-screen-focus-v1/native-settings/iPhone 17-read/result.xcresult

** TEST EXECUTE SUCCEEDED **

Testing started
2026-09-15 21:58:21.617 xcodebuild[66566:5103169] [MT] IDERunDestination: Supported platforms for the buildables in the current scheme is empty.
2026-09-15 21:58:21.657 xcodebuild[66566:5103169] [MT] IDERunDestination: Supported platforms for the buildables in the current scheme is empty.
2026-09-15 21:58:23.331 xcodebuild[66566:5103169] [MT] IDERunDestination: Supported platforms for the buildables in the current scheme is empty.
2026-09-15 21:59:06.514 xcodebuild[66566:5103169] [MT] IDELaunchParametersSnapshot: The operation couldn’t be completed. (DebuggerLLDB.DebuggerVersionStore.StoreError error 0.)
2026-09-15 21:59:06.514 xcodebuild[66566:5103169] [MT] IDELaunchParametersSnapshot: no debugger version
2026-09-15 21:59:18.758 xcodebuild[66566:5103169] [MT] IDELaunchParametersSnapshot: The operation couldn’t be completed. (DebuggerLLDB.DebuggerVersionStore.StoreError error 0.)
2026-09-15 21:59:18.758 xcodebuild[66566:5103169] [MT] IDELaunchParametersSnapshot: no debugger version
2026-09-15 21:59:30.329 xcodebuild[66566:5103169] [MT] IDETestOperationsObserverDebug: 66.988 elapsed -- Testing started completed.
2026-09-15 21:59:30.329 xcodebuild[66566:5103169] [MT] IDETestOperationsObserverDebug: 0.000 sec, +0.000 sec -- start
2026-09-15 21:59:30.329 xcodebuild[66566:5103169] [MT] IDETestOperationsObserverDebug: 66.988 sec, +66.988 sec -- end
