Command line invocation:
    /Applications/Xcode.app/Contents/Developer/usr/bin/xcodebuild test-without-building -xctestrun "LOCAL_HOME/ace-private/mcx19b-orientation-repair-20260915/11-settings-toggle-diagnosis/complete-pilot-runs/20260915T133932Z-pilot-497a5a280dc6/native-settings/iPhone 17 Pro Max-restore-post-boot/ACEClientAppUITests.xctestrun" -destination id=D1BAA05C-52DD-4E57-832F-C0A75718E085 -parallel-testing-enabled NO "-only-testing:ACEClientAppUITests/ACEClientAppUITests/testConfigureAccessibilitySettings" -resultBundlePath "LOCAL_HOME/ace-private/mcx19b-orientation-repair-20260915/11-settings-toggle-diagnosis/complete-pilot-runs/20260915T133932Z-pilot-497a5a280dc6/native-settings/iPhone 17 Pro Max-restore-post-boot/result.xcresult"

Writing result bundle at path:
	LOCAL_HOME/ace-private/mcx19b-orientation-repair-20260915/11-settings-toggle-diagnosis/complete-pilot-runs/20260915T133932Z-pilot-497a5a280dc6/native-settings/iPhone 17 Pro Max-restore-post-boot/result.xcresult

2026-09-15 23:50:31.300099+1000 ACEClientAppUITests-Runner[82703:5418391] [Default] Running tests...
2026-09-15 23:50:31.447954+1000 ACEClientAppUITests-Runner[82703:5418702] [General] Failed to send CA Event for app launch measurements for ca_event_type: 0 event_name: com.apple.app_launch_measurement.FirstFramePresentationMetric
2026-09-15 23:50:31.491736+1000 ACEClientAppUITests-Runner[82703:5418702] [General] Failed to send CA Event for app launch measurements for ca_event_type: 1 event_name: com.apple.app_launch_measurement.ExtendedLaunchMetrics
    t =      nans Interface orientation changed to Portrait
Test Suite 'Selected tests' started at 2026-09-15 23:50:43.500.
Test Suite 'ACEClientAppUITests.xctest' started at 2026-09-15 23:50:43.502.
Test Suite 'ACEClientAppUITests' started at 2026-09-15 23:50:43.503.
Test Case '-[ACEClientAppUITests.ACEClientAppUITests testConfigureAccessibilitySettings]' started.
    t =     0.01s Start Test at 2026-09-15 23:50:43.514
    t =     0.72s Set Up
    t =     0.73s Open com.example.aceclientapp
    t =     0.74s     Launch com.example.aceclientapp
    t =     3.41s         Setting up automation session
    t =     6.95s         Wait for com.example.aceclientapp to idle
    t =     9.34s Waiting 5.0s for "Effective interface style" Any to exist
    t =    10.42s     Checking `Expect predicate `existsNoRetry == 1` for object "Effective interface style" Any`
    t =    10.42s         Checking existence of `"Effective interface style" Any`
    t =    11.61s Find the "Effective interface style" Any
    t =    11.67s Find the "Effective interface style" ScrollView
    t =    11.74s Terminate com.example.aceclientapp:82736
    t =    12.81s Setting device orientation to Portrait
    t =    12.81s     Device orientation changed to Portrait
    t =    12.86s     Wait for com.apple.springboard to idle
    t =    13.04s Open com.example.aceclientapp
    t =    13.05s     Launch com.example.aceclientapp
    t =    13.70s         Setting up automation session
    t =    17.92s         Wait for com.example.aceclientapp to idle
    t =    20.28s Waiting 5.0s for "Effective interface style" Any to exist
    t =    21.35s     Checking `Expect predicate `existsNoRetry == 1` for object "Effective interface style" Any`
    t =    21.35s         Checking existence of `"Effective interface style" Any`
    t =    22.52s Find the "Effective interface style" Any
    t =    22.58s Find the "Effective interface style" ScrollView
ACE_ORIENTATION_READ_STARTED {"requested":"portrait"}
    t =    22.66s Find the Target Application 'com.example.aceclientapp'
ACE_ORIENTATION_FRAME {"elapsedReadSeconds":0.070854224002687261,"frame":{"height":"956.0","width":"440.0","x":"0.0","y":"0.0"},"outcome":"match","requested":"portrait"}
ACE_SETTINGS_RESULT {"mode":"set","observed":{"boldText":false,"increaseContrast":false,"orientation":"portrait","reduceMotion":false}}
    t =    22.73s Terminate com.example.aceclientapp:82757
    t =    23.75s Tear Down
Test Case '-[ACEClientAppUITests.ACEClientAppUITests testConfigureAccessibilitySettings]' passed (23.939 seconds).
Test Suite 'ACEClientAppUITests' passed at 2026-09-15 23:51:07.454.
	 Executed 1 test, with 0 failures (0 unexpected) in 23.939 (23.951) seconds
Test Suite 'ACEClientAppUITests.xctest' passed at 2026-09-15 23:51:07.455.
	 Executed 1 test, with 0 failures (0 unexpected) in 23.939 (23.954) seconds
Test Suite 'Selected tests' passed at 2026-09-15 23:51:07.458.
	 Executed 1 test, with 0 failures (0 unexpected) in 23.939 (23.958) seconds

Test session results, code coverage, and logs:
	LOCAL_HOME/ace-private/mcx19b-orientation-repair-20260915/11-settings-toggle-diagnosis/complete-pilot-runs/20260915T133932Z-pilot-497a5a280dc6/native-settings/iPhone 17 Pro Max-restore-post-boot/result.xcresult

** TEST EXECUTE SUCCEEDED **

Testing started
2026-09-15 23:50:05.933 xcodebuild[82643:5416837] [MT] IDERunDestination: Supported platforms for the buildables in the current scheme is empty.
2026-09-15 23:50:06.029 xcodebuild[82643:5416837] [MT] IDERunDestination: Supported platforms for the buildables in the current scheme is empty.
2026-09-15 23:50:07.553 xcodebuild[82643:5416837] [MT] IDERunDestination: Supported platforms for the buildables in the current scheme is empty.
2026-09-15 23:50:07.889 xcodebuild[82643:5416837] [MT] IDERunDestination: Supported platforms for the buildables in the current scheme is empty.
2026-09-15 23:50:44.394 xcodebuild[82643:5416837] [MT] IDELaunchParametersSnapshot: The operation couldn’t be completed. (DebuggerLLDB.DebuggerVersionStore.StoreError error 0.)
2026-09-15 23:50:44.394 xcodebuild[82643:5416837] [MT] IDELaunchParametersSnapshot: no debugger version
2026-09-15 23:50:56.554 xcodebuild[82643:5416837] [MT] IDELaunchParametersSnapshot: The operation couldn’t be completed. (DebuggerLLDB.DebuggerVersionStore.StoreError error 0.)
2026-09-15 23:50:56.554 xcodebuild[82643:5416837] [MT] IDELaunchParametersSnapshot: no debugger version
2026-09-15 23:51:07.814 xcodebuild[82643:5416837] [MT] IDETestOperationsObserverDebug: 59.918 elapsed -- Testing started completed.
2026-09-15 23:51:07.814 xcodebuild[82643:5416837] [MT] IDETestOperationsObserverDebug: 0.000 sec, +0.000 sec -- start
2026-09-15 23:51:07.814 xcodebuild[82643:5416837] [MT] IDETestOperationsObserverDebug: 59.918 sec, +59.918 sec -- end
