Command line invocation:
    /Applications/Xcode.app/Contents/Developer/usr/bin/xcodebuild test-without-building -xctestrun "LOCAL_HOME/ace-private/mcx19b-orientation-repair-20260915/10-target-size-diagnosis/native-measurement-focus-v1/native-settings/iPhone 17 Pro Max-restore-post-boot/ACEClientAppUITests.xctestrun" -destination id=D1BAA05C-52DD-4E57-832F-C0A75718E085 -parallel-testing-enabled NO "-only-testing:ACEClientAppUITests/ACEClientAppUITests/testConfigureAccessibilitySettings" -resultBundlePath "LOCAL_HOME/ace-private/mcx19b-orientation-repair-20260915/10-target-size-diagnosis/native-measurement-focus-v1/native-settings/iPhone 17 Pro Max-restore-post-boot/result.xcresult"

Writing result bundle at path:
	LOCAL_HOME/ace-private/mcx19b-orientation-repair-20260915/10-target-size-diagnosis/native-measurement-focus-v1/native-settings/iPhone 17 Pro Max-restore-post-boot/result.xcresult

2026-09-15 22:53:28.707712+1000 ACEClientAppUITests-Runner[75402:5273644] [Default] Running tests...
    t =      nans Interface orientation changed to Portrait
Test Suite 'Selected tests' started at 2026-09-15 22:53:41.792.
Test Suite 'ACEClientAppUITests.xctest' started at 2026-09-15 22:53:41.793.
Test Suite 'ACEClientAppUITests' started at 2026-09-15 22:53:41.794.
Test Case '-[ACEClientAppUITests.ACEClientAppUITests testConfigureAccessibilitySettings]' started.
    t =     0.01s Start Test at 2026-09-15 22:53:41.801
    t =     0.79s Set Up
    t =     0.82s Open com.example.aceclientapp
    t =     0.82s     Launch com.example.aceclientapp
    t =     3.52s         Setting up automation session
    t =     7.39s         Wait for com.example.aceclientapp to idle
    t =    11.13s Waiting 5.0s for "Effective interface style" Any to exist
    t =    12.18s     Checking `Expect predicate `existsNoRetry == 1` for object "Effective interface style" Any`
    t =    12.18s         Checking existence of `"Effective interface style" Any`
    t =    13.37s Find the "Effective interface style" Any
    t =    13.45s Find the "Effective interface style" ScrollView
    t =    13.49s Terminate com.example.aceclientapp:75438
    t =    14.52s Setting device orientation to Portrait
    t =    14.52s     Device orientation changed to Portrait
    t =    14.61s     Wait for com.apple.springboard to idle
    t =    14.74s Open com.example.aceclientapp
    t =    14.74s     Launch com.example.aceclientapp
    t =    15.80s         Setting up automation session
    t =    20.40s         Wait for com.example.aceclientapp to idle
    t =    22.99s Waiting 5.0s for "Effective interface style" Any to exist
    t =    24.06s     Checking `Expect predicate `existsNoRetry == 1` for object "Effective interface style" Any`
    t =    24.06s         Checking existence of `"Effective interface style" Any`
    t =    25.31s Find the "Effective interface style" Any
    t =    25.38s Find the "Effective interface style" ScrollView
ACE_ORIENTATION_READ_STARTED {"requested":"portrait"}
    t =    25.45s Find the Target Application 'com.example.aceclientapp'
ACE_ORIENTATION_FRAME {"elapsedReadSeconds":0.065500097000040114,"frame":{"height":"956.0","width":"440.0","x":"0.0","y":"0.0"},"outcome":"match","requested":"portrait"}
ACE_SETTINGS_RESULT {"mode":"set","observed":{"boldText":false,"increaseContrast":false,"orientation":"portrait","reduceMotion":false}}
    t =    25.52s Terminate com.example.aceclientapp:75460
    t =    26.54s Tear Down
Test Case '-[ACEClientAppUITests.ACEClientAppUITests testConfigureAccessibilitySettings]' passed (26.738 seconds).
Test Suite 'ACEClientAppUITests' passed at 2026-09-15 22:54:08.538.
	 Executed 1 test, with 0 failures (0 unexpected) in 26.738 (26.744) seconds
Test Suite 'ACEClientAppUITests.xctest' passed at 2026-09-15 22:54:08.541.
	 Executed 1 test, with 0 failures (0 unexpected) in 26.738 (26.747) seconds
Test Suite 'Selected tests' passed at 2026-09-15 22:54:08.545.
	 Executed 1 test, with 0 failures (0 unexpected) in 26.738 (26.753) seconds

Test session results, code coverage, and logs:
	LOCAL_HOME/ace-private/mcx19b-orientation-repair-20260915/10-target-size-diagnosis/native-measurement-focus-v1/native-settings/iPhone 17 Pro Max-restore-post-boot/result.xcresult

** TEST EXECUTE SUCCEEDED **

Testing started
2026-09-15 22:53:01.236 xcodebuild[75320:5271846] [MT] IDERunDestination: Supported platforms for the buildables in the current scheme is empty.
2026-09-15 22:53:01.278 xcodebuild[75320:5271846] [MT] IDERunDestination: Supported platforms for the buildables in the current scheme is empty.
2026-09-15 22:53:02.981 xcodebuild[75320:5271846] [MT] IDERunDestination: Supported platforms for the buildables in the current scheme is empty.
2026-09-15 22:53:42.770 xcodebuild[75320:5271846] [MT] IDELaunchParametersSnapshot: The operation couldn’t be completed. (DebuggerLLDB.DebuggerVersionStore.StoreError error 0.)
2026-09-15 22:53:42.770 xcodebuild[75320:5271846] [MT] IDELaunchParametersSnapshot: no debugger version
2026-09-15 22:53:56.543 xcodebuild[75320:5271846] [MT] IDELaunchParametersSnapshot: The operation couldn’t be completed. (DebuggerLLDB.DebuggerVersionStore.StoreError error 0.)
2026-09-15 22:53:56.543 xcodebuild[75320:5271846] [MT] IDELaunchParametersSnapshot: no debugger version
2026-09-15 22:54:08.969 xcodebuild[75320:5271846] [MT] IDETestOperationsObserverDebug: 65.924 elapsed -- Testing started completed.
2026-09-15 22:54:08.969 xcodebuild[75320:5271846] [MT] IDETestOperationsObserverDebug: 0.000 sec, +0.000 sec -- start
2026-09-15 22:54:08.969 xcodebuild[75320:5271846] [MT] IDETestOperationsObserverDebug: 65.924 sec, +65.924 sec -- end
