Command line invocation:
    /Applications/Xcode.app/Contents/Developer/usr/bin/xcodebuild test-without-building -xctestrun LOCAL_HOME/ace-private/mcx19b-orientation-repair-20260915/09-signin-scroll-diagnosis/native-focus-v1-replay/batches/001/ACEClientAppUITests.xctestrun -destination id=2EB0863C-470E-467D-A0C6-CD216DA70C67 -parallel-testing-enabled NO "-only-testing:ACEClientAppUITests/ACEClientAppUITests/testCoverageBatch" -resultBundlePath LOCAL_HOME/ace-private/mcx19b-orientation-repair-20260915/09-signin-scroll-diagnosis/native-focus-v1-replay/batches/001/result.xcresult

Writing result bundle at path:
	LOCAL_HOME/ace-private/mcx19b-orientation-repair-20260915/09-signin-scroll-diagnosis/native-focus-v1-replay/batches/001/result.xcresult

2026-09-15 21:46:48.920592+1000 ACEClientAppUITests-Runner[64798:5071462] [Default] Running tests...
    t =      nans Interface orientation changed to Portrait
Test Suite 'Selected tests' started at 2026-09-15 21:46:52.271.
Test Suite 'ACEClientAppUITests.xctest' started at 2026-09-15 21:46:52.273.
Test Suite 'ACEClientAppUITests' started at 2026-09-15 21:46:52.274.
Test Case '-[ACEClientAppUITests.ACEClientAppUITests testCoverageBatch]' started.
    t =     0.01s Start Test at 2026-09-15 21:46:52.281
    t =     0.24s Set Up
    t =     0.27s Setting device orientation to Landscape Left
    t =     0.36s     Wait for com.apple.springboard to idle
    t =     0.61s Open com.example.aceclientapp
    t =     0.61s     Launch com.example.aceclientapp
    t =     2.85s         Interface orientation changed to Landscape Right
    t =     2.90s         Setting up automation session
    t =     7.47s         Wait for com.example.aceclientapp to idle
    t =    10.19s Waiting 5.0s for "Sign In heading" StaticText to exist
    t =    11.19s     Checking `Expect predicate `existsNoRetry == 1` for object "Sign In heading" StaticText`
    t =    11.19s         Checking existence of `"Sign In heading" StaticText`
    t =    11.50s Checking existence of `"Sign In heading" StaticText`
    t =    11.59s Find the "Sign In heading" StaticText
    t =    11.69s Find the Target Application 'com.example.aceclientapp'
ACE_ORIENTATION_READ_STARTED {"requested":"landscape"}
    t =    11.74s Find the Target Application 'com.example.aceclientapp'
ACE_ORIENTATION_FRAME {"elapsedReadSeconds":0.045666482008527964,"frame":{"height":"402.0","width":"874.0","x":"0.0","y":"0.0"},"outcome":"match","requested":"landscape"}
    t =    11.79s Waiting 5.0s for "Effective interface style" Any to exist
    t =    12.87s     Checking `Expect predicate `existsNoRetry == 1` for object "Effective interface style" Any`
    t =    12.87s         Checking existence of `"Effective interface style" Any`
    t =    14.01s Find the "Effective interface style" Any
    t =    14.07s Find the "Effective interface style" CollectionView
    t =    14.12s Find the Target Application 'com.example.aceclientapp'
    t =    14.63s Added attachment named 'Coverage pilot.iPhone-17.signIn.dark.accessibility-extra-extra-extra-large.landscape.1.1.1 viewport initial'
    t =    18.28s Checking existence of `"Username" TextField`
    t =    18.35s Checking existence of `"Password" SecureTextField`
    t =    18.41s Checking existence of `"Sign in" Button`
    t =    18.50s Checking existence of `ScrollView (First Match)`
    t =    18.60s Checking existence of `CollectionView (First Match)`
    t =    18.63s Checking existence of `"Sign in" Button`
    t =    18.71s Checking existence of `"Sign in" Button`
    t =    18.78s Checking existence of `"Sign in" Button`
    t =    18.85s Press CollectionView (First Match)[0.50, 0.72] for 0.1 seconds, then drag to CollectionView (First Match)[0.50, 0.28] with velocity of 500.00 pixels per second, and then hold for 0.0 seconds 
    t =    18.85s     Wait for com.example.aceclientapp to idle
    t =    18.86s     Find the CollectionView (First Match)
    t =    18.91s     Check for interrupting elements affecting "Effective interface style" CollectionView
    t =    18.99s     Synthesize event
    t =    19.01s         Find the "Effective interface style" CollectionView
    t =    19.10s         Find the "Effective interface style" CollectionView
    t =    19.18s         Find the "Effective interface style" CollectionView
    t =    19.27s         Find the "Effective interface style" CollectionView
    t =    19.36s         Find the "Effective interface style" CollectionView
    t =    20.04s     Wait for com.example.aceclientapp to idle
    t =    20.43s Checking existence of `"Sign in" Button`
    t =    20.52s Find the "Sign in" Button
    t =    20.65s Find the "Sign in" Button
    t =    20.77s Find the "Effective interface style" CollectionView
    t =    20.84s Checking existence of `"Sign in" Button`
    t =    20.93s Find the "Sign in" Button
    t =    21.11s Find the "Sign in" Button
    t =    21.23s Find the "Sign in" Button
    t =    21.33s Find the Target Application 'com.example.aceclientapp'
    t =    21.85s Added attachment named 'Coverage pilot.iPhone-17.signIn.dark.accessibility-extra-extra-extra-large.landscape.1.1.1 viewport control-Sign in'
ACE_CASE_RESULT {"auditInvocations":1,"id":"pilot.iPhone-17.signIn.dark.accessibility-extra-extra-extra-large.landscape.1.1.1","observed":{"appearance":"dark","boldText":true,"contentSize":"accessibility-extra-extra-extra-large","increaseContrast":true,"orientation":"landscape","reduceMotion":true},"result":"passed","scenario":"signIn","screenshots":["Coverage pilot.iPhone-17.signIn.dark.accessibility-extra-extra-extra-large.landscape.1.1.1 viewport initial","Coverage pilot.iPhone-17.signIn.dark.accessibility-extra-extra-extra-large.landscape.1.1.1 viewport control-Sign in"]}
    t =    21.86s Terminate com.example.aceclientapp:64826
    t =    22.07s     Interface orientation changed to Portrait
    t =    22.95s Tear Down
Test Case '-[ACEClientAppUITests.ACEClientAppUITests testCoverageBatch]' passed (23.172 seconds).
Test Suite 'ACEClientAppUITests' passed at 2026-09-15 21:47:15.454.
	 Executed 1 test, with 0 failures (0 unexpected) in 23.172 (23.180) seconds
Test Suite 'ACEClientAppUITests.xctest' passed at 2026-09-15 21:47:15.458.
	 Executed 1 test, with 0 failures (0 unexpected) in 23.172 (23.184) seconds
Test Suite 'Selected tests' passed at 2026-09-15 21:47:15.461.
	 Executed 1 test, with 0 failures (0 unexpected) in 23.172 (23.189) seconds

Test session results, code coverage, and logs:
	LOCAL_HOME/ace-private/mcx19b-orientation-repair-20260915/09-signin-scroll-diagnosis/native-focus-v1-replay/batches/001/result.xcresult

** TEST EXECUTE SUCCEEDED **

Testing started
2026-09-15 21:46:41.612 xcodebuild[64777:5070883] [MT] IDERunDestination: Supported platforms for the buildables in the current scheme is empty.
2026-09-15 21:46:41.649 xcodebuild[64777:5070883] [MT] IDERunDestination: Supported platforms for the buildables in the current scheme is empty.
2026-09-15 21:46:42.701 xcodebuild[64777:5070883] [MT] IDERunDestination: Supported platforms for the buildables in the current scheme is empty.
2026-09-15 21:46:53.037 xcodebuild[64777:5070883] [MT] IDELaunchParametersSnapshot: The operation couldn’t be completed. (DebuggerLLDB.DebuggerVersionStore.StoreError error 0.)
2026-09-15 21:46:53.037 xcodebuild[64777:5070883] [MT] IDELaunchParametersSnapshot: no debugger version
2026-09-15 21:47:15.868 xcodebuild[64777:5070883] [MT] IDETestOperationsObserverDebug: 33.149 elapsed -- Testing started completed.
2026-09-15 21:47:15.868 xcodebuild[64777:5070883] [MT] IDETestOperationsObserverDebug: 0.000 sec, +0.000 sec -- start
2026-09-15 21:47:15.868 xcodebuild[64777:5070883] [MT] IDETestOperationsObserverDebug: 33.149 sec, +33.149 sec -- end
