Command line invocation:
    /Applications/Xcode.app/Contents/Developer/usr/bin/xcodebuild test-without-building -xctestrun "LOCAL_HOME/ace-private/mcx19b-orientation-repair-20260915/06-shutdown-native-gate/positive/native-settings/iPhone 17 Pro Max-read/ACEClientAppUITests.xctestrun" -destination id=D1BAA05C-52DD-4E57-832F-C0A75718E085 -parallel-testing-enabled NO "-only-testing:ACEClientAppUITests/ACEClientAppUITests/testConfigureAccessibilitySettings" -resultBundlePath "LOCAL_HOME/ace-private/mcx19b-orientation-repair-20260915/06-shutdown-native-gate/positive/native-settings/iPhone 17 Pro Max-read/result.xcresult"

Writing result bundle at path:
	LOCAL_HOME/ace-private/mcx19b-orientation-repair-20260915/06-shutdown-native-gate/positive/native-settings/iPhone 17 Pro Max-read/result.xcresult

2026-09-15 18:43:35.898676+1000 ACEClientAppUITests-Runner[40389:4597580] [Default] Running tests...
    t =      nans Interface orientation changed to Portrait
Test Suite 'Selected tests' started at 2026-09-15 18:43:38.950.
Test Suite 'ACEClientAppUITests.xctest' started at 2026-09-15 18:43:38.960.
Test Suite 'ACEClientAppUITests' started at 2026-09-15 18:43:38.962.
Test Case '-[ACEClientAppUITests.ACEClientAppUITests testConfigureAccessibilitySettings]' started.
    t =     0.01s Start Test at 2026-09-15 18:43:38.973
    t =     0.27s Set Up
    t =     0.29s Open com.example.aceclientapp
    t =     0.29s     Launch com.example.aceclientapp
    t =     2.47s         Setting up automation session
    t =     6.08s         Wait for com.example.aceclientapp to idle
    t =     8.49s Waiting 5.0s for "Effective interface style" Any to exist
    t =     9.58s     Checking `Expect predicate `existsNoRetry == 1` for object "Effective interface style" Any`
    t =     9.58s         Checking existence of `"Effective interface style" Any`
    t =    10.78s Find the "Effective interface style" Any
    t =    10.85s Find the "Effective interface style" ScrollView
    t =    10.90s Terminate com.example.aceclientapp:40405
    t =    11.92s Open com.example.aceclientapp
    t =    11.93s     Launch com.example.aceclientapp
    t =    12.61s         Setting up automation session
    t =    16.59s         Wait for com.example.aceclientapp to idle
    t =    19.23s Waiting 5.0s for "Effective interface style" Any to exist
    t =    20.30s     Checking `Expect predicate `existsNoRetry == 1` for object "Effective interface style" Any`
    t =    20.30s         Checking existence of `"Effective interface style" Any`
    t =    21.49s Find the "Effective interface style" Any
    t =    21.54s Find the "Effective interface style" ScrollView
ACE_SETTINGS_RESULT {"mode":"read","observed":{"boldText":false,"increaseContrast":false,"orientation":"portrait","reduceMotion":false}}
    t =    21.60s Terminate com.example.aceclientapp:40421
    t =    22.66s Tear Down
Test Case '-[ACEClientAppUITests.ACEClientAppUITests testConfigureAccessibilitySettings]' passed (22.784 seconds).
Test Suite 'ACEClientAppUITests' passed at 2026-09-15 18:44:01.756.
	 Executed 1 test, with 0 failures (0 unexpected) in 22.784 (22.793) seconds
Test Suite 'ACEClientAppUITests.xctest' passed at 2026-09-15 18:44:01.758.
	 Executed 1 test, with 0 failures (0 unexpected) in 22.784 (22.798) seconds
Test Suite 'Selected tests' passed at 2026-09-15 18:44:01.760.
	 Executed 1 test, with 0 failures (0 unexpected) in 22.784 (22.810) seconds

Test session results, code coverage, and logs:
	LOCAL_HOME/ace-private/mcx19b-orientation-repair-20260915/06-shutdown-native-gate/positive/native-settings/iPhone 17 Pro Max-read/result.xcresult

** TEST EXECUTE SUCCEEDED **

Testing started
2026-09-15 18:43:29.266 xcodebuild[40378:4597076] [MT] IDERunDestination: Supported platforms for the buildables in the current scheme is empty.
2026-09-15 18:43:29.302 xcodebuild[40378:4597076] [MT] IDERunDestination: Supported platforms for the buildables in the current scheme is empty.
2026-09-15 18:43:30.126 xcodebuild[40378:4597076] [MT] IDERunDestination: Supported platforms for the buildables in the current scheme is empty.
2026-09-15 18:43:39.414 xcodebuild[40378:4597076] [MT] IDELaunchParametersSnapshot: The operation couldn’t be completed. (DebuggerLLDB.DebuggerVersionStore.StoreError error 0.)
2026-09-15 18:43:39.414 xcodebuild[40378:4597076] [MT] IDELaunchParametersSnapshot: no debugger version
2026-09-15 18:43:50.903 xcodebuild[40378:4597076] [MT] IDELaunchParametersSnapshot: The operation couldn’t be completed. (DebuggerLLDB.DebuggerVersionStore.StoreError error 0.)
2026-09-15 18:43:50.903 xcodebuild[40378:4597076] [MT] IDELaunchParametersSnapshot: no debugger version
2026-09-15 18:44:02.147 xcodebuild[40378:4597076] [MT] IDETestOperationsObserverDebug: 32.013 elapsed -- Testing started completed.
2026-09-15 18:44:02.147 xcodebuild[40378:4597076] [MT] IDETestOperationsObserverDebug: 0.000 sec, +0.000 sec -- start
2026-09-15 18:44:02.147 xcodebuild[40378:4597076] [MT] IDETestOperationsObserverDebug: 32.013 sec, +32.013 sec -- end
