Command line invocation:
    /Applications/Xcode.app/Contents/Developer/usr/bin/xcodebuild test-without-building -xctestrun LOCAL_HOME/ace-private/mcx19b-implementation-20260914/ace-ios-local-runs/20260914T095533Z-selected-279971683f21/selected.xctestrun -destination id=D1BAA05C-52DD-4E57-832F-C0A75718E085 -parallel-testing-enabled NO "-only-testing:ACEClientAppTests/ACEClientAppTests/testRequestIsGETAndHasNoCache" -resultBundlePath LOCAL_HOME/ace-private/mcx19b-implementation-20260914/ace-ios-local-runs/20260914T095533Z-selected-279971683f21/selected.xcresult

Writing result bundle at path:
	LOCAL_HOME/ace-private/mcx19b-implementation-20260914/ace-ios-local-runs/20260914T095533Z-selected-279971683f21/selected.xcresult

Test Suite 'Selected tests' started at 2026-09-14 19:58:06.517.
Test Suite 'ACEClientAppTests.xctest' started at 2026-09-14 19:58:06.519.
Test Suite 'ACEClientAppTests' started at 2026-09-14 19:58:06.520.
Test Case '-[ACEClientAppTests.ACEClientAppTests testRequestIsGETAndHasNoCache]' started.
LOCAL_HOME/Developer/sqe-platform-release-layout/ios/ACEClientApp/ACEClientAppTests/ACEClientAppTests.swift:59: error: -[ACEClientAppTests.ACEClientAppTests testRequestIsGETAndHasNoCache] : XCTAssertEqual failed: ("Optional("GET")") is not equal to ("Optional("POST")")
Test Case '-[ACEClientAppTests.ACEClientAppTests testRequestIsGETAndHasNoCache]' failed (0.479 seconds).
Test Suite 'ACEClientAppTests' failed at 2026-09-14 19:58:07.006.
	 Executed 1 test, with 1 failure (0 unexpected) in 0.479 (0.486) seconds
Test Suite 'ACEClientAppTests.xctest' failed at 2026-09-14 19:58:07.008.
	 Executed 1 test, with 1 failure (0 unexpected) in 0.479 (0.489) seconds
Test Suite 'Selected tests' failed at 2026-09-14 19:58:07.009.
	 Executed 1 test, with 1 failure (0 unexpected) in 0.479 (0.493) seconds

Test session results, code coverage, and logs:
	LOCAL_HOME/ace-private/mcx19b-implementation-20260914/ace-ios-local-runs/20260914T095533Z-selected-279971683f21/selected.xcresult

Testing started
2026-09-14 19:57:58.245 xcodebuild[76925:2024738] [MT] IDERunDestination: Supported platforms for the buildables in the current scheme is empty.
2026-09-14 19:57:58.277 xcodebuild[76925:2024738] [MT] IDERunDestination: Supported platforms for the buildables in the current scheme is empty.
2026-09-14 19:57:58.292 xcodebuild[76925:2024738] [MT] IDERunDestination: Supported platforms for the buildables in the current scheme is empty.
2026-09-14 19:59:07.952 xcodebuild[76925:2024738] [MT] IDETestOperationsObserverDebug: 68.377 elapsed -- Testing started completed.
2026-09-14 19:59:07.952 xcodebuild[76925:2024738] [MT] IDETestOperationsObserverDebug: 0.000 sec, +0.000 sec -- start
2026-09-14 19:59:07.952 xcodebuild[76925:2024738] [MT] IDETestOperationsObserverDebug: 68.377 sec, +68.377 sec -- end
** TEST EXECUTE FAILED **

