Command line invocation:
    /Applications/Xcode.app/Contents/Developer/usr/bin/xcodebuild test-without-building -xctestrun "LOCAL_HOME/ace-private/mcx19b-orientation-repair-20260915/05-serial-native-gate/negative/native-settings/iPhone 17 Pro Max-read/ACEClientAppUITests.xctestrun" -destination id=D1BAA05C-52DD-4E57-832F-C0A75718E085 -parallel-testing-enabled NO "-only-testing:ACEClientAppUITests/ACEClientAppUITests/testConfigureAccessibilitySettings" -resultBundlePath "LOCAL_HOME/ace-private/mcx19b-orientation-repair-20260915/05-serial-native-gate/negative/native-settings/iPhone 17 Pro Max-read/result.xcresult"

Writing result bundle at path:
	LOCAL_HOME/ace-private/mcx19b-orientation-repair-20260915/05-serial-native-gate/negative/native-settings/iPhone 17 Pro Max-read/result.xcresult

2026-09-15 17:54:38.752652+1000 ACEClientAppUITests-Runner[33114:4461969] [Default] Running tests...
    t =      nans Interface orientation changed to Portrait
Test Suite 'Selected tests' started at 2026-09-15 17:54:43.684.
Test Suite 'ACEClientAppUITests.xctest' started at 2026-09-15 17:54:43.686.
Test Suite 'ACEClientAppUITests' started at 2026-09-15 17:54:43.687.
Test Case '-[ACEClientAppUITests.ACEClientAppUITests testConfigureAccessibilitySettings]' started.
    t =     0.02s Start Test at 2026-09-15 17:54:43.703
    t =     0.34s Set Up
    t =     0.37s Open com.example.aceclientapp
    t =     0.37s     Launch com.example.aceclientapp
    t =     2.89s         Setting up automation session
    t =     8.42s         Wait for com.example.aceclientapp to idle
    t =    11.63s Waiting 5.0s for "Effective interface style" Any to exist
    t =    12.70s     Checking `Expect predicate `existsNoRetry == 1` for object "Effective interface style" Any`
    t =    12.70s         Checking existence of `"Effective interface style" Any`
    t =    13.96s Find the "Effective interface style" Any
    t =    14.03s Find the "Effective interface style" ScrollView
    t =    14.09s Terminate com.example.aceclientapp:33130
    t =    15.14s Open com.example.aceclientapp
    t =    15.14s     Launch com.example.aceclientapp
    t =    17.06s         Setting up automation session
    t =    22.57s         Wait for com.example.aceclientapp to idle
    t =    25.55s Waiting 5.0s for "Effective interface style" Any to exist
    t =    26.65s     Checking `Expect predicate `existsNoRetry == 1` for object "Effective interface style" Any`
    t =    26.65s         Checking existence of `"Effective interface style" Any`
    t =    27.96s Find the "Effective interface style" Any
    t =    28.03s Find the "Effective interface style" ScrollView
ACE_SETTINGS_RESULT {"mode":"read","observed":{"boldText":false,"increaseContrast":false,"orientation":"portrait","reduceMotion":false}}
    t =    28.08s Terminate com.example.aceclientapp:33149
    t =    29.15s Tear Down
Test Case '-[ACEClientAppUITests.ACEClientAppUITests testConfigureAccessibilitySettings]' passed (29.530 seconds).
Test Suite 'ACEClientAppUITests' passed at 2026-09-15 17:55:13.229.
	 Executed 1 test, with 0 failures (0 unexpected) in 29.530 (29.541) seconds
Test Suite 'ACEClientAppUITests.xctest' passed at 2026-09-15 17:55:13.231.
	 Executed 1 test, with 0 failures (0 unexpected) in 29.530 (29.545) seconds
Test Suite 'Selected tests' passed at 2026-09-15 17:55:13.234.
	 Executed 1 test, with 0 failures (0 unexpected) in 29.530 (29.549) seconds

Test session results, code coverage, and logs:
	LOCAL_HOME/ace-private/mcx19b-orientation-repair-20260915/05-serial-native-gate/negative/native-settings/iPhone 17 Pro Max-read/result.xcresult

** TEST EXECUTE SUCCEEDED **

Testing started
2026-09-15 17:54:28.469 xcodebuild[33090:4461363] [MT] IDERunDestination: Supported platforms for the buildables in the current scheme is empty.
2026-09-15 17:54:28.521 xcodebuild[33090:4461363] [MT] IDERunDestination: Supported platforms for the buildables in the current scheme is empty.
2026-09-15 17:54:29.882 xcodebuild[33090:4461363] [MT] IDERunDestination: Supported platforms for the buildables in the current scheme is empty.
2026-09-15 17:54:44.269 xcodebuild[33090:4461363] [MT] IDELaunchParametersSnapshot: The operation couldn’t be completed. (DebuggerLLDB.DebuggerVersionStore.StoreError error 0.)
2026-09-15 17:54:44.269 xcodebuild[33090:4461363] [MT] IDELaunchParametersSnapshot: no debugger version
2026-09-15 17:54:58.836 xcodebuild[33090:4461363] [MT] IDELaunchParametersSnapshot: The operation couldn’t be completed. (DebuggerLLDB.DebuggerVersionStore.StoreError error 0.)
2026-09-15 17:54:58.836 xcodebuild[33090:4461363] [MT] IDELaunchParametersSnapshot: no debugger version
2026-09-15 17:55:13.683 xcodebuild[33090:4461363] [MT] IDETestOperationsObserverDebug: 43.762 elapsed -- Testing started completed.
2026-09-15 17:55:13.683 xcodebuild[33090:4461363] [MT] IDETestOperationsObserverDebug: 0.000 sec, +0.000 sec -- start
2026-09-15 17:55:13.683 xcodebuild[33090:4461363] [MT] IDETestOperationsObserverDebug: 43.762 sec, +43.762 sec -- end
