Command line invocation:
    /Applications/Xcode.app/Contents/Developer/usr/bin/xcodebuild test-without-building -xctestrun "LOCAL_HOME/ace-private/mcx19b-orientation-repair-20260915/09-signin-scroll-diagnosis/native-capture-evidence-gate/positive/native-settings/iPhone 17 Pro Max-restore-post-boot/ACEClientAppUITests.xctestrun" -destination id=D1BAA05C-52DD-4E57-832F-C0A75718E085 -parallel-testing-enabled NO "-only-testing:ACEClientAppUITests/ACEClientAppUITests/testConfigureAccessibilitySettings" -resultBundlePath "LOCAL_HOME/ace-private/mcx19b-orientation-repair-20260915/09-signin-scroll-diagnosis/native-capture-evidence-gate/positive/native-settings/iPhone 17 Pro Max-restore-post-boot/result.xcresult"

Writing result bundle at path:
	LOCAL_HOME/ace-private/mcx19b-orientation-repair-20260915/09-signin-scroll-diagnosis/native-capture-evidence-gate/positive/native-settings/iPhone 17 Pro Max-restore-post-boot/result.xcresult

2026-09-15 22:23:51.046611+1000 ACEClientAppUITests-Runner[71153:5192966] [Default] Running tests...
    t =      nans Interface orientation changed to Portrait
Test Suite 'Selected tests' started at 2026-09-15 22:23:52.885.
Test Suite 'ACEClientAppUITests.xctest' started at 2026-09-15 22:23:52.896.
Test Suite 'ACEClientAppUITests' started at 2026-09-15 22:23:52.899.
Test Case '-[ACEClientAppUITests.ACEClientAppUITests testConfigureAccessibilitySettings]' started.
    t =     0.01s Start Test at 2026-09-15 22:23:52.910
    t =     0.76s Set Up
    t =     0.79s Open com.example.aceclientapp
    t =     0.80s     Launch com.example.aceclientapp
    t =     3.66s         Setting up automation session
    t =     7.56s         Wait for com.example.aceclientapp to idle
    t =    10.17s Waiting 5.0s for "Effective interface style" Any to exist
    t =    11.23s     Checking `Expect predicate `existsNoRetry == 1` for object "Effective interface style" Any`
    t =    11.23s         Checking existence of `"Effective interface style" Any`
    t =    12.40s Find the "Effective interface style" Any
    t =    12.49s Find the "Effective interface style" ScrollView
    t =    12.56s Terminate com.example.aceclientapp:71184
    t =    14.66s Setting device orientation to Portrait
    t =    14.70s     Device orientation changed to Portrait
    t =    15.56s     Wait for com.apple.springboard to idle
    t =    15.77s Open com.example.aceclientapp
    t =    15.77s     Launch com.example.aceclientapp
    t =    16.41s         Setting up automation session
    t =    20.27s         Wait for com.example.aceclientapp to idle
    t =    22.68s Waiting 5.0s for "Effective interface style" Any to exist
    t =    23.75s     Checking `Expect predicate `existsNoRetry == 1` for object "Effective interface style" Any`
    t =    23.75s         Checking existence of `"Effective interface style" Any`
    t =    25.03s Find the "Effective interface style" Any
    t =    25.12s Find the "Effective interface style" ScrollView
ACE_ORIENTATION_READ_STARTED {"requested":"portrait"}
    t =    25.19s Find the Target Application 'com.example.aceclientapp'
ACE_ORIENTATION_FRAME {"elapsedReadSeconds":0.072225258976686746,"frame":{"height":"956.0","width":"440.0","x":"0.0","y":"0.0"},"outcome":"match","requested":"portrait"}
ACE_SETTINGS_RESULT {"mode":"set","observed":{"boldText":false,"increaseContrast":false,"orientation":"portrait","reduceMotion":false}}
    t =    25.26s Terminate com.example.aceclientapp:71216
    t =    26.29s Tear Down
Test Case '-[ACEClientAppUITests.ACEClientAppUITests testConfigureAccessibilitySettings]' passed (26.826 seconds).
Test Suite 'ACEClientAppUITests' passed at 2026-09-15 22:24:19.737.
	 Executed 1 test, with 0 failures (0 unexpected) in 26.826 (26.838) seconds
Test Suite 'ACEClientAppUITests.xctest' passed at 2026-09-15 22:24:19.740.
	 Executed 1 test, with 0 failures (0 unexpected) in 26.826 (26.844) seconds
Test Suite 'Selected tests' passed at 2026-09-15 22:24:19.743.
	 Executed 1 test, with 0 failures (0 unexpected) in 26.826 (26.858) seconds

Test session results, code coverage, and logs:
	LOCAL_HOME/ace-private/mcx19b-orientation-repair-20260915/09-signin-scroll-diagnosis/native-capture-evidence-gate/positive/native-settings/iPhone 17 Pro Max-restore-post-boot/result.xcresult

** TEST EXECUTE SUCCEEDED **

Testing started
2026-09-15 22:23:20.828 xcodebuild[71082:5191263] [MT] IDERunDestination: Supported platforms for the buildables in the current scheme is empty.
2026-09-15 22:23:20.942 xcodebuild[71082:5191263] [MT] IDERunDestination: Supported platforms for the buildables in the current scheme is empty.
2026-09-15 22:23:21.007 xcodebuild[71082:5191263] [MT] IDERunDestination: Supported platforms for the buildables in the current scheme is empty.
2026-09-15 22:23:53.865 xcodebuild[71082:5191263] [MT] IDELaunchParametersSnapshot: The operation couldn’t be completed. (DebuggerLLDB.DebuggerVersionStore.StoreError error 0.)
2026-09-15 22:23:53.865 xcodebuild[71082:5191263] [MT] IDELaunchParametersSnapshot: no debugger version
2026-09-15 22:24:08.675 xcodebuild[71082:5191263] [MT] IDELaunchParametersSnapshot: The operation couldn’t be completed. (DebuggerLLDB.DebuggerVersionStore.StoreError error 0.)
2026-09-15 22:24:08.675 xcodebuild[71082:5191263] [MT] IDELaunchParametersSnapshot: no debugger version
2026-09-15 22:24:20.163 xcodebuild[71082:5191263] [MT] IDETestOperationsObserverDebug: 56.285 elapsed -- Testing started completed.
2026-09-15 22:24:20.163 xcodebuild[71082:5191263] [MT] IDETestOperationsObserverDebug: 0.000 sec, +0.000 sec -- start
2026-09-15 22:24:20.163 xcodebuild[71082:5191263] [MT] IDETestOperationsObserverDebug: 56.285 sec, +56.285 sec -- end
