Command line invocation:
    /Applications/Xcode.app/Contents/Developer/usr/bin/xcodebuild test-without-building -xctestrun LOCAL_HOME/ace-private/mcx19b-orientation-repair-20260915/post-diagnostic-pilot-runs/20260915T110638Z-pilot-71f4f52cf8a8/batches/002/ACEClientAppUITests.xctestrun -destination id=2EB0863C-470E-467D-A0C6-CD216DA70C67 -parallel-testing-enabled NO "-only-testing:ACEClientAppUITests/ACEClientAppUITests/testCoverageBatch" -resultBundlePath LOCAL_HOME/ace-private/mcx19b-orientation-repair-20260915/post-diagnostic-pilot-runs/20260915T110638Z-pilot-71f4f52cf8a8/batches/002/result.xcresult

Writing result bundle at path:
	LOCAL_HOME/ace-private/mcx19b-orientation-repair-20260915/post-diagnostic-pilot-runs/20260915T110638Z-pilot-71f4f52cf8a8/batches/002/result.xcresult

2026-09-15 21:15:38.000668+1000 ACEClientAppUITests-Runner[60353:4979958] [Default] Running tests...
    t =      nans Interface orientation changed to Portrait
Test Suite 'Selected tests' started at 2026-09-15 21:15:41.992.
Test Suite 'ACEClientAppUITests.xctest' started at 2026-09-15 21:15:41.994.
Test Suite 'ACEClientAppUITests' started at 2026-09-15 21:15:41.995.
Test Case '-[ACEClientAppUITests.ACEClientAppUITests testCoverageBatch]' started.
    t =     0.01s Start Test at 2026-09-15 21:15:42.001
    t =     0.18s Set Up
    t =     0.21s Setting device orientation to Landscape Left
    t =     0.26s     Wait for com.apple.springboard to idle
    t =     0.36s Open com.example.aceclientapp
    t =     0.36s     Launch com.example.aceclientapp
    t =     2.04s         Setting up automation session
    t =     2.16s             Interface orientation changed to Landscape Right
    t =     6.18s         Wait for com.example.aceclientapp to idle
    t =     8.70s Waiting 5.0s for "Sign In heading" StaticText to exist
    t =     9.73s     Checking `Expect predicate `existsNoRetry == 1` for object "Sign In heading" StaticText`
    t =     9.73s         Checking existence of `"Sign In heading" StaticText`
    t =    10.05s Find the "Sign In heading" StaticText
    t =    10.19s Find the Target Application 'com.example.aceclientapp'
ACE_ORIENTATION_READ_STARTED {"requested":"landscape"}
    t =    10.23s Find the Target Application 'com.example.aceclientapp'
ACE_ORIENTATION_FRAME {"elapsedReadSeconds":0.037034306005807593,"frame":{"height":"402.0","width":"874.0","x":"0.0","y":"0.0"},"outcome":"match","requested":"landscape"}
    t =    10.27s Waiting 5.0s for "Effective interface style" Any to exist
    t =    11.31s     Checking `Expect predicate `existsNoRetry == 1` for object "Effective interface style" Any`
    t =    11.31s         Checking existence of `"Effective interface style" Any`
    t =    12.37s Find the "Effective interface style" Any
    t =    12.47s Find the "Effective interface style" CollectionView
    t =    12.51s Find the Target Application 'com.example.aceclientapp'
    t =    12.98s Added attachment named 'Coverage pilot.iPhone-17.signIn.dark.accessibility-extra-extra-extra-large.landscape.1.1.1 viewport initial'
    t =    18.43s Checking existence of `"Username" TextField`
    t =    18.50s Checking existence of `"Password" SecureTextField`
    t =    18.56s Find the "Sign in" Button
    t =    19.63s     Find the "Sign in" Button (retry 1)
    t =    20.69s     Find the "Sign in" Button (retry 2)
    t =    20.76s     Collecting debug information to assist test failure triage
    t =    20.76s         Requesting snapshot of accessibility hierarchy for app with pid 60389
    t =    20.89s     Requesting snapshot of accessibility hierarchy for app with pid 60389
    t =    20.98s     Find: Descendants matching type Button
    t =    20.99s     Requesting snapshot of accessibility hierarchy for app with pid 60389
LOCAL_HOME/Developer/sqe-platform-release-layout/ios/ACEClientApp/ACEClientAppUITests/ACEClientAppUITests.swift:325: error: -[ACEClientAppUITests.ACEClientAppUITests testCoverageBatch] : Failed to get matching snapshot: No matches found for Descendants matching type Button from input {(
    Application, pid: 60389, label: 'ACE Client'
)}
    t =    22.82s Tear Down
Test Case '-[ACEClientAppUITests.ACEClientAppUITests testCoverageBatch]' failed (23.095 seconds).
Test Suite 'ACEClientAppUITests' failed at 2026-09-15 21:16:05.096.
	 Executed 1 test, with 1 failure (0 unexpected) in 23.095 (23.101) seconds
Test Suite 'ACEClientAppUITests.xctest' failed at 2026-09-15 21:16:05.097.
	 Executed 1 test, with 1 failure (0 unexpected) in 23.095 (23.103) seconds
Test Suite 'Selected tests' failed at 2026-09-15 21:16:05.099.
	 Executed 1 test, with 1 failure (0 unexpected) in 23.095 (23.106) seconds

Test session results, code coverage, and logs:
	LOCAL_HOME/ace-private/mcx19b-orientation-repair-20260915/post-diagnostic-pilot-runs/20260915T110638Z-pilot-71f4f52cf8a8/batches/002/result.xcresult

Testing started
2026-09-15 21:15:30.984 xcodebuild[60332:4979333] [MT] IDERunDestination: Supported platforms for the buildables in the current scheme is empty.
2026-09-15 21:15:31.068 xcodebuild[60332:4979333] [MT] IDERunDestination: Supported platforms for the buildables in the current scheme is empty.
2026-09-15 21:15:32.228 xcodebuild[60332:4979333] [MT] IDERunDestination: Supported platforms for the buildables in the current scheme is empty.
2026-09-15 21:15:42.491 xcodebuild[60332:4979333] [MT] IDELaunchParametersSnapshot: The operation couldn’t be completed. (DebuggerLLDB.DebuggerVersionStore.StoreError error 0.)
2026-09-15 21:15:42.491 xcodebuild[60332:4979333] [MT] IDELaunchParametersSnapshot: no debugger version
2026-09-15 21:16:59.601 xcodebuild[60332:4979333] [MT] IDETestOperationsObserverDebug: 87.366 elapsed -- Testing started completed.
2026-09-15 21:16:59.601 xcodebuild[60332:4979333] [MT] IDETestOperationsObserverDebug: 0.000 sec, +0.000 sec -- start
2026-09-15 21:16:59.601 xcodebuild[60332:4979333] [MT] IDETestOperationsObserverDebug: 87.366 sec, +87.366 sec -- end
** TEST EXECUTE FAILED **

