Command line invocation:
    /Applications/Xcode.app/Contents/Developer/usr/bin/xcodebuild test-without-building -xctestrun "LOCAL_HOME/ace-private/mcx19b-complete-pilot-20260915/pilot-runs/20260915T045947Z-pilot-84db4f8f536f/native-settings/iPhone 17 Pro Max-read/ACEClientAppUITests.xctestrun" -destination id=D1BAA05C-52DD-4E57-832F-C0A75718E085 -parallel-testing-enabled NO "-only-testing:ACEClientAppUITests/ACEClientAppUITests/testConfigureAccessibilitySettings" -resultBundlePath "LOCAL_HOME/ace-private/mcx19b-complete-pilot-20260915/pilot-runs/20260915T045947Z-pilot-84db4f8f536f/native-settings/iPhone 17 Pro Max-read/result.xcresult"

Writing result bundle at path:
	LOCAL_HOME/ace-private/mcx19b-complete-pilot-20260915/pilot-runs/20260915T045947Z-pilot-84db4f8f536f/native-settings/iPhone 17 Pro Max-read/result.xcresult

2026-09-15 15:01:43.456727+1000 ACEClientAppUITests-Runner[14256:4064882] [Default] Running tests...
    t =      nans Interface orientation changed to Portrait
Test Suite 'Selected tests' started at 2026-09-15 15:01:48.788.
Test Suite 'ACEClientAppUITests.xctest' started at 2026-09-15 15:01:48.794.
Test Suite 'ACEClientAppUITests' started at 2026-09-15 15:01:48.796.
Test Case '-[ACEClientAppUITests.ACEClientAppUITests testConfigureAccessibilitySettings]' started.
    t =     0.01s Start Test at 2026-09-15 15:01:48.805
    t =     0.44s Set Up
    t =     0.51s Open com.example.aceclientapp
    t =     0.51s     Launch com.example.aceclientapp
    t =     3.32s         Setting up automation session
    t =     9.21s         Wait for com.example.aceclientapp to idle
    t =    12.55s Waiting 5.0s for "Effective interface style" Any to exist
    t =    13.58s     Checking `Expect predicate `existsNoRetry == 1` for object "Effective interface style" Any`
    t =    13.58s         Checking existence of `"Effective interface style" Any`
    t =    14.93s Find the "Effective interface style" Any
    t =    15.01s Find the "Effective interface style" ScrollView
    t =    15.06s Terminate com.example.aceclientapp:14270
    t =    16.14s Open com.example.aceclientapp
    t =    16.15s     Launch com.example.aceclientapp
    t =    17.63s         Setting up automation session
    t =    24.15s         Wait for com.example.aceclientapp to idle
    t =    27.31s Waiting 5.0s for "Effective interface style" Any to exist
    t =    28.31s     Checking `Expect predicate `existsNoRetry == 1` for object "Effective interface style" Any`
    t =    28.31s         Checking existence of `"Effective interface style" Any`
    t =    29.67s Find the "Effective interface style" Any
    t =    29.75s Find the "Effective interface style" ScrollView
ACE_SETTINGS_RESULT {"mode":"read","observed":{"boldText":false,"increaseContrast":false,"orientation":"portrait","reduceMotion":false}}
    t =    29.82s Terminate com.example.aceclientapp:14285
    t =    30.91s Tear Down
Test Case '-[ACEClientAppUITests.ACEClientAppUITests testConfigureAccessibilitySettings]' passed (31.365 seconds).
Test Suite 'ACEClientAppUITests' passed at 2026-09-15 15:02:20.170.
	 Executed 1 test, with 0 failures (0 unexpected) in 31.365 (31.374) seconds
Test Suite 'ACEClientAppUITests.xctest' passed at 2026-09-15 15:02:20.172.
	 Executed 1 test, with 0 failures (0 unexpected) in 31.365 (31.378) seconds
Test Suite 'Selected tests' passed at 2026-09-15 15:02:20.175.
	 Executed 1 test, with 0 failures (0 unexpected) in 31.365 (31.387) seconds

Test session results, code coverage, and logs:
	LOCAL_HOME/ace-private/mcx19b-complete-pilot-20260915/pilot-runs/20260915T045947Z-pilot-84db4f8f536f/native-settings/iPhone 17 Pro Max-read/result.xcresult

** TEST EXECUTE SUCCEEDED **

Testing started
2026-09-15 15:01:32.783 xcodebuild[14237:4064270] [MT] IDERunDestination: Supported platforms for the buildables in the current scheme is empty.
2026-09-15 15:01:32.808 xcodebuild[14237:4064270] [MT] IDERunDestination: Supported platforms for the buildables in the current scheme is empty.
2026-09-15 15:01:34.434 xcodebuild[14237:4064270] [MT] IDERunDestination: Supported platforms for the buildables in the current scheme is empty.
2026-09-15 15:01:49.582 xcodebuild[14237:4064270] [MT] IDELaunchParametersSnapshot: The operation couldn’t be completed. (DebuggerLLDB.DebuggerVersionStore.StoreError error 0.)
2026-09-15 15:01:49.582 xcodebuild[14237:4064270] [MT] IDELaunchParametersSnapshot: no debugger version
2026-09-15 15:02:04.951 xcodebuild[14237:4064270] [MT] IDELaunchParametersSnapshot: The operation couldn’t be completed. (DebuggerLLDB.DebuggerVersionStore.StoreError error 0.)
2026-09-15 15:02:04.951 xcodebuild[14237:4064270] [MT] IDELaunchParametersSnapshot: no debugger version
2026-09-15 15:02:20.595 xcodebuild[14237:4064270] [MT] IDETestOperationsObserverDebug: 46.096 elapsed -- Testing started completed.
2026-09-15 15:02:20.595 xcodebuild[14237:4064270] [MT] IDETestOperationsObserverDebug: 0.000 sec, +0.000 sec -- start
2026-09-15 15:02:20.595 xcodebuild[14237:4064270] [MT] IDETestOperationsObserverDebug: 46.096 sec, +46.096 sec -- end
