Command line invocation:
    /Applications/Xcode.app/Contents/Developer/usr/bin/xcodebuild test-without-building -xctestrun "LOCAL_HOME/ace-private/mcx19b-orientation-repair-20260915/11-settings-toggle-diagnosis/native-settings-on-off-v1/native-settings/iPhone 17 Pro Max-read/ACEClientAppUITests.xctestrun" -destination id=D1BAA05C-52DD-4E57-832F-C0A75718E085 -parallel-testing-enabled NO "-only-testing:ACEClientAppUITests/ACEClientAppUITests/testConfigureAccessibilitySettings" -resultBundlePath "LOCAL_HOME/ace-private/mcx19b-orientation-repair-20260915/11-settings-toggle-diagnosis/native-settings-on-off-v1/native-settings/iPhone 17 Pro Max-read/result.xcresult"

Writing result bundle at path:
	LOCAL_HOME/ace-private/mcx19b-orientation-repair-20260915/11-settings-toggle-diagnosis/native-settings-on-off-v1/native-settings/iPhone 17 Pro Max-read/result.xcresult

2026-09-15 23:26:33.607742+1000 ACEClientAppUITests-Runner[79281:5348318] [Default] Running tests...
    t =      nans Interface orientation changed to Portrait
Test Suite 'Selected tests' started at 2026-09-15 23:26:37.786.
Test Suite 'ACEClientAppUITests.xctest' started at 2026-09-15 23:26:37.788.
Test Suite 'ACEClientAppUITests' started at 2026-09-15 23:26:37.789.
Test Case '-[ACEClientAppUITests.ACEClientAppUITests testConfigureAccessibilitySettings]' started.
    t =     0.03s Start Test at 2026-09-15 23:26:37.814
    t =     0.33s Set Up
    t =     0.37s Open com.example.aceclientapp
    t =     0.37s     Launch com.example.aceclientapp
    t =     2.63s         Setting up automation session
    t =     8.10s         Wait for com.example.aceclientapp to idle
    t =    11.07s Waiting 5.0s for "Effective interface style" Any to exist
    t =    12.14s     Checking `Expect predicate `existsNoRetry == 1` for object "Effective interface style" Any`
    t =    12.15s         Checking existence of `"Effective interface style" Any`
    t =    13.42s Find the "Effective interface style" Any
    t =    13.50s Find the "Effective interface style" ScrollView
    t =    13.56s Terminate com.example.aceclientapp:79298
    t =    14.62s Open com.example.aceclientapp
    t =    14.62s     Launch com.example.aceclientapp
    t =    15.49s         Setting up automation session
    t =    20.37s         Wait for com.example.aceclientapp to idle
    t =    23.38s Waiting 5.0s for "Effective interface style" Any to exist
    t =    24.45s     Checking `Expect predicate `existsNoRetry == 1` for object "Effective interface style" Any`
    t =    24.45s         Checking existence of `"Effective interface style" Any`
    t =    25.74s Find the "Effective interface style" Any
    t =    25.80s Find the "Effective interface style" ScrollView
ACE_SETTINGS_RESULT {"mode":"read","observed":{"boldText":false,"increaseContrast":false,"orientation":"portrait","reduceMotion":false}}
    t =    25.86s Terminate com.example.aceclientapp:79332
    t =    26.95s Tear Down
Test Case '-[ACEClientAppUITests.ACEClientAppUITests testConfigureAccessibilitySettings]' passed (27.215 seconds).
Test Suite 'ACEClientAppUITests' passed at 2026-09-15 23:27:05.025.
	 Executed 1 test, with 0 failures (0 unexpected) in 27.215 (27.236) seconds
Test Suite 'ACEClientAppUITests.xctest' passed at 2026-09-15 23:27:05.027.
	 Executed 1 test, with 0 failures (0 unexpected) in 27.215 (27.239) seconds
Test Suite 'Selected tests' passed at 2026-09-15 23:27:05.030.
	 Executed 1 test, with 0 failures (0 unexpected) in 27.215 (27.244) seconds

Test session results, code coverage, and logs:
	LOCAL_HOME/ace-private/mcx19b-orientation-repair-20260915/11-settings-toggle-diagnosis/native-settings-on-off-v1/native-settings/iPhone 17 Pro Max-read/result.xcresult

** TEST EXECUTE SUCCEEDED **

Testing started
2026-09-15 23:26:24.953 xcodebuild[79266:5347846] [MT] IDERunDestination: Supported platforms for the buildables in the current scheme is empty.
2026-09-15 23:26:25.027 xcodebuild[79266:5347846] [MT] IDERunDestination: Supported platforms for the buildables in the current scheme is empty.
2026-09-15 23:26:25.055 xcodebuild[79266:5347846] [MT] IDERunDestination: Supported platforms for the buildables in the current scheme is empty.
2026-09-15 23:26:38.316 xcodebuild[79266:5347846] [MT] IDELaunchParametersSnapshot: The operation couldn’t be completed. (DebuggerLLDB.DebuggerVersionStore.StoreError error 0.)
2026-09-15 23:26:38.316 xcodebuild[79266:5347846] [MT] IDELaunchParametersSnapshot: no debugger version
2026-09-15 23:26:52.415 xcodebuild[79266:5347846] [MT] IDELaunchParametersSnapshot: The operation couldn’t be completed. (DebuggerLLDB.DebuggerVersionStore.StoreError error 0.)
2026-09-15 23:26:52.415 xcodebuild[79266:5347846] [MT] IDELaunchParametersSnapshot: no debugger version
2026-09-15 23:27:05.431 xcodebuild[79266:5347846] [MT] IDETestOperationsObserverDebug: 39.257 elapsed -- Testing started completed.
2026-09-15 23:27:05.431 xcodebuild[79266:5347846] [MT] IDETestOperationsObserverDebug: 0.000 sec, +0.000 sec -- start
2026-09-15 23:27:05.431 xcodebuild[79266:5347846] [MT] IDETestOperationsObserverDebug: 39.257 sec, +39.257 sec -- end
