Command line invocation:
    /Applications/Xcode.app/Contents/Developer/usr/bin/xcodebuild test-without-building -xctestrun LOCAL_HOME/ace-private/mcx19b-implementation-20260914/functional-all-current/current.xctestrun -destination id=D1BAA05C-52DD-4E57-832F-C0A75718E085 -parallel-testing-enabled NO -resultBundlePath LOCAL_HOME/ace-private/mcx19b-implementation-20260914/functional-all-current/result.xcresult

Writing result bundle at path:
	LOCAL_HOME/ace-private/mcx19b-implementation-20260914/functional-all-current/result.xcresult

Test Suite 'All tests' started at 2026-09-14 18:46:10.672.
Test Suite 'ACEClientAppTests.xctest' started at 2026-09-14 18:46:10.674.
Test Suite 'ACEClientAppTests' started at 2026-09-14 18:46:10.675.
Test Case '-[ACEClientAppTests.ACEClientAppTests testActionOrderAndUnknownFieldsRemainSafe]' started.
Test Case '-[ACEClientAppTests.ACEClientAppTests testActionOrderAndUnknownFieldsRemainSafe]' passed (0.102 seconds).
Test Case '-[ACEClientAppTests.ACEClientAppTests testDeletionUsesServiceAndAllSynchronisationClasses]' started.
Test Case '-[ACEClientAppTests.ACEClientAppTests testDeletionUsesServiceAndAllSynchronisationClasses]' passed (0.009 seconds).
Test Case '-[ACEClientAppTests.ACEClientAppTests testDifferentAccountDeletesBeforeAddingReplacement]' started.
Test Case '-[ACEClientAppTests.ACEClientAppTests testDifferentAccountDeletesBeforeAddingReplacement]' passed (0.006 seconds).
Test Case '-[ACEClientAppTests.ACEClientAppTests testDuplicateAddUpdatesExactAccountOnly]' started.
Test Case '-[ACEClientAppTests.ACEClientAppTests testDuplicateAddUpdatesExactAccountOnly]' passed (0.008 seconds).
Test Case '-[ACEClientAppTests.ACEClientAppTests testExactReadFailureAfterInventoryIsControlledReadFailure]' started.
Test Case '-[ACEClientAppTests.ACEClientAppTests testExactReadFailureAfterInventoryIsControlledReadFailure]' passed (0.006 seconds).
Test Case '-[ACEClientAppTests.ACEClientAppTests testExactReadNotFoundAfterInventoryIsUnsafe]' started.
Test Case '-[ACEClientAppTests.ACEClientAppTests testExactReadNotFoundAfterInventoryIsUnsafe]' passed (0.039 seconds).
Test Case '-[ACEClientAppTests.ACEClientAppTests testInvalidReleaseValuesFailClosed]' started.
Test Case '-[ACEClientAppTests.ACEClientAppTests testInvalidReleaseValuesFailClosed]' passed (0.039 seconds).
Test Case '-[ACEClientAppTests.ACEClientAppTests testInvalidReturnedAttributeEntersUnsafeRecovery]' started.
Test Case '-[ACEClientAppTests.ACEClientAppTests testInvalidReturnedAttributeEntersUnsafeRecovery]' passed (0.023 seconds).
Test Case '-[ACEClientAppTests.ACEClientAppTests testInventoryUsesAllSynchronisationClassesAndExactReadUsesFalse]' started.
Test Case '-[ACEClientAppTests.ACEClientAppTests testInventoryUsesAllSynchronisationClassesAndExactReadUsesFalse]' passed (0.008 seconds).
Test Case '-[ACEClientAppTests.ACEClientAppTests testMissingTopLevelNestedAndActionsFieldsFailDecoding]' started.
Test Case '-[ACEClientAppTests.ACEClientAppTests testMissingTopLevelNestedAndActionsFieldsFailDecoding]' passed (0.022 seconds).
Test Case '-[ACEClientAppTests.ACEClientAppTests testOnlyDefinedEmptyResponsePassesValidation]' started.
Test Case '-[ACEClientAppTests.ACEClientAppTests testOnlyDefinedEmptyResponsePassesValidation]' passed (0.013 seconds).
Test Case '-[ACEClientAppTests.ACEClientAppTests testOriginRequiresAbsoluteHTTPSRoot]' started.
Test Case '-[ACEClientAppTests.ACEClientAppTests testOriginRequiresAbsoluteHTTPSRoot]' passed (0.006 seconds).
Test Case '-[ACEClientAppTests.ACEClientAppTests testRepositoryMapsDeniedWithoutJSONContentType]' started.
Test Case '-[ACEClientAppTests.ACEClientAppTests testRepositoryMapsDeniedWithoutJSONContentType]' passed (0.020 seconds).
Test Case '-[ACEClientAppTests.ACEClientAppTests testRepositoryRejectsWrongSuccessContentType]' started.
Test Case '-[ACEClientAppTests.ACEClientAppTests testRepositoryRejectsWrongSuccessContentType]' passed (0.006 seconds).
Test Case '-[ACEClientAppTests.ACEClientAppTests testRequestIsGETAndHasNoCache]' started.
Test Case '-[ACEClientAppTests.ACEClientAppTests testRequestIsGETAndHasNoCache]' passed (0.005 seconds).
Test Case '-[ACEClientAppTests.ACEClientAppTests testSameAccountUpdateFailureDeletesAllServiceItems]' started.
Test Case '-[ACEClientAppTests.ACEClientAppTests testSameAccountUpdateFailureDeletesAllServiceItems]' passed (0.005 seconds).
Test Case '-[ACEClientAppTests.ACEClientAppTests testSaveAddsExactGenericPasswordContract]' started.
Test Case '-[ACEClientAppTests.ACEClientAppTests testSaveAddsExactGenericPasswordContract]' passed (0.006 seconds).
Test Case '-[ACEClientAppTests.ACEClientAppTests testStateMapsUnavailableAndSignOutDeletionFailure]' started.
Test Case '-[ACEClientAppTests.ACEClientAppTests testStateMapsUnavailableAndSignOutDeletionFailure]' passed (0.019 seconds).
Test Case '-[ACEClientAppTests.ACEClientAppTests testStateUsesControlledStoreForNoCredentialAndUnsafeRecovery]' started.
Test Case '-[ACEClientAppTests.ACEClientAppTests testStateUsesControlledStoreForNoCredentialAndUnsafeRecovery]' passed (0.011 seconds).
Test Case '-[ACEClientAppTests.ACEClientAppTests testValidReleasePassesValidation]' started.
Test Case '-[ACEClientAppTests.ACEClientAppTests testValidReleasePassesValidation]' passed (0.009 seconds).
Test Suite 'ACEClientAppTests' passed at 2026-09-14 18:46:11.110.
	 Executed 20 tests, with 0 failures (0 unexpected) in 0.362 (0.435) seconds
Test Suite 'AcceptanceEvidenceCatalogueTests' started at 2026-09-14 18:46:11.112.
Test Case '-[ACEClientAppTests.AcceptanceEvidenceCatalogueTests testCatalogueHasUniqueIdentifiers]' started.
Test Case '-[ACEClientAppTests.AcceptanceEvidenceCatalogueTests testCatalogueHasUniqueIdentifiers]' passed (0.004 seconds).
Test Case '-[ACEClientAppTests.AcceptanceEvidenceCatalogueTests testCatalogueMethodsExist]' started.
Test Case '-[ACEClientAppTests.AcceptanceEvidenceCatalogueTests testCatalogueMethodsExist]' passed (0.015 seconds).
Test Case '-[ACEClientAppTests.AcceptanceEvidenceCatalogueTests testPendingRuntimePlanHasUniqueStructuredEntries]' started.
Test Case '-[ACEClientAppTests.AcceptanceEvidenceCatalogueTests testPendingRuntimePlanHasUniqueStructuredEntries]' passed (0.015 seconds).
Test Suite 'AcceptanceEvidenceCatalogueTests' passed at 2026-09-14 18:46:11.153.
	 Executed 3 tests, with 0 failures (0 unexpected) in 0.034 (0.041) seconds
Test Suite 'AcceptanceEvidenceContractTests' started at 2026-09-14 18:46:11.154.
Test Case '-[ACEClientAppTests.AcceptanceEvidenceContractTests testAccessibilityAuditPending]' started.
Test Case '-[ACEClientAppTests.AcceptanceEvidenceContractTests testAccessibilityAuditPending]' passed (0.006 seconds).
Test Case '-[ACEClientAppTests.AcceptanceEvidenceContractTests testAccessibilityLabelsUITest]' started.
Test Case '-[ACEClientAppTests.AcceptanceEvidenceContractTests testAccessibilityLabelsUITest]' passed (0.052 seconds).
Test Case '-[ACEClientAppTests.AcceptanceEvidenceContractTests testBoldTextPending]' started.
Test Case '-[ACEClientAppTests.AcceptanceEvidenceContractTests testBoldTextPending]' passed (0.006 seconds).
Test Case '-[ACEClientAppTests.AcceptanceEvidenceContractTests testClipboardContract]' started.
Test Case '-[ACEClientAppTests.AcceptanceEvidenceContractTests testClipboardContract]' passed (0.053 seconds).
Test Case '-[ACEClientAppTests.AcceptanceEvidenceContractTests testComposedCredentialStoreSessionLifecycle]' started.
Test Case '-[ACEClientAppTests.AcceptanceEvidenceContractTests testComposedCredentialStoreSessionLifecycle]' passed (0.114 seconds).
Test Case '-[ACEClientAppTests.AcceptanceEvidenceContractTests testContrastPending]' started.
Test Case '-[ACEClientAppTests.AcceptanceEvidenceContractTests testContrastPending]' passed (0.005 seconds).
Test Case '-[ACEClientAppTests.AcceptanceEvidenceContractTests testCopyControlsUITest]' started.
Test Case '-[ACEClientAppTests.AcceptanceEvidenceContractTests testCopyControlsUITest]' passed (0.020 seconds).
Test Case '-[ACEClientAppTests.AcceptanceEvidenceContractTests testDecodingFailsClosed]' started.
Test Case '-[ACEClientAppTests.AcceptanceEvidenceContractTests testDecodingFailsClosed]' passed (0.024 seconds).
Test Case '-[ACEClientAppTests.AcceptanceEvidenceContractTests testDynamicTypePending]' started.
Test Case '-[ACEClientAppTests.AcceptanceEvidenceContractTests testDynamicTypePending]' passed (0.008 seconds).
Test Case '-[ACEClientAppTests.AcceptanceEvidenceContractTests testEvidencePrivacyInspection]' started.
Test Case '-[ACEClientAppTests.AcceptanceEvidenceContractTests testEvidencePrivacyInspection]' passed (0.503 seconds).
Test Case '-[ACEClientAppTests.AcceptanceEvidenceContractTests testFixtureInspection]' started.
Test Case '-[ACEClientAppTests.AcceptanceEvidenceContractTests testFixtureInspection]' passed (0.005 seconds).
Test Case '-[ACEClientAppTests.AcceptanceEvidenceContractTests testKeychainLifecycle]' started.
Test Case '-[ACEClientAppTests.AcceptanceEvidenceContractTests testKeychainLifecycle]' passed (0.017 seconds).
Test Case '-[ACEClientAppTests.AcceptanceEvidenceContractTests testKeychainQueries]' started.
Test Case '-[ACEClientAppTests.AcceptanceEvidenceContractTests testKeychainQueries]' passed (0.012 seconds).
Test Case '-[ACEClientAppTests.AcceptanceEvidenceContractTests testKeychainSerialisation]' started.
Test Case '-[ACEClientAppTests.AcceptanceEvidenceContractTests testKeychainSerialisation]' passed (0.005 seconds).
Test Case '-[ACEClientAppTests.AcceptanceEvidenceContractTests testKeychainSourceInspection]' started.
Test Case '-[ACEClientAppTests.AcceptanceEvidenceContractTests testKeychainSourceInspection]' passed (0.008 seconds).
Test Case '-[ACEClientAppTests.AcceptanceEvidenceContractTests testKeychainValidation]' started.
Test Case '-[ACEClientAppTests.AcceptanceEvidenceContractTests testKeychainValidation]' passed (0.010 seconds).
Test Case '-[ACEClientAppTests.AcceptanceEvidenceContractTests testLayoutMatrixPending]' started.
Test Case '-[ACEClientAppTests.AcceptanceEvidenceContractTests testLayoutMatrixPending]' passed (0.005 seconds).
Test Case '-[ACEClientAppTests.AcceptanceEvidenceContractTests testManualAppSwitcherPending]' started.
Test Case '-[ACEClientAppTests.AcceptanceEvidenceContractTests testManualAppSwitcherPending]' passed (0.005 seconds).
Test Case '-[ACEClientAppTests.AcceptanceEvidenceContractTests testManualVoiceOverPending]' started.
Test Case '-[ACEClientAppTests.AcceptanceEvidenceContractTests testManualVoiceOverPending]' passed (0.006 seconds).
Test Case '-[ACEClientAppTests.AcceptanceEvidenceContractTests testOriginValidation]' started.
Test Case '-[ACEClientAppTests.AcceptanceEvidenceContractTests testOriginValidation]' passed (0.020 seconds).
Test Case '-[ACEClientAppTests.AcceptanceEvidenceContractTests testPhysicalDevicePending]' started.
Test Case '-[ACEClientAppTests.AcceptanceEvidenceContractTests testPhysicalDevicePending]' passed (0.006 seconds).
Test Case '-[ACEClientAppTests.AcceptanceEvidenceContractTests testPrivacyCoverUITest]' started.
Test Case '-[ACEClientAppTests.AcceptanceEvidenceContractTests testPrivacyCoverUITest]' passed (0.020 seconds).
Test Case '-[ACEClientAppTests.AcceptanceEvidenceContractTests testPrivacySourceInspection]' started.
Test Case '-[ACEClientAppTests.AcceptanceEvidenceContractTests testPrivacySourceInspection]' passed (0.171 seconds).
Test Case '-[ACEClientAppTests.AcceptanceEvidenceContractTests testProjectConfiguration]' started.
Test Case '-[ACEClientAppTests.AcceptanceEvidenceContractTests testProjectConfiguration]' passed (0.292 seconds).
Test Case '-[ACEClientAppTests.AcceptanceEvidenceContractTests testRedirectDelegate]' started.
Test Case '-[ACEClientAppTests.AcceptanceEvidenceContractTests testRedirectDelegate]' passed (0.093 seconds).
Test Case '-[ACEClientAppTests.AcceptanceEvidenceContractTests testReduceMotionPending]' started.
Test Case '-[ACEClientAppTests.AcceptanceEvidenceContractTests testReduceMotionPending]' passed (0.006 seconds).
Test Case '-[ACEClientAppTests.AcceptanceEvidenceContractTests testReleaseScreenUITest]' started.
Test Case '-[ACEClientAppTests.AcceptanceEvidenceContractTests testReleaseScreenUITest]' passed (0.058 seconds).
Test Case '-[ACEClientAppTests.AcceptanceEvidenceContractTests testReleaseValidation]' started.
Test Case '-[ACEClientAppTests.AcceptanceEvidenceContractTests testReleaseValidation]' passed (0.063 seconds).
Test Case '-[ACEClientAppTests.AcceptanceEvidenceContractTests testRepositoryResponseMapping]' started.
Test Case '-[ACEClientAppTests.AcceptanceEvidenceContractTests testRepositoryResponseMapping]' passed (0.015 seconds).
Test Case '-[ACEClientAppTests.AcceptanceEvidenceContractTests testRequestConstruction]' started.
Test Case '-[ACEClientAppTests.AcceptanceEvidenceContractTests testRequestConstruction]' passed (0.004 seconds).
Test Case '-[ACEClientAppTests.AcceptanceEvidenceContractTests testSafeInterfaceUITest]' started.
Test Case '-[ACEClientAppTests.AcceptanceEvidenceContractTests testSafeInterfaceUITest]' passed (0.031 seconds).
Test Case '-[ACEClientAppTests.AcceptanceEvidenceContractTests testSceneDelegateTest]' started.
Test Case '-[ACEClientAppTests.AcceptanceEvidenceContractTests testSceneDelegateTest]' passed (0.038 seconds).
Test Case '-[ACEClientAppTests.AcceptanceEvidenceContractTests testScreenshotPolicyInspection]' started.
Test Case '-[ACEClientAppTests.AcceptanceEvidenceContractTests testScreenshotPolicyInspection]' passed (0.027 seconds).
Test Case '-[ACEClientAppTests.AcceptanceEvidenceContractTests testServerCompatibilityExternal]' started.
Test Case '-[ACEClientAppTests.AcceptanceEvidenceContractTests testServerCompatibilityExternal]' passed (0.005 seconds).
Test Case '-[ACEClientAppTests.AcceptanceEvidenceContractTests testSessionConfiguration]' started.
Test Case '-[ACEClientAppTests.AcceptanceEvidenceContractTests testSessionConfiguration]' passed (0.005 seconds).
Test Case '-[ACEClientAppTests.AcceptanceEvidenceContractTests testSignInUITest]' started.
Test Case '-[ACEClientAppTests.AcceptanceEvidenceContractTests testSignInUITest]' passed (0.050 seconds).
Test Case '-[ACEClientAppTests.AcceptanceEvidenceContractTests testSimulatorMatrixPending]' started.
Test Case '-[ACEClientAppTests.AcceptanceEvidenceContractTests testSimulatorMatrixPending]' passed (0.005 seconds).
Test Case '-[ACEClientAppTests.AcceptanceEvidenceContractTests testSourceBoundaryInspection]' started.
Test Case '-[ACEClientAppTests.AcceptanceEvidenceContractTests testSourceBoundaryInspection]' passed (0.086 seconds).
Test Case '-[ACEClientAppTests.AcceptanceEvidenceContractTests testStateErrorHandling]' started.
Test Case '-[ACEClientAppTests.AcceptanceEvidenceContractTests testStateErrorHandling]' passed (0.102 seconds).
Test Case '-[ACEClientAppTests.AcceptanceEvidenceContractTests testStateGeneration]' started.
Test Case '-[ACEClientAppTests.AcceptanceEvidenceContractTests testStateGeneration]' passed (0.104 seconds).
Test Case '-[ACEClientAppTests.AcceptanceEvidenceContractTests testStateMatrix]' started.
Test Case '-[ACEClientAppTests.AcceptanceEvidenceContractTests testStateMatrix]' passed (0.094 seconds).
Test Case '-[ACEClientAppTests.AcceptanceEvidenceContractTests testTrustHandlingSourceInspection]' started.
Test Case '-[ACEClientAppTests.AcceptanceEvidenceContractTests testTrustHandlingSourceInspection]' passed (0.057 seconds).
Test Case '-[ACEClientAppTests.AcceptanceEvidenceContractTests testVoiceOverOrderUITest]' started.
Test Case '-[ACEClientAppTests.AcceptanceEvidenceContractTests testVoiceOverOrderUITest]' passed (0.138 seconds).
Test Suite 'AcceptanceEvidenceContractTests' passed at 2026-09-14 18:46:13.674.
	 Executed 43 tests, with 0 failures (0 unexpected) in 2.353 (2.520) seconds
Test Suite 'ACEClientAppTests.xctest' passed at 2026-09-14 18:46:13.692.
	 Executed 66 tests, with 0 failures (0 unexpected) in 2.749 (3.018) seconds
Test Suite 'All tests' passed at 2026-09-14 18:46:13.694.
	 Executed 66 tests, with 0 failures (0 unexpected) in 2.749 (3.022) seconds

Test session results, code coverage, and logs:
	LOCAL_HOME/ace-private/mcx19b-implementation-20260914/functional-all-current/result.xcresult

** TEST EXECUTE SUCCEEDED **

Testing started
2026-09-14 18:46:00.933 xcodebuild[68327:1876275] [MT] IDERunDestination: Supported platforms for the buildables in the current scheme is empty.
2026-09-14 18:46:01.023 xcodebuild[68327:1876275] [MT] IDERunDestination: Supported platforms for the buildables in the current scheme is empty.
2026-09-14 18:46:02.874 xcodebuild[68327:1876275] [MT] IDERunDestination: Supported platforms for the buildables in the current scheme is empty.
2026-09-14 18:46:14.117 xcodebuild[68327:1876275] [MT] IDETestOperationsObserverDebug: 11.236 elapsed -- Testing started completed.
2026-09-14 18:46:14.117 xcodebuild[68327:1876275] [MT] IDETestOperationsObserverDebug: 0.000 sec, +0.000 sec -- start
2026-09-14 18:46:14.117 xcodebuild[68327:1876275] [MT] IDETestOperationsObserverDebug: 11.236 sec, +11.236 sec -- end
