Command line invocation:
    /Applications/Xcode.app/Contents/Developer/usr/bin/xcodebuild test-without-building -xctestrun LOCAL_HOME/ace-private/mcx19b-implementation-20260914/action-copy-20260915/runs/20260914T200230Z-selected-e1d9354e289f/selected.xctestrun -destination id=D1BAA05C-52DD-4E57-832F-C0A75718E085 -parallel-testing-enabled NO "-only-testing:ACEClientAppUITests/ACEClientAppUITests/testCompleteActionClipboardPastesExactly" -resultBundlePath LOCAL_HOME/ace-private/mcx19b-implementation-20260914/action-copy-20260915/runs/20260914T200230Z-selected-e1d9354e289f/selected.xcresult

Writing result bundle at path:
	LOCAL_HOME/ace-private/mcx19b-implementation-20260914/action-copy-20260915/runs/20260914T200230Z-selected-e1d9354e289f/selected.xcresult

2026-09-15 06:04:12.090233+1000 ACEClientAppUITests-Runner[48108:3022851] [Default] Running tests...
    t =      nans Interface orientation changed to Portrait
Test Suite 'Selected tests' started at 2026-09-15 06:04:17.074.
Test Suite 'ACEClientAppUITests.xctest' started at 2026-09-15 06:04:17.081.
Test Suite 'ACEClientAppUITests' started at 2026-09-15 06:04:17.082.
Test Case '-[ACEClientAppUITests.ACEClientAppUITests testCompleteActionClipboardPastesExactly]' started.
    t =     0.02s Start Test at 2026-09-15 06:04:17.098
    t =     0.26s Set Up
    t =     0.28s Open com.example.aceclientapp
    t =     0.29s     Launch com.example.aceclientapp
    t =     2.21s         Setting up automation session
    t =     7.31s         Wait for com.example.aceclientapp to idle
    t =    10.43s Waiting 5.0s for "Clipboard test destination" Button to exist
    t =    11.48s     Checking `Expect predicate `existsNoRetry == 1` for object "Clipboard test destination" Button`
    t =    11.48s         Checking existence of `"Clipboard test destination" Button`
    t =    11.91s Tap "Clipboard test destination" Button
    t =    11.91s     Wait for com.example.aceclientapp to idle
    t =    11.92s     Find the "Clipboard test destination" Button
    t =    12.08s     Check for interrupting elements affecting "Clipboard test destination" Button
    t =    12.24s     Synthesize event
    t =    12.61s     Wait for com.example.aceclientapp to idle
    t =    12.95s Waiting 5.0s for "Clipboard paste destination" TextView to exist
    t =    14.03s     Checking `Expect predicate `existsNoRetry == 1` for object "Clipboard paste destination" TextView`
    t =    14.03s         Checking existence of `"Clipboard paste destination" TextView`
    t =    14.25s Find the "Clipboard paste destination" TextView
    t =    14.42s Tap "Clipboard paste destination" TextView
    t =    14.42s     Wait for com.example.aceclientapp to idle
    t =    14.43s     Find the "Clipboard paste destination" TextView
    t =    14.59s     Check for interrupting elements affecting "Clipboard paste destination" TextView
    t =    14.76s     Synthesize event
    t =    15.12s     Wait for com.example.aceclientapp to idle
    t =    17.30s Waiting 5.0s for Keyboard (First Match) to exist
    t =    18.40s     Checking `Expect predicate `existsNoRetry == 1` for object Keyboard (First Match)`
    t =    18.40s         Checking existence of `Keyboard (First Match)`
    t =    18.51s Type 'ActionOneClipboard...' into "Clipboard paste destination" TextView
    t =    18.51s     Wait for com.example.aceclientapp to idle
    t =    18.53s     Find the "Clipboard paste destination" TextView
    t =    18.88s     Check for interrupting elements affecting "Clipboard paste destination" TextView
    t =    19.11s     Synthesize event
    t =    19.79s     Wait for com.example.aceclientapp to idle
    t =    19.92s Find the "Clipboard paste destination" TextView
    t =    20.24s Double tap "Clipboard paste destination" TextView
    t =    20.24s     Wait for com.example.aceclientapp to idle
    t =    20.25s     Find the "Clipboard paste destination" TextView
    t =    20.64s     Check for interrupting elements affecting "Clipboard paste destination" TextView
    t =    20.89s     Synthesize event
    t =    21.30s     Wait for com.example.aceclientapp to idle
    t =    22.89s Find the Target Application 'com.example.aceclientapp'
    t =    24.16s Added attachment named 'Native clipboard sentinel selected — ActionOneClipboardSentinelA'
    t =    24.18s Waiting 5.0s for Any (First Match) to exist
    t =    25.26s     Checking `Expect predicate `existsNoRetry == 1` for object Any (First Match)`
    t =    25.26s         Checking existence of `Any (First Match)`
    t =    25.52s Find the Target Application 'com.example.aceclientapp'
    t =    26.56s Added attachment named 'Native clipboard sentinel menu — ActionOneClipboardSentinelA'
    t =    26.56s Tap Any (First Match)
    t =    26.56s     Wait for com.example.aceclientapp to idle
    t =    26.60s     Find the Any (First Match)
    t =    26.98s     Check for interrupting elements affecting "Copy" MenuItem
    t =    27.31s     Synthesize event
    t =    27.67s     Wait for com.example.aceclientapp to idle
    t =    28.06s Find the Target Application 'com.example.aceclientapp'
    t =    29.07s Added attachment named 'Native clipboard sentinel copied — ActionOneClipboardSentinelA'
    t =    29.08s Waiting 5.0s for "Close clipboard test destination" Button to exist
    t =    30.16s     Checking `Expect predicate `existsNoRetry == 1` for object "Close clipboard test destination" Button`
    t =    30.16s         Checking existence of `"Close clipboard test destination" Button`
    t =    30.42s Tap "Close clipboard test destination" Button
    t =    30.42s     Wait for com.example.aceclientapp to idle
    t =    30.44s     Find the "Close clipboard test destination" Button
    t =    30.72s     Check for interrupting elements affecting "Close clipboard test destination" Button
    t =    30.96s     Synthesize event
    t =    31.32s     Wait for com.example.aceclientapp to idle
    t =    32.90s Checking existence of `"Clipboard paste destination" TextView`
    t =    33.05s Waiting 5.0s for ScrollView (First Match) to exist
    t =    34.06s     Checking `Expect predicate `existsNoRetry == 1` for object ScrollView (First Match)`
    t =    34.06s         Checking existence of `ScrollView (First Match)`
    t =    34.10s Checking existence of `"Copy action 1" Button`
    t =    34.25s Find the "Copy action 1" Button
    t =    34.53s Find the ScrollView (First Match)
    t =    34.61s Checking existence of `"Copy action 1" Button`
    t =    34.79s Find the "Copy action 1" Button
    t =    35.03s Press ScrollView at {{16.0, 114.3}, {408.0, 791.7}}[0.50, 0.72] for 0.1 seconds, then drag to ScrollView at {{16.0, 114.3}, {408.0, 791.7}}[0.50, 0.28] with velocity of 500.00 pixels per second, and then hold for 0.0 seconds 
    t =    35.03s     Wait for com.example.aceclientapp to idle
    t =    35.04s     Find the ScrollView at {{16.0, 114.3}, {408.0, 791.7}}
    t =    35.10s     Check for interrupting elements affecting ScrollView
    t =    35.25s     Synthesize event
    t =    35.27s         Find the ScrollView at {{16.0, 114.3}, {408.0, 791.7}}
    t =    35.36s         Find the ScrollView at {{16.0, 114.3}, {408.0, 791.7}}
    t =    35.48s         Find the ScrollView at {{16.0, 114.3}, {408.0, 791.7}}
    t =    35.60s         Find the ScrollView at {{16.0, 114.3}, {408.0, 791.7}}
    t =    35.69s         Find the ScrollView at {{16.0, 114.3}, {408.0, 791.7}}
    t =    36.76s     Wait for com.example.aceclientapp to idle
    t =    38.32s Checking existence of `"Copy action 1" Button`
    t =    38.52s Find the "Copy action 1" Button
    t =    38.74s Find the "Copy action 1" Button
    t =    39.01s Find the ScrollView at {{16.0, 114.3}, {408.0, 791.7}}
    t =    39.09s Find the "Copy action 1" Button
    t =    39.32s Tap "Copy action 1" Button
    t =    39.32s     Wait for com.example.aceclientapp to idle
    t =    39.56s     Find the "Copy action 1" Button
    t =    39.74s     Check for interrupting elements affecting "Copy action 1" Button
    t =    39.89s     Synthesize event
    t =    40.28s     Wait for com.example.aceclientapp to idle
    t =    40.30s Waiting 5.0s for "Copied Action 1." StaticText to exist
    t =    41.31s     Checking `Expect predicate `existsNoRetry == 1` for object "Copied Action 1." StaticText`
    t =    41.32s         Checking existence of `"Copied Action 1." StaticText`
    t =    41.48s Find the Target Application 'com.example.aceclientapp'
    t =    42.30s Added attachment named 'Native action copied — step 1 — Copy action 1'
    t =    42.31s Waiting 5.0s for "Clipboard test destination" Button to exist
    t =    43.36s     Checking `Expect predicate `existsNoRetry == 1` for object "Clipboard test destination" Button`
    t =    43.37s         Checking existence of `"Clipboard test destination" Button`
    t =    43.52s Tap "Clipboard test destination" Button
    t =    43.52s     Wait for com.example.aceclientapp to idle
    t =    43.54s     Find the "Clipboard test destination" Button
    t =    43.71s     Check for interrupting elements affecting "Clipboard test destination" Button
    t =    43.87s     Synthesize event
    t =    44.25s     Wait for com.example.aceclientapp to idle
    t =    44.65s Waiting 5.0s for "Clipboard paste destination" TextView to exist
    t =    45.68s     Checking `Expect predicate `existsNoRetry == 1` for object "Clipboard paste destination" TextView`
    t =    45.68s         Checking existence of `"Clipboard paste destination" TextView`
    t =    45.85s Find the "Clipboard paste destination" TextView
    t =    46.06s Find the "Clipboard paste destination" TextView
    t =    46.25s Tap "Clipboard paste destination" TextView
    t =    46.25s     Wait for com.example.aceclientapp to idle
    t =    46.27s     Find the "Clipboard paste destination" TextView
    t =    46.54s     Check for interrupting elements affecting "Clipboard paste destination" TextView
    t =    46.69s     Synthesize event
    t =    47.10s     Wait for com.example.aceclientapp to idle
    t =    47.60s Waiting 5.0s for Keyboard (First Match) to exist
    t =    48.68s     Checking `Expect predicate `existsNoRetry == 1` for object Keyboard (First Match)`
    t =    48.68s         Checking existence of `Keyboard (First Match)`
    t =    48.80s Press "Clipboard paste destination" TextView for 1.0 seconds
    t =    48.80s     Wait for com.example.aceclientapp to idle
    t =    48.82s     Find the "Clipboard paste destination" TextView
    t =    49.15s     Check for interrupting elements affecting "Clipboard paste destination" TextView
    t =    49.44s     Synthesize event
    t =    50.74s     Wait for com.example.aceclientapp to idle
    t =    51.45s Find the Target Application 'com.example.aceclientapp'
    t =    52.40s Added attachment named 'Native Paste menu — step 1 — Copy action 1'
    t =    52.41s Waiting 5.0s for Any (First Match) to exist
    t =    53.41s     Checking `Expect predicate `existsNoRetry == 1` for object Any (First Match)`
    t =    53.41s         Checking existence of `Any (First Match)`
    t =    53.68s Tap Any (First Match)
    t =    53.69s     Wait for com.example.aceclientapp to idle
    t =    53.70s     Find the Any (First Match)
    t =    54.03s     Check for interrupting elements affecting "Paste" MenuItem
    t =    54.39s     Synthesize event
    t =    54.76s     Wait for com.example.aceclientapp to idle
    t =    55.23s Find the "Clipboard paste destination" TextView
    t =    55.62s Find the Target Application 'com.example.aceclientapp'
    t =    56.68s Added attachment named 'Native pasted value — step 1 — Copy action 1'
    t =    56.69s Waiting 5.0s for "Close clipboard test destination" Button to exist
    t =    57.73s     Checking `Expect predicate `existsNoRetry == 1` for object "Close clipboard test destination" Button`
    t =    57.74s         Checking existence of `"Close clipboard test destination" Button`
    t =    58.07s Tap "Close clipboard test destination" Button
    t =    58.07s     Wait for com.example.aceclientapp to idle
    t =    58.08s     Find the "Close clipboard test destination" Button
    t =    58.38s     Check for interrupting elements affecting "Close clipboard test destination" Button
    t =    58.65s     Synthesize event
    t =    59.02s     Wait for com.example.aceclientapp to idle
    t =    60.61s Checking existence of `"Clipboard paste destination" TextView`
    t =    60.77s Checking existence of `"Copied Action 1." StaticText`
    t =    60.95s Waiting 5.0s for "Clipboard test destination" Button to exist
    t =    61.98s     Checking `Expect predicate `existsNoRetry == 1` for object "Clipboard test destination" Button`
    t =    61.98s         Checking existence of `"Clipboard test destination" Button`
    t =    62.12s Tap "Clipboard test destination" Button
    t =    62.13s     Wait for com.example.aceclientapp to idle
    t =    62.14s     Find the "Clipboard test destination" Button
    t =    62.31s     Check for interrupting elements affecting "Clipboard test destination" Button
    t =    62.56s     Synthesize event
    t =    62.94s     Wait for com.example.aceclientapp to idle
    t =    63.34s Waiting 5.0s for "Clipboard paste destination" TextView to exist
    t =    64.41s     Checking `Expect predicate `existsNoRetry == 1` for object "Clipboard paste destination" TextView`
    t =    64.41s         Checking existence of `"Clipboard paste destination" TextView`
    t =    64.60s Find the "Clipboard paste destination" TextView
    t =    64.78s Tap "Clipboard paste destination" TextView
    t =    64.78s     Wait for com.example.aceclientapp to idle
    t =    64.80s     Find the "Clipboard paste destination" TextView
    t =    65.04s     Check for interrupting elements affecting "Clipboard paste destination" TextView
    t =    65.24s     Synthesize event
    t =    65.61s     Wait for com.example.aceclientapp to idle
    t =    65.98s Waiting 5.0s for Keyboard (First Match) to exist
    t =    67.04s     Checking `Expect predicate `existsNoRetry == 1` for object Keyboard (First Match)`
    t =    67.04s         Checking existence of `Keyboard (First Match)`
    t =    67.13s Type 'ActionTwoClipboard...' into "Clipboard paste destination" TextView
    t =    67.13s     Wait for com.example.aceclientapp to idle
    t =    67.15s     Find the "Clipboard paste destination" TextView
    t =    67.48s     Check for interrupting elements affecting "Clipboard paste destination" TextView
    t =    67.75s     Synthesize event
    t =    68.47s     Wait for com.example.aceclientapp to idle
    t =    68.78s Find the "Clipboard paste destination" TextView
    t =    69.26s Double tap "Clipboard paste destination" TextView
    t =    69.26s     Wait for com.example.aceclientapp to idle
    t =    69.27s     Find the "Clipboard paste destination" TextView
    t =    69.66s     Check for interrupting elements affecting "Clipboard paste destination" TextView
    t =    69.95s     Synthesize event
    t =    70.38s     Wait for com.example.aceclientapp to idle
    t =    71.58s Find the Target Application 'com.example.aceclientapp'
    t =    73.09s Added attachment named 'Native clipboard sentinel selected — ActionTwoClipboardSentinelB'
    t =    73.09s Waiting 5.0s for Any (First Match) to exist
    t =    74.15s     Checking `Expect predicate `existsNoRetry == 1` for object Any (First Match)`
    t =    74.15s         Checking existence of `Any (First Match)`
    t =    74.83s Find the Target Application 'com.example.aceclientapp'
    t =    76.15s Added attachment named 'Native clipboard sentinel menu — ActionTwoClipboardSentinelB'
    t =    76.16s Tap Any (First Match)
    t =    76.16s     Wait for com.example.aceclientapp to idle
    t =    76.17s     Find the Any (First Match)
    t =    76.80s     Check for interrupting elements affecting "doc.on.doc" Image
    t =    77.33s     Synthesize event
    t =    77.40s         Scroll element to visible
    t =    77.41s         Find the "doc.on.doc" Image
    t =    78.32s         Computed hit point {-1, -1} after scrolling to visible
    t =    78.33s         Failed: Not hittable: Image, {{46.0, 402.0}, {17.0, 21.0}}, label: 'Copy'
    t =    79.34s     Retrying `Tap Any (First Match)` (attempt #2)
    t =    79.34s         Wait for com.example.aceclientapp to idle
    t =    79.37s         Find the "doc.on.doc" Image
    t =    80.05s         Check for interrupting elements affecting "doc.on.doc" Image
    t =    80.51s         Synthesize event
    t =    80.60s             Scroll element to visible
    t =    80.60s             Find the "doc.on.doc" Image
    t =    81.60s             Computed hit point {-1, -1} after scrolling to visible
    t =    81.61s             Failed: Not hittable: Image, {{46.0, 402.0}, {17.0, 21.0}}, label: 'Copy'
    t =    82.62s     Retrying `Tap Any (First Match)` (attempt #3)
    t =    82.62s         Wait for com.example.aceclientapp to idle
    t =    82.66s         Find the "doc.on.doc" Image
    t =    83.40s         Check for interrupting elements affecting "doc.on.doc" Image
    t =    83.74s         Synthesize event
    t =    83.83s             Scroll element to visible
    t =    83.83s             Find the "doc.on.doc" Image
    t =    84.76s             Computed hit point {-1, -1} after scrolling to visible
    t =    84.77s             Failed: Not hittable: Image, {{46.0, 402.0}, {17.0, 21.0}}, label: 'Copy'
    t =    84.78s Requesting snapshot of accessibility hierarchy for app with pid 48128
LOCAL_HOME/Developer/sqe-platform-release-layout/ios/ACEClientApp/ACEClientAppUITests/ACEClientAppUITests.swift:512: error: -[ACEClientAppUITests.ACEClientAppUITests testCompleteActionClipboardPastesExactly] : Failed to not hittable: Image, {{46.0, 402.0}, {17.0, 21.0}}, label: 'Copy'
    t =    85.96s Tear Down
Test Case '-[ACEClientAppUITests.ACEClientAppUITests testCompleteActionClipboardPastesExactly]' failed (86.324 seconds).
Test Suite 'ACEClientAppUITests' failed at 2026-09-15 06:05:43.422.
	 Executed 1 test, with 1 failure (0 unexpected) in 86.324 (86.340) seconds
Test Suite 'ACEClientAppUITests.xctest' failed at 2026-09-15 06:05:43.426.
	 Executed 1 test, with 1 failure (0 unexpected) in 86.324 (86.345) seconds
Test Suite 'Selected tests' failed at 2026-09-15 06:05:43.429.
	 Executed 1 test, with 1 failure (0 unexpected) in 86.324 (86.354) seconds

Test session results, code coverage, and logs:
	LOCAL_HOME/ace-private/mcx19b-implementation-20260914/action-copy-20260915/runs/20260914T200230Z-selected-e1d9354e289f/selected.xcresult

Testing started
2026-09-15 06:04:04.047 xcodebuild[48087:3022232] [MT] IDERunDestination: Supported platforms for the buildables in the current scheme is empty.
2026-09-15 06:04:04.070 xcodebuild[48087:3022232] [MT] IDERunDestination: Supported platforms for the buildables in the current scheme is empty.
2026-09-15 06:04:05.381 xcodebuild[48087:3022232] [MT] IDERunDestination: Supported platforms for the buildables in the current scheme is empty.
2026-09-15 06:04:17.532 xcodebuild[48087:3022232] [MT] IDELaunchParametersSnapshot: The operation couldn’t be completed. (DebuggerLLDB.DebuggerVersionStore.StoreError error 0.)
2026-09-15 06:04:17.532 xcodebuild[48087:3022232] [MT] IDELaunchParametersSnapshot: no debugger version
2026-09-15 06:05:41.322 xcodebuild[48087:3022232] [MT] IDERunDestination: Supported platforms for the buildables in the current scheme is empty.
2026-09-15 06:05:42.979 xcodebuild[48087:3022232] [MT] IDERunDestination: Supported platforms for the buildables in the current scheme is empty.
2026-09-15 06:05:43.146 xcodebuild[48087:3022232] [MT] IDERunDestination: Supported platforms for the buildables in the current scheme is empty.
2026-09-15 06:05:52.812 xcodebuild[48087:3022232] [MT] IDERunDestination: Supported platforms for the buildables in the current scheme is empty.
2026-09-15 06:05:53.038 xcodebuild[48087:3022232] [MT] IDERunDestination: Supported platforms for the buildables in the current scheme is empty.
2026-09-15 06:05:58.211 xcodebuild[48087:3022232] [MT] IDERunDestination: Supported platforms for the buildables in the current scheme is empty.
2026-09-15 06:06:44.916 xcodebuild[48087:3022232] [MT] IDETestOperationsObserverDebug: 159.503 elapsed -- Testing started completed.
2026-09-15 06:06:44.916 xcodebuild[48087:3022232] [MT] IDETestOperationsObserverDebug: 0.000 sec, +0.000 sec -- start
2026-09-15 06:06:44.917 xcodebuild[48087:3022232] [MT] IDETestOperationsObserverDebug: 159.503 sec, +159.503 sec -- end
** TEST EXECUTE FAILED **

