Exported 25 attachments for: ACEClientAppUITests/testClippingNoConclusionStandaloneAudit():
File: B3978982-AE9B-4CFF-9A8F-86EE044C4E00.png, suggested name: "Controlled state — noConclusion — light_0_3DED809D-2AFE-462B-922E-C5F59F9F0EC1.png"
File: AD464770-41B7-4E55-BB2A-23DB1C3FA8AE, suggested name: "Synthesized Event 2026-09-14 at 01.31.27 pm"
File: 23983A13-3722-4181-9E02-0E015709DED9.mp4, suggested name: "Screen Recording 2026-09-14 at 01.31.14 pm.mp4"
File: 73538EE3-1FBC-471F-96AE-5890DBE36661.txt, suggested name: "Complete Issue Description.txt"
File: 11E5E0E9-CC16-4C9C-96F3-81D0F3378352.png, suggested name: "App Screenshot_0_39CD666E-5ADA-4518-B486-8AD44CE36A2A.png"
File: 007C6E21-549E-4225-96F6-F2DC375766BC.png, suggested name: "Element Screenshot_1_BE15A342-19EC-49F7-AD11-F43970F73926.png"
File: 6FC29051-4364-4A33-ABA5-0957D8B90A96.txt, suggested name: "Complete Issue Description.txt"
File: 4EAF6095-31A2-414B-B108-64D59F63B92D.png, suggested name: "App Screenshot_0_996BE967-2A6D-412B-BEA8-FEB93775ED11.png"
File: 00348301-EE84-4102-AD09-D2321E72EEF7.png, suggested name: "Element Screenshot_1_28852FB1-459A-4677-81A2-08533C4F3943.png"
File: AF1EC143-0666-4733-BC15-A5AE7E88A340.txt, suggested name: "Complete Issue Description.txt"
File: C5D863CB-21AC-492F-B8C5-5A64836B14BD.png, suggested name: "App Screenshot_0_8CB6D6AC-3BD1-495D-BC0E-562BE7A3BF40.png"
File: E60A4CA9-C7EC-4F6A-8904-EC1BFA930E6E.png, suggested name: "Element Screenshot_1_F5286534-77AD-4EC2-B283-D904DD956D03.png"
File: 8F61C70F-9868-48CE-98F4-9044DB285BC0.txt, suggested name: "Complete Issue Description.txt"
File: 98069F18-A710-4503-A7F0-50232AFB5104.png, suggested name: "App Screenshot_0_5E8B9E2C-77C3-4A5A-8C95-630341EB68FE.png"
File: 48FD7DB7-8C4D-41A8-87AA-8BF2C2C4CEC9.png, suggested name: "Element Screenshot_1_AE401FC6-1496-4E28-9183-2859C1F68575.png"
File: FCD9F0E0-CE21-4CA3-9ED1-5D138E54B0AC.txt, suggested name: "Complete Issue Description.txt"
File: F6E492BA-4D8C-4F23-9F9F-C2E634F03B7A.png, suggested name: "App Screenshot_0_F3FDAD22-8111-4E56-A09B-7228C0237F6C.png"
File: 3E3BD0B7-328A-450C-A77B-5C76F8BEB2E0.png, suggested name: "Element Screenshot_1_370677EC-C003-4617-B432-73478E915D00.png"
File: 6DB3C282-603F-4050-A41B-29702A465B21.txt, suggested name: "Complete Issue Description.txt"
File: 6E88A010-C8DF-4DA3-B933-7A17BE8AB827.png, suggested name: "App Screenshot_0_F76D1D9E-7A6A-44A8-8BE4-E3F0753365E4.png"
File: 87CE7179-03B4-42E1-9187-6164AF9D785E.png, suggested name: "Element Screenshot_1_C09E5CCF-3820-487C-8598-7ABD5187375F.png"
File: 221CA2F8-EC0E-497E-AA86-ACA412E2A04E.txt, suggested name: "Complete Issue Description.txt"
File: B364A57D-2E72-4E2E-8299-AFCB95D2AA07.png, suggested name: "App Screenshot_0_0EF0BE2C-A5C9-4E45-B444-F2CD7AC9759D.png"
File: 47BB35EA-8E71-4FFE-9AA8-1F572C550650.txt, suggested name: "Complete Issue Description.txt"
File: 312FA907-179B-4458-B2C8-EE97E0C26ECF.png, suggested name: "App Screenshot_0_66BA223B-C3AE-4A85-9571-81E2C0EB574E.png"

Generated manifest file with attachment details: LOCAL_HOME/ace-private/mcx19b-layout-20260914/no-conclusion-v2-attachments/manifest.json
