Exported 48 attachments for: ACEClientAppUITests/testFictionalReleaseHasApprovedCopyControls():
File: 147781FA-AF33-45F5-8598-C4F2780ED6C0.png, suggested name: "Controlled state — copyConfirmation — light_0_4F968524-7FF5-428A-866C-7C2885591B8C.png"
File: EAAF140D-D98A-4E5D-974F-AA2A0F2F6860, suggested name: "Synthesized Event 2026-09-14 at 01.21.56 pm"
File: F52E65A8-CC78-4324-93C1-329586A84E89.png, suggested name: "Fictional release — approved-controls — light_0_0570BEF0-7C46-4CC9-84D9-D36922304524.png"
File: C3A18D93-A28E-41C6-B6D8-23C51144CFA5.png, suggested name: "Release detail — Action status — light_0_358CDC8B-D1FF-4A9D-AF82-2818ECD262F4.png"
File: D1DB664E-91B2-406F-9D86-E70B73B040AE, suggested name: "UI Snapshot 2026-09-14 at 01.21.20 pm"
File: E6A71FA0-118C-4E3B-84AA-3AC00C2B67ED, suggested name: "Synthesized Event 2026-09-14 at 01.21.22 pm"
File: EE2C4823-405A-42EC-A878-91D994D0005D.png, suggested name: "Release detail — Action target date — light_0_BF6CF650-B64B-413B-9F92-22EABCB02E6F.png"
File: 5C359AF7-1A9D-49D1-85C1-AAB4B59BCA6E.png, suggested name: "Release detail — Action owner — light_0_3F39E3F3-3BCF-4A66-8F62-0CB17FD70A78.png"
File: 97D0A649-A863-4A5A-96CC-2B58A474F848.png, suggested name: "Release detail — Action description — light_0_FE33325B-FA16-4157-AE2A-765BE9928883.png"
File: 1ADBBF52-40F9-4D42-9CE2-EDA0ED450A75, suggested name: "UI Snapshot 2026-09-14 at 01.20.57 pm"
File: 919F7DF0-DF4B-4865-9BCC-78343039C6B4, suggested name: "Synthesized Event 2026-09-14 at 01.20.58 pm"
File: C2AE86CD-2E69-48A8-83F0-18FB160AA452.png, suggested name: "Release detail — Evidence reference — light_0_F2117FE3-FB55-44D2-B058-F00B61CCA937.png"
File: 467FF5DB-B5AF-4C59-953B-6F0CDFD3C94D.png, suggested name: "Release detail — Conclusion summary — light_0_288BCBF2-DB7D-4FBF-8858-3124EFB722DF.png"
File: 1881959A-CA66-44EF-A779-43F112D127CA.png, suggested name: "Release detail — Conclusion title — light_0_BF70D39B-127B-4B44-B36F-DBFA34315A91.png"
File: 801FA254-21C4-41CF-BBD4-9C6F449C0E93.png, suggested name: "Release detail — Published date and time — light_0_A4EEC1D9-C5AB-48EC-8D80-FF1335A621E7.png"
File: BCA90B6B-4C5F-4351-823A-22B485B56674.png, suggested name: "Release detail — Release version — light_0_76655F35-F6D1-44C1-B262-FCBB4F1FF2C5.png"
File: 451F5532-833E-4FEB-B27A-302E6C6FBCEE.png, suggested name: "Release detail — Review status — light_0_6C8C8A20-991A-406D-AA09-981C696BBF38.png"
File: 7E09752D-8245-419F-916B-3DEDC2EE6D2B.png, suggested name: "Release detail — Engagement name — light_0_4F2F661D-4144-455B-873A-D54BB9C797ED.png"
File: EC68E9A9-DF58-4D5E-AF15-DF89B654B1B8.png, suggested name: "Fictional release — initial-audit — light_0_6732386A-862C-4020-91A8-FCFA2A6B9224.png"
File: 6B8FFA48-E392-4096-B723-F802ED02954F.mp4, suggested name: "Screen Recording 2026-09-14 at 01.19.51 pm.mp4"
File: 5A267375-163C-469E-B372-3F1B97B9AB55.txt, suggested name: "Complete Issue Description.txt"
File: 4190DE80-44FA-4F23-8029-70BCD311B84B.png, suggested name: "App Screenshot_0_3AE3E284-03E4-4ABA-99F4-4CFCFE45172D.png"
File: 4F8FC57C-4844-408E-AA79-40256474E7F7.png, suggested name: "Element Screenshot_1_1E9EB6CA-2921-471F-957B-FA0BB5F5A9B4.png"
File: DCD1A021-D28B-4755-88C9-113FB2CC6746.txt, suggested name: "Complete Issue Description.txt"
File: E6BFFCE0-74AE-4D7A-8883-6B8ECDC1271F.png, suggested name: "App Screenshot_0_213D8944-332C-4D2B-A054-47B730C86D76.png"
File: 920EB6A9-78ED-48B5-AFEC-103B5F1D1E1A.png, suggested name: "Element Screenshot_1_F076EFC7-0EE0-49CA-8F52-59CF373B3A87.png"
File: 3F2AC2F3-7A39-44AC-8955-2D8193A33213.txt, suggested name: "Complete Issue Description.txt"
File: BDD1F79F-A6B6-4B07-9C65-3E1F4F8117E3.png, suggested name: "App Screenshot_0_EB1D5B98-0444-4268-809F-0B3A5B6B8752.png"
File: 4A9D1893-B3C7-466E-A979-5F09377628D4.png, suggested name: "Element Screenshot_1_F41382DD-95C7-4B0A-AB18-F20DA0964457.png"
File: AC7FA19C-A9ED-4A4A-9FBE-E6B33A44F3D0.txt, suggested name: "Complete Issue Description.txt"
File: B64EB29E-E653-4148-B282-9930F703D599.png, suggested name: "App Screenshot_0_9FB97A63-E512-490A-A919-65A25F620C55.png"
File: 16B048D0-9A60-4549-914F-D37830086447.png, suggested name: "Element Screenshot_1_BED4528F-78AF-4B3D-9C81-49953E761D00.png"
File: 7BAC8460-ACCD-4FE0-B360-AFE46DC77F0C.txt, suggested name: "Complete Issue Description.txt"
File: 3DCC2178-C014-4859-8CF2-2D8C4580748E.png, suggested name: "App Screenshot_0_6AC36FB0-3C52-4BA6-B48E-DB7460ECA1F3.png"
File: C64DAAE3-127E-4890-AB30-B93A619A9661.png, suggested name: "Element Screenshot_1_B1B114A4-3616-48B1-8955-971C535EDFD6.png"
File: 85BA976B-1F3F-4AA2-8ADD-BBAB95FD6632.txt, suggested name: "Complete Issue Description.txt"
File: 79F3CB54-9711-4558-8518-1662C2991D29.png, suggested name: "App Screenshot_0_704E656C-1890-4425-B3FA-DAA4F27DBA20.png"
File: 5144D62D-96E9-43E3-8F8B-4D919EBB7316.png, suggested name: "Element Screenshot_1_E8E2D1DC-F2B2-4D85-8D4C-A90D41696490.png"
File: D5A4AD1E-F58D-44E1-952B-D0EF24B8C684.txt, suggested name: "Complete Issue Description.txt"
File: 38358FD8-1A04-4081-A3D5-7004F9D5B594.png, suggested name: "App Screenshot_0_54870E69-BDC2-47A3-B5CB-8D99FEA37A6C.png"
File: D48773A7-781D-4432-B217-71E2A5544B36.png, suggested name: "Element Screenshot_1_2492DCBD-137D-42FA-92DB-03F4B1AC2ADB.png"
File: 5B2A1A06-B3EF-4FC4-9A6D-80D8D98412B3.txt, suggested name: "Complete Issue Description.txt"
File: 6BCCBF00-97A8-400A-B297-65E027C2F6AE.png, suggested name: "App Screenshot_0_2141D3A3-B465-4602-99DC-15F62737E42E.png"
File: 1EE5A271-F5BB-4024-93B6-BF53876719AB.png, suggested name: "Element Screenshot_1_4BFB2F11-3E56-4CB3-A105-EB64F183E3F3.png"
File: 6BD73056-FDCC-4D52-8109-25F054A20EC0.txt, suggested name: "Complete Issue Description.txt"
File: 2B4E1AD7-8CBE-4051-9910-8E1F30CAD39D.png, suggested name: "App Screenshot_0_0DEAF691-B395-478A-A17B-6509B746AECA.png"
File: 985EC977-9D22-47D9-8886-27A016D064C3.txt, suggested name: "Complete Issue Description.txt"
File: A8B6DADA-7A02-4FFA-91C1-4E460A1E6AB8.png, suggested name: "App Screenshot_0_595DD08C-590C-40BA-8D05-71F7D24B840D.png"

Generated manifest file with attachment details: LOCAL_HOME/ace-private/mcx19b-layout-20260914/release-light-v2-attachments/manifest.json
