Command line invocation:
    /Applications/Xcode.app/Contents/Developer/usr/bin/xcodebuild test-without-building -xctestrun LOCAL_HOME/ace-private/mcx19b-layout-20260914/derived/Build/Products/release-max-text-v2.xctestrun -destination "platform=iOS Simulator,arch=x86_64,id=2EB0863C-470E-467D-A0C6-CD216DA70C67" -resultBundlePath LOCAL_HOME/ace-private/mcx19b-layout-20260914/release-max-text-v2.xcresult "-only-testing:ACEClientAppUITests/ACEClientAppUITests/testNormalDeviceSettings" -parallel-testing-enabled NO -test-timeouts-enabled YES -default-test-execution-time-allowance 300 -maximum-test-execution-time-allowance 300

2026-09-14 13:26:22.306 xcodebuild[41554:1263209] [MT] IDERunDestination: Supported platforms for the buildables in the current scheme is empty.
Writing result bundle at path:
	LOCAL_HOME/ace-private/mcx19b-layout-20260914/release-max-text-v2.xcresult

2026-09-14 13:26:22.321 xcodebuild[41554:1263209] [MT] IDERunDestination: Supported platforms for the buildables in the current scheme is empty.
2026-09-14 13:26:22.913 xcodebuild[41554:1263209] [MT] IDERunDestination: Supported platforms for the buildables in the current scheme is empty.
2026-09-14 13:26:27.357832+1000 ACEClientAppUITests-Runner[41565:1263668] [Default] Running tests...
    t =      nans Interface orientation changed to Portrait
Test Suite 'Selected tests' started at 2026-09-14 13:26:30.004.
Test Suite 'ACEClientAppUITests.xctest' started at 2026-09-14 13:26:30.006.
Test Suite 'ACEClientAppUITests' started at 2026-09-14 13:26:30.006.
Test Case '-[ACEClientAppUITests.ACEClientAppUITests testNormalDeviceSettings]' started.
    t =     0.01s Start Test at 2026-09-14 13:26:30.013
    t =     0.14s Set Up
    t =     0.15s Setting device orientation to Portrait
    t =     0.17s     Device orientation changed to Portrait
    t =     0.20s     Wait for com.apple.springboard to idle
    t =     0.35s Open com.example.aceclientapp
    t =     0.36s     Launch com.example.aceclientapp
2026-09-14 13:26:30.488 xcodebuild[41554:1263209] [MT] IDELaunchParametersSnapshot: The operation couldn’t be completed. (DebuggerLLDB.DebuggerVersionStore.StoreError error 0.)
2026-09-14 13:26:30.488 xcodebuild[41554:1263209] [MT] IDELaunchParametersSnapshot: no debugger version
    t =     1.82s         Setting up automation session
    t =     4.89s         Wait for com.example.aceclientapp to idle
    t =     7.19s Waiting 5.0s for "Effective interface style" StaticText to exist
    t =     8.26s     Checking `Expect predicate `existsNoRetry == 1` for object "Effective interface style" StaticText`
    t =     8.26s         Checking existence of `"Effective interface style" StaticText`
    t =     9.56s Checking `Expect predicate `label == "light"` for object "Effective interface style" StaticText`
    t =     9.56s     Find the "Effective interface style" StaticText
    t =    10.74s Checking `Expect predicate `value == "accessibility-extra-extra-extra-large"` for object "Effective interface style" StaticText`
    t =    10.74s     Find the "Effective interface style" StaticText
    t =    10.86s Get all elements bound by index for: Descendants matching type Button
    t =    10.98s Find the Button (Element at index 0)
    t =    11.13s Find the Button (Element at index 1)
    t =    11.25s Find the Button (Element at index 2)
    t =    11.37s Find the Button (Element at index 3)
    t =    11.54s Find the Button (Element at index 4)
    t =    11.66s Find the Button (Element at index 5)
    t =    11.77s Find the Button (Element at index 6)
    t =    11.93s Find the Button (Element at index 7)
    t =    12.05s Find the Button (Element at index 8)
    t =    12.16s Find the Button (Element at index 9)
    t =    12.29s Find the Button (Element at index 10)
    t =    12.42s Find the Button (Element at index 11)
    t =    12.56s Find the Button (Element at index 12)
    t =    15.86s Waiting 5.0s for ScrollView (First Match) to exist
    t =    16.89s     Checking `Expect predicate `existsNoRetry == 1` for object ScrollView (First Match)`
    t =    16.89s         Checking existence of `ScrollView (First Match)`
    t =    16.92s Checking existence of `Any (First Match)`
    t =    16.96s Find the Any (First Match)
    t =    17.09s Find the "Engagement name: Fictional Engagement" StaticText
    t =    17.17s Find the ScrollView (First Match)
    t =    17.23s Find the ScrollView at {{16.0, 157.3}, {370.0, 666.7}}
    t =    17.28s Checking existence of `"Engagement name: Fictional Engagement" StaticText`
    t =    17.33s Find the "Engagement name: Fictional Engagement" StaticText
    t =    17.42s Press ScrollView at {{16.0, 157.3}, {370.0, 666.7}}[0.50, 0.72] for 0.1 seconds, then drag to ScrollView at {{16.0, 157.3}, {370.0, 666.7}}[0.50, 0.28] with velocity of 500.00 pixels per second, and then hold for 0.0 seconds 
    t =    17.42s     Wait for com.example.aceclientapp to idle
    t =    17.43s     Find the ScrollView at {{16.0, 157.3}, {370.0, 666.7}}
    t =    17.49s     Check for interrupting elements affecting ScrollView
    t =    17.63s     Synthesize event
    t =    17.63s         Find the ScrollView at {{16.0, 157.3}, {370.0, 666.7}}
    t =    17.69s         Find the ScrollView at {{16.0, 157.3}, {370.0, 666.7}}
    t =    17.74s         Find the ScrollView at {{16.0, 157.3}, {370.0, 666.7}}
    t =    17.79s         Find the ScrollView at {{16.0, 157.3}, {370.0, 666.7}}
    t =    17.85s         Find the ScrollView at {{16.0, 157.3}, {370.0, 666.7}}
    t =    18.79s     Wait for com.example.aceclientapp to idle
    t =    18.82s Checking existence of `"Engagement name: Fictional Engagement" StaticText`
    t =    18.90s Find the "Engagement name: Fictional Engagement" StaticText
    t =    19.05s Find the "Engagement name: Fictional Engagement" StaticText
    t =    19.14s Find the ScrollView at {{16.0, 157.3}, {370.0, 666.7}}
    t =    19.18s Get all elements bound by index for: Descendants matching type Button
    t =    19.27s Find the Button (Element at index 0)
    t =    19.43s Find the "Copy Engagement name" Button
    t =    19.57s Find the "Copy Engagement name" Button
    t =    19.66s Find the Button (Element at index 1)
    t =    19.84s Find the "Copy Review status" Button
    t =    19.97s Find the "Copy Review status" Button
    t =    20.06s Find the Button (Element at index 2)
    t =    20.21s Find the Button (Element at index 3)
    t =    20.35s Find the Button (Element at index 4)
    t =    20.47s Find the Button (Element at index 5)
    t =    20.60s Find the Button (Element at index 6)
    t =    20.74s Find the Button (Element at index 7)
    t =    20.87s Find the Button (Element at index 8)
    t =    20.99s Find the Button (Element at index 9)
    t =    21.12s Find the Button (Element at index 10)
    t =    21.25s Find the Button (Element at index 11)
    t =    21.36s Find the Button (Element at index 12)
    t =    21.82s Added attachment named 'Release detail — Engagement name — normal-device-settings-light'
    t =    21.82s Waiting 5.0s for ScrollView (First Match) to exist
    t =    22.88s     Checking `Expect predicate `existsNoRetry == 1` for object ScrollView (First Match)`
    t =    22.88s         Checking existence of `ScrollView (First Match)`
    t =    22.90s Checking existence of `Any (First Match)`
    t =    22.96s Find the Any (First Match)
    t =    23.07s Find the "Review status: RELEASED" StaticText
    t =    23.13s Find the ScrollView (First Match)
    t =    23.18s Get all elements bound by index for: Descendants matching type Button
    t =    23.29s Find the Button (Element at index 0)
    t =    23.43s Find the "Copy Engagement name" Button
    t =    23.54s Find the "Copy Engagement name" Button
    t =    23.64s Find the Button (Element at index 1)
    t =    23.79s Find the "Copy Review status" Button
    t =    23.89s Find the "Copy Review status" Button
    t =    23.98s Find the Button (Element at index 2)
    t =    24.11s Find the Button (Element at index 3)
    t =    24.25s Find the Button (Element at index 4)
    t =    24.36s Find the Button (Element at index 5)
    t =    24.48s Find the Button (Element at index 6)
    t =    24.61s Find the Button (Element at index 7)
    t =    24.72s Find the Button (Element at index 8)
    t =    24.85s Find the Button (Element at index 9)
    t =    25.01s Find the Button (Element at index 10)
    t =    25.12s Find the Button (Element at index 11)
    t =    25.25s Find the Button (Element at index 12)
    t =    25.69s Added attachment named 'Release detail — Review status — normal-device-settings-light'
    t =    25.70s Waiting 5.0s for ScrollView (First Match) to exist
    t =    26.75s     Checking `Expect predicate `existsNoRetry == 1` for object ScrollView (First Match)`
    t =    26.75s         Checking existence of `ScrollView (First Match)`
    t =    26.78s Checking existence of `Any (First Match)`
    t =    26.85s Find the Any (First Match)
    t =    26.94s Find the ScrollView (First Match)
    t =    27.00s Checking existence of `"Release version: 1" StaticText`
    t =    27.07s Find the "Release version: 1" StaticText
    t =    27.15s Press ScrollView at {{16.0, 157.3}, {370.0, 666.7}}[0.50, 0.72] for 0.1 seconds, then drag to ScrollView at {{16.0, 157.3}, {370.0, 666.7}}[0.50, 0.28] with velocity of 500.00 pixels per second, and then hold for 0.0 seconds 
    t =    27.15s     Wait for com.example.aceclientapp to idle
    t =    27.16s     Find the ScrollView at {{16.0, 157.3}, {370.0, 666.7}}
    t =    27.20s     Check for interrupting elements affecting ScrollView
    t =    27.33s     Synthesize event
    t =    27.34s         Find the ScrollView at {{16.0, 157.3}, {370.0, 666.7}}
    t =    27.39s         Find the ScrollView at {{16.0, 157.3}, {370.0, 666.7}}
    t =    27.44s         Find the ScrollView at {{16.0, 157.3}, {370.0, 666.7}}
    t =    27.49s         Find the ScrollView at {{16.0, 157.3}, {370.0, 666.7}}
    t =    27.54s         Find the ScrollView at {{16.0, 157.3}, {370.0, 666.7}}
    t =    28.47s     Wait for com.example.aceclientapp to idle
    t =    28.49s Checking existence of `"Release version: 1" StaticText`
    t =    28.54s Find the "Release version: 1" StaticText
    t =    28.65s Find the "Release version: 1" StaticText
    t =    28.75s Find the ScrollView at {{16.0, 157.3}, {370.0, 666.7}}
    t =    28.78s Get all elements bound by index for: Descendants matching type Button
    t =    28.86s Find the Button (Element at index 0)
    t =    29.01s Find the "Copy Engagement name" Button
    t =    29.13s Find the "Copy Engagement name" Button
    t =    29.21s Find the Button (Element at index 1)
    t =    29.36s Find the "Copy Review status" Button
    t =    29.48s Find the "Copy Review status" Button
    t =    29.58s Find the Button (Element at index 2)
    t =    29.70s Find the "Copy Release version" Button
    t =    29.83s Find the "Copy Release version" Button
    t =    29.93s Find the Button (Element at index 3)
    t =    30.04s Find the Button (Element at index 4)
    t =    30.20s Find the Button (Element at index 5)
    t =    30.35s Find the Button (Element at index 6)
    t =    30.45s Find the Button (Element at index 7)
    t =    30.59s Find the Button (Element at index 8)
    t =    30.71s Find the Button (Element at index 9)
    t =    30.82s Find the Button (Element at index 10)
    t =    30.92s Find the Button (Element at index 11)
    t =    31.04s Find the Button (Element at index 12)
    t =    31.48s Added attachment named 'Release detail — Release version — normal-device-settings-light'
    t =    31.49s Waiting 5.0s for ScrollView (First Match) to exist
    t =    32.53s     Checking `Expect predicate `existsNoRetry == 1` for object ScrollView (First Match)`
    t =    32.53s         Checking existence of `ScrollView (First Match)`
    t =    32.56s Checking existence of `Any (First Match)`
    t =    32.63s Find the Any (First Match)
    t =    32.75s Find the "Published date and time: 2026-08-24T10:15:30Z" StaticText
    t =    32.85s Find the ScrollView (First Match)
    t =    32.91s Find the ScrollView at {{16.0, 157.3}, {370.0, 666.7}}
    t =    32.96s Checking existence of `"Published date and time: 2026-08-24T10:15:30Z" StaticText`
    t =    33.03s Find the "Published date and time: 2026-08-24T10:15:30Z" StaticText
    t =    33.12s Press ScrollView at {{16.0, 157.3}, {370.0, 666.7}}[0.50, 0.72] for 0.1 seconds, then drag to ScrollView at {{16.0, 157.3}, {370.0, 666.7}}[0.50, 0.28] with velocity of 500.00 pixels per second, and then hold for 0.0 seconds 
    t =    33.12s     Wait for com.example.aceclientapp to idle
    t =    33.13s     Find the ScrollView at {{16.0, 157.3}, {370.0, 666.7}}
    t =    33.17s     Check for interrupting elements affecting ScrollView
    t =    33.30s     Synthesize event
    t =    33.31s         Find the ScrollView at {{16.0, 157.3}, {370.0, 666.7}}
    t =    33.37s         Find the ScrollView at {{16.0, 157.3}, {370.0, 666.7}}
    t =    33.44s         Find the ScrollView at {{16.0, 157.3}, {370.0, 666.7}}
    t =    33.49s         Find the ScrollView at {{16.0, 157.3}, {370.0, 666.7}}
    t =    33.55s         Find the ScrollView at {{16.0, 157.3}, {370.0, 666.7}}
    t =    34.48s     Wait for com.example.aceclientapp to idle
    t =    34.51s Checking existence of `"Published date and time: 2026-08-24T10:15:30Z" StaticText`
    t =    34.60s Find the "Published date and time: 2026-08-24T10:15:30Z" StaticText
    t =    34.71s Find the "Published date and time: 2026-08-24T10:15:30Z" StaticText
    t =    34.80s Find the ScrollView at {{16.0, 157.3}, {370.0, 666.7}}
    t =    34.83s Get all elements bound by index for: Descendants matching type Button
    t =    34.95s Find the Button (Element at index 0)
    t =    35.08s Find the Button (Element at index 1)
    t =    35.20s Find the "Copy Review status" Button
    t =    35.33s Find the "Copy Review status" Button
    t =    35.45s Find the Button (Element at index 2)
    t =    35.58s Find the "Copy Release version" Button
    t =    35.70s Find the "Copy Release version" Button
    t =    35.81s Find the Button (Element at index 3)
    t =    35.94s Find the "Copy Published date and time" Button
    t =    36.05s Find the "Copy Published date and time" Button
    t =    36.16s Find the Button (Element at index 4)
    t =    36.28s Find the Button (Element at index 5)
    t =    36.39s Find the Button (Element at index 6)
    t =    36.51s Find the Button (Element at index 7)
    t =    36.63s Find the Button (Element at index 8)
    t =    36.75s Find the Button (Element at index 9)
    t =    36.89s Find the Button (Element at index 10)
    t =    37.03s Find the Button (Element at index 11)
    t =    37.14s Find the Button (Element at index 12)
    t =    37.57s Added attachment named 'Release detail — Published date and time — normal-device-settings-light'
    t =    37.57s Waiting 5.0s for ScrollView (First Match) to exist
    t =    38.62s     Checking `Expect predicate `existsNoRetry == 1` for object ScrollView (First Match)`
    t =    38.62s         Checking existence of `ScrollView (First Match)`
    t =    38.66s Checking existence of `Any (First Match)`
    t =    38.72s Find the Any (First Match)
    t =    38.81s Find the ScrollView (First Match)
    t =    38.86s Checking existence of `"Conclusion title: Fictional conclusion" StaticText`
    t =    38.93s Find the "Conclusion title: Fictional conclusion" StaticText
    t =    39.05s Press ScrollView at {{16.0, 157.3}, {370.0, 666.7}}[0.50, 0.72] for 0.1 seconds, then drag to ScrollView at {{16.0, 157.3}, {370.0, 666.7}}[0.50, 0.28] with velocity of 500.00 pixels per second, and then hold for 0.0 seconds 
    t =    39.05s     Wait for com.example.aceclientapp to idle
    t =    39.06s     Find the ScrollView at {{16.0, 157.3}, {370.0, 666.7}}
    t =    39.10s     Check for interrupting elements affecting ScrollView
    t =    39.19s     Synthesize event
    t =    39.19s         Find the ScrollView at {{16.0, 157.3}, {370.0, 666.7}}
    t =    39.25s         Find the ScrollView at {{16.0, 157.3}, {370.0, 666.7}}
    t =    39.32s         Find the ScrollView at {{16.0, 157.3}, {370.0, 666.7}}
    t =    39.39s         Find the ScrollView at {{16.0, 157.3}, {370.0, 666.7}}
    t =    39.44s         Find the ScrollView at {{16.0, 157.3}, {370.0, 666.7}}
    t =    40.37s     Wait for com.example.aceclientapp to idle
    t =    40.39s Checking existence of `"Conclusion title: Fictional conclusion" StaticText`
    t =    40.46s Find the "Conclusion title: Fictional conclusion" StaticText
    t =    40.59s Find the "Conclusion title: Fictional conclusion" StaticText
    t =    40.69s Find the ScrollView at {{16.0, 157.3}, {370.0, 666.7}}
    t =    40.74s Find the ScrollView at {{16.0, 157.3}, {370.0, 666.7}}
    t =    40.78s Checking existence of `"Conclusion title: Fictional conclusion" StaticText`
    t =    40.84s Find the "Conclusion title: Fictional conclusion" StaticText
    t =    40.94s Press ScrollView at {{16.0, 157.3}, {370.0, 666.7}}[0.50, 0.72] for 0.1 seconds, then drag to ScrollView at {{16.0, 157.3}, {370.0, 666.7}}[0.50, 0.28] with velocity of 500.00 pixels per second, and then hold for 0.0 seconds 
    t =    40.94s     Wait for com.example.aceclientapp to idle
    t =    40.95s     Find the ScrollView at {{16.0, 157.3}, {370.0, 666.7}}
    t =    41.00s     Check for interrupting elements affecting ScrollView
    t =    41.12s     Synthesize event
    t =    41.12s         Find the ScrollView at {{16.0, 157.3}, {370.0, 666.7}}
    t =    41.17s         Find the ScrollView at {{16.0, 157.3}, {370.0, 666.7}}
    t =    41.22s         Find the ScrollView at {{16.0, 157.3}, {370.0, 666.7}}
    t =    41.27s         Find the ScrollView at {{16.0, 157.3}, {370.0, 666.7}}
    t =    41.35s         Find the ScrollView at {{16.0, 157.3}, {370.0, 666.7}}
    t =    42.33s     Wait for com.example.aceclientapp to idle
    t =    42.36s Checking existence of `"Conclusion title: Fictional conclusion" StaticText`
    t =    42.42s Find the "Conclusion title: Fictional conclusion" StaticText
    t =    42.55s Find the "Conclusion title: Fictional conclusion" StaticText
    t =    42.69s Find the ScrollView at {{16.0, 157.3}, {370.0, 666.7}}
    t =    42.73s Get all elements bound by index for: Descendants matching type Button
    t =    42.82s Find the Button (Element at index 0)
    t =    42.92s Find the Button (Element at index 1)
    t =    43.07s Find the Button (Element at index 2)
    t =    43.17s Find the Button (Element at index 3)
    t =    43.31s Find the "Copy Published date and time" Button
    t =    43.44s Find the "Copy Published date and time" Button
    t =    43.55s Find the Button (Element at index 4)
    t =    43.67s Find the "Copy Conclusion title" Button
    t =    43.79s Find the "Copy Conclusion title" Button
    t =    43.89s Find the Button (Element at index 5)
    t =    44.00s Find the Button (Element at index 6)
    t =    44.10s Find the Button (Element at index 7)
    t =    44.25s Find the Button (Element at index 8)
    t =    44.35s Find the Button (Element at index 9)
    t =    44.46s Find the Button (Element at index 10)
    t =    44.58s Find the Button (Element at index 11)
    t =    44.73s Find the Button (Element at index 12)
    t =    45.14s Added attachment named 'Release detail — Conclusion title — normal-device-settings-light'
    t =    45.14s Waiting 5.0s for ScrollView (First Match) to exist
    t =    46.18s     Checking `Expect predicate `existsNoRetry == 1` for object ScrollView (First Match)`
    t =    46.18s         Checking existence of `ScrollView (First Match)`
    t =    46.20s Checking existence of `Any (First Match)`
    t =    46.26s Find the Any (First Match)
    t =    46.40s Find the "Conclusion summary: Fictional summary" StaticText
    t =    46.49s Find the ScrollView (First Match)
    t =    46.54s Find the ScrollView at {{16.0, 157.3}, {370.0, 666.7}}
    t =    46.58s Checking existence of `"Conclusion summary: Fictional summary" StaticText`
    t =    46.65s Find the "Conclusion summary: Fictional summary" StaticText
    t =    46.74s Press ScrollView at {{16.0, 157.3}, {370.0, 666.7}}[0.50, 0.72] for 0.1 seconds, then drag to ScrollView at {{16.0, 157.3}, {370.0, 666.7}}[0.50, 0.28] with velocity of 500.00 pixels per second, and then hold for 0.0 seconds 
    t =    46.74s     Wait for com.example.aceclientapp to idle
    t =    46.76s     Find the ScrollView at {{16.0, 157.3}, {370.0, 666.7}}
    t =    46.81s     Check for interrupting elements affecting ScrollView
    t =    46.94s     Synthesize event
    t =    46.94s         Find the ScrollView at {{16.0, 157.3}, {370.0, 666.7}}
    t =    46.99s         Find the ScrollView at {{16.0, 157.3}, {370.0, 666.7}}
    t =    47.06s         Find the ScrollView at {{16.0, 157.3}, {370.0, 666.7}}
    t =    47.11s         Find the ScrollView at {{16.0, 157.3}, {370.0, 666.7}}
    t =    47.16s         Find the ScrollView at {{16.0, 157.3}, {370.0, 666.7}}
    t =    48.10s     Wait for com.example.aceclientapp to idle
    t =    48.12s Checking existence of `"Conclusion summary: Fictional summary" StaticText`
    t =    48.29s Find the "Conclusion summary: Fictional summary" StaticText
    t =    48.40s Find the "Conclusion summary: Fictional summary" StaticText
    t =    48.49s Find the ScrollView at {{16.0, 157.3}, {370.0, 666.7}}
    t =    48.52s Get all elements bound by index for: Descendants matching type Button
    t =    48.64s Find the Button (Element at index 0)
    t =    48.74s Find the Button (Element at index 1)
    t =    48.84s Find the Button (Element at index 2)
    t =    48.94s Find the Button (Element at index 3)
    t =    49.10s Find the Button (Element at index 4)
    t =    49.26s Find the "Copy Conclusion title" Button
    t =    49.35s Find the "Copy Conclusion title" Button
    t =    49.45s Find the Button (Element at index 5)
    t =    49.59s Find the "Copy Conclusion summary" Button
    t =    49.70s Find the "Copy Conclusion summary" Button
    t =    49.79s Find the Button (Element at index 6)
    t =    49.94s Find the Button (Element at index 7)
    t =    50.07s Find the Button (Element at index 8)
    t =    50.18s Find the Button (Element at index 9)
    t =    50.33s Find the Button (Element at index 10)
    t =    50.46s Find the Button (Element at index 11)
    t =    50.58s Find the Button (Element at index 12)
    t =    51.03s Added attachment named 'Release detail — Conclusion summary — normal-device-settings-light'
    t =    51.03s Waiting 5.0s for ScrollView (First Match) to exist
    t =    52.05s     Checking `Expect predicate `existsNoRetry == 1` for object ScrollView (First Match)`
    t =    52.05s         Checking existence of `ScrollView (First Match)`
    t =    52.07s Checking existence of `Any (First Match)`
    t =    52.16s Find the Any (First Match)
    t =    52.35s Find the "Evidence reference: FICTIONAL-REF-001" StaticText
    t =    52.42s Find the ScrollView (First Match)
    t =    52.47s Find the ScrollView at {{16.0, 157.3}, {370.0, 666.7}}
    t =    52.52s Checking existence of `"Evidence reference: FICTIONAL-REF-001" StaticText`
    t =    52.59s Find the "Evidence reference: FICTIONAL-REF-001" StaticText
    t =    52.70s Press ScrollView at {{16.0, 157.3}, {370.0, 666.7}}[0.50, 0.72] for 0.1 seconds, then drag to ScrollView at {{16.0, 157.3}, {370.0, 666.7}}[0.50, 0.28] with velocity of 500.00 pixels per second, and then hold for 0.0 seconds 
    t =    52.70s     Wait for com.example.aceclientapp to idle
    t =    52.70s     Find the ScrollView at {{16.0, 157.3}, {370.0, 666.7}}
    t =    52.74s     Check for interrupting elements affecting ScrollView
    t =    52.84s     Synthesize event
    t =    52.84s         Find the ScrollView at {{16.0, 157.3}, {370.0, 666.7}}
    t =    52.89s         Find the ScrollView at {{16.0, 157.3}, {370.0, 666.7}}
    t =    52.97s         Find the ScrollView at {{16.0, 157.3}, {370.0, 666.7}}
    t =    53.04s         Find the ScrollView at {{16.0, 157.3}, {370.0, 666.7}}
    t =    53.11s         Find the ScrollView at {{16.0, 157.3}, {370.0, 666.7}}
    t =    54.05s     Wait for com.example.aceclientapp to idle
    t =    54.07s Checking existence of `"Evidence reference: FICTIONAL-REF-001" StaticText`
    t =    54.16s Find the "Evidence reference: FICTIONAL-REF-001" StaticText
    t =    54.29s Find the "Evidence reference: FICTIONAL-REF-001" StaticText
    t =    54.39s Find the ScrollView at {{16.0, 157.3}, {370.0, 666.7}}
    t =    54.42s Get all elements bound by index for: Descendants matching type Button
    t =    54.50s Find the Button (Element at index 0)
    t =    54.61s Find the Button (Element at index 1)
    t =    54.72s Find the Button (Element at index 2)
    t =    54.81s Find the Button (Element at index 3)
    t =    54.90s Find the Button (Element at index 4)
    t =    55.08s Find the Button (Element at index 5)
    t =    55.21s Find the "Copy Conclusion summary" Button
    t =    55.33s Find the "Copy Conclusion summary" Button
    t =    55.43s Find the Button (Element at index 6)
    t =    55.57s Find the "Copy Evidence reference" Button
    t =    55.67s Find the "Copy Evidence reference" Button
    t =    55.78s Find the Button (Element at index 7)
    t =    55.90s Find the Button (Element at index 8)
    t =    56.01s Find the Button (Element at index 9)
    t =    56.13s Find the Button (Element at index 10)
    t =    56.27s Find the Button (Element at index 11)
    t =    56.39s Find the Button (Element at index 12)
    t =    56.80s Added attachment named 'Release detail — Evidence reference — normal-device-settings-light'
    t =    56.80s Waiting 5.0s for ScrollView (First Match) to exist
    t =    57.81s     Checking `Expect predicate `existsNoRetry == 1` for object ScrollView (First Match)`
    t =    57.81s         Checking existence of `ScrollView (First Match)`
    t =    57.83s Checking existence of `Any (First Match)`
    t =    57.99s Find the Any (First Match)
    t =    58.23s Find the ScrollView (First Match)
    t =    58.28s Checking existence of `"Action description: Fictional action" StaticText`
    t =    58.43s Find the "Action description: Fictional action" StaticText
    t =    58.67s Press ScrollView at {{16.0, 157.3}, {370.0, 666.7}}[0.50, 0.72] for 0.1 seconds, then drag to ScrollView at {{16.0, 157.3}, {370.0, 666.7}}[0.50, 0.28] with velocity of 500.00 pixels per second, and then hold for 0.0 seconds 
    t =    58.67s     Wait for com.example.aceclientapp to idle
    t =    58.67s     Find the ScrollView at {{16.0, 157.3}, {370.0, 666.7}}
    t =    58.71s     Check for interrupting elements affecting ScrollView
    t =    58.81s     Synthesize event
    t =    58.81s         Find the ScrollView at {{16.0, 157.3}, {370.0, 666.7}}
    t =    58.86s         Find the ScrollView at {{16.0, 157.3}, {370.0, 666.7}}
    t =    58.92s         Find the ScrollView at {{16.0, 157.3}, {370.0, 666.7}}
    t =    59.02s         Find the ScrollView at {{16.0, 157.3}, {370.0, 666.7}}
    t =    59.08s         Find the ScrollView at {{16.0, 157.3}, {370.0, 666.7}}
    t =    60.01s     Wait for com.example.aceclientapp to idle
    t =    60.04s Checking existence of `"Action description: Fictional action" StaticText`
    t =    60.18s Find the "Action description: Fictional action" StaticText
    t =    60.44s Find the "Action description: Fictional action" StaticText
    t =    60.65s Find the ScrollView at {{16.0, 157.3}, {370.0, 666.7}}
    t =    60.72s Find the ScrollView at {{16.0, 157.3}, {370.0, 666.7}}
    t =    60.79s Checking existence of `"Action description: Fictional action" StaticText`
    t =    60.94s Find the "Action description: Fictional action" StaticText
    t =    61.17s Press ScrollView at {{16.0, 157.3}, {370.0, 666.7}}[0.50, 0.72] for 0.1 seconds, then drag to ScrollView at {{16.0, 157.3}, {370.0, 666.7}}[0.50, 0.28] with velocity of 500.00 pixels per second, and then hold for 0.0 seconds 
    t =    61.17s     Wait for com.example.aceclientapp to idle
    t =    61.19s     Find the ScrollView at {{16.0, 157.3}, {370.0, 666.7}}
    t =    61.27s     Check for interrupting elements affecting ScrollView
    t =    61.38s     Synthesize event
    t =    61.38s         Find the ScrollView at {{16.0, 157.3}, {370.0, 666.7}}
    t =    61.43s         Find the ScrollView at {{16.0, 157.3}, {370.0, 666.7}}
    t =    61.48s         Find the ScrollView at {{16.0, 157.3}, {370.0, 666.7}}
    t =    61.54s         Find the ScrollView at {{16.0, 157.3}, {370.0, 666.7}}
    t =    61.63s         Find the ScrollView at {{16.0, 157.3}, {370.0, 666.7}}
    t =    62.56s     Wait for com.example.aceclientapp to idle
    t =    62.58s Checking existence of `"Action description: Fictional action" StaticText`
    t =    62.74s Find the "Action description: Fictional action" StaticText
    t =    63.04s Find the "Action description: Fictional action" StaticText
    t =    63.24s Find the ScrollView at {{16.0, 157.3}, {370.0, 666.7}}
    t =    63.29s Get all elements bound by index for: Descendants matching type Button
    t =    63.40s Find the Button (Element at index 0)
    t =    63.50s Find the Button (Element at index 1)
    t =    63.60s Find the Button (Element at index 2)
    t =    63.72s Find the Button (Element at index 3)
    t =    63.85s Find the Button (Element at index 4)
    t =    63.96s Find the Button (Element at index 5)
    t =    64.06s Find the Button (Element at index 6)
    t =    64.22s Find the "Copy Evidence reference" Button
    t =    64.34s Find the "Copy Evidence reference" Button
    t =    64.44s Find the Button (Element at index 7)
    t =    64.59s Find the Button (Element at index 8)
    t =    64.73s Find the Button (Element at index 9)
    t =    64.87s Find the "Copy Action description" Button
    t =    65.00s Find the "Copy Action description" Button
    t =    65.11s Find the Button (Element at index 10)
    t =    65.23s Find the Button (Element at index 11)
    t =    65.37s Find the Button (Element at index 12)
    t =    65.82s Added attachment named 'Release detail — Action description — normal-device-settings-light'
    t =    65.83s Waiting 5.0s for ScrollView (First Match) to exist
    t =    66.84s     Checking `Expect predicate `existsNoRetry == 1` for object ScrollView (First Match)`
    t =    66.84s         Checking existence of `ScrollView (First Match)`
    t =    66.87s Checking existence of `Any (First Match)`
    t =    67.08s Find the Any (First Match)
    t =    67.31s Find the "Action owner: Fictional owner" StaticText
    t =    67.56s Find the ScrollView (First Match)
    t =    67.63s Find the ScrollView at {{16.0, 157.3}, {370.0, 666.7}}
    t =    67.68s Checking existence of `"Action owner: Fictional owner" StaticText`
    t =    67.87s Find the "Action owner: Fictional owner" StaticText
    t =    68.11s Press ScrollView at {{16.0, 157.3}, {370.0, 666.7}}[0.50, 0.72] for 0.1 seconds, then drag to ScrollView at {{16.0, 157.3}, {370.0, 666.7}}[0.50, 0.28] with velocity of 500.00 pixels per second, and then hold for 0.0 seconds 
    t =    68.11s     Wait for com.example.aceclientapp to idle
    t =    68.12s     Find the ScrollView at {{16.0, 157.3}, {370.0, 666.7}}
    t =    68.16s     Check for interrupting elements affecting ScrollView
    t =    68.26s     Synthesize event
    t =    68.27s         Find the ScrollView at {{16.0, 157.3}, {370.0, 666.7}}
    t =    68.37s         Find the ScrollView at {{16.0, 157.3}, {370.0, 666.7}}
    t =    68.46s         Find the ScrollView at {{16.0, 157.3}, {370.0, 666.7}}
    t =    68.53s         Find the ScrollView at {{16.0, 157.3}, {370.0, 666.7}}
    t =    68.58s         Find the ScrollView at {{16.0, 157.3}, {370.0, 666.7}}
    t =    69.52s     Wait for com.example.aceclientapp to idle
    t =    69.54s Checking existence of `"Action owner: Fictional owner" StaticText`
    t =    69.73s Find the "Action owner: Fictional owner" StaticText
    t =    70.02s Find the "Action owner: Fictional owner" StaticText
    t =    70.35s Find the ScrollView at {{16.0, 157.3}, {370.0, 666.7}}
    t =    70.41s Get all elements bound by index for: Descendants matching type Button
    t =    70.51s Find the Button (Element at index 0)
    t =    70.65s Find the Button (Element at index 1)
    t =    70.79s Find the Button (Element at index 2)
    t =    70.90s Find the Button (Element at index 3)
    t =    71.00s Find the Button (Element at index 4)
    t =    71.11s Find the Button (Element at index 5)
    t =    71.25s Find the Button (Element at index 6)
    t =    71.35s Find the Button (Element at index 7)
    t =    71.49s Find the Button (Element at index 8)
    t =    71.62s Find the Button (Element at index 9)
    t =    71.75s Find the "Copy Action description" Button
    t =    71.87s Find the "Copy Action description" Button
    t =    72.00s Find the Button (Element at index 10)
    t =    72.13s Find the "Copy Action owner" Button
    t =    72.25s Find the "Copy Action owner" Button
    t =    72.38s Find the Button (Element at index 11)
    t =    72.51s Find the Button (Element at index 12)
    t =    72.96s Added attachment named 'Release detail — Action owner — normal-device-settings-light'
    t =    72.96s Waiting 5.0s for ScrollView (First Match) to exist
    t =    73.98s     Checking `Expect predicate `existsNoRetry == 1` for object ScrollView (First Match)`
    t =    73.98s         Checking existence of `ScrollView (First Match)`
    t =    74.01s Checking existence of `Any (First Match)`
    t =    74.18s Find the Any (First Match)
    t =    74.50s Find the "Action target date: 2026-08-25" StaticText
    t =    74.69s Find the ScrollView (First Match)
    t =    74.74s Find the ScrollView at {{16.0, 157.3}, {370.0, 666.7}}
    t =    74.79s Checking existence of `"Action target date: 2026-08-25" StaticText`
    t =    75.01s Find the "Action target date: 2026-08-25" StaticText
    t =    75.26s Press ScrollView at {{16.0, 157.3}, {370.0, 666.7}}[0.50, 0.72] for 0.1 seconds, then drag to ScrollView at {{16.0, 157.3}, {370.0, 666.7}}[0.50, 0.28] with velocity of 500.00 pixels per second, and then hold for 0.0 seconds 
    t =    75.26s     Wait for com.example.aceclientapp to idle
    t =    75.28s     Find the ScrollView at {{16.0, 157.3}, {370.0, 666.7}}
    t =    75.33s     Check for interrupting elements affecting ScrollView
    t =    75.43s     Synthesize event
    t =    75.44s         Find the ScrollView at {{16.0, 157.3}, {370.0, 666.7}}
    t =    75.49s         Find the ScrollView at {{16.0, 157.3}, {370.0, 666.7}}
    t =    75.56s         Find the ScrollView at {{16.0, 157.3}, {370.0, 666.7}}
    t =    75.61s         Find the ScrollView at {{16.0, 157.3}, {370.0, 666.7}}
    t =    75.68s         Find the ScrollView at {{16.0, 157.3}, {370.0, 666.7}}
    t =    76.61s     Wait for com.example.aceclientapp to idle
    t =    76.64s Checking existence of `"Action target date: 2026-08-25" StaticText`
    t =    76.81s Find the "Action target date: 2026-08-25" StaticText
    t =    77.06s Find the "Action target date: 2026-08-25" StaticText
    t =    77.28s Find the ScrollView at {{16.0, 157.3}, {370.0, 666.7}}
    t =    77.32s Get all elements bound by index for: Descendants matching type Button
    t =    77.43s Find the Button (Element at index 0)
    t =    77.54s Find the Button (Element at index 1)
    t =    77.64s Find the Button (Element at index 2)
    t =    77.79s Find the Button (Element at index 3)
    t =    77.90s Find the Button (Element at index 4)
    t =    78.00s Find the Button (Element at index 5)
    t =    78.11s Find the Button (Element at index 6)
    t =    78.23s Find the Button (Element at index 7)
    t =    78.39s Find the Button (Element at index 8)
    t =    78.51s Find the Button (Element at index 9)
    t =    78.71s Find the "Copy Action description" Button
    t =    78.82s Find the "Copy Action description" Button
    t =    78.91s Find the Button (Element at index 10)
    t =    79.08s Find the "Copy Action owner" Button
    t =    79.23s Find the "Copy Action owner" Button
    t =    79.33s Find the Button (Element at index 11)
    t =    79.48s Find the "Copy Action target date" Button
    t =    79.62s Find the "Copy Action target date" Button
    t =    79.71s Find the Button (Element at index 12)
    t =    80.19s Added attachment named 'Release detail — Action target date — normal-device-settings-light'
    t =    80.19s Waiting 5.0s for ScrollView (First Match) to exist
    t =    81.21s     Checking `Expect predicate `existsNoRetry == 1` for object ScrollView (First Match)`
    t =    81.21s         Checking existence of `ScrollView (First Match)`
    t =    81.23s Checking existence of `Any (First Match)`
    t =    81.44s Find the Any (First Match)
    t =    81.72s Find the "Action status: OPEN" StaticText
    t =    81.93s Find the ScrollView (First Match)
    t =    82.01s Find the ScrollView at {{16.0, 157.3}, {370.0, 666.7}}
    t =    82.06s Checking existence of `"Action status: OPEN" StaticText`
    t =    82.23s Find the "Action status: OPEN" StaticText
    t =    82.45s Press ScrollView at {{16.0, 157.3}, {370.0, 666.7}}[0.50, 0.72] for 0.1 seconds, then drag to ScrollView at {{16.0, 157.3}, {370.0, 666.7}}[0.50, 0.28] with velocity of 500.00 pixels per second, and then hold for 0.0 seconds 
    t =    82.45s     Wait for com.example.aceclientapp to idle
    t =    82.46s     Find the ScrollView at {{16.0, 157.3}, {370.0, 666.7}}
    t =    82.50s     Check for interrupting elements affecting ScrollView
    t =    82.59s     Synthesize event
    t =    82.59s         Find the ScrollView at {{16.0, 157.3}, {370.0, 666.7}}
    t =    82.66s         Find the ScrollView at {{16.0, 157.3}, {370.0, 666.7}}
    t =    82.73s         Find the ScrollView at {{16.0, 157.3}, {370.0, 666.7}}
    t =    82.81s         Find the ScrollView at {{16.0, 157.3}, {370.0, 666.7}}
    t =    82.87s         Find the ScrollView at {{16.0, 157.3}, {370.0, 666.7}}
    t =    83.80s     Wait for com.example.aceclientapp to idle
    t =    83.82s Checking existence of `"Action status: OPEN" StaticText`
    t =    84.00s Find the "Action status: OPEN" StaticText
    t =    84.37s Find the "Action status: OPEN" StaticText
    t =    84.66s Find the ScrollView at {{16.0, 157.3}, {370.0, 666.7}}
    t =    84.73s Get all elements bound by index for: Descendants matching type Button
    t =    84.82s Find the Button (Element at index 0)
    t =    84.93s Find the Button (Element at index 1)
    t =    85.04s Find the Button (Element at index 2)
    t =    85.17s Find the Button (Element at index 3)
    t =    85.28s Find the Button (Element at index 4)
    t =    85.41s Find the Button (Element at index 5)
    t =    85.55s Find the Button (Element at index 6)
    t =    85.67s Find the Button (Element at index 7)
    t =    85.82s Find the "Refresh current release" Button
    t =    85.95s Find the "Refresh current release" Button
    t =    86.09s Find the Button (Element at index 8)
    t =    86.28s Find the "Sign out" Button
    t =    86.45s Find the "Sign out" Button
    t =    86.59s Find the Button (Element at index 9)
    t =    86.74s Find the Button (Element at index 10)
    t =    86.91s Find the "Copy Action owner" Button
    t =    87.04s Find the "Copy Action owner" Button
    t =    87.14s Find the Button (Element at index 11)
    t =    87.28s Find the "Copy Action target date" Button
    t =    87.40s Find the "Copy Action target date" Button
    t =    87.53s Find the Button (Element at index 12)
    t =    87.67s Find the "Copy Action status" Button
    t =    87.79s Find the "Copy Action status" Button
    t =    88.19s Added attachment named 'Release detail — Action status — normal-device-settings-light'
    t =    88.20s Get all elements bound by index for: Descendants matching type Button
    t =    88.31s Find the Button (Element at index 0)
    t =    88.43s Find the Button (Element at index 1)
    t =    88.53s Find the Button (Element at index 2)
    t =    88.64s Find the Button (Element at index 3)
    t =    88.75s Find the Button (Element at index 4)
    t =    88.86s Find the Button (Element at index 5)
    t =    88.98s Find the Button (Element at index 6)
    t =    89.10s Find the Button (Element at index 7)
    t =    89.25s Find the "Refresh current release" Button
    t =    89.37s Find the "Refresh current release" Button
    t =    89.49s Find the Button (Element at index 8)
    t =    89.64s Find the "Sign out" Button
    t =    89.75s Find the "Sign out" Button
    t =    89.86s Find the Button (Element at index 9)
    t =    90.00s Find the Button (Element at index 10)
    t =    90.16s Find the "Copy Action owner" Button
    t =    90.29s Find the "Copy Action owner" Button
    t =    90.40s Find the Button (Element at index 11)
    t =    90.61s Find the "Copy Action target date" Button
    t =    90.73s Find the "Copy Action target date" Button
    t =    90.84s Find the Button (Element at index 12)
    t =    91.00s Find the "Copy Action status" Button
    t =    91.14s Find the "Copy Action status" Button
    t =    91.27s Find the Target Application 'com.example.aceclientapp'
    t =    91.71s Added attachment named 'Fictional release — normal-device-settings — light'
    t =    95.89s Find the Any (Descendant with identity binding to AX element pid: 41587, elementOrHash.elementID: 4525971200.161)
    t =    96.00s Find the "Engagement name" StaticText
    t =    96.10s Find the "Engagement name" StaticText
    t =    96.21s Find the "Engagement name" StaticText
    t =    96.35s Find the "Engagement name" StaticText
ACE_A11Y_ISSUE {"auditType":"XCUIAccessibilityAuditType(rawValue: 1)","compactDescription":"Contrast failed","detailedDescription":"Contrast failed for SwiftUI.AccessibilityNode","element":{"frame":{"height":116.66666666666663,"width":275.33333333333331,"x":32,"y":95.666666666666629},"identifier":"","label":"Engagement name","type":"XCUIElementType(rawValue: 48)"},"scenario":"release-normal-device-settings"}
    t =    96.45s Find the Any (Descendant with identity binding to AX element pid: 41587, elementOrHash.elementID: 4525971200.161)
    t =    96.55s Checking existence of `"Engagement name" StaticText`
    t =    96.64s Find the "Engagement name" StaticText
LOCAL_HOME/Developer/sqe-platform-release-layout/ios/ACEClientApp/ACEClientAppUITests/ACEClientAppUITests.swift:260: error: -[ACEClientAppUITests.ACEClientAppUITests testNormalDeviceSettings] : Contrast failed
    t =    96.89s Find the Any (Descendant with identity binding to AX element pid: 41587, elementOrHash.elementID: 4526562368.163)
    t =    97.02s Find the "Copy" StaticText
    t =    97.12s Find the "Copy" StaticText
    t =    97.22s Find the "Copy" StaticText
    t =    97.33s Find the "Copy" StaticText
ACE_A11Y_ISSUE {"auditType":"XCUIAccessibilityAuditType(rawValue: 1)","compactDescription":"Contrast failed","detailedDescription":"Contrast failed for SwiftUI.AccessibilityNode","element":{"frame":{"height":77.333333333333314,"width":224.33333333333331,"x":32,"y":351.66666666666669},"identifier":"","label":"Copy","type":"XCUIElementType(rawValue: 48)"},"scenario":"release-normal-device-settings"}
    t =    97.44s Find the Any (Descendant with identity binding to AX element pid: 41587, elementOrHash.elementID: 4526562368.163)
    t =    97.54s Checking existence of `"Copy" StaticText`
    t =    97.62s Find the "Copy" StaticText
LOCAL_HOME/Developer/sqe-platform-release-layout/ios/ACEClientApp/ACEClientAppUITests/ACEClientAppUITests.swift:260: error: -[ACEClientAppUITests.ACEClientAppUITests testNormalDeviceSettings] : Contrast failed
    t =    97.76s Find the Any (Descendant with identity binding to AX element pid: 41587, elementOrHash.elementID: 4526564768.164)
    t =    97.86s Find the "Review status" StaticText
    t =    97.97s Find the "Review status" StaticText
    t =    98.06s Find the "Review status" StaticText
    t =    98.15s Find the "Review status" StaticText
ACE_A11Y_ISSUE {"auditType":"XCUIAccessibilityAuditType(rawValue: 1)","compactDescription":"Contrast failed","detailedDescription":"Contrast failed for SwiftUI.AccessibilityNode","element":{"frame":{"height":58.666666666666742,"width":287,"x":32,"y":441},"identifier":"","label":"Review status","type":"XCUIElementType(rawValue: 48)"},"scenario":"release-normal-device-settings"}
    t =    98.27s Find the Any (Descendant with identity binding to AX element pid: 41587, elementOrHash.elementID: 4526564768.164)
    t =    98.38s Checking existence of `"Review status" StaticText`
    t =    98.46s Find the "Review status" StaticText
LOCAL_HOME/Developer/sqe-platform-release-layout/ios/ACEClientApp/ACEClientAppUITests/ACEClientAppUITests.swift:260: error: -[ACEClientAppUITests.ACEClientAppUITests testNormalDeviceSettings] : Contrast failed
    t =    98.61s Find the Any (Descendant with identity binding to AX element pid: 41587, elementOrHash.elementID: 4526568512.166)
    t =    98.74s Find the "Copy" StaticText
    t =    98.84s Find the "Copy" StaticText
    t =    98.93s Find the "Copy" StaticText
    t =    99.03s Find the "Copy" StaticText
ACE_A11Y_ISSUE {"auditType":"XCUIAccessibilityAuditType(rawValue: 1)","compactDescription":"Contrast failed","detailedDescription":"Contrast failed for SwiftUI.AccessibilityNode","element":{"frame":{"height":77.333333333333485,"width":224.33333333333331,"x":32,"y":577},"identifier":"","label":"Copy","type":"XCUIElementType(rawValue: 48)"},"scenario":"release-normal-device-settings"}
    t =    99.18s Find the Any (Descendant with identity binding to AX element pid: 41587, elementOrHash.elementID: 4526568512.166)
    t =    99.28s Checking existence of `"Copy" StaticText`
    t =    99.36s Find the "Copy" StaticText
LOCAL_HOME/Developer/sqe-platform-release-layout/ios/ACEClientApp/ACEClientAppUITests/ACEClientAppUITests.swift:260: error: -[ACEClientAppUITests.ACEClientAppUITests testNormalDeviceSettings] : Contrast failed
    t =    99.53s Find the Any (Descendant with identity binding to AX element pid: 41587, elementOrHash.elementID: 4526570912.167)
    t =    99.66s Find the "Release version" StaticText
    t =    99.75s Find the "Release version" StaticText
    t =    99.85s Find the "Release version" StaticText
    t =    99.98s Find the "Release version" StaticText
ACE_A11Y_ISSUE {"auditType":"XCUIAccessibilityAuditType(rawValue: 1)","compactDescription":"Contrast failed","detailedDescription":"Contrast failed for SwiftUI.AccessibilityNode","element":{"frame":{"height":58.666666666666742,"width":325,"x":32,"y":666.33333333333326},"identifier":"","label":"Release version","type":"XCUIElementType(rawValue: 48)"},"scenario":"release-normal-device-settings"}
    t =   100.09s Find the Any (Descendant with identity binding to AX element pid: 41587, elementOrHash.elementID: 4526570912.167)
    t =   100.18s Checking existence of `"Release version" StaticText`
    t =   100.26s Find the "Release version" StaticText
LOCAL_HOME/Developer/sqe-platform-release-layout/ios/ACEClientApp/ACEClientAppUITests/ACEClientAppUITests.swift:260: error: -[ACEClientAppUITests.ACEClientAppUITests testNormalDeviceSettings] : Contrast failed
    t =   100.46s Terminate com.example.aceclientapp:41587
    t =   101.61s Tear Down
Test Case '-[ACEClientAppUITests.ACEClientAppUITests testNormalDeviceSettings]' failed (101.709 seconds).
Test Suite 'ACEClientAppUITests' failed at 2026-09-14 13:28:11.723.
	 Executed 1 test, with 5 failures (0 unexpected) in 101.709 (101.716) seconds
Test Suite 'ACEClientAppUITests.xctest' failed at 2026-09-14 13:28:11.724.
	 Executed 1 test, with 5 failures (0 unexpected) in 101.709 (101.719) seconds
Test Suite 'Selected tests' failed at 2026-09-14 13:28:11.726.
	 Executed 1 test, with 5 failures (0 unexpected) in 101.709 (101.722) seconds
2026-09-14 13:28:43.884 xcodebuild[41554:1263209] [MT] IDETestOperationsObserverDebug: 140.951 elapsed -- Testing started completed.
2026-09-14 13:28:43.885 xcodebuild[41554:1263209] [MT] IDETestOperationsObserverDebug: 0.000 sec, +0.000 sec -- start
2026-09-14 13:28:43.885 xcodebuild[41554:1263209] [MT] IDETestOperationsObserverDebug: 140.951 sec, +140.951 sec -- end

Test session results, code coverage, and logs:
	LOCAL_HOME/ace-private/mcx19b-layout-20260914/release-max-text-v2.xcresult

** TEST EXECUTE FAILED **

Testing started
