Exported 40 attachments for: ACEClientAppUITests/testNormalDeviceSettings():
File: 3829B93B-F027-457C-9D0A-C63753B2A2DA.png, suggested name: "Fictional release — normal-device-settings — light_0_43CC2A8C-3AAF-41AA-937D-97B77BE27A15.png"
File: 98CC93A1-5220-4F19-9380-17A3C48B5D4B.png, suggested name: "Release detail — Action status — normal-device-settings-light_0_08909939-FFA5-4092-B300-89F82B98B534.png"
File: BE986C39-D892-4B19-8F0B-CD41978BBDEF, suggested name: "Synthesized Event 2026-09-14 at 01.27.53 pm"
File: EF395719-9804-4743-A3E4-60840516EBAA.png, suggested name: "Release detail — Action target date — normal-device-settings-light_0_EF8A0C9C-1D9B-430E-9C6E-41A1A9B27038.png"
File: 00EABD9F-A753-49A3-823D-4EC0DF47F445, suggested name: "Synthesized Event 2026-09-14 at 01.27.46 pm"
File: 2722D39B-FF24-4C0F-A96C-D3F05044B075.png, suggested name: "Release detail — Action owner — normal-device-settings-light_0_5795D08B-C161-4C29-B201-441DB4CF1A33.png"
File: 2904F65B-301A-4E88-B47A-8DA8C44D820E, suggested name: "Synthesized Event 2026-09-14 at 01.27.39 pm"
File: CA556F14-C0A2-406C-942E-0E075A8AEB3F.png, suggested name: "Release detail — Action description — normal-device-settings-light_0_8536B912-A739-4C81-9822-5EEC22EB91A9.png"
File: DE0A034F-4D68-4610-8B37-34B68C7ECE83, suggested name: "Synthesized Event 2026-09-14 at 01.27.32 pm"
File: B3D3219D-5649-44A8-B9AB-2CDC662344FE, suggested name: "Synthesized Event 2026-09-14 at 01.27.30 pm"
File: 04A539F3-283E-41F6-A6E7-A9A10B107FB3.png, suggested name: "Release detail — Evidence reference — normal-device-settings-light_0_75E4757C-3566-412E-B1D2-0F00EADFF186.png"
File: 61057B65-13BC-4CE0-B3AD-912178BCD638, suggested name: "Synthesized Event 2026-09-14 at 01.27.24 pm"
File: 2058E292-1B04-4AF6-85CD-CBB4CF7B4F8E.png, suggested name: "Release detail — Conclusion summary — normal-device-settings-light_0_D6CCDED6-5DE8-44B2-8F9E-EB41FF06E0CA.png"
File: 07857A1A-E1B6-4D8F-B45F-7FBF1AAC3382, suggested name: "Synthesized Event 2026-09-14 at 01.27.18 pm"
File: A2757634-7534-4CFB-B7BE-1C30018770BD.png, suggested name: "Release detail — Conclusion title — normal-device-settings-light_0_33632037-599A-465E-8C1B-6158E953C7D9.png"
File: 1EA5B36B-99A9-42A3-A5BC-93E254C849D6, suggested name: "Synthesized Event 2026-09-14 at 01.27.12 pm"
File: B3B0BF0E-C8E5-4683-AECB-9E380B5AEAB2, suggested name: "Synthesized Event 2026-09-14 at 01.27.10 pm"
File: 395C644C-CE33-4966-8AED-D7BC8D108DAD.png, suggested name: "Release detail — Published date and time — normal-device-settings-light_0_C6C85A60-4B4C-4324-AB3F-B35377365981.png"
File: 16C99400-389E-42FC-9985-A52C594E0760, suggested name: "Synthesized Event 2026-09-14 at 01.27.04 pm"
File: 5E6C93CE-F944-45F7-B137-E96264918452.png, suggested name: "Release detail — Release version — normal-device-settings-light_0_9A364476-5697-44AC-B409-78D9F8C41D80.png"
File: 4A92030D-6A68-4C78-9EB8-F09D92EF7373, suggested name: "Synthesized Event 2026-09-14 at 01.26.58 pm"
File: 9D38C908-065D-4868-873A-D4D032F94820.png, suggested name: "Release detail — Review status — normal-device-settings-light_0_D5A0A8E6-77F6-4100-B9C5-99C1CB195AA9.png"
File: 5B145C0F-64D9-4718-85D2-774A3331280A.png, suggested name: "Release detail — Engagement name — normal-device-settings-light_0_9E7F9E65-D7D9-4F88-8F37-CC315E463D02.png"
File: 018F8C70-F256-416C-AE94-927FFF69ADB5, suggested name: "Synthesized Event 2026-09-14 at 01.26.48 pm"
File: 184E7E63-3A03-4F6B-8777-2ED84A68C057.mp4, suggested name: "Screen Recording 2026-09-14 at 01.26.30 pm.mp4"
File: D4129BF6-FAF8-40D6-8142-CF895D2EC4B2.txt, suggested name: "Complete Issue Description.txt"
File: 4DE98A30-2CCF-435A-954F-9FA1554D4DD4.png, suggested name: "App Screenshot_0_7AA5C5F0-1190-4CC7-8F09-6DC617CDC15F.png"
File: EDB00234-2F76-4BBB-B8F5-43569A65BEB5.png, suggested name: "Element Screenshot_1_40A64083-834D-4F95-A980-C6B6DF4AC5B4.png"
File: 8C6D2CB4-D688-4126-AA09-E30C43F29B06.txt, suggested name: "Complete Issue Description.txt"
File: 461428A1-D8A0-4096-BE65-51A75608995B.png, suggested name: "App Screenshot_0_F88B6BC6-E22A-4DF4-B753-99AB77D0590A.png"
File: 33B4C279-1379-4F6B-9AE6-BBBA4011D39D.png, suggested name: "Element Screenshot_1_DDB79A91-8A91-49E8-95B7-E74F7CFDB91E.png"
File: 2EA7A837-AEFF-4E1D-96BB-67A2979DA4AE.txt, suggested name: "Complete Issue Description.txt"
File: F2DEE90E-3678-4663-A1F6-0B2CD6F4EF4E.png, suggested name: "App Screenshot_0_2FA0D4C4-1390-41A5-BE6B-E4CB10536037.png"
File: 86DF3907-6218-4135-846C-C867AF28BBE0.png, suggested name: "Element Screenshot_1_420D9026-C95B-4A38-A84D-B3BE47B48EC5.png"
File: 2053EB34-DF13-4088-87BF-BC577663085B.txt, suggested name: "Complete Issue Description.txt"
File: DC47B6FC-60D4-458B-8992-7ECA976654E7.png, suggested name: "App Screenshot_0_2C89459A-D82C-46CB-9153-E260FF4573EF.png"
File: C798AB05-EFD6-4BA5-AFAC-1832E060EB48.png, suggested name: "Element Screenshot_1_5AB69409-286F-4447-BEB1-3C0248FC0D3D.png"
File: 9D691085-E867-4951-9F10-CF7F7F060755.txt, suggested name: "Complete Issue Description.txt"
File: 1F9F2590-0125-4550-93AC-028DC397F621.png, suggested name: "App Screenshot_0_A6CA7808-70E7-4619-A9F6-9595EF0DA56A.png"
File: FA21F983-4CEB-465D-BFB6-7C61872652F8.png, suggested name: "Element Screenshot_1_DCBC15A3-568C-46A6-8930-856D9E57549A.png"

Generated manifest file with attachment details: LOCAL_HOME/ace-private/mcx19b-layout-20260914/release-max-text-v2-attachments/manifest.json
