Command line invocation:
    /Applications/Xcode.app/Contents/Developer/usr/bin/xcodebuild test-without-building -xctestrun LOCAL_HOME/ace-private/mcx19b-layout-20260914/derived/Build/Products/release-dark-v2.xctestrun -destination "platform=iOS Simulator,arch=x86_64,id=2EB0863C-470E-467D-A0C6-CD216DA70C67" -resultBundlePath LOCAL_HOME/ace-private/mcx19b-layout-20260914/release-dark-v2.xcresult "-only-testing:ACEClientAppUITests/ACEClientAppUITests/testFictionalReleaseHasApprovedCopyControls" -parallel-testing-enabled NO -test-timeouts-enabled YES -default-test-execution-time-allowance 300 -maximum-test-execution-time-allowance 300

2026-09-14 13:23:41.976 xcodebuild[41291:1257667] [MT] IDERunDestination: Supported platforms for the buildables in the current scheme is empty.
Writing result bundle at path:
	LOCAL_HOME/ace-private/mcx19b-layout-20260914/release-dark-v2.xcresult

2026-09-14 13:23:42.001 xcodebuild[41291:1257667] [MT] IDERunDestination: Supported platforms for the buildables in the current scheme is empty.
2026-09-14 13:23:43.018 xcodebuild[41291:1257667] [MT] IDERunDestination: Supported platforms for the buildables in the current scheme is empty.
2026-09-14 13:23:48.553885+1000 ACEClientAppUITests-Runner[41301:1258097] [Default] Running tests...
    t =      nans Interface orientation changed to Portrait
Test Suite 'Selected tests' started at 2026-09-14 13:23:53.110.
Test Suite 'ACEClientAppUITests.xctest' started at 2026-09-14 13:23:53.116.
Test Suite 'ACEClientAppUITests' started at 2026-09-14 13:23:53.117.
Test Case '-[ACEClientAppUITests.ACEClientAppUITests testFictionalReleaseHasApprovedCopyControls]' started.
    t =     0.01s Start Test at 2026-09-14 13:23:53.123
    t =     0.16s Set Up
    t =     0.17s Open com.example.aceclientapp
    t =     0.17s     Launch com.example.aceclientapp
2026-09-14 13:23:53.416 xcodebuild[41291:1257667] [MT] IDELaunchParametersSnapshot: The operation couldn’t be completed. (DebuggerLLDB.DebuggerVersionStore.StoreError error 0.)
2026-09-14 13:23:53.416 xcodebuild[41291:1257667] [MT] IDELaunchParametersSnapshot: no debugger version
    t =     1.82s         Setting up automation session
    t =     5.69s         Wait for com.example.aceclientapp to idle
    t =     8.20s Checking existence of `"Copy Engagement name" Button`
    t =     8.60s Checking existence of `"Copy Review status" Button`
    t =     8.74s Checking existence of `"Copy Release version" Button`
    t =     8.89s Checking existence of `"Copy Published date and time" Button`
    t =     9.10s Checking existence of `"Copy Conclusion title" Button`
    t =     9.24s Checking existence of `"Copy Conclusion summary" Button`
    t =     9.39s Checking existence of `"Copy Evidence reference" Button`
    t =     9.53s Checking existence of `"Copy Action description" Button`
    t =     9.66s Checking existence of `"Copy Action owner" Button`
    t =     9.80s Checking existence of `"Copy Action target date" Button`
    t =     9.92s Checking existence of `"Copy Action status" Button`
    t =    10.06s Get number of matches for: Elements matching predicate 'label BEGINSWITH "Copy "'
    t =    10.19s Get all elements bound by index for: Descendants matching type Button
    t =    10.32s Find the Button (Element at index 0)
    t =    10.54s Find the "Copy Engagement name" Button
    t =    10.66s Find the "Copy Engagement name" Button
    t =    10.78s Find the Button (Element at index 1)
    t =    10.92s Find the "Copy Review status" Button
    t =    11.03s Find the "Copy Review status" Button
    t =    11.15s Find the Button (Element at index 2)
    t =    11.37s Find the "Copy Release version" Button
    t =    11.50s Find the "Copy Release version" Button
    t =    11.60s Find the Button (Element at index 3)
    t =    11.74s Find the "Copy Published date and time" Button
    t =    11.87s Find the "Copy Published date and time" Button
    t =    12.02s Find the Button (Element at index 4)
    t =    12.15s Find the "Copy Conclusion title" Button
    t =    12.27s Find the "Copy Conclusion title" Button
    t =    12.36s Find the Button (Element at index 5)
    t =    12.50s Find the "Copy Conclusion summary" Button
    t =    12.73s Find the "Copy Conclusion summary" Button
    t =    12.85s Find the Button (Element at index 6)
    t =    12.98s Find the "Copy Evidence reference" Button
    t =    13.10s Find the "Copy Evidence reference" Button
    t =    13.25s Find the Button (Element at index 7)
    t =    13.39s Find the Button (Element at index 8)
    t =    13.54s Find the Button (Element at index 9)
    t =    13.68s Find the Button (Element at index 10)
    t =    13.81s Find the Button (Element at index 11)
    t =    13.95s Find the Button (Element at index 12)
    t =    14.07s Waiting 5.0s for "Effective interface style" StaticText to exist
    t =    15.16s     Checking `Expect predicate `existsNoRetry == 1` for object "Effective interface style" StaticText`
    t =    15.16s         Checking existence of `"Effective interface style" StaticText`
    t =    16.37s Checking `Expect predicate `label == "dark"` for object "Effective interface style" StaticText`
    t =    16.38s     Find the "Effective interface style" StaticText
    t =    16.52s Find the Target Application 'com.example.aceclientapp'
    t =    17.28s Added attachment named 'Fictional release — initial-audit — dark'
    t =    22.70s Waiting 5.0s for ScrollView (First Match) to exist
    t =    23.72s     Checking `Expect predicate `existsNoRetry == 1` for object ScrollView (First Match)`
    t =    23.72s         Checking existence of `ScrollView (First Match)`
    t =    23.75s Checking existence of `Any (First Match)`
    t =    23.82s Find the Any (First Match)
    t =    23.92s Find the "Engagement name: Fictional Engagement" StaticText
    t =    23.99s Find the ScrollView (First Match)
    t =    24.02s Get all elements bound by index for: Descendants matching type Button
    t =    24.13s Find the Button (Element at index 0)
    t =    24.27s Find the "Copy Engagement name" Button
    t =    24.43s Find the "Copy Engagement name" Button
    t =    24.56s Find the Button (Element at index 1)
    t =    24.72s Find the "Copy Review status" Button
    t =    24.85s Find the "Copy Review status" Button
    t =    24.95s Find the Button (Element at index 2)
    t =    25.12s Find the "Copy Release version" Button
    t =    25.24s Find the "Copy Release version" Button
    t =    25.36s Find the Button (Element at index 3)
    t =    25.51s Find the "Copy Published date and time" Button
    t =    25.70s Find the "Copy Published date and time" Button
    t =    25.81s Find the Button (Element at index 4)
    t =    25.97s Find the "Copy Conclusion title" Button
    t =    26.08s Find the "Copy Conclusion title" Button
    t =    26.18s Find the Button (Element at index 5)
    t =    26.35s Find the "Copy Conclusion summary" Button
    t =    26.54s Find the "Copy Conclusion summary" Button
    t =    26.64s Find the Button (Element at index 6)
    t =    26.82s Find the "Copy Evidence reference" Button
    t =    26.99s Find the "Copy Evidence reference" Button
    t =    27.09s Find the Button (Element at index 7)
    t =    27.23s Find the Button (Element at index 8)
    t =    27.35s Find the Button (Element at index 9)
    t =    27.57s Find the Button (Element at index 10)
    t =    27.71s Find the Button (Element at index 11)
    t =    27.84s Find the Button (Element at index 12)
    t =    28.68s Added attachment named 'Release detail — Engagement name — dark'
    t =    28.68s Waiting 5.0s for ScrollView (First Match) to exist
    t =    29.76s     Checking `Expect predicate `existsNoRetry == 1` for object ScrollView (First Match)`
    t =    29.76s         Checking existence of `ScrollView (First Match)`
    t =    29.78s Checking existence of `Any (First Match)`
    t =    29.84s Find the Any (First Match)
    t =    29.95s Find the "Review status: RELEASED" StaticText
    t =    30.01s Find the ScrollView (First Match)
    t =    30.04s Get all elements bound by index for: Descendants matching type Button
    t =    30.13s Find the Button (Element at index 0)
    t =    30.28s Find the "Copy Engagement name" Button
    t =    30.40s Find the "Copy Engagement name" Button
    t =    30.51s Find the Button (Element at index 1)
    t =    30.64s Find the "Copy Review status" Button
    t =    30.80s Find the "Copy Review status" Button
    t =    30.91s Find the Button (Element at index 2)
    t =    31.06s Find the "Copy Release version" Button
    t =    31.17s Find the "Copy Release version" Button
    t =    31.26s Find the Button (Element at index 3)
    t =    31.49s Find the "Copy Published date and time" Button
    t =    31.62s Find the "Copy Published date and time" Button
    t =    31.71s Find the Button (Element at index 4)
    t =    31.85s Find the "Copy Conclusion title" Button
    t =    31.97s Find the "Copy Conclusion title" Button
    t =    32.08s Find the Button (Element at index 5)
    t =    32.24s Find the "Copy Conclusion summary" Button
    t =    32.36s Find the "Copy Conclusion summary" Button
    t =    32.46s Find the Button (Element at index 6)
    t =    32.66s Find the "Copy Evidence reference" Button
    t =    32.80s Find the "Copy Evidence reference" Button
    t =    32.90s Find the Button (Element at index 7)
    t =    33.02s Find the Button (Element at index 8)
    t =    33.14s Find the Button (Element at index 9)
    t =    33.34s Find the Button (Element at index 10)
    t =    33.51s Find the Button (Element at index 11)
    t =    33.70s Find the Button (Element at index 12)
    t =    34.25s Added attachment named 'Release detail — Review status — dark'
    t =    34.25s Waiting 5.0s for ScrollView (First Match) to exist
    t =    35.31s     Checking `Expect predicate `existsNoRetry == 1` for object ScrollView (First Match)`
    t =    35.31s         Checking existence of `ScrollView (First Match)`
    t =    35.33s Checking existence of `Any (First Match)`
    t =    35.38s Find the Any (First Match)
    t =    35.50s Find the "Release version: 1" StaticText
    t =    35.58s Find the ScrollView (First Match)
    t =    35.61s Get all elements bound by index for: Descendants matching type Button
    t =    35.71s Find the Button (Element at index 0)
    t =    35.87s Find the "Copy Engagement name" Button
    t =    36.08s Find the "Copy Engagement name" Button
    t =    36.19s Find the Button (Element at index 1)
    t =    36.33s Find the "Copy Review status" Button
    t =    36.47s Find the "Copy Review status" Button
    t =    36.58s Find the Button (Element at index 2)
    t =    36.73s Find the "Copy Release version" Button
    t =    36.87s Find the "Copy Release version" Button
    t =    36.97s Find the Button (Element at index 3)
    t =    37.13s Find the "Copy Published date and time" Button
    t =    37.26s Find the "Copy Published date and time" Button
    t =    37.39s Find the Button (Element at index 4)
    t =    37.53s Find the "Copy Conclusion title" Button
    t =    37.71s Find the "Copy Conclusion title" Button
    t =    37.83s Find the Button (Element at index 5)
    t =    37.98s Find the "Copy Conclusion summary" Button
    t =    38.09s Find the "Copy Conclusion summary" Button
    t =    38.19s Find the Button (Element at index 6)
    t =    38.36s Find the "Copy Evidence reference" Button
    t =    38.51s Find the "Copy Evidence reference" Button
    t =    38.61s Find the Button (Element at index 7)
    t =    38.73s Find the Button (Element at index 8)
    t =    38.85s Find the Button (Element at index 9)
    t =    38.99s Find the Button (Element at index 10)
    t =    39.13s Find the Button (Element at index 11)
    t =    39.26s Find the Button (Element at index 12)
    t =    39.88s Added attachment named 'Release detail — Release version — dark'
    t =    39.88s Waiting 5.0s for ScrollView (First Match) to exist
    t =    40.91s     Checking `Expect predicate `existsNoRetry == 1` for object ScrollView (First Match)`
    t =    40.91s         Checking existence of `ScrollView (First Match)`
    t =    40.93s Checking existence of `Any (First Match)`
    t =    41.01s Find the Any (First Match)
    t =    41.19s Find the "Published date and time: 2026-08-24T10:15:30Z" StaticText
    t =    41.27s Find the ScrollView (First Match)
    t =    41.31s Get all elements bound by index for: Descendants matching type Button
    t =    41.40s Find the Button (Element at index 0)
    t =    41.53s Find the "Copy Engagement name" Button
    t =    41.65s Find the "Copy Engagement name" Button
    t =    41.78s Find the Button (Element at index 1)
    t =    41.96s Find the "Copy Review status" Button
    t =    42.06s Find the "Copy Review status" Button
    t =    42.17s Find the Button (Element at index 2)
    t =    42.33s Find the "Copy Release version" Button
    t =    42.45s Find the "Copy Release version" Button
    t =    42.56s Find the Button (Element at index 3)
    t =    42.70s Find the "Copy Published date and time" Button
    t =    42.82s Find the "Copy Published date and time" Button
    t =    42.92s Find the Button (Element at index 4)
    t =    43.08s Find the "Copy Conclusion title" Button
    t =    43.19s Find the "Copy Conclusion title" Button
    t =    43.28s Find the Button (Element at index 5)
    t =    43.43s Find the "Copy Conclusion summary" Button
    t =    43.62s Find the "Copy Conclusion summary" Button
    t =    43.72s Find the Button (Element at index 6)
    t =    43.85s Find the "Copy Evidence reference" Button
    t =    44.04s Find the "Copy Evidence reference" Button
    t =    44.15s Find the Button (Element at index 7)
    t =    44.28s Find the Button (Element at index 8)
    t =    44.40s Find the Button (Element at index 9)
    t =    44.57s Find the Button (Element at index 10)
    t =    44.75s Find the Button (Element at index 11)
    t =    44.89s Find the Button (Element at index 12)
    t =    45.48s Added attachment named 'Release detail — Published date and time — dark'
    t =    45.48s Waiting 5.0s for ScrollView (First Match) to exist
    t =    46.52s     Checking `Expect predicate `existsNoRetry == 1` for object ScrollView (First Match)`
    t =    46.52s         Checking existence of `ScrollView (First Match)`
    t =    46.55s Checking existence of `Any (First Match)`
    t =    46.62s Find the Any (First Match)
    t =    46.82s Find the "Conclusion title: Fictional conclusion" StaticText
    t =    46.91s Find the ScrollView (First Match)
    t =    46.94s Get all elements bound by index for: Descendants matching type Button
    t =    47.04s Find the Button (Element at index 0)
    t =    47.18s Find the "Copy Engagement name" Button
    t =    47.30s Find the "Copy Engagement name" Button
    t =    47.41s Find the Button (Element at index 1)
    t =    47.61s Find the "Copy Review status" Button
    t =    47.72s Find the "Copy Review status" Button
    t =    47.84s Find the Button (Element at index 2)
    t =    48.01s Find the "Copy Release version" Button
    t =    48.13s Find the "Copy Release version" Button
    t =    48.25s Find the Button (Element at index 3)
    t =    48.40s Find the "Copy Published date and time" Button
    t =    48.54s Find the "Copy Published date and time" Button
    t =    48.70s Find the Button (Element at index 4)
    t =    48.87s Find the "Copy Conclusion title" Button
    t =    48.98s Find the "Copy Conclusion title" Button
    t =    49.09s Find the Button (Element at index 5)
    t =    49.24s Find the "Copy Conclusion summary" Button
    t =    49.37s Find the "Copy Conclusion summary" Button
    t =    49.47s Find the Button (Element at index 6)
    t =    49.65s Find the "Copy Evidence reference" Button
    t =    49.77s Find the "Copy Evidence reference" Button
    t =    49.91s Find the Button (Element at index 7)
    t =    50.07s Find the Button (Element at index 8)
    t =    50.20s Find the Button (Element at index 9)
    t =    50.33s Find the Button (Element at index 10)
    t =    50.46s Find the Button (Element at index 11)
    t =    50.60s Find the Button (Element at index 12)
    t =    51.16s Added attachment named 'Release detail — Conclusion title — dark'
    t =    51.16s Waiting 5.0s for ScrollView (First Match) to exist
    t =    52.22s     Checking `Expect predicate `existsNoRetry == 1` for object ScrollView (First Match)`
    t =    52.22s         Checking existence of `ScrollView (First Match)`
    t =    52.25s Checking existence of `Any (First Match)`
    t =    52.35s Find the Any (First Match)
    t =    52.48s Find the "Conclusion summary: Fictional summary" StaticText
    t =    52.58s Find the ScrollView (First Match)
    t =    52.61s Get all elements bound by index for: Descendants matching type Button
    t =    52.72s Find the Button (Element at index 0)
    t =    52.87s Find the "Copy Engagement name" Button
    t =    52.98s Find the "Copy Engagement name" Button
    t =    53.08s Find the Button (Element at index 1)
    t =    53.24s Find the "Copy Review status" Button
    t =    53.36s Find the "Copy Review status" Button
    t =    53.45s Find the Button (Element at index 2)
    t =    53.62s Find the "Copy Release version" Button
    t =    53.79s Find the "Copy Release version" Button
    t =    53.89s Find the Button (Element at index 3)
    t =    54.02s Find the "Copy Published date and time" Button
    t =    54.13s Find the "Copy Published date and time" Button
    t =    54.24s Find the Button (Element at index 4)
    t =    54.38s Find the "Copy Conclusion title" Button
    t =    54.50s Find the "Copy Conclusion title" Button
    t =    54.59s Find the Button (Element at index 5)
    t =    54.77s Find the "Copy Conclusion summary" Button
    t =    54.90s Find the "Copy Conclusion summary" Button
    t =    55.01s Find the Button (Element at index 6)
    t =    55.14s Find the "Copy Evidence reference" Button
    t =    55.28s Find the "Copy Evidence reference" Button
    t =    55.40s Find the Button (Element at index 7)
    t =    55.56s Find the Button (Element at index 8)
    t =    55.70s Find the Button (Element at index 9)
    t =    55.85s Find the Button (Element at index 10)
    t =    55.99s Find the Button (Element at index 11)
    t =    56.13s Find the Button (Element at index 12)
    t =    56.72s Added attachment named 'Release detail — Conclusion summary — dark'
    t =    56.73s Waiting 5.0s for ScrollView (First Match) to exist
    t =    57.77s     Checking `Expect predicate `existsNoRetry == 1` for object ScrollView (First Match)`
    t =    57.77s         Checking existence of `ScrollView (First Match)`
    t =    57.79s Checking existence of `Any (First Match)`
    t =    57.86s Find the Any (First Match)
    t =    57.99s Find the "Evidence reference: FICTIONAL-REF-001" StaticText
    t =    58.09s Find the ScrollView (First Match)
    t =    58.12s Get all elements bound by index for: Descendants matching type Button
    t =    58.23s Find the Button (Element at index 0)
    t =    58.37s Find the "Copy Engagement name" Button
    t =    58.49s Find the "Copy Engagement name" Button
    t =    58.58s Find the Button (Element at index 1)
    t =    58.71s Find the "Copy Review status" Button
    t =    58.83s Find the "Copy Review status" Button
    t =    58.94s Find the Button (Element at index 2)
    t =    59.08s Find the "Copy Release version" Button
    t =    59.19s Find the "Copy Release version" Button
    t =    59.30s Find the Button (Element at index 3)
    t =    59.45s Find the "Copy Published date and time" Button
    t =    59.57s Find the "Copy Published date and time" Button
    t =    59.71s Find the Button (Element at index 4)
    t =    59.91s Find the "Copy Conclusion title" Button
    t =    60.04s Find the "Copy Conclusion title" Button
    t =    60.16s Find the Button (Element at index 5)
    t =    60.30s Find the "Copy Conclusion summary" Button
    t =    60.43s Find the "Copy Conclusion summary" Button
    t =    60.56s Find the Button (Element at index 6)
    t =    60.72s Find the "Copy Evidence reference" Button
    t =    60.87s Find the "Copy Evidence reference" Button
    t =    60.97s Find the Button (Element at index 7)
    t =    61.18s Find the Button (Element at index 8)
    t =    61.32s Find the Button (Element at index 9)
    t =    61.45s Find the Button (Element at index 10)
    t =    61.56s Find the Button (Element at index 11)
    t =    61.70s Find the Button (Element at index 12)
    t =    62.22s Added attachment named 'Release detail — Evidence reference — dark'
    t =    62.22s Waiting 5.0s for ScrollView (First Match) to exist
    t =    63.24s     Checking `Expect predicate `existsNoRetry == 1` for object ScrollView (First Match)`
    t =    63.24s         Checking existence of `ScrollView (First Match)`
    t =    63.30s Checking existence of `Any (First Match)`
    t =    63.50s Find the Any (First Match)
    t =    63.72s Find the ScrollView (First Match)
    t =    63.77s Checking existence of `"Action description: Fictional action" StaticText`
    t =    63.96s Find the "Action description: Fictional action" StaticText
    t =    64.28s Press ScrollView at {{16.0, 114.3}, {370.0, 709.7}}[0.50, 0.72] for 0.1 seconds, then drag to ScrollView at {{16.0, 114.3}, {370.0, 709.7}}[0.50, 0.28] with velocity of 500.00 pixels per second, and then hold for 0.0 seconds 
    t =    64.28s     Wait for com.example.aceclientapp to idle
    t =    64.29s     Find the ScrollView at {{16.0, 114.3}, {370.0, 709.7}}
    t =    64.34s     Check for interrupting elements affecting ScrollView
    t =    64.45s     Synthesize event
    t =    64.45s         Find the ScrollView at {{16.0, 114.3}, {370.0, 709.7}}
    t =    64.51s         Find the ScrollView at {{16.0, 114.3}, {370.0, 709.7}}
    t =    64.57s         Find the ScrollView at {{16.0, 114.3}, {370.0, 709.7}}
    t =    64.61s         Find the ScrollView at {{16.0, 114.3}, {370.0, 709.7}}
    t =    64.67s         Find the ScrollView at {{16.0, 114.3}, {370.0, 709.7}}
    t =    65.65s     Wait for com.example.aceclientapp to idle
    t =    67.20s Checking existence of `"Action description: Fictional action" StaticText`
    t =    67.38s Find the "Action description: Fictional action" StaticText
    t =    67.63s Find the "Action description: Fictional action" StaticText
    t =    67.89s Find the ScrollView at {{16.0, 114.3}, {370.0, 709.7}}
    t =    67.92s Get all elements bound by index for: Descendants matching type Button
    t =    68.03s Find the Button (Element at index 0)
    t =    68.15s Find the Button (Element at index 1)
    t =    68.27s Find the Button (Element at index 2)
    t =    68.42s Find the Button (Element at index 3)
    t =    68.58s Find the Button (Element at index 4)
    t =    68.72s Find the "Copy Conclusion title" Button
    t =    68.91s Find the "Copy Conclusion title" Button
    t =    69.02s Find the Button (Element at index 5)
    t =    69.23s Find the "Copy Conclusion summary" Button
    t =    69.37s Find the "Copy Conclusion summary" Button
    t =    69.48s Find the Button (Element at index 6)
    t =    69.65s Find the "Copy Evidence reference" Button
    t =    69.86s Find the "Copy Evidence reference" Button
    t =    70.02s Find the Button (Element at index 7)
    t =    70.16s Find the "Refresh current release" Button
    t =    70.28s Find the "Refresh current release" Button
    t =    70.49s Find the Button (Element at index 8)
    t =    70.70s Find the Button (Element at index 9)
    t =    70.95s Find the "Copy Action description" Button
    t =    71.07s Find the "Copy Action description" Button
    t =    71.18s Find the Button (Element at index 10)
    t =    71.35s Find the "Copy Action owner" Button
    t =    71.47s Find the "Copy Action owner" Button
    t =    71.58s Find the Button (Element at index 11)
    t =    71.79s Find the "Copy Action target date" Button
    t =    71.92s Find the "Copy Action target date" Button
    t =    72.04s Find the Button (Element at index 12)
    t =    72.23s Find the "Copy Action status" Button
    t =    72.37s Find the "Copy Action status" Button
    t =    72.91s Added attachment named 'Release detail — Action description — dark'
    t =    72.91s Waiting 5.0s for ScrollView (First Match) to exist
    t =    73.92s     Checking `Expect predicate `existsNoRetry == 1` for object ScrollView (First Match)`
    t =    73.92s         Checking existence of `ScrollView (First Match)`
    t =    73.95s Checking existence of `Any (First Match)`
    t =    74.16s Find the Any (First Match)
    t =    74.51s Find the "Action owner: Fictional owner" StaticText
    t =    74.71s Find the ScrollView (First Match)
    t =    74.74s Get all elements bound by index for: Descendants matching type Button
    t =    74.86s Find the Button (Element at index 0)
    t =    74.99s Find the Button (Element at index 1)
    t =    75.10s Find the Button (Element at index 2)
    t =    75.20s Find the Button (Element at index 3)
    t =    75.31s Find the Button (Element at index 4)
    t =    75.48s Find the "Copy Conclusion title" Button
    t =    75.61s Find the "Copy Conclusion title" Button
    t =    75.72s Find the Button (Element at index 5)
    t =    75.86s Find the "Copy Conclusion summary" Button
    t =    75.98s Find the "Copy Conclusion summary" Button
    t =    76.09s Find the Button (Element at index 6)
    t =    76.24s Find the "Copy Evidence reference" Button
    t =    76.35s Find the "Copy Evidence reference" Button
    t =    76.44s Find the Button (Element at index 7)
    t =    76.58s Find the "Refresh current release" Button
    t =    76.73s Find the "Refresh current release" Button
    t =    76.85s Find the Button (Element at index 8)
    t =    76.98s Find the Button (Element at index 9)
    t =    77.16s Find the "Copy Action description" Button
    t =    77.31s Find the "Copy Action description" Button
    t =    77.42s Find the Button (Element at index 10)
    t =    77.62s Find the "Copy Action owner" Button
    t =    77.76s Find the "Copy Action owner" Button
    t =    77.87s Find the Button (Element at index 11)
    t =    78.13s Find the "Copy Action target date" Button
    t =    78.26s Find the "Copy Action target date" Button
    t =    78.42s Find the Button (Element at index 12)
    t =    78.61s Find the "Copy Action status" Button
    t =    78.75s Find the "Copy Action status" Button
    t =    79.33s Added attachment named 'Release detail — Action owner — dark'
    t =    79.33s Waiting 5.0s for ScrollView (First Match) to exist
    t =    80.34s     Checking `Expect predicate `existsNoRetry == 1` for object ScrollView (First Match)`
    t =    80.34s         Checking existence of `ScrollView (First Match)`
    t =    80.37s Checking existence of `Any (First Match)`
    t =    80.54s Find the Any (First Match)
    t =    80.85s Find the "Action target date: 2026-08-25" StaticText
    t =    81.10s Find the ScrollView (First Match)
    t =    81.15s Get all elements bound by index for: Descendants matching type Button
    t =    81.31s Find the Button (Element at index 0)
    t =    81.42s Find the Button (Element at index 1)
    t =    81.54s Find the Button (Element at index 2)
    t =    81.65s Find the Button (Element at index 3)
    t =    81.83s Find the Button (Element at index 4)
    t =    82.00s Find the "Copy Conclusion title" Button
    t =    82.13s Find the "Copy Conclusion title" Button
    t =    82.22s Find the Button (Element at index 5)
    t =    82.36s Find the "Copy Conclusion summary" Button
    t =    82.49s Find the "Copy Conclusion summary" Button
    t =    82.59s Find the Button (Element at index 6)
    t =    82.75s Find the "Copy Evidence reference" Button
    t =    82.87s Find the "Copy Evidence reference" Button
    t =    83.00s Find the Button (Element at index 7)
    t =    83.15s Find the "Refresh current release" Button
    t =    83.26s Find the "Refresh current release" Button
    t =    83.37s Find the Button (Element at index 8)
    t =    83.60s Find the Button (Element at index 9)
    t =    83.76s Find the "Copy Action description" Button
    t =    83.87s Find the "Copy Action description" Button
    t =    83.98s Find the Button (Element at index 10)
    t =    84.15s Find the "Copy Action owner" Button
    t =    84.28s Find the "Copy Action owner" Button
    t =    84.40s Find the Button (Element at index 11)
    t =    84.55s Find the "Copy Action target date" Button
    t =    84.67s Find the "Copy Action target date" Button
    t =    84.84s Find the Button (Element at index 12)
    t =    85.02s Find the "Copy Action status" Button
    t =    85.14s Find the "Copy Action status" Button
    t =    85.79s Added attachment named 'Release detail — Action target date — dark'
    t =    85.79s Waiting 5.0s for ScrollView (First Match) to exist
    t =    86.85s     Checking `Expect predicate `existsNoRetry == 1` for object ScrollView (First Match)`
    t =    86.85s         Checking existence of `ScrollView (First Match)`
    t =    86.87s Checking existence of `Any (First Match)`
    t =    87.07s Find the Any (First Match)
    t =    87.31s Find the "Action status: OPEN" StaticText
    t =    87.63s Find the ScrollView (First Match)
    t =    87.66s Get all elements bound by index for: Descendants matching type Button
    t =    87.78s Find the Button (Element at index 0)
    t =    87.89s Find the Button (Element at index 1)
    t =    88.01s Find the Button (Element at index 2)
    t =    88.12s Find the Button (Element at index 3)
    t =    88.27s Find the Button (Element at index 4)
    t =    88.43s Find the "Copy Conclusion title" Button
    t =    88.54s Find the "Copy Conclusion title" Button
    t =    88.64s Find the Button (Element at index 5)
    t =    88.79s Find the "Copy Conclusion summary" Button
    t =    88.92s Find the "Copy Conclusion summary" Button
    t =    89.03s Find the Button (Element at index 6)
    t =    89.18s Find the "Copy Evidence reference" Button
    t =    89.30s Find the "Copy Evidence reference" Button
    t =    89.41s Find the Button (Element at index 7)
    t =    89.56s Find the "Refresh current release" Button
    t =    89.69s Find the "Refresh current release" Button
    t =    89.86s Find the Button (Element at index 8)
    t =    90.01s Find the Button (Element at index 9)
    t =    90.19s Find the "Copy Action description" Button
    t =    90.30s Find the "Copy Action description" Button
    t =    90.40s Find the Button (Element at index 10)
    t =    90.55s Find the "Copy Action owner" Button
    t =    90.67s Find the "Copy Action owner" Button
    t =    90.78s Find the Button (Element at index 11)
    t =    90.92s Find the "Copy Action target date" Button
    t =    91.14s Find the "Copy Action target date" Button
    t =    91.26s Find the Button (Element at index 12)
    t =    91.42s Find the "Copy Action status" Button
    t =    91.54s Find the "Copy Action status" Button
    t =    92.11s Added attachment named 'Release detail — Action status — dark'
    t =    92.11s Get all elements bound by index for: Descendants matching type Button
    t =    92.22s Find the Button (Element at index 0)
    t =    92.33s Find the Button (Element at index 1)
    t =    92.48s Find the Button (Element at index 2)
    t =    92.59s Find the Button (Element at index 3)
    t =    92.73s Find the Button (Element at index 4)
    t =    92.89s Find the "Copy Conclusion title" Button
    t =    93.01s Find the "Copy Conclusion title" Button
    t =    93.10s Find the Button (Element at index 5)
    t =    93.27s Find the "Copy Conclusion summary" Button
    t =    93.41s Find the "Copy Conclusion summary" Button
    t =    93.56s Find the Button (Element at index 6)
    t =    93.69s Find the "Copy Evidence reference" Button
    t =    93.82s Find the "Copy Evidence reference" Button
    t =    93.93s Find the Button (Element at index 7)
    t =    94.08s Find the "Refresh current release" Button
    t =    94.20s Find the "Refresh current release" Button
    t =    94.29s Find the Button (Element at index 8)
    t =    94.43s Find the Button (Element at index 9)
    t =    94.59s Find the "Copy Action description" Button
    t =    94.71s Find the "Copy Action description" Button
    t =    94.82s Find the Button (Element at index 10)
    t =    94.99s Find the "Copy Action owner" Button
    t =    95.11s Find the "Copy Action owner" Button
    t =    95.25s Find the Button (Element at index 11)
    t =    95.41s Find the "Copy Action target date" Button
    t =    95.55s Find the "Copy Action target date" Button
    t =    95.67s Find the Button (Element at index 12)
    t =    95.83s Find the "Copy Action status" Button
    t =    95.95s Find the "Copy Action status" Button
    t =    96.06s Find the Target Application 'com.example.aceclientapp'
    t =    96.64s Added attachment named 'Fictional release — approved-controls — dark'
    t =    96.64s Find the "Action 1" StaticText
    t =    96.85s Find the "OPEN" StaticText
    t =    97.56s Find the "Action 1" StaticText
    t =    97.85s Find the "OPEN" StaticText
ACE_MCX19_CONTRAST_PROBE {"after":{"Action 1":{"height":20.333333333333314,"width":63.333333333333329,"x":32,"y":439},"OPEN":{"height":20.333333333333258,"width":45,"x":32,"y":705.3333333333336}},"before":{"Action 1":{"height":20.333333333333314,"width":63.333333333333329,"x":32,"y":439},"OPEN":{"height":20.333333333333258,"width":45,"x":32,"y":705.3333333333336}}}
    t =    98.10s Find the "Action 1" StaticText
    t =    98.29s Find the "OPEN" StaticText
ACE_MCX19_ALL_AUDIT_PRE {"after":{"Action 1":{"height":20.333333333333314,"width":63.333333333333329,"x":32,"y":439},"OPEN":{"height":20.333333333333258,"width":45,"x":32,"y":705.3333333333336}},"before":{"Action 1":{"height":20.333333333333314,"width":63.333333333333329,"x":32,"y":439},"OPEN":{"height":20.333333333333258,"width":45,"x":32,"y":705.3333333333336}}}
    t =   104.36s Find the "Action 1" StaticText
    t =   104.57s Find the "OPEN" StaticText
ACE_MCX19_ALL_AUDIT_POST {"after":{"Action 1":{"height":20.333333333333314,"width":63.333333333333329,"x":32,"y":439},"OPEN":{"height":20.333333333333258,"width":45,"x":32,"y":705.3333333333336}},"before":{"Action 1":{"height":20.333333333333314,"width":63.333333333333329,"x":32,"y":439},"OPEN":{"height":20.333333333333258,"width":45,"x":32,"y":705.3333333333336}}}
    t =   104.79s Terminate com.example.aceclientapp:41312
    t =   105.80s Open com.example.aceclientapp
    t =   105.81s     Launch com.example.aceclientapp
2026-09-14 13:25:38.928 xcodebuild[41291:1257667] [MT] IDELaunchParametersSnapshot: The operation couldn’t be completed. (DebuggerLLDB.DebuggerVersionStore.StoreError error 0.)
2026-09-14 13:25:38.928 xcodebuild[41291:1257667] [MT] IDELaunchParametersSnapshot: no debugger version
    t =   106.44s         Setting up automation session
    t =   110.17s         Wait for com.example.aceclientapp to idle
    t =   112.14s Tap "Copy Engagement name" Button
    t =   112.14s     Wait for com.example.aceclientapp to idle
    t =   112.15s     Find the "Copy Engagement name" Button
    t =   112.41s     Check for interrupting elements affecting "Copy Engagement name" Button
    t =   112.46s     Synthesize event
    t =   112.81s     Wait for com.example.aceclientapp to idle
    t =   112.82s Checking existence of `"Copied Engagement name." StaticText`
    t =   112.88s Waiting 5.0s for ScrollView (First Match) to exist
    t =   113.90s     Checking `Expect predicate `existsNoRetry == 1` for object ScrollView (First Match)`
    t =   113.90s         Checking existence of `ScrollView (First Match)`
    t =   113.93s Checking existence of `"Copied Engagement name." StaticText`
    t =   113.97s Find the "Copied Engagement name." StaticText
    t =   114.05s Find the "Copied Engagement name." StaticText
    t =   114.09s Find the ScrollView (First Match)
    t =   114.13s Find the Target Application 'com.example.aceclientapp'
    t =   114.63s Added attachment named 'Controlled state — copyConfirmation — dark'
    t =   117.41s Terminate com.example.aceclientapp:41450
    t =   118.53s Tear Down
Test Case '-[ACEClientAppUITests.ACEClientAppUITests testFictionalReleaseHasApprovedCopyControls]' passed (118.601 seconds).
Test Suite 'ACEClientAppUITests' passed at 2026-09-14 13:25:51.724.
	 Executed 1 test, with 0 failures (0 unexpected) in 118.601 (118.607) seconds
Test Suite 'ACEClientAppUITests.xctest' passed at 2026-09-14 13:25:51.726.
	 Executed 1 test, with 0 failures (0 unexpected) in 118.601 (118.609) seconds
Test Suite 'Selected tests' passed at 2026-09-14 13:25:51.727.
	 Executed 1 test, with 0 failures (0 unexpected) in 118.601 (118.617) seconds
2026-09-14 13:25:52.184 xcodebuild[41291:1257667] [MT] IDETestOperationsObserverDebug: 129.160 elapsed -- Testing started completed.
2026-09-14 13:25:52.184 xcodebuild[41291:1257667] [MT] IDETestOperationsObserverDebug: 0.000 sec, +0.000 sec -- start
2026-09-14 13:25:52.184 xcodebuild[41291:1257667] [MT] IDETestOperationsObserverDebug: 129.160 sec, +129.160 sec -- end

Test session results, code coverage, and logs:
	LOCAL_HOME/ace-private/mcx19b-layout-20260914/release-dark-v2.xcresult

** TEST EXECUTE SUCCEEDED **

Testing started
