Exported 75 attachments for: ACEClientAppUITests/testFictionalReleaseHasApprovedCopyControls():
File: E36018B4-FAAA-48CB-81FB-5804CF08A752.png, suggested name: "Controlled state — copyConfirmation — light_0_585F6FA4-7F97-4CDC-B1B9-04B5E8309381.png"
File: 1F9E5746-DB11-4ADA-A6F1-A2AC27B1CF71, suggested name: "Synthesized Event 2026-09-14 at 01.11.22 pm"
File: 2C41CBEE-86AC-4168-A2D7-77668DD8161F.png, suggested name: "Fictional release — approved-controls — light_0_ACF98CD7-FA46-4E84-9E53-D6709B187B3E.png"
File: 9CEC0564-D0BE-42B8-82DB-E8B4049C22D0.png, suggested name: "Release detail — Action status — light_0_5CB5528B-B39F-43C2-86FA-E47BABD129DB.png"
File: 94046C79-F8C6-40AD-9388-1FC18865DDAC, suggested name: "UI Snapshot 2026-09-14 at 01.10.31 pm"
File: 8A2305DD-C8AB-4ED7-AF96-4A980BB6FFAD, suggested name: "Synthesized Event 2026-09-14 at 01.10.33 pm"
File: A967890B-016D-462D-B8A1-3757F5DBF6E9.png, suggested name: "Release detail — Action target date — light_0_24C41BD8-6D82-443A-A60F-4680082E56D9.png"
File: A79A05ED-EA62-4F0E-8A83-91A15859174E.png, suggested name: "Release detail — Action owner — light_0_F3F3ABA1-BC88-4C0A-8CE8-3C4EA3B42076.png"
File: E66F517C-99D8-4FF4-B165-19808F3DCF29.png, suggested name: "Release detail — Action description — light_0_F5840107-7683-4880-92D4-170C3ECD61AE.png"
File: 3DF41A7E-1827-4B90-8B31-1CF4038B814B, suggested name: "UI Snapshot 2026-09-14 at 01.10.01 pm"
File: F376C6B6-270A-47DB-BFCB-C485F3EBE8DE, suggested name: "Synthesized Event 2026-09-14 at 01.10.03 pm"
File: 9C751D84-A3E3-419A-BAAE-8C373EF857A5, suggested name: "UI Snapshot 2026-09-14 at 01.09.58 pm"
File: 96C720EA-D624-4486-8883-0D219D76918B, suggested name: "Synthesized Event 2026-09-14 at 01.10.00 pm"
File: DAE86630-B42C-4AD8-B5B7-7F169922E7DD.png, suggested name: "Release detail — Evidence reference — light_0_49FD96BC-E941-473F-8A93-047E4605E844.png"
File: 80063A08-F1DA-45EA-B7FB-BBFDEC0B56C3.png, suggested name: "Release detail — Conclusion summary — light_0_BD20F5AB-758E-4F95-81A5-3D9D79690B1C.png"
File: 148052AB-E63B-4D0F-B609-5F5C23E479FC.png, suggested name: "Release detail — Conclusion title — light_0_475311A7-36CD-4DC4-872A-EC55CB831046.png"
File: 658895F2-5EBB-420E-8A49-42CDC676D10B.png, suggested name: "Release detail — Published date and time — light_0_596A9C27-F3C8-450F-A8F4-8FDB2BB72152.png"
File: D8043F5F-CA76-4504-AB3A-CA312FC04391.png, suggested name: "Release detail — Release version — light_0_F58E645E-5165-4115-8C48-A70540925A0E.png"
File: A8EF70CC-7A1B-49E4-A721-ECD0AE9CC659.png, suggested name: "Release detail — Review status — light_0_2EC997DC-37AC-423E-90D6-240EF67705B7.png"
File: 1566A9C9-EAAA-4F1C-B36C-6550FF8B4B9C.png, suggested name: "Release detail — Engagement name — light_0_32432034-1B4D-4B52-88EF-8BB9C095842C.png"
File: A95DD7B7-253D-4085-B6AB-E54FAEDBB769.png, suggested name: "Fictional release — initial-audit — light_0_4A7808FE-FB39-4C8B-8E9E-FE1E96046048.png"
File: 618C4421-A904-426D-9878-F0888CE65A5D, suggested name: "Screen Recording 2026-09-14 at 01.08.26 pm"
File: 737DA5F5-DE0A-4563-8692-2CDA07E0D40B.txt, suggested name: "Complete Issue Description.txt"
File: F24826BD-B847-4E0F-AC8B-5808130BC6F7.png, suggested name: "App Screenshot_0_1D82227B-95D3-431D-953A-3E9B5D76CB8D.png"
File: E1B51E1C-B93C-4847-86F6-D0054A0716F2.png, suggested name: "Element Screenshot_1_837E99C0-0BDE-42C1-9C27-BC13CFE7FC01.png"
File: 56BCC084-089F-4309-B3D1-AE799CB6A07B.txt, suggested name: "Complete Issue Description.txt"
File: C0B86528-8A68-4E9D-A6E1-9847259DAC6A.png, suggested name: "App Screenshot_0_A143E6E5-E9C9-472A-A8D8-377F18CB6E84.png"
File: 3AB3B422-41C1-4D3B-94F6-142139FAE8E2.png, suggested name: "Element Screenshot_1_A9739B7F-4A9C-42A0-86CB-234A94A63F38.png"
File: D46F794D-6A7F-48A4-8366-8F9FDDBF71D4.txt, suggested name: "Complete Issue Description.txt"
File: 68335554-AF42-4188-A7D9-DB8B4194C356.png, suggested name: "App Screenshot_0_E1E7049B-48A9-41E5-B92B-0C685C074F0F.png"
File: 94D62FE2-1F2E-44B6-AF42-F787733DA630.png, suggested name: "Element Screenshot_1_82D32B23-1BFF-4DC9-B8DC-C6B762BE0BE8.png"
File: 5C3A0CE6-921F-4E1B-9744-7F39D222A138.txt, suggested name: "Complete Issue Description.txt"
File: 1FE56358-517A-43DB-97E6-2215E0FB22CD.png, suggested name: "App Screenshot_0_5A3A5074-4B91-4252-A66D-E62A8E4F948E.png"
File: 21A8CD62-63D7-43C1-9BE5-73518D97A2BD.png, suggested name: "Element Screenshot_1_7A61267D-D3B6-48FE-871E-DDA234324586.png"
File: 322DCAE8-AF47-4CF2-89CF-620E8DDE0CDE.txt, suggested name: "Complete Issue Description.txt"
File: 10964E99-84F1-413B-84BB-09CF7DE0ECE4.png, suggested name: "App Screenshot_0_7764C962-6880-4A7B-9542-4C820BF2AB1C.png"
File: 8710AFE0-94F1-4521-B2F1-5F3C3A73AE01.png, suggested name: "Element Screenshot_1_DEDFD07D-7405-409F-9CA7-49A45EB69C41.png"
File: A30309ED-4AC7-4471-98A5-A5DD8F65C532.txt, suggested name: "Complete Issue Description.txt"
File: 9DE98B12-0C2E-4BB1-8297-E99026A14BC3.png, suggested name: "App Screenshot_0_B89B6108-6B95-4CFC-A828-65E12A2EE827.png"
File: 8DE21FB9-9B2B-4E73-A889-F9C2E942C85B.png, suggested name: "Element Screenshot_1_81A5ADC9-A54A-406D-A79C-962D2AB96738.png"
File: 6F496A23-F150-48F6-9F3F-0122CA8185C8.txt, suggested name: "Complete Issue Description.txt"
File: DF2F7D39-7DF2-40BF-A6F1-04F375633641.png, suggested name: "App Screenshot_0_DB69E355-214D-4896-BE0A-F9E4D6E925FB.png"
File: DF7EA820-AE20-4F6D-A78B-F4671BDAB5E0.png, suggested name: "Element Screenshot_1_88F93808-5608-4242-92BE-16A15F11449E.png"
File: E5BA7A59-A0BD-401C-8A44-A87E5EF424CC.txt, suggested name: "Complete Issue Description.txt"
File: 4031EE8F-EAE7-41A8-BDAF-DEC5479B968D.png, suggested name: "App Screenshot_0_5EA69E33-F88C-4292-8304-DB24C08DC80D.png"
File: 1B93A83B-81E3-4BA9-8B99-9F79E89F3A72.png, suggested name: "Element Screenshot_1_BF685640-40E0-41E2-87FD-6E8BE8C25172.png"
File: EDBBAEED-93A7-49CE-BDF7-FD045ACE3750.txt, suggested name: "Complete Issue Description.txt"
File: 0F758B66-2C76-47EC-A1AB-6641BCD5E927.png, suggested name: "App Screenshot_0_9F327D6A-F5A4-4E4F-AC0D-8CCE3A33D207.png"
File: B1884D85-3497-43D5-87C6-A69D04589821.png, suggested name: "Element Screenshot_1_53294AD8-ED68-48CE-ACA1-FD4C2D579E37.png"
File: CF4E19B9-41B8-4957-85DE-6A0EA3222F66.txt, suggested name: "Complete Issue Description.txt"
File: FBE698F4-FA60-459C-839A-94F46A4FD8EE.png, suggested name: "App Screenshot_0_41F36CE0-A797-403C-8014-209D76AEFD45.png"
File: 1E9EEAD0-03B9-4F43-996D-FBC5B6CB5B01.png, suggested name: "Element Screenshot_1_8A4DA5CE-7C9C-4F33-B288-BA431056D3C3.png"
File: AC25762A-A949-4D5F-9370-683D038D7B06.txt, suggested name: "Complete Issue Description.txt"
File: C9CDEBFB-49C1-49C7-8024-D225B602994F.png, suggested name: "App Screenshot_0_D7419F3E-31A8-4169-882A-BE0E4A3F9C3C.png"
File: 22029C2A-6C60-4F9A-8591-36E7885ABE52.png, suggested name: "Element Screenshot_1_A27C20BE-5B25-447E-80AF-9F847EEE8E12.png"
File: 1A840D17-F37B-444D-9E45-30FCC7817B7D.txt, suggested name: "Complete Issue Description.txt"
File: C1C6D762-7F47-4406-8501-52A13925E603.png, suggested name: "App Screenshot_0_3440AF85-1685-4AE4-A720-98666CE681A8.png"
File: B1CB3B08-E9B6-4AFE-B5E3-519CB62E6C3D.png, suggested name: "Element Screenshot_1_B8C731FF-12E2-4430-AADC-14ADB913136F.png"
File: 7C402E7E-5BE8-47F3-BFB6-15650FC886E2.txt, suggested name: "Complete Issue Description.txt"
File: 1C4A7FF5-270C-4D9D-AE9B-E2CA04670880.png, suggested name: "App Screenshot_0_B0EAC9AE-C0BF-4E90-9EFB-047D98654290.png"
File: C1FCA34E-B6B4-4EC1-B457-E7732CD19B46.png, suggested name: "Element Screenshot_1_32993C65-EA83-4047-9C0B-BDA9F010E086.png"
File: 354DE88E-32AA-425B-9623-C08FC2D4DFD3.txt, suggested name: "Complete Issue Description.txt"
File: 6CBD7F57-B706-4FB0-943E-3313ADD5304E.png, suggested name: "App Screenshot_0_6E3CF483-280F-48ED-96B5-2273070C5B57.png"
File: F2CDE845-EDFE-4E55-8F32-D3C77A693406.png, suggested name: "Element Screenshot_1_23EBC6C6-78FB-496C-B586-9EE74CEC2C83.png"
File: 231FB7A7-DB49-445B-960B-51B670320573.txt, suggested name: "Complete Issue Description.txt"
File: 82EA34E2-B44C-4805-B919-3E71C40DFA5B.png, suggested name: "App Screenshot_0_FB103F40-79E6-4B36-8CAB-8903C9DD1FAB.png"
File: 98CAEB8D-348D-4091-9269-60FD9138BDE6.png, suggested name: "Element Screenshot_1_A64F0B86-3838-4FC7-9011-914BE9DC0F58.png"
File: 1B52CB01-3B53-4E65-969C-0F1AD77A6E0D.txt, suggested name: "Complete Issue Description.txt"
File: 1A95EE6C-59E2-4754-9051-95A1F90CDCEB.png, suggested name: "App Screenshot_0_55A5145B-DBF0-48FD-94EF-796B2C4E377F.png"
File: 9BA78A08-A71F-4C0B-9D12-E04A4DD4B0B1.png, suggested name: "Element Screenshot_1_99C649DC-E65D-43D1-9BA6-4D0742B3C751.png"
File: 3A701C26-958A-4233-A1FF-5D7A7D4FCC52.txt, suggested name: "Complete Issue Description.txt"
File: BDA85858-191C-405C-9B6E-000A7DB5EA39.png, suggested name: "App Screenshot_0_4E5E07BC-ECAF-4431-9559-985773F46711.png"
File: 71A17FB1-EA5C-40A4-9B2A-E43CD6B7620D.txt, suggested name: "Complete Issue Description.txt"
File: 069E1746-B93B-4A49-A1E3-DF9020E2FC34.png, suggested name: "App Screenshot_0_AE168346-D04E-4CED-B2DA-E352966ED3A4.png"
File: 2C952FCE-C5EC-4249-A98E-AD83E74DE72E.txt, suggested name: "2026-09-14 031125 +0000-Spindump_0_A82B721B-7F84-4FB4-8145-C00E7FC835EF.txt"

Generated manifest file with attachment details: LOCAL_HOME/ace-private/mcx19b-layout-20260914/release-light-audit-attachments/manifest.json
