Command line invocation:
    /Applications/Xcode.app/Contents/Developer/usr/bin/xcodebuild test-without-building -xctestrun LOCAL_HOME/ace-private/mcx19b-orientation-repair-20260915/12-revision5-discriminating-diagnosis/arm-A/repetition-1/native-settings/initial-read/ACEClientAppUITests.xctestrun -destination id=2EB0863C-470E-467D-A0C6-CD216DA70C67 -parallel-testing-enabled NO "-only-testing:ACEClientAppUITests/ACEClientAppUITests/testConfigureAccessibilitySettings" -resultBundlePath LOCAL_HOME/ace-private/mcx19b-orientation-repair-20260915/12-revision5-discriminating-diagnosis/arm-A/repetition-1/native-settings/initial-read/result.xcresult

Writing result bundle at path:
	LOCAL_HOME/ace-private/mcx19b-orientation-repair-20260915/12-revision5-discriminating-diagnosis/arm-A/repetition-1/native-settings/initial-read/result.xcresult

2026-09-16 21:57:20.481373+1000 ACEClientAppUITests-Runner[90405:7411464] [Default] Running tests...
    t =      nans Interface orientation changed to Portrait
Test Suite 'Selected tests' started at 2026-09-16 21:57:35.081.
Test Suite 'ACEClientAppUITests.xctest' started at 2026-09-16 21:57:35.084.
Test Suite 'ACEClientAppUITests' started at 2026-09-16 21:57:35.084.
Test Case '-[ACEClientAppUITests.ACEClientAppUITests testConfigureAccessibilitySettings]' started.
    t =     0.01s Start Test at 2026-09-16 21:57:35.092
    t =     0.86s Set Up
    t =     0.89s Open com.example.aceclientapp
    t =     0.89s     Launch com.example.aceclientapp
    t =     4.72s         Setting up automation session
    t =    10.41s         Wait for com.example.aceclientapp to idle
    t =    11.61s Waiting 5.0s for "Effective interface style" Any to exist
    t =    12.68s     Checking `Expect predicate `existsNoRetry == 1` for object "Effective interface style" Any`
    t =    12.68s         Checking existence of `"Effective interface style" Any`
    t =    13.91s Find the "Effective interface style" Any
    t =    14.00s Find the "Effective interface style" ScrollView
    t =    14.05s Terminate com.example.aceclientapp:90462
    t =    15.13s Open com.example.aceclientapp
    t =    15.13s     Launch com.example.aceclientapp
    t =    15.79s         Setting up automation session
    t =    19.13s         Wait for com.example.aceclientapp to idle
    t =    21.89s Waiting 5.0s for "Effective interface style" Any to exist
    t =    23.00s     Checking `Expect predicate `existsNoRetry == 1` for object "Effective interface style" Any`
    t =    23.00s         Checking existence of `"Effective interface style" Any`
    t =    24.21s Find the "Effective interface style" Any
    t =    24.26s Find the "Effective interface style" ScrollView
ACE_SETTINGS_RESULT {"mode":"read","observed":{"boldText":false,"increaseContrast":false,"orientation":"portrait","reduceMotion":false}}
    t =    24.30s Terminate com.example.aceclientapp:90485
    t =    25.31s Tear Down
Test Case '-[ACEClientAppUITests.ACEClientAppUITests testConfigureAccessibilitySettings]' passed (25.381 seconds).
Test Suite 'ACEClientAppUITests' passed at 2026-09-16 21:58:00.472.
	 Executed 1 test, with 0 failures (0 unexpected) in 25.381 (25.388) seconds
Test Suite 'ACEClientAppUITests.xctest' passed at 2026-09-16 21:58:00.474.
	 Executed 1 test, with 0 failures (0 unexpected) in 25.381 (25.390) seconds
Test Suite 'Selected tests' passed at 2026-09-16 21:58:00.475.
	 Executed 1 test, with 0 failures (0 unexpected) in 25.381 (25.394) seconds

Test session results, code coverage, and logs:
	LOCAL_HOME/ace-private/mcx19b-orientation-repair-20260915/12-revision5-discriminating-diagnosis/arm-A/repetition-1/native-settings/initial-read/result.xcresult

** TEST EXECUTE SUCCEEDED **

Testing started
2026-09-16 21:56:02.092 xcodebuild[90223:7407194] [MT] IDERunDestination: Supported platforms for the buildables in the current scheme is empty.
2026-09-16 21:56:02.203 xcodebuild[90223:7407194] [MT] IDERunDestination: Supported platforms for the buildables in the current scheme is empty.
2026-09-16 21:56:02.220 xcodebuild[90223:7407194] [MT] IDERunDestination: Supported platforms for the buildables in the current scheme is empty.
2026-09-16 21:57:37.060 xcodebuild[90223:7407194] [MT] IDELaunchParametersSnapshot: The operation couldn’t be completed. (DebuggerLLDB.DebuggerVersionStore.StoreError error 0.)
2026-09-16 21:57:37.060 xcodebuild[90223:7407194] [MT] IDELaunchParametersSnapshot: no debugger version
2026-09-16 21:57:50.223 xcodebuild[90223:7407194] [MT] IDELaunchParametersSnapshot: The operation couldn’t be completed. (DebuggerLLDB.DebuggerVersionStore.StoreError error 0.)
2026-09-16 21:57:50.223 xcodebuild[90223:7407194] [MT] IDELaunchParametersSnapshot: no debugger version
2026-09-16 21:58:00.937 xcodebuild[90223:7407194] [MT] IDETestOperationsObserverDebug: 116.075 elapsed -- Testing started completed.
2026-09-16 21:58:00.937 xcodebuild[90223:7407194] [MT] IDETestOperationsObserverDebug: 0.012 sec, +0.012 sec -- start
2026-09-16 21:58:00.937 xcodebuild[90223:7407194] [MT] IDETestOperationsObserverDebug: 116.075 sec, +116.063 sec -- end
