Command line invocation:
    /Applications/Xcode.app/Contents/Developer/usr/bin/xcodebuild test-without-building -xctestrun LOCAL_HOME/ace-private/mcx19b-orientation-repair-20260915/shutdown-pilot-runs/20260915T085501Z-pilot-a40a74500076/batches/001/ACEClientAppUITests.xctestrun -destination id=2EB0863C-470E-467D-A0C6-CD216DA70C67 -parallel-testing-enabled NO "-only-testing:ACEClientAppUITests/ACEClientAppUITests/testCoverageBatch" -resultBundlePath LOCAL_HOME/ace-private/mcx19b-orientation-repair-20260915/shutdown-pilot-runs/20260915T085501Z-pilot-a40a74500076/batches/001/result.xcresult

Writing result bundle at path:
	LOCAL_HOME/ace-private/mcx19b-orientation-repair-20260915/shutdown-pilot-runs/20260915T085501Z-pilot-a40a74500076/batches/001/result.xcresult

2026-09-15 19:00:18.828507+1000 ACEClientAppUITests-Runner[42800:4644370] [Default] Running tests...
    t =      nans Interface orientation changed to Portrait
Test Suite 'Selected tests' started at 2026-09-15 19:00:22.070.
Test Suite 'ACEClientAppUITests.xctest' started at 2026-09-15 19:00:22.072.
Test Suite 'ACEClientAppUITests' started at 2026-09-15 19:00:22.073.
Test Case '-[ACEClientAppUITests.ACEClientAppUITests testCoverageBatch]' started.
    t =     0.01s Start Test at 2026-09-15 19:00:22.079
    t =     0.20s Set Up
    t =     0.22s Setting device orientation to Portrait
    t =     0.27s     Wait for com.apple.springboard to idle
    t =     0.39s Open com.example.aceclientapp
    t =     0.40s     Launch com.example.aceclientapp
    t =     4.22s         Setting up automation session
    t =     8.38s         Wait for com.example.aceclientapp to idle
    t =    11.18s Waiting 5.0s for "Sign In heading" StaticText to exist
    t =    12.25s     Checking `Expect predicate `existsNoRetry == 1` for object "Sign In heading" StaticText`
    t =    12.25s         Checking existence of `"Sign In heading" StaticText`
    t =    12.51s Find the "Sign In heading" StaticText
    t =    12.67s Find the Target Application 'com.example.aceclientapp'
ACE_ORIENTATION_READ_STARTED {"requested":"portrait"}
    t =    12.73s Find the Target Application 'com.example.aceclientapp'
ACE_ORIENTATION_FRAME {"elapsedReadSeconds":0.047790098004043102,"frame":{"height":"874.0","width":"402.0","x":"0.0","y":"0.0"},"outcome":"match","requested":"portrait"}
    t =    12.78s Waiting 5.0s for "Effective interface style" Any to exist
    t =    13.85s     Checking `Expect predicate `existsNoRetry == 1` for object "Effective interface style" Any`
    t =    13.85s         Checking existence of `"Effective interface style" Any`
    t =    14.96s Find the "Effective interface style" Any
    t =    15.05s Find the "Effective interface style" CollectionView
    t =    15.10s Find the Target Application 'com.example.aceclientapp'
    t =    15.61s Added attachment named 'Coverage pilot.iPhone-17.signIn.light.large.portrait.0.0.0 viewport initial'
    t =    20.41s Checking existence of `"Username" TextField`
    t =    20.49s Checking existence of `"Password" SecureTextField`
    t =    20.56s Find the "Sign in" Button
    t =    20.66s Find the Target Application 'com.example.aceclientapp'
    t =    20.74s Find the "Sign in" Button
    t =    20.90s Checking existence of `"Sign in" Button`
    t =    20.97s Find the "Sign in" Button
    t =    21.09s Find the "Sign in" Button
    t =    21.20s Find the "Sign in" Button
    t =    21.30s Find the Target Application 'com.example.aceclientapp'
    t =    21.79s Added attachment named 'Coverage pilot.iPhone-17.signIn.light.large.portrait.0.0.0 viewport control-Sign in'
ACE_CASE_RESULT {"auditInvocations":1,"id":"pilot.iPhone-17.signIn.light.large.portrait.0.0.0","observed":{"appearance":"light","boldText":false,"contentSize":"large","increaseContrast":false,"orientation":"portrait","reduceMotion":false},"result":"passed","scenario":"signIn","screenshots":["Coverage pilot.iPhone-17.signIn.light.large.portrait.0.0.0 viewport initial","Coverage pilot.iPhone-17.signIn.light.large.portrait.0.0.0 viewport control-Sign in"]}
    t =    21.79s Terminate com.example.aceclientapp:42816
    t =    22.81s Setting device orientation to Portrait
    t =    22.94s     Wait for com.apple.springboard to idle
    t =    22.95s Open com.example.aceclientapp
    t =    22.95s     Launch com.example.aceclientapp
    t =    23.59s         Setting up automation session
    t =    27.42s         Wait for com.example.aceclientapp to idle
    t =    29.85s Waiting 5.0s for "Current Release" StaticText to exist
    t =    30.88s     Checking `Expect predicate `existsNoRetry == 1` for object "Current Release" StaticText`
    t =    30.88s         Checking existence of `"Current Release" StaticText`
    t =    31.15s Find the "Current Release" StaticText
    t =    31.25s Find the Target Application 'com.example.aceclientapp'
ACE_ORIENTATION_READ_STARTED {"requested":"portrait"}
    t =    31.29s Find the Target Application 'com.example.aceclientapp'
ACE_ORIENTATION_FRAME {"elapsedReadSeconds":0.043915773974731565,"frame":{"height":"874.0","width":"402.0","x":"0.0","y":"0.0"},"outcome":"match","requested":"portrait"}
    t =    31.33s Waiting 5.0s for "Effective interface style" Any to exist
    t =    32.41s     Checking `Expect predicate `existsNoRetry == 1` for object "Effective interface style" Any`
    t =    32.41s         Checking existence of `"Effective interface style" Any`
    t =    33.56s Find the "Effective interface style" Any
    t =    33.62s Find the "Effective interface style" ScrollView
    t =    33.68s Find the Target Application 'com.example.aceclientapp'
    t =    34.15s Added attachment named 'Coverage pilot.iPhone-17.release.light.large.portrait.0.0.0 viewport initial'
    t =    38.93s Waiting 5.0s for ScrollView (First Match) to exist
    t =    40.01s     Checking `Expect predicate `existsNoRetry == 1` for object ScrollView (First Match)`
    t =    40.01s         Checking existence of `ScrollView (First Match)`
    t =    40.07s Checking existence of `Any (First Match)`
    t =    40.13s Find the Any (First Match)
    t =    40.31s Find the "Engagement name: Fictional Engagement" StaticText
    t =    40.39s Find the ScrollView (First Match)
    t =    40.45s Checking existence of `"Engagement name: Fictional Engagement" StaticText`
    t =    40.51s Find the "Engagement name: Fictional Engagement" StaticText
    t =    40.62s Find the "Engagement name: Fictional Engagement" StaticText
    t =    40.70s Find the ScrollView (First Match)
    t =    40.75s Find the Target Application 'com.example.aceclientapp'
    t =    41.28s Added attachment named 'Coverage pilot.iPhone-17.release.light.large.portrait.0.0.0 viewport value-Engagement name'
    t =    41.28s Waiting 5.0s for ScrollView (First Match) to exist
    t =    42.38s     Checking `Expect predicate `existsNoRetry == 1` for object ScrollView (First Match)`
    t =    42.38s         Checking existence of `ScrollView (First Match)`
    t =    42.48s Checking existence of `Any (First Match)`
    t =    42.54s Find the Any (First Match)
    t =    42.67s Find the "Review status: RELEASED" StaticText
    t =    42.76s Find the ScrollView (First Match)
    t =    42.82s Checking existence of `"Review status: RELEASED" StaticText`
    t =    42.88s Find the "Review status: RELEASED" StaticText
    t =    43.09s Find the "Review status: RELEASED" StaticText
    t =    43.17s Find the ScrollView (First Match)
    t =    43.22s Find the Target Application 'com.example.aceclientapp'
    t =    43.74s Added attachment named 'Coverage pilot.iPhone-17.release.light.large.portrait.0.0.0 viewport value-Review status'
    t =    43.75s Waiting 5.0s for ScrollView (First Match) to exist
    t =    44.81s     Checking `Expect predicate `existsNoRetry == 1` for object ScrollView (First Match)`
    t =    44.81s         Checking existence of `ScrollView (First Match)`
    t =    44.85s Checking existence of `Any (First Match)`
    t =    44.91s Find the Any (First Match)
    t =    45.11s Find the "Release version: 1" StaticText
    t =    45.19s Find the ScrollView (First Match)
    t =    45.25s Checking existence of `"Release version: 1" StaticText`
    t =    45.31s Find the "Release version: 1" StaticText
    t =    45.43s Find the "Release version: 1" StaticText
    t =    45.54s Find the ScrollView (First Match)
    t =    45.60s Find the Target Application 'com.example.aceclientapp'
    t =    46.10s Added attachment named 'Coverage pilot.iPhone-17.release.light.large.portrait.0.0.0 viewport value-Release version'
    t =    46.11s Waiting 5.0s for ScrollView (First Match) to exist
    t =    47.18s     Checking `Expect predicate `existsNoRetry == 1` for object ScrollView (First Match)`
    t =    47.18s         Checking existence of `ScrollView (First Match)`
    t =    47.21s Checking existence of `Any (First Match)`
    t =    47.31s Find the Any (First Match)
    t =    47.49s Find the "Published date and time: 2026-08-24T10:15:30Z" StaticText
    t =    47.59s Find the ScrollView (First Match)
    t =    47.65s Checking existence of `"Published date and time: 2026-08-24T10:15:30Z" StaticText`
    t =    47.72s Find the "Published date and time: 2026-08-24T10:15:30Z" StaticText
    t =    47.91s Find the "Published date and time: 2026-08-24T10:15:30Z" StaticText
    t =    48.01s Find the ScrollView (First Match)
    t =    48.07s Find the Target Application 'com.example.aceclientapp'
    t =    48.54s Added attachment named 'Coverage pilot.iPhone-17.release.light.large.portrait.0.0.0 viewport value-Published date and time'
    t =    48.55s Waiting 5.0s for ScrollView (First Match) to exist
    t =    49.62s     Checking `Expect predicate `existsNoRetry == 1` for object ScrollView (First Match)`
    t =    49.62s         Checking existence of `ScrollView (First Match)`
    t =    49.66s Checking existence of `Any (First Match)`
    t =    49.73s Find the Any (First Match)
    t =    49.90s Find the "Conclusion title: Fictional conclusion" StaticText
    t =    49.99s Find the ScrollView (First Match)
    t =    50.07s Checking existence of `"Conclusion title: Fictional conclusion" StaticText`
    t =    50.16s Find the "Conclusion title: Fictional conclusion" StaticText
    t =    50.32s Find the "Conclusion title: Fictional conclusion" StaticText
    t =    50.42s Find the ScrollView (First Match)
    t =    50.47s Find the Target Application 'com.example.aceclientapp'
    t =    50.96s Added attachment named 'Coverage pilot.iPhone-17.release.light.large.portrait.0.0.0 viewport value-Conclusion title'
    t =    50.97s Waiting 5.0s for ScrollView (First Match) to exist
    t =    52.00s     Checking `Expect predicate `existsNoRetry == 1` for object ScrollView (First Match)`
    t =    52.00s         Checking existence of `ScrollView (First Match)`
    t =    52.03s Checking existence of `Any (First Match)`
    t =    52.11s Find the Any (First Match)
    t =    52.25s Find the "Conclusion summary: Fictional summary" StaticText
    t =    52.35s Find the ScrollView (First Match)
    t =    52.43s Checking existence of `"Conclusion summary: Fictional summary" StaticText`
    t =    52.50s Find the "Conclusion summary: Fictional summary" StaticText
    t =    52.66s Find the "Conclusion summary: Fictional summary" StaticText
    t =    52.75s Find the ScrollView (First Match)
    t =    52.80s Find the Target Application 'com.example.aceclientapp'
    t =    53.29s Added attachment named 'Coverage pilot.iPhone-17.release.light.large.portrait.0.0.0 viewport value-Conclusion summary'
    t =    53.29s Waiting 5.0s for ScrollView (First Match) to exist
    t =    54.36s     Checking `Expect predicate `existsNoRetry == 1` for object ScrollView (First Match)`
    t =    54.37s         Checking existence of `ScrollView (First Match)`
    t =    54.40s Checking existence of `Any (First Match)`
    t =    54.47s Find the Any (First Match)
    t =    54.68s Find the "Evidence reference: FICTIONAL-REF-001" StaticText
    t =    54.79s Find the ScrollView (First Match)
    t =    54.86s Checking existence of `"Evidence reference: FICTIONAL-REF-001" StaticText`
    t =    54.94s Find the "Evidence reference: FICTIONAL-REF-001" StaticText
    t =    55.08s Find the "Evidence reference: FICTIONAL-REF-001" StaticText
    t =    55.19s Find the ScrollView (First Match)
    t =    55.25s Find the Target Application 'com.example.aceclientapp'
    t =    55.74s Added attachment named 'Coverage pilot.iPhone-17.release.light.large.portrait.0.0.0 viewport value-Evidence reference'
    t =    55.74s Waiting 5.0s for ScrollView (First Match) to exist
    t =    56.81s     Checking `Expect predicate `existsNoRetry == 1` for object ScrollView (First Match)`
    t =    56.82s         Checking existence of `ScrollView (First Match)`
    t =    56.88s Checking existence of `Any (First Match)`
    t =    57.00s Find the Any (First Match)
    t =    57.21s Find the "Action description: Fictional action" StaticText
    t =    57.35s Find the ScrollView (First Match)
    t =    57.42s Checking existence of `"Action description: Fictional action" StaticText`
    t =    57.54s Find the "Action description: Fictional action" StaticText
    t =    57.75s Find the "Action description: Fictional action" StaticText
    t =    57.89s Find the ScrollView (First Match)
    t =    57.93s Find the Target Application 'com.example.aceclientapp'
    t =    58.41s Added attachment named 'Coverage pilot.iPhone-17.release.light.large.portrait.0.0.0 viewport value-Action description'
    t =    58.42s Waiting 5.0s for ScrollView (First Match) to exist
    t =    59.49s     Checking `Expect predicate `existsNoRetry == 1` for object ScrollView (First Match)`
    t =    59.49s         Checking existence of `ScrollView (First Match)`
    t =    59.52s Checking existence of `Any (First Match)`
    t =    59.66s Find the Any (First Match)
    t =    59.83s Find the ScrollView (First Match)
    t =    59.89s Checking existence of `"Action owner: Fictional owner" StaticText`
    t =    59.99s Find the "Action owner: Fictional owner" StaticText
    t =    60.18s Press "Effective interface style" ScrollView[0.50, 0.72] for 0.1 seconds, then drag to "Effective interface style" ScrollView[0.50, 0.28] with velocity of 500.00 pixels per second, and then hold for 0.0 seconds 
    t =    60.18s     Wait for com.example.aceclientapp to idle
    t =    60.19s     Find the "Effective interface style" ScrollView
    t =    60.25s     Check for interrupting elements affecting "Effective interface style" ScrollView
    t =    60.34s     Synthesize event
    t =    60.35s         Find the "Effective interface style" ScrollView
    t =    60.43s         Find the "Effective interface style" ScrollView
    t =    60.51s         Find the "Effective interface style" ScrollView
    t =    60.58s         Find the "Effective interface style" ScrollView
    t =    60.68s         Find the "Effective interface style" ScrollView
    t =    61.80s     Wait for com.example.aceclientapp to idle
    t =    61.83s Checking existence of `"Action owner: Fictional owner" StaticText`
    t =    61.95s Find the "Action owner: Fictional owner" StaticText
    t =    62.16s Find the "Action owner: Fictional owner" StaticText
    t =    62.37s Find the "Effective interface style" ScrollView
    t =    62.43s Checking existence of `"Action owner: Fictional owner" StaticText`
    t =    62.54s Find the "Action owner: Fictional owner" StaticText
    t =    62.74s Find the "Action owner: Fictional owner" StaticText
    t =    62.92s Find the ScrollView (First Match)
    t =    62.96s Find the Target Application 'com.example.aceclientapp'
    t =    63.41s Added attachment named 'Coverage pilot.iPhone-17.release.light.large.portrait.0.0.0 viewport value-Action owner'
    t =    63.42s Waiting 5.0s for ScrollView (First Match) to exist
    t =    64.46s     Checking `Expect predicate `existsNoRetry == 1` for object ScrollView (First Match)`
    t =    64.46s         Checking existence of `ScrollView (First Match)`
    t =    64.52s Checking existence of `Any (First Match)`
    t =    64.64s Find the Any (First Match)
    t =    64.83s Find the "Action target date: 2026-08-25" StaticText
    t =    65.00s Find the ScrollView (First Match)
    t =    65.12s Checking existence of `"Action target date: 2026-08-25" StaticText`
    t =    65.24s Find the "Action target date: 2026-08-25" StaticText
    t =    65.43s Find the "Action target date: 2026-08-25" StaticText
    t =    65.58s Find the ScrollView (First Match)
    t =    65.62s Find the Target Application 'com.example.aceclientapp'
    t =    66.15s Added attachment named 'Coverage pilot.iPhone-17.release.light.large.portrait.0.0.0 viewport value-Action target date'
    t =    66.16s Waiting 5.0s for ScrollView (First Match) to exist
    t =    67.24s     Checking `Expect predicate `existsNoRetry == 1` for object ScrollView (First Match)`
    t =    67.24s         Checking existence of `ScrollView (First Match)`
    t =    67.28s Checking existence of `Any (First Match)`
    t =    67.40s Find the Any (First Match)
    t =    67.59s Find the "Action status: OPEN" StaticText
    t =    67.73s Find the ScrollView (First Match)
    t =    67.80s Checking existence of `"Action status: OPEN" StaticText`
    t =    67.93s Find the "Action status: OPEN" StaticText
    t =    68.18s Find the "Action status: OPEN" StaticText
    t =    68.33s Find the ScrollView (First Match)
    t =    68.39s Find the Target Application 'com.example.aceclientapp'
    t =    68.87s Added attachment named 'Coverage pilot.iPhone-17.release.light.large.portrait.0.0.0 viewport value-Action status'
    t =    68.87s Waiting 5.0s for ScrollView (First Match) to exist
    t =    69.94s     Checking `Expect predicate `existsNoRetry == 1` for object ScrollView (First Match)`
    t =    69.94s         Checking existence of `ScrollView (First Match)`
    t =    69.97s Checking existence of `"Copy action 1" Button`
    t =    70.07s Find the "Copy action 1" Button
    t =    70.21s Find the "Copy action 1" Button
    t =    70.32s Find the ScrollView (First Match)
    t =    70.37s Checking existence of `"Copy action 1" Button`
    t =    70.47s Find the "Copy action 1" Button
    t =    70.67s Find the "Copy action 1" Button
    t =    70.79s Find the "Copy action 1" Button
    t =    70.89s Waiting 5.0s for ScrollView (First Match) to exist
    t =    71.96s     Checking `Expect predicate `existsNoRetry == 1` for object ScrollView (First Match)`
    t =    71.96s         Checking existence of `ScrollView (First Match)`
    t =    72.00s Checking existence of `"Refresh current release" Button`
    t =    72.10s Find the "Refresh current release" Button
    t =    72.25s Find the "Refresh current release" Button
    t =    72.35s Find the ScrollView (First Match)
    t =    72.42s Find the "Effective interface style" ScrollView
    t =    72.47s Checking existence of `"Refresh current release" Button`
    t =    72.57s Find the "Refresh current release" Button
    t =    72.70s Press "Effective interface style" ScrollView[0.50, 0.72] for 0.1 seconds, then drag to "Effective interface style" ScrollView[0.50, 0.28] with velocity of 500.00 pixels per second, and then hold for 0.0 seconds 
    t =    72.70s     Wait for com.example.aceclientapp to idle
    t =    72.72s     Find the "Effective interface style" ScrollView
    t =    72.77s     Check for interrupting elements affecting "Effective interface style" ScrollView
    t =    72.85s     Synthesize event
    t =    72.86s         Find the "Effective interface style" ScrollView
    t =    72.94s         Find the "Effective interface style" ScrollView
    t =    73.00s         Find the "Effective interface style" ScrollView
    t =    73.09s         Find the "Effective interface style" ScrollView
    t =    73.18s         Find the "Effective interface style" ScrollView
    t =    74.24s     Wait for com.example.aceclientapp to idle
    t =    74.67s Checking existence of `"Refresh current release" Button`
    t =    74.75s Find the "Refresh current release" Button
    t =    74.93s Find the "Refresh current release" Button
    t =    75.07s Find the "Effective interface style" ScrollView
    t =    75.15s Checking existence of `"Refresh current release" Button`
    t =    75.24s Find the "Refresh current release" Button
    t =    75.42s Find the "Refresh current release" Button
    t =    75.54s Find the "Refresh current release" Button
    t =    75.65s Waiting 5.0s for ScrollView (First Match) to exist
    t =    76.70s     Checking `Expect predicate `existsNoRetry == 1` for object ScrollView (First Match)`
    t =    76.70s         Checking existence of `ScrollView (First Match)`
    t =    76.73s Checking existence of `"Sign out" Button`
    t =    76.82s Find the "Sign out" Button
    t =    76.96s Find the "Sign out" Button
    t =    77.08s Find the ScrollView (First Match)
    t =    77.15s Checking existence of `"Sign out" Button`
    t =    77.27s Find the "Sign out" Button
    t =    77.44s Find the "Sign out" Button
    t =    77.55s Find the "Sign out" Button
    t =    77.66s Find the Target Application 'com.example.aceclientapp'
    t =    78.14s Added attachment named 'Coverage pilot.iPhone-17.release.light.large.portrait.0.0.0 viewport release-final'
ACE_CASE_RESULT {"auditInvocations":2,"id":"pilot.iPhone-17.release.light.large.portrait.0.0.0","observed":{"appearance":"light","boldText":false,"contentSize":"large","increaseContrast":false,"orientation":"portrait","reduceMotion":false},"result":"passed","scenario":"release","screenshots":["Coverage pilot.iPhone-17.release.light.large.portrait.0.0.0 viewport initial","Coverage pilot.iPhone-17.release.light.large.portrait.0.0.0 viewport value-Engagement name","Coverage pilot.iPhone-17.release.light.large.portrait.0.0.0 viewport value-Review status","Coverage pilot.iPhone-17.release.light.large.portrait.0.0.0 viewport value-Release version","Coverage pilot.iPhone-17.release.light.large.portrait.0.0.0 viewport value-Published date and time","Coverage pilot.iPhone-17.release.light.large.portrait.0.0.0 viewport value-Conclusion title","Coverage pilot.iPhone-17.release.light.large.portrait.0.0.0 viewport value-Conclusion summary","Coverage pilot.iPhone-17.release.light.large.portrait.0.0.0 viewport value-Evidence reference","Coverage pilot.iPhone-17.release.light.large.portrait.0.0.0 viewport value-Action description","Coverage pilot.iPhone-17.release.light.large.portrait.0.0.0 viewport value-Action owner","Coverage pilot.iPhone-17.release.light.large.portrait.0.0.0 viewport value-Action target date","Coverage pilot.iPhone-17.release.light.large.portrait.0.0.0 viewport value-Action status","Coverage pilot.iPhone-17.release.light.large.portrait.0.0.0 viewport release-final"]}
    t =    82.45s Terminate com.example.aceclientapp:42858
    t =    83.53s Setting device orientation to Portrait
    t =    83.55s     Wait for com.apple.springboard to idle
    t =    83.57s Open com.example.aceclientapp
    t =    83.57s     Launch com.example.aceclientapp
    t =    84.22s         Setting up automation session
    t =    88.32s         Wait for com.example.aceclientapp to idle
    t =    90.81s Waiting 5.0s for "Current Release" StaticText to exist
    t =    91.83s     Checking `Expect predicate `existsNoRetry == 1` for object "Current Release" StaticText`
    t =    91.83s         Checking existence of `"Current Release" StaticText`
    t =    92.23s Find the "Current Release" StaticText
    t =    92.37s Find the Target Application 'com.example.aceclientapp'
ACE_ORIENTATION_READ_STARTED {"requested":"portrait"}
    t =    92.43s Find the Target Application 'com.example.aceclientapp'
ACE_ORIENTATION_FRAME {"elapsedReadSeconds":0.046047840005485341,"frame":{"height":"874.0","width":"402.0","x":"0.0","y":"0.0"},"outcome":"match","requested":"portrait"}
    t =    92.47s Waiting 5.0s for "Effective interface style" Any to exist
    t =    93.51s     Checking `Expect predicate `existsNoRetry == 1` for object "Effective interface style" Any`
    t =    93.51s         Checking existence of `"Effective interface style" Any`
    t =    94.63s Find the "Effective interface style" Any
    t =    94.68s Find the "Effective interface style" ScrollView
    t =    94.74s Find the Target Application 'com.example.aceclientapp'
    t =    95.25s Added attachment named 'Coverage pilot.iPhone-17.noConclusion.light.large.portrait.0.0.0 viewport initial'
    t =   100.43s Waiting 5.0s for ScrollView (First Match) to exist
    t =   101.46s     Checking `Expect predicate `existsNoRetry == 1` for object ScrollView (First Match)`
    t =   101.46s         Checking existence of `ScrollView (First Match)`
    t =   101.49s Checking existence of `Any (First Match)`
    t =   101.54s Find the Any (First Match)
    t =   101.66s Find the "Engagement name: Fictional Engagement" StaticText
    t =   101.74s Find the ScrollView (First Match)
    t =   101.80s Checking existence of `"Engagement name: Fictional Engagement" StaticText`
    t =   101.88s Find the "Engagement name: Fictional Engagement" StaticText
    t =   102.03s Find the "Engagement name: Fictional Engagement" StaticText
    t =   102.11s Find the ScrollView (First Match)
    t =   102.15s Find the Target Application 'com.example.aceclientapp'
    t =   102.66s Added attachment named 'Coverage pilot.iPhone-17.noConclusion.light.large.portrait.0.0.0 viewport value-Engagement name'
    t =   102.66s Waiting 5.0s for ScrollView (First Match) to exist
    t =   103.66s     Checking `Expect predicate `existsNoRetry == 1` for object ScrollView (First Match)`
    t =   103.67s         Checking existence of `ScrollView (First Match)`
    t =   103.69s Checking existence of `Any (First Match)`
    t =   103.75s Find the Any (First Match)
    t =   103.87s Find the "Review status: RELEASED" StaticText
    t =   103.96s Find the ScrollView (First Match)
    t =   104.06s Checking existence of `"Review status: RELEASED" StaticText`
    t =   104.12s Find the "Review status: RELEASED" StaticText
    t =   104.25s Find the "Review status: RELEASED" StaticText
    t =   104.32s Find the ScrollView (First Match)
    t =   104.37s Find the Target Application 'com.example.aceclientapp'
    t =   104.89s Added attachment named 'Coverage pilot.iPhone-17.noConclusion.light.large.portrait.0.0.0 viewport value-Review status'
    t =   104.90s Waiting 5.0s for ScrollView (First Match) to exist
    t =   105.91s     Checking `Expect predicate `existsNoRetry == 1` for object ScrollView (First Match)`
    t =   105.91s         Checking existence of `ScrollView (First Match)`
    t =   105.94s Checking existence of `Any (First Match)`
    t =   106.00s Find the Any (First Match)
    t =   106.14s Find the "Release version: 1" StaticText
    t =   106.25s Find the ScrollView (First Match)
    t =   106.32s Checking existence of `"Release version: 1" StaticText`
    t =   106.38s Find the "Release version: 1" StaticText
    t =   106.51s Find the "Release version: 1" StaticText
    t =   106.59s Find the ScrollView (First Match)
    t =   106.64s Find the Target Application 'com.example.aceclientapp'
    t =   107.22s Added attachment named 'Coverage pilot.iPhone-17.noConclusion.light.large.portrait.0.0.0 viewport value-Release version'
    t =   107.23s Waiting 5.0s for ScrollView (First Match) to exist
    t =   108.24s     Checking `Expect predicate `existsNoRetry == 1` for object ScrollView (First Match)`
    t =   108.25s         Checking existence of `ScrollView (First Match)`
    t =   108.28s Checking existence of `Any (First Match)`
    t =   108.34s Find the Any (First Match)
    t =   108.50s Find the "Published date and time: 2026-08-24T10:15:30Z" StaticText
    t =   108.60s Find the ScrollView (First Match)
    t =   108.69s Checking existence of `"Published date and time: 2026-08-24T10:15:30Z" StaticText`
    t =   108.74s Find the "Published date and time: 2026-08-24T10:15:30Z" StaticText
    t =   108.86s Find the "Published date and time: 2026-08-24T10:15:30Z" StaticText
    t =   108.96s Find the ScrollView (First Match)
    t =   109.00s Find the Target Application 'com.example.aceclientapp'
    t =   109.49s Added attachment named 'Coverage pilot.iPhone-17.noConclusion.light.large.portrait.0.0.0 viewport value-Published date and time'
    t =   109.50s Waiting 5.0s for ScrollView (First Match) to exist
    t =   110.55s     Checking `Expect predicate `existsNoRetry == 1` for object ScrollView (First Match)`
    t =   110.55s         Checking existence of `ScrollView (First Match)`
    t =   110.60s Checking existence of `Any (First Match)`
    t =   110.69s Find the Any (First Match)
    t =   110.89s Find the "Action description: Fictional action" StaticText
    t =   111.01s Find the ScrollView (First Match)
    t =   111.07s Checking existence of `"Action description: Fictional action" StaticText`
    t =   111.18s Find the "Action description: Fictional action" StaticText
    t =   111.38s Find the "Action description: Fictional action" StaticText
    t =   111.49s Find the ScrollView (First Match)
    t =   111.54s Find the Target Application 'com.example.aceclientapp'
    t =   111.99s Added attachment named 'Coverage pilot.iPhone-17.noConclusion.light.large.portrait.0.0.0 viewport value-Action description'
    t =   112.00s Waiting 5.0s for ScrollView (First Match) to exist
    t =   113.04s     Checking `Expect predicate `existsNoRetry == 1` for object ScrollView (First Match)`
    t =   113.05s         Checking existence of `ScrollView (First Match)`
    t =   113.08s Checking existence of `Any (First Match)`
    t =   113.18s Find the Any (First Match)
    t =   113.35s Find the "Action owner: Fictional owner" StaticText
    t =   113.49s Find the ScrollView (First Match)
    t =   113.55s Checking existence of `"Action owner: Fictional owner" StaticText`
    t =   113.64s Find the "Action owner: Fictional owner" StaticText
    t =   113.87s Find the "Action owner: Fictional owner" StaticText
    t =   113.99s Find the ScrollView (First Match)
    t =   114.03s Find the Target Application 'com.example.aceclientapp'
    t =   114.49s Added attachment named 'Coverage pilot.iPhone-17.noConclusion.light.large.portrait.0.0.0 viewport value-Action owner'
    t =   114.49s Waiting 5.0s for ScrollView (First Match) to exist
    t =   115.54s     Checking `Expect predicate `existsNoRetry == 1` for object ScrollView (First Match)`
    t =   115.54s         Checking existence of `ScrollView (First Match)`
    t =   115.57s Checking existence of `Any (First Match)`
    t =   115.68s Find the Any (First Match)
    t =   115.88s Find the "Action target date: 2026-08-25" StaticText
    t =   116.00s Find the ScrollView (First Match)
    t =   116.07s Checking existence of `"Action target date: 2026-08-25" StaticText`
    t =   116.17s Find the "Action target date: 2026-08-25" StaticText
    t =   116.34s Find the "Action target date: 2026-08-25" StaticText
    t =   116.47s Find the ScrollView (First Match)
    t =   116.54s Find the Target Application 'com.example.aceclientapp'
    t =   117.02s Added attachment named 'Coverage pilot.iPhone-17.noConclusion.light.large.portrait.0.0.0 viewport value-Action target date'
    t =   117.03s Waiting 5.0s for ScrollView (First Match) to exist
    t =   118.10s     Checking `Expect predicate `existsNoRetry == 1` for object ScrollView (First Match)`
    t =   118.10s         Checking existence of `ScrollView (First Match)`
    t =   118.13s Checking existence of `Any (First Match)`
    t =   118.22s Find the Any (First Match)
    t =   118.47s Find the "Action status: OPEN" StaticText
    t =   118.60s Find the ScrollView (First Match)
    t =   118.66s Checking existence of `"Action status: OPEN" StaticText`
    t =   118.77s Find the "Action status: OPEN" StaticText
    t =   118.99s Find the "Action status: OPEN" StaticText
    t =   119.18s Find the ScrollView (First Match)
    t =   119.23s Find the Target Application 'com.example.aceclientapp'
    t =   119.74s Added attachment named 'Coverage pilot.iPhone-17.noConclusion.light.large.portrait.0.0.0 viewport value-Action status'
    t =   119.74s Waiting 5.0s for ScrollView (First Match) to exist
    t =   120.76s     Checking `Expect predicate `existsNoRetry == 1` for object ScrollView (First Match)`
    t =   120.77s         Checking existence of `ScrollView (First Match)`
    t =   120.79s Checking existence of `"Copy action 1" Button`
    t =   120.88s Find the "Copy action 1" Button
    t =   121.02s Find the "Copy action 1" Button
    t =   121.11s Find the ScrollView (First Match)
    t =   121.16s Checking existence of `"Copy action 1" Button`
    t =   121.24s Find the "Copy action 1" Button
    t =   121.40s Find the "Copy action 1" Button
    t =   121.53s Find the "Copy action 1" Button
    t =   121.65s Waiting 5.0s for ScrollView (First Match) to exist
    t =   122.70s     Checking `Expect predicate `existsNoRetry == 1` for object ScrollView (First Match)`
    t =   122.70s         Checking existence of `ScrollView (First Match)`
    t =   122.74s Checking existence of `"Refresh current release" Button`
    t =   122.82s Find the "Refresh current release" Button
    t =   122.98s Find the ScrollView (First Match)
    t =   123.04s Checking existence of `"Refresh current release" Button`
    t =   123.12s Find the "Refresh current release" Button
    t =   123.24s Press "Effective interface style" ScrollView[0.50, 0.72] for 0.1 seconds, then drag to "Effective interface style" ScrollView[0.50, 0.28] with velocity of 500.00 pixels per second, and then hold for 0.0 seconds 
    t =   123.24s     Wait for com.example.aceclientapp to idle
    t =   123.25s     Find the "Effective interface style" ScrollView
    t =   123.30s     Check for interrupting elements affecting "Effective interface style" ScrollView
    t =   123.40s     Synthesize event
    t =   123.41s         Find the "Effective interface style" ScrollView
    t =   123.48s         Find the "Effective interface style" ScrollView
    t =   123.59s         Find the "Effective interface style" ScrollView
    t =   123.68s         Find the "Effective interface style" ScrollView
    t =   123.76s         Find the "Effective interface style" ScrollView
    t =   124.78s     Wait for com.example.aceclientapp to idle
    t =   125.21s Checking existence of `"Refresh current release" Button`
    t =   125.30s Find the "Refresh current release" Button
    t =   125.47s Find the "Refresh current release" Button
    t =   125.59s Find the "Effective interface style" ScrollView
    t =   125.65s Checking existence of `"Refresh current release" Button`
    t =   125.73s Find the "Refresh current release" Button
    t =   125.87s Find the "Refresh current release" Button
    t =   125.99s Find the "Refresh current release" Button
    t =   126.08s Waiting 5.0s for ScrollView (First Match) to exist
    t =   127.16s     Checking `Expect predicate `existsNoRetry == 1` for object ScrollView (First Match)`
    t =   127.16s         Checking existence of `ScrollView (First Match)`
    t =   127.20s Checking existence of `"Sign out" Button`
    t =   127.32s Find the "Sign out" Button
    t =   127.49s Find the "Sign out" Button
    t =   127.68s Find the ScrollView (First Match)
    t =   127.78s Checking existence of `"Sign out" Button`
    t =   127.88s Find the "Sign out" Button
    t =   128.07s Find the "Sign out" Button
    t =   128.27s Find the "Sign out" Button
    t =   128.40s Waiting 5.0s for ScrollView (First Match) to exist
    t =   129.41s     Checking `Expect predicate `existsNoRetry == 1` for object ScrollView (First Match)`
    t =   129.41s         Checking existence of `ScrollView (First Match)`
    t =   129.45s Checking existence of `Any (First Match)`
    t =   129.53s Find the Any (First Match)
    t =   129.69s Find the "No conclusion is available." StaticText
    t =   129.80s Find the ScrollView (First Match)
    t =   129.88s Checking existence of `"No conclusion is available." StaticText`
    t =   129.96s Find the "No conclusion is available." StaticText
    t =   130.12s Find the "No conclusion is available." StaticText
    t =   130.23s Find the ScrollView (First Match)
    t =   130.29s Find the Target Application 'com.example.aceclientapp'
    t =   131.12s Added attachment named 'Coverage pilot.iPhone-17.noConclusion.light.large.portrait.0.0.0 viewport no-conclusion-notice'
    t =   135.95s Find the Any (Descendant with identity binding to AX element pid: 42950, elementOrHash.elementID: 4340136752.13)
    t =   136.04s Find the "Release Details" StaticText
    t =   136.12s Find the "Release Details" StaticText
    t =   136.19s Find the "Release Details" StaticText
    t =   136.30s Find the "Release Details" StaticText
ACE_A11Y_ISSUE {"auditType":"XCUIAccessibilityAuditType(rawValue: 1)","compactDescription":"Contrast failed","detailedDescription":"Contrast failed for SwiftUI.AccessibilityNode","element":{"frame":{"height":20.333333333333329,"width":121.33333333333331,"x":32,"y":67.666666666666657},"identifier":"","label":"Release Details","type":"XCUIElementType(rawValue: 48)"},"scenario":"noConclusion-no-conclusion-notice"}
    t =   136.44s Find the Any (Descendant with identity binding to AX element pid: 42950, elementOrHash.elementID: 4340136752.13)
    t =   136.52s Checking existence of `"Release Details" StaticText`
    t =   136.58s Find the "Release Details" StaticText
LOCAL_HOME/Developer/sqe-platform-release-layout/ios/ACEClientApp/ACEClientAppUITests/ACEClientAppUITests.swift:373: error: -[ACEClientAppUITests.ACEClientAppUITests testCoverageBatch] : Contrast failed
    t =   139.05s Tear Down
Test Case '-[ACEClientAppUITests.ACEClientAppUITests testCoverageBatch]' failed (139.884 seconds).
Test Suite 'ACEClientAppUITests' failed at 2026-09-15 19:02:41.964.
	 Executed 1 test, with 1 failure (0 unexpected) in 139.884 (139.891) seconds
Test Suite 'ACEClientAppUITests.xctest' failed at 2026-09-15 19:02:41.967.
	 Executed 1 test, with 1 failure (0 unexpected) in 139.884 (139.895) seconds
Test Suite 'Selected tests' failed at 2026-09-15 19:02:41.969.
	 Executed 1 test, with 1 failure (0 unexpected) in 139.884 (139.899) seconds

Test session results, code coverage, and logs:
	LOCAL_HOME/ace-private/mcx19b-orientation-repair-20260915/shutdown-pilot-runs/20260915T085501Z-pilot-a40a74500076/batches/001/result.xcresult

Testing started
2026-09-15 19:00:11.280 xcodebuild[42778:4643715] [MT] IDERunDestination: Supported platforms for the buildables in the current scheme is empty.
2026-09-15 19:00:11.324 xcodebuild[42778:4643715] [MT] IDERunDestination: Supported platforms for the buildables in the current scheme is empty.
2026-09-15 19:00:12.352 xcodebuild[42778:4643715] [MT] IDERunDestination: Supported platforms for the buildables in the current scheme is empty.
2026-09-15 19:00:22.626 xcodebuild[42778:4643715] [MT] IDELaunchParametersSnapshot: The operation couldn’t be completed. (DebuggerLLDB.DebuggerVersionStore.StoreError error 0.)
2026-09-15 19:00:22.626 xcodebuild[42778:4643715] [MT] IDELaunchParametersSnapshot: no debugger version
2026-09-15 19:00:45.034 xcodebuild[42778:4643715] [MT] IDELaunchParametersSnapshot: The operation couldn’t be completed. (DebuggerLLDB.DebuggerVersionStore.StoreError error 0.)
2026-09-15 19:00:45.034 xcodebuild[42778:4643715] [MT] IDELaunchParametersSnapshot: no debugger version
2026-09-15 19:01:45.651 xcodebuild[42778:4643715] [MT] IDELaunchParametersSnapshot: The operation couldn’t be completed. (DebuggerLLDB.DebuggerVersionStore.StoreError error 0.)
2026-09-15 19:01:45.651 xcodebuild[42778:4643715] [MT] IDELaunchParametersSnapshot: no debugger version
2026-09-15 19:03:54.949 xcodebuild[42778:4643715] [MT] IDETestOperationsObserverDebug: 222.589 elapsed -- Testing started completed.
2026-09-15 19:03:54.949 xcodebuild[42778:4643715] [MT] IDETestOperationsObserverDebug: 0.000 sec, +0.000 sec -- start
2026-09-15 19:03:54.949 xcodebuild[42778:4643715] [MT] IDETestOperationsObserverDebug: 222.589 sec, +222.589 sec -- end
** TEST EXECUTE FAILED **

