Command line invocation:
    /Applications/Xcode.app/Contents/Developer/usr/bin/xcodebuild test-without-building -xctestrun "LOCAL_HOME/ace-private/mcx19b-orientation-repair-20260915/05-serial-native-gate/negative/native-settings/iPhone 17-restore-failure/ACEClientAppUITests.xctestrun" -destination id=2EB0863C-470E-467D-A0C6-CD216DA70C67 -parallel-testing-enabled NO "-only-testing:ACEClientAppUITests/ACEClientAppUITests/testConfigureAccessibilitySettings" -resultBundlePath "LOCAL_HOME/ace-private/mcx19b-orientation-repair-20260915/05-serial-native-gate/negative/native-settings/iPhone 17-restore-failure/result.xcresult"

Writing result bundle at path:
	LOCAL_HOME/ace-private/mcx19b-orientation-repair-20260915/05-serial-native-gate/negative/native-settings/iPhone 17-restore-failure/result.xcresult

2026-09-15 17:59:59.328833+1000 ACEClientAppUITests-Runner[33923:4483533] [Default] Running tests...
    t =      nans Interface orientation changed to Portrait
Test Suite 'Selected tests' started at 2026-09-15 18:00:02.687.
Test Suite 'ACEClientAppUITests.xctest' started at 2026-09-15 18:00:02.691.
Test Suite 'ACEClientAppUITests' started at 2026-09-15 18:00:02.692.
Test Case '-[ACEClientAppUITests.ACEClientAppUITests testConfigureAccessibilitySettings]' started.
    t =     0.01s Start Test at 2026-09-15 18:00:02.699
    t =     0.21s Set Up
    t =     0.29s Open com.example.aceclientapp
    t =     0.29s     Launch com.example.aceclientapp
    t =     4.19s         Setting up automation session
    t =     8.07s         Wait for com.example.aceclientapp to idle
    t =    10.53s Waiting 5.0s for "Effective interface style" Any to exist
    t =    11.61s     Checking `Expect predicate `existsNoRetry == 1` for object "Effective interface style" Any`
    t =    11.61s         Checking existence of `"Effective interface style" Any`
    t =    13.00s Find the "Effective interface style" Any
    t =    13.06s Find the "Effective interface style" ScrollView
    t =    13.11s Terminate com.example.aceclientapp:33941
    t =    14.17s Setting device orientation to Portrait
    t =    14.20s     Wait for com.apple.springboard to idle
    t =    14.22s Open com.example.aceclientapp
    t =    14.22s     Launch com.example.aceclientapp
    t =    14.87s         Setting up automation session
    t =    18.89s         Wait for com.example.aceclientapp to idle
    t =    21.34s Waiting 5.0s for "Effective interface style" Any to exist
    t =    22.41s     Checking `Expect predicate `existsNoRetry == 1` for object "Effective interface style" Any`
    t =    22.41s         Checking existence of `"Effective interface style" Any`
    t =    23.73s Find the "Effective interface style" Any
    t =    23.79s Find the "Effective interface style" ScrollView
ACE_ORIENTATION_READ_STARTED {"requested":"portrait"}
    t =    23.84s Find the Target Application 'com.example.aceclientapp'
ACE_ORIENTATION_FRAME {"elapsedReadSeconds":0.068811631004791707,"frame":{"height":"874.0","width":"402.0","x":"0.0","y":"0.0"},"outcome":"match","requested":"portrait"}
ACE_SETTINGS_RESULT {"mode":"set","observed":{"boldText":false,"increaseContrast":false,"orientation":"portrait","reduceMotion":false}}
    t =    23.91s Terminate com.example.aceclientapp:33953
    t =    24.92s Tear Down
Test Case '-[ACEClientAppUITests.ACEClientAppUITests testConfigureAccessibilitySettings]' passed (25.038 seconds).
Test Suite 'ACEClientAppUITests' passed at 2026-09-15 18:00:27.737.
	 Executed 1 test, with 0 failures (0 unexpected) in 25.038 (25.045) seconds
Test Suite 'ACEClientAppUITests.xctest' passed at 2026-09-15 18:00:27.740.
	 Executed 1 test, with 0 failures (0 unexpected) in 25.038 (25.049) seconds
Test Suite 'Selected tests' passed at 2026-09-15 18:00:27.742.
	 Executed 1 test, with 0 failures (0 unexpected) in 25.038 (25.054) seconds

Test session results, code coverage, and logs:
	LOCAL_HOME/ace-private/mcx19b-orientation-repair-20260915/05-serial-native-gate/negative/native-settings/iPhone 17-restore-failure/result.xcresult

** TEST EXECUTE SUCCEEDED **

Testing started
2026-09-15 17:59:53.217 xcodebuild[33900:4482862] [MT] IDERunDestination: Supported platforms for the buildables in the current scheme is empty.
2026-09-15 17:59:53.232 xcodebuild[33900:4482862] [MT] IDERunDestination: Supported platforms for the buildables in the current scheme is empty.
2026-09-15 17:59:54.088 xcodebuild[33900:4482862] [MT] IDERunDestination: Supported platforms for the buildables in the current scheme is empty.
2026-09-15 18:00:03.185 xcodebuild[33900:4482862] [MT] IDELaunchParametersSnapshot: The operation couldn’t be completed. (DebuggerLLDB.DebuggerVersionStore.StoreError error 0.)
2026-09-15 18:00:03.185 xcodebuild[33900:4482862] [MT] IDELaunchParametersSnapshot: no debugger version
2026-09-15 18:00:16.922 xcodebuild[33900:4482862] [MT] IDELaunchParametersSnapshot: The operation couldn’t be completed. (DebuggerLLDB.DebuggerVersionStore.StoreError error 0.)
2026-09-15 18:00:16.923 xcodebuild[33900:4482862] [MT] IDELaunchParametersSnapshot: no debugger version
2026-09-15 18:00:28.128 xcodebuild[33900:4482862] [MT] IDETestOperationsObserverDebug: 34.030 elapsed -- Testing started completed.
2026-09-15 18:00:28.128 xcodebuild[33900:4482862] [MT] IDETestOperationsObserverDebug: 0.000 sec, +0.000 sec -- start
2026-09-15 18:00:28.128 xcodebuild[33900:4482862] [MT] IDETestOperationsObserverDebug: 34.030 sec, +34.030 sec -- end
