Command line invocation:
    /Applications/Xcode.app/Contents/Developer/usr/bin/xcodebuild test-without-building -xctestrun "LOCAL_HOME/ace-private/mcx19b-orientation-repair-20260915/pilot-runs/20260915T062647Z-pilot-d12f05a89420/native-settings/iPhone 17 Pro Max-read/ACEClientAppUITests.xctestrun" -destination id=D1BAA05C-52DD-4E57-832F-C0A75718E085 -parallel-testing-enabled NO "-only-testing:ACEClientAppUITests/ACEClientAppUITests/testConfigureAccessibilitySettings" -resultBundlePath "LOCAL_HOME/ace-private/mcx19b-orientation-repair-20260915/pilot-runs/20260915T062647Z-pilot-d12f05a89420/native-settings/iPhone 17 Pro Max-read/result.xcresult"

Writing result bundle at path:
	LOCAL_HOME/ace-private/mcx19b-orientation-repair-20260915/pilot-runs/20260915T062647Z-pilot-d12f05a89420/native-settings/iPhone 17 Pro Max-read/result.xcresult

2026-09-15 16:28:29.117328+1000 ACEClientAppUITests-Runner[24040:4260040] [Default] Running tests...
    t =      nans Interface orientation changed to Portrait
Test Suite 'Selected tests' started at 2026-09-15 16:28:34.586.
Test Suite 'ACEClientAppUITests.xctest' started at 2026-09-15 16:28:34.590.
Test Suite 'ACEClientAppUITests' started at 2026-09-15 16:28:34.591.
Test Case '-[ACEClientAppUITests.ACEClientAppUITests testConfigureAccessibilitySettings]' started.
    t =     0.02s Start Test at 2026-09-15 16:28:34.611
    t =     0.42s Set Up
    t =     0.51s Open com.example.aceclientapp
    t =     0.51s     Launch com.example.aceclientapp
    t =     3.62s         Setting up automation session
    t =     9.03s         Wait for com.example.aceclientapp to idle
    t =    12.22s Waiting 5.0s for "Effective interface style" Any to exist
    t =    13.30s     Checking `Expect predicate `existsNoRetry == 1` for object "Effective interface style" Any`
    t =    13.30s         Checking existence of `"Effective interface style" Any`
    t =    14.65s Find the "Effective interface style" Any
    t =    14.72s Find the "Effective interface style" ScrollView
    t =    14.78s Terminate com.example.aceclientapp:24061
    t =    15.88s Open com.example.aceclientapp
    t =    15.88s     Launch com.example.aceclientapp
    t =    16.99s         Setting up automation session
    t =    22.80s         Wait for com.example.aceclientapp to idle
    t =    25.95s Waiting 5.0s for "Effective interface style" Any to exist
    t =    27.03s     Checking `Expect predicate `existsNoRetry == 1` for object "Effective interface style" Any`
    t =    27.04s         Checking existence of `"Effective interface style" Any`
    t =    28.29s Find the "Effective interface style" Any
    t =    28.37s Find the "Effective interface style" ScrollView
ACE_SETTINGS_RESULT {"mode":"read","observed":{"boldText":false,"increaseContrast":false,"orientation":"portrait","reduceMotion":false}}
    t =    28.43s Terminate com.example.aceclientapp:24084
    t =    29.50s Tear Down
Test Case '-[ACEClientAppUITests.ACEClientAppUITests testConfigureAccessibilitySettings]' passed (29.729 seconds).
Test Suite 'ACEClientAppUITests' passed at 2026-09-15 16:29:04.341.
	 Executed 1 test, with 0 failures (0 unexpected) in 29.729 (29.749) seconds
Test Suite 'ACEClientAppUITests.xctest' passed at 2026-09-15 16:29:04.344.
	 Executed 1 test, with 0 failures (0 unexpected) in 29.729 (29.754) seconds
Test Suite 'Selected tests' passed at 2026-09-15 16:29:04.346.
	 Executed 1 test, with 0 failures (0 unexpected) in 29.729 (29.760) seconds

Test session results, code coverage, and logs:
	LOCAL_HOME/ace-private/mcx19b-orientation-repair-20260915/pilot-runs/20260915T062647Z-pilot-d12f05a89420/native-settings/iPhone 17 Pro Max-read/result.xcresult

** TEST EXECUTE SUCCEEDED **

Testing started
2026-09-15 16:28:18.770 xcodebuild[24024:4259512] [MT] IDERunDestination: Supported platforms for the buildables in the current scheme is empty.
2026-09-15 16:28:18.799 xcodebuild[24024:4259512] [MT] IDERunDestination: Supported platforms for the buildables in the current scheme is empty.
2026-09-15 16:28:20.115 xcodebuild[24024:4259512] [MT] IDERunDestination: Supported platforms for the buildables in the current scheme is empty.
2026-09-15 16:28:35.415 xcodebuild[24024:4259512] [MT] IDELaunchParametersSnapshot: The operation couldn’t be completed. (DebuggerLLDB.DebuggerVersionStore.StoreError error 0.)
2026-09-15 16:28:35.415 xcodebuild[24024:4259512] [MT] IDELaunchParametersSnapshot: no debugger version
2026-09-15 16:28:50.498 xcodebuild[24024:4259512] [MT] IDELaunchParametersSnapshot: The operation couldn’t be completed. (DebuggerLLDB.DebuggerVersionStore.StoreError error 0.)
2026-09-15 16:28:50.498 xcodebuild[24024:4259512] [MT] IDELaunchParametersSnapshot: no debugger version
2026-09-15 16:29:04.760 xcodebuild[24024:4259512] [MT] IDETestOperationsObserverDebug: 44.634 elapsed -- Testing started completed.
2026-09-15 16:29:04.760 xcodebuild[24024:4259512] [MT] IDETestOperationsObserverDebug: 0.000 sec, +0.000 sec -- start
2026-09-15 16:29:04.760 xcodebuild[24024:4259512] [MT] IDETestOperationsObserverDebug: 44.634 sec, +44.634 sec -- end
