Command line invocation:
    /Applications/Xcode.app/Contents/Developer/usr/bin/xcodebuild test-without-building -xctestrun LOCAL_HOME/ace-private/mcx19b-implementation-20260914/remaining-settings-integration/native-settings/restored/ACEClientAppUITests.xctestrun -destination id=D1BAA05C-52DD-4E57-832F-C0A75718E085 -parallel-testing-enabled NO "-only-testing:ACEClientAppUITests/ACEClientAppUITests/testConfigureAccessibilitySettings" -resultBundlePath LOCAL_HOME/ace-private/mcx19b-implementation-20260914/remaining-settings-integration/native-settings/restored/result.xcresult

Writing result bundle at path:
	LOCAL_HOME/ace-private/mcx19b-implementation-20260914/remaining-settings-integration/native-settings/restored/result.xcresult

2026-09-14 19:30:15.825621+1000 ACEClientAppUITests-Runner[73535:1969779] [Default] Running tests...
    t =      nans Interface orientation changed to Portrait
Test Suite 'Selected tests' started at 2026-09-14 19:30:20.856.
Test Suite 'ACEClientAppUITests.xctest' started at 2026-09-14 19:30:20.860.
Test Suite 'ACEClientAppUITests' started at 2026-09-14 19:30:20.861.
Test Case '-[ACEClientAppUITests.ACEClientAppUITests testConfigureAccessibilitySettings]' started.
    t =     0.01s Start Test at 2026-09-14 19:30:20.879
    t =     0.23s Set Up
    t =     0.26s Open com.example.aceclientapp
    t =     0.26s     Launch com.example.aceclientapp
    t =     3.12s         Setting up automation session
    t =     8.05s         Wait for com.example.aceclientapp to idle
    t =    11.09s Waiting 5.0s for "Effective interface style" StaticText to exist
    t =    12.16s     Checking `Expect predicate `existsNoRetry == 1` for object "Effective interface style" StaticText`
    t =    12.16s         Checking existence of `"Effective interface style" StaticText`
    t =    13.73s Find the "Effective interface style" StaticText
    t =    13.93s Find the "Effective interface style" StaticText
    t =    14.10s Terminate com.example.aceclientapp:73551
    t =    15.15s Setting device orientation to Portrait
    t =    15.63s     Wait for com.apple.springboard to idle
    t =    15.86s Open com.example.aceclientapp
    t =    15.86s     Launch com.example.aceclientapp
    t =    16.73s         Setting up automation session
    t =    22.03s         Wait for com.example.aceclientapp to idle
    t =    25.08s Waiting 5.0s for "Effective interface style" StaticText to exist
    t =    26.16s     Checking `Expect predicate `existsNoRetry == 1` for object "Effective interface style" StaticText`
    t =    26.16s         Checking existence of `"Effective interface style" StaticText`
    t =    27.66s Find the "Effective interface style" StaticText
    t =    27.88s Find the "Effective interface style" StaticText
    t =    29.07s Find the Target Application 'com.example.aceclientapp'
ACE_SETTINGS_RESULT {"mode":"set","observed":{"boldText":false,"increaseContrast":false,"orientation":"portrait","reduceMotion":false}}
    t =    29.19s Terminate com.example.aceclientapp:73577
    t =    30.29s Tear Down
Test Case '-[ACEClientAppUITests.ACEClientAppUITests testConfigureAccessibilitySettings]' passed (30.975 seconds).
Test Suite 'ACEClientAppUITests' passed at 2026-09-14 19:30:51.854.
	 Executed 1 test, with 0 failures (0 unexpected) in 30.975 (30.993) seconds
Test Suite 'ACEClientAppUITests.xctest' passed at 2026-09-14 19:30:51.857.
	 Executed 1 test, with 0 failures (0 unexpected) in 30.975 (30.997) seconds
Test Suite 'Selected tests' passed at 2026-09-14 19:30:51.860.
	 Executed 1 test, with 0 failures (0 unexpected) in 30.975 (31.003) seconds

Test session results, code coverage, and logs:
	LOCAL_HOME/ace-private/mcx19b-implementation-20260914/remaining-settings-integration/native-settings/restored/result.xcresult

** TEST EXECUTE SUCCEEDED **

Testing started
2026-09-14 19:30:06.649 xcodebuild[73517:1969257] [MT] IDERunDestination: Supported platforms for the buildables in the current scheme is empty.
2026-09-14 19:30:06.671 xcodebuild[73517:1969257] [MT] IDERunDestination: Supported platforms for the buildables in the current scheme is empty.
2026-09-14 19:30:08.138 xcodebuild[73517:1969257] [MT] IDERunDestination: Supported platforms for the buildables in the current scheme is empty.
2026-09-14 19:30:21.418 xcodebuild[73517:1969257] [MT] IDELaunchParametersSnapshot: The operation couldn’t be completed. (DebuggerLLDB.DebuggerVersionStore.StoreError error 0.)
2026-09-14 19:30:21.418 xcodebuild[73517:1969257] [MT] IDELaunchParametersSnapshot: no debugger version
2026-09-14 19:30:36.739 xcodebuild[73517:1969257] [MT] IDELaunchParametersSnapshot: The operation couldn’t be completed. (DebuggerLLDB.DebuggerVersionStore.StoreError error 0.)
2026-09-14 19:30:36.740 xcodebuild[73517:1969257] [MT] IDELaunchParametersSnapshot: no debugger version
2026-09-14 19:30:52.261 xcodebuild[73517:1969257] [MT] IDETestOperationsObserverDebug: 44.113 elapsed -- Testing started completed.
2026-09-14 19:30:52.261 xcodebuild[73517:1969257] [MT] IDETestOperationsObserverDebug: 0.000 sec, +0.000 sec -- start
2026-09-14 19:30:52.261 xcodebuild[73517:1969257] [MT] IDETestOperationsObserverDebug: 44.113 sec, +44.113 sec -- end
