Command line invocation:
    /Applications/Xcode.app/Contents/Developer/usr/bin/xcodebuild test-without-building -xctestrun LOCAL_HOME/ace-private/mcx19b-implementation-20260914/audit-lifecycle-20260915/runs/20260914T215523Z-selected-6d10158a115f/selected.xctestrun -destination id=D1BAA05C-52DD-4E57-832F-C0A75718E085 -parallel-testing-enabled NO "-only-testing:ACEClientAppUITests/ACEClientAppUITests/testFictionalReleaseHasApprovedCopyControls" -resultBundlePath LOCAL_HOME/ace-private/mcx19b-implementation-20260914/audit-lifecycle-20260915/runs/20260914T215523Z-selected-6d10158a115f/selected.xcresult

Writing result bundle at path:
	LOCAL_HOME/ace-private/mcx19b-implementation-20260914/audit-lifecycle-20260915/runs/20260914T215523Z-selected-6d10158a115f/selected.xcresult

2026-09-15 07:57:30.516107+1000 ACEClientAppUITests-Runner[63361:3237445] [Default] Running tests...
    t =      nans Interface orientation changed to Portrait
Test Suite 'Selected tests' started at 2026-09-15 07:57:35.890.
Test Suite 'ACEClientAppUITests.xctest' started at 2026-09-15 07:57:35.893.
Test Suite 'ACEClientAppUITests' started at 2026-09-15 07:57:35.898.
Test Case '-[ACEClientAppUITests.ACEClientAppUITests testFictionalReleaseHasApprovedCopyControls]' started.
    t =     0.04s Start Test at 2026-09-15 07:57:35.940
    t =     0.35s Set Up
    t =     0.37s Open com.example.aceclientapp
    t =     0.37s     Launch com.example.aceclientapp
    t =     2.68s         Setting up automation session
    t =     8.61s         Wait for com.example.aceclientapp to idle
    t =    11.81s Checking existence of `"Copy action 1" Button`
    t =    12.25s Checking existence of `"Copy Engagement name" Button`
    t =    12.48s Checking existence of `"Copy Review status" Button`
    t =    12.70s Checking existence of `"Copy Release version" Button`
    t =    12.91s Checking existence of `"Copy Published date and time" Button`
    t =    13.12s Checking existence of `"Copy Conclusion title" Button`
    t =    13.31s Checking existence of `"Copy Conclusion summary" Button`
    t =    13.50s Checking existence of `"Copy Evidence reference" Button`
    t =    13.64s Checking existence of `"Copy Action description" Button`
    t =    13.78s Checking existence of `"Copy Action owner" Button`
    t =    13.93s Checking existence of `"Copy Action target date" Button`
    t =    14.06s Checking existence of `"Copy Action status" Button`
    t =    14.20s Get number of matches for: Elements matching predicate 'label BEGINSWITH "Copy "'
    t =    14.38s Get all elements bound by index for: Descendants matching type Button
    t =    14.48s Find the Button (Element at index 0)
    t =    14.75s Find the Button (Element at index 1)
    t =    15.06s Find the Button (Element at index 2)
    t =    15.23s Waiting 5.0s for "Effective interface style" StaticText to exist
    t =    16.23s     Checking `Expect predicate `existsNoRetry == 1` for object "Effective interface style" StaticText`
    t =    16.24s         Checking existence of `"Effective interface style" StaticText`
    t =    17.38s Checking `Expect predicate `label == "light"` for object "Effective interface style" StaticText`
    t =    17.39s     Find the "Effective interface style" StaticText
    t =    17.52s Find the Target Application 'com.example.aceclientapp'
    t =    18.31s Added attachment named 'Fictional release — initial-audit — light'
ACE_AUDIT_BEGIN scenario=release-initial epoch=1789423074.209261
ACE_AUDIT_END scenario=release-initial epoch=1789423080.621718
    t =    24.72s Waiting 5.0s for ScrollView (First Match) to exist
    t =    25.80s     Checking `Expect predicate `existsNoRetry == 1` for object ScrollView (First Match)`
    t =    25.80s         Checking existence of `ScrollView (First Match)`
    t =    25.89s Checking existence of `Any (First Match)`
    t =    25.96s Find the Any (First Match)
    t =    26.12s Find the "Engagement name: Fictional Engagement" StaticText
    t =    26.23s Find the ScrollView (First Match)
    t =    26.29s Get all elements bound by index for: Descendants matching type Button
    t =    26.40s Find the Button (Element at index 0)
    t =    26.56s Find the Button (Element at index 1)
    t =    26.71s Find the Button (Element at index 2)
    t =    27.61s Added attachment named 'Release detail — Engagement name — light'
    t =    27.61s Waiting 5.0s for ScrollView (First Match) to exist
    t =    28.68s     Checking `Expect predicate `existsNoRetry == 1` for object ScrollView (First Match)`
    t =    28.69s         Checking existence of `ScrollView (First Match)`
    t =    28.72s Checking existence of `Any (First Match)`
    t =    28.79s Find the Any (First Match)
    t =    28.94s Find the "Review status: RELEASED" StaticText
    t =    29.04s Find the ScrollView (First Match)
    t =    29.09s Get all elements bound by index for: Descendants matching type Button
    t =    29.20s Find the Button (Element at index 0)
    t =    29.35s Find the Button (Element at index 1)
    t =    29.49s Find the Button (Element at index 2)
    t =    30.41s Added attachment named 'Release detail — Review status — light'
    t =    30.41s Waiting 5.0s for ScrollView (First Match) to exist
    t =    31.48s     Checking `Expect predicate `existsNoRetry == 1` for object ScrollView (First Match)`
    t =    31.48s         Checking existence of `ScrollView (First Match)`
    t =    31.51s Checking existence of `Any (First Match)`
    t =    31.58s Find the Any (First Match)
    t =    31.73s Find the "Release version: 1" StaticText
    t =    31.83s Find the ScrollView (First Match)
    t =    31.88s Get all elements bound by index for: Descendants matching type Button
    t =    32.00s Find the Button (Element at index 0)
    t =    32.15s Find the Button (Element at index 1)
    t =    32.31s Find the Button (Element at index 2)
    t =    33.28s Added attachment named 'Release detail — Release version — light'
    t =    33.29s Waiting 5.0s for ScrollView (First Match) to exist
    t =    34.38s     Checking `Expect predicate `existsNoRetry == 1` for object ScrollView (First Match)`
    t =    34.39s         Checking existence of `ScrollView (First Match)`
    t =    34.45s Checking existence of `Any (First Match)`
    t =    34.55s Find the Any (First Match)
    t =    34.70s Find the "Published date and time: 2026-08-24T10:15:30Z" StaticText
    t =    34.84s Find the ScrollView (First Match)
    t =    34.90s Get all elements bound by index for: Descendants matching type Button
    t =    35.01s Find the Button (Element at index 0)
    t =    35.16s Find the Button (Element at index 1)
    t =    35.34s Find the Button (Element at index 2)
    t =    36.62s Added attachment named 'Release detail — Published date and time — light'
    t =    36.62s Waiting 5.0s for ScrollView (First Match) to exist
    t =    37.70s     Checking `Expect predicate `existsNoRetry == 1` for object ScrollView (First Match)`
    t =    37.70s         Checking existence of `ScrollView (First Match)`
    t =    37.80s Checking existence of `Any (First Match)`
    t =    37.88s Find the Any (First Match)
    t =    38.04s Find the "Conclusion title: Fictional conclusion" StaticText
    t =    38.14s Find the ScrollView (First Match)
    t =    38.20s Get all elements bound by index for: Descendants matching type Button
    t =    38.31s Find the Button (Element at index 0)
    t =    38.46s Find the Button (Element at index 1)
    t =    38.61s Find the Button (Element at index 2)
    t =    39.52s Added attachment named 'Release detail — Conclusion title — light'
    t =    39.53s Waiting 5.0s for ScrollView (First Match) to exist
    t =    40.62s     Checking `Expect predicate `existsNoRetry == 1` for object ScrollView (First Match)`
    t =    40.62s         Checking existence of `ScrollView (First Match)`
    t =    40.65s Checking existence of `Any (First Match)`
    t =    40.83s Find the Any (First Match)
    t =    40.99s Find the "Conclusion summary: Fictional summary" StaticText
    t =    41.09s Find the ScrollView (First Match)
    t =    41.14s Get all elements bound by index for: Descendants matching type Button
    t =    41.23s Find the Button (Element at index 0)
    t =    41.38s Find the Button (Element at index 1)
    t =    41.53s Find the Button (Element at index 2)
    t =    42.35s Added attachment named 'Release detail — Conclusion summary — light'
    t =    42.35s Waiting 5.0s for ScrollView (First Match) to exist
    t =    43.41s     Checking `Expect predicate `existsNoRetry == 1` for object ScrollView (First Match)`
    t =    43.41s         Checking existence of `ScrollView (First Match)`
    t =    43.47s Checking existence of `Any (First Match)`
    t =    43.60s Find the Any (First Match)
    t =    43.75s Find the "Evidence reference: FICTIONAL-REF-001" StaticText
    t =    43.85s Find the ScrollView (First Match)
    t =    43.90s Get all elements bound by index for: Descendants matching type Button
    t =    44.02s Find the Button (Element at index 0)
    t =    44.17s Find the Button (Element at index 1)
    t =    44.42s Find the Button (Element at index 2)
    t =    45.28s Added attachment named 'Release detail — Evidence reference — light'
    t =    45.29s Waiting 5.0s for ScrollView (First Match) to exist
    t =    46.36s     Checking `Expect predicate `existsNoRetry == 1` for object ScrollView (First Match)`
    t =    46.36s         Checking existence of `ScrollView (First Match)`
    t =    46.40s Checking existence of `Any (First Match)`
    t =    46.59s Find the Any (First Match)
    t =    46.89s Find the "Action description: Fictional action" StaticText
    t =    47.10s Find the ScrollView (First Match)
    t =    47.18s Get all elements bound by index for: Descendants matching type Button
    t =    47.27s Find the Button (Element at index 0)
    t =    47.47s Find the Button (Element at index 1)
    t =    47.62s Find the Button (Element at index 2)
    t =    48.55s Added attachment named 'Release detail — Action description — light'
    t =    48.56s Waiting 5.0s for ScrollView (First Match) to exist
    t =    49.63s     Checking `Expect predicate `existsNoRetry == 1` for object ScrollView (First Match)`
    t =    49.64s         Checking existence of `ScrollView (First Match)`
    t =    49.67s Checking existence of `Any (First Match)`
    t =    49.83s Find the Any (First Match)
    t =    50.28s Find the "Action owner: Fictional owner" StaticText
    t =    50.49s Find the ScrollView (First Match)
    t =    50.55s Find the ScrollView at {{16.0, 114.3}, {408.0, 791.7}}
    t =    50.61s Checking existence of `"Action owner: Fictional owner" StaticText`
    t =    50.80s Find the "Action owner: Fictional owner" StaticText
    t =    51.05s Press ScrollView at {{16.0, 114.3}, {408.0, 791.7}}[0.50, 0.72] for 0.1 seconds, then drag to ScrollView at {{16.0, 114.3}, {408.0, 791.7}}[0.50, 0.28] with velocity of 500.00 pixels per second, and then hold for 0.0 seconds 
    t =    51.05s     Wait for com.example.aceclientapp to idle
    t =    51.06s     Find the ScrollView at {{16.0, 114.3}, {408.0, 791.7}}
    t =    51.12s     Check for interrupting elements affecting ScrollView
    t =    51.25s     Synthesize event
    t =    51.26s         Find the ScrollView at {{16.0, 114.3}, {408.0, 791.7}}
    t =    51.33s         Find the ScrollView at {{16.0, 114.3}, {408.0, 791.7}}
    t =    51.41s         Find the ScrollView at {{16.0, 114.3}, {408.0, 791.7}}
    t =    51.48s         Find the ScrollView at {{16.0, 114.3}, {408.0, 791.7}}
    t =    51.55s         Find the ScrollView at {{16.0, 114.3}, {408.0, 791.7}}
    t =    52.65s     Wait for com.example.aceclientapp to idle
    t =    53.07s Checking existence of `"Action owner: Fictional owner" StaticText`
    t =    53.28s Find the "Action owner: Fictional owner" StaticText
    t =    53.59s Find the "Action owner: Fictional owner" StaticText
    t =    53.83s Find the ScrollView at {{16.0, 114.3}, {408.0, 791.7}}
    t =    53.88s Get all elements bound by index for: Descendants matching type Button
    t =    54.00s Find the Button (Element at index 0)
    t =    54.17s Find the "Refresh current release" Button
    t =    54.30s Find the "Refresh current release" Button
    t =    54.40s Find the Button (Element at index 1)
    t =    54.61s Find the "Sign out" Button
    t =    54.86s Find the "Sign out" Button
    t =    54.99s Find the Button (Element at index 2)
    t =    55.17s Find the "Copy action 1" Button
    t =    55.30s Find the "Copy action 1" Button
    t =    56.14s Added attachment named 'Release detail — Action owner — light'
    t =    56.15s Waiting 5.0s for ScrollView (First Match) to exist
    t =    57.18s     Checking `Expect predicate `existsNoRetry == 1` for object ScrollView (First Match)`
    t =    57.18s         Checking existence of `ScrollView (First Match)`
    t =    57.22s Checking existence of `Any (First Match)`
    t =    57.52s Find the Any (First Match)
    t =    57.81s Find the "Action target date: 2026-08-25" StaticText
    t =    58.02s Find the ScrollView (First Match)
    t =    58.07s Get all elements bound by index for: Descendants matching type Button
    t =    58.17s Find the Button (Element at index 0)
    t =    58.33s Find the "Refresh current release" Button
    t =    58.47s Find the "Refresh current release" Button
    t =    58.58s Find the Button (Element at index 1)
    t =    58.75s Find the "Sign out" Button
    t =    58.88s Find the "Sign out" Button
    t =    58.98s Find the Button (Element at index 2)
    t =    59.16s Find the "Copy action 1" Button
    t =    59.29s Find the "Copy action 1" Button
    t =    60.21s Added attachment named 'Release detail — Action target date — light'
    t =    60.21s Waiting 5.0s for ScrollView (First Match) to exist
    t =    61.26s     Checking `Expect predicate `existsNoRetry == 1` for object ScrollView (First Match)`
    t =    61.26s         Checking existence of `ScrollView (First Match)`
    t =    61.29s Checking existence of `Any (First Match)`
    t =    61.46s Find the Any (First Match)
    t =    61.71s Find the "Action status: OPEN" StaticText
    t =    61.95s Find the ScrollView (First Match)
    t =    62.00s Get all elements bound by index for: Descendants matching type Button
    t =    62.15s Find the Button (Element at index 0)
    t =    62.31s Find the "Refresh current release" Button
    t =    62.47s Find the "Refresh current release" Button
    t =    62.58s Find the Button (Element at index 1)
    t =    62.75s Find the "Sign out" Button
    t =    62.88s Find the "Sign out" Button
    t =    63.01s Find the Button (Element at index 2)
    t =    63.18s Find the "Copy action 1" Button
    t =    63.30s Find the "Copy action 1" Button
    t =    64.15s Added attachment named 'Release detail — Action status — light'
    t =    64.16s Get all elements bound by index for: Descendants matching type Button
    t =    64.28s Find the Button (Element at index 0)
    t =    64.44s Find the "Refresh current release" Button
    t =    64.63s Find the "Refresh current release" Button
    t =    64.75s Find the Button (Element at index 1)
    t =    64.94s Find the "Sign out" Button
    t =    65.08s Find the "Sign out" Button
    t =    65.24s Find the Button (Element at index 2)
    t =    65.41s Find the "Copy action 1" Button
    t =    65.55s Find the "Copy action 1" Button
    t =    65.66s Find the Target Application 'com.example.aceclientapp'
    t =    66.48s Added attachment named 'Fictional release — approved-controls — light'
    t =    66.49s Find the "Action 1" StaticText
    t =    66.68s Find the "OPEN" StaticText
    t =    67.40s Find the "Action 1" StaticText
    t =    67.60s Find the "OPEN" StaticText
ACE_MCX19_CONTRAST_PROBE {"after":{"Action 1":{"height":20.333333333333428,"width":63.333333333333329,"x":32,"y":446.33333333333326},"OPEN":{"height":20.333333333333258,"width":45,"x":32,"y":671.66666666666686}},"before":{"Action 1":{"height":20.333333333333428,"width":63.333333333333329,"x":32,"y":446.33333333333326},"OPEN":{"height":20.333333333333258,"width":45,"x":32,"y":671.66666666666686}}}
    t =    67.80s Find the "Action 1" StaticText
    t =    68.01s Find the "OPEN" StaticText
ACE_MCX19_ALL_AUDIT_PRE {"after":{"Action 1":{"height":20.333333333333428,"width":63.333333333333329,"x":32,"y":446.33333333333326},"OPEN":{"height":20.333333333333258,"width":45,"x":32,"y":671.66666666666686}},"before":{"Action 1":{"height":20.333333333333428,"width":63.333333333333329,"x":32,"y":446.33333333333326},"OPEN":{"height":20.333333333333258,"width":45,"x":32,"y":671.66666666666686}}}
ACE_AUDIT_BEGIN scenario=release epoch=1789423124.122373
ACE_AUDIT_END scenario=release epoch=1789423130.486816
    t =    74.59s Find the "Action 1" StaticText
    t =    74.78s Find the "OPEN" StaticText
ACE_MCX19_ALL_AUDIT_POST {"after":{"Action 1":{"height":20.333333333333485,"width":63.333333333333329,"x":32,"y":545.66666666666652},"OPEN":{"height":20.333333333333258,"width":45,"x":32,"y":771.00000000000011}},"before":{"Action 1":{"height":20.333333333333485,"width":63.333333333333329,"x":32,"y":545.66666666666652},"OPEN":{"height":20.333333333333258,"width":45,"x":32,"y":771.00000000000011}}}
    t =    75.01s Terminate com.example.aceclientapp:63380
    t =    76.14s Open com.example.aceclientapp
    t =    76.14s     Launch com.example.aceclientapp
    t =    77.27s         Setting up automation session
    t =    82.68s         Wait for com.example.aceclientapp to idle
    t =    85.60s Waiting 5.0s for ScrollView (First Match) to exist
    t =    86.67s     Checking `Expect predicate `existsNoRetry == 1` for object ScrollView (First Match)`
    t =    86.67s         Checking existence of `ScrollView (First Match)`
    t =    86.77s Checking existence of `"Copy action 1" Button`
    t =    87.11s Find the "Copy action 1" Button
    t =    87.42s Find the ScrollView (First Match)
    t =    87.49s Checking existence of `"Copy action 1" Button`
    t =    87.69s Find the "Copy action 1" Button
    t =    87.87s Press ScrollView at {{16.0, 114.3}, {408.0, 791.7}}[0.50, 0.72] for 0.1 seconds, then drag to ScrollView at {{16.0, 114.3}, {408.0, 791.7}}[0.50, 0.28] with velocity of 500.00 pixels per second, and then hold for 0.0 seconds 
    t =    87.87s     Wait for com.example.aceclientapp to idle
    t =    87.89s     Find the ScrollView at {{16.0, 114.3}, {408.0, 791.7}}
    t =    87.95s     Check for interrupting elements affecting ScrollView
    t =    88.16s     Synthesize event
    t =    88.17s         Find the ScrollView at {{16.0, 114.3}, {408.0, 791.7}}
    t =    88.25s         Find the ScrollView at {{16.0, 114.3}, {408.0, 791.7}}
    t =    88.33s         Find the ScrollView at {{16.0, 114.3}, {408.0, 791.7}}
    t =    88.42s         Find the ScrollView at {{16.0, 114.3}, {408.0, 791.7}}
    t =    88.51s         Find the ScrollView at {{16.0, 114.3}, {408.0, 791.7}}
    t =    89.69s     Wait for com.example.aceclientapp to idle
    t =    90.13s Checking existence of `"Copy action 1" Button`
    t =    90.28s Find the "Copy action 1" Button
    t =    90.53s Find the "Copy action 1" Button
    t =    90.75s Find the ScrollView at {{16.0, 114.3}, {408.0, 791.7}}
    t =    90.82s Tap "Copy action 1" Button
    t =    90.82s     Wait for com.example.aceclientapp to idle
    t =    90.83s     Find the "Copy action 1" Button
    t =    90.96s     Check for interrupting elements affecting "Copy action 1" Button
    t =    91.11s     Synthesize event
    t =    91.48s     Wait for com.example.aceclientapp to idle
    t =    91.49s Checking existence of `"Copied Action 1." StaticText`
    t =    91.63s Waiting 5.0s for ScrollView (First Match) to exist
    t =    92.67s     Checking `Expect predicate `existsNoRetry == 1` for object ScrollView (First Match)`
    t =    92.67s         Checking existence of `ScrollView (First Match)`
    t =    92.71s Checking existence of `"Copied Action 1." StaticText`
    t =    92.84s Find the "Copied Action 1." StaticText
    t =    93.06s Find the "Copied Action 1." StaticText
    t =    93.22s Find the ScrollView (First Match)
    t =    93.27s Find the Target Application 'com.example.aceclientapp'
    t =    94.17s Added attachment named 'Controlled state — copyConfirmation — light'
ACE_AUDIT_BEGIN scenario=copyConfirmation-after-copy epoch=1789423150.070221
ACE_AUDIT_END scenario=copyConfirmation-after-copy epoch=1789423158.174254
    t =   102.28s Terminate com.example.aceclientapp:63524
    t =   103.34s Tear Down
Test Case '-[ACEClientAppUITests.ACEClientAppUITests testFictionalReleaseHasApprovedCopyControls]' passed (103.495 seconds).
Test Suite 'ACEClientAppUITests' passed at 2026-09-15 07:59:19.435.
	 Executed 1 test, with 0 failures (0 unexpected) in 103.495 (103.537) seconds
Test Suite 'ACEClientAppUITests.xctest' passed at 2026-09-15 07:59:19.437.
	 Executed 1 test, with 0 failures (0 unexpected) in 103.495 (103.545) seconds
Test Suite 'Selected tests' passed at 2026-09-15 07:59:19.440.
	 Executed 1 test, with 0 failures (0 unexpected) in 103.495 (103.550) seconds

Test session results, code coverage, and logs:
	LOCAL_HOME/ace-private/mcx19b-implementation-20260914/audit-lifecycle-20260915/runs/20260914T215523Z-selected-6d10158a115f/selected.xcresult

** TEST EXECUTE SUCCEEDED **

Testing started
2026-09-15 07:57:21.921 xcodebuild[63343:3236724] [MT] IDERunDestination: Supported platforms for the buildables in the current scheme is empty.
2026-09-15 07:57:21.952 xcodebuild[63343:3236724] [MT] IDERunDestination: Supported platforms for the buildables in the current scheme is empty.
2026-09-15 07:57:22.025 xcodebuild[63343:3236724] [MT] IDERunDestination: Supported platforms for the buildables in the current scheme is empty.
2026-09-15 07:57:36.526 xcodebuild[63343:3236724] [MT] IDELaunchParametersSnapshot: The operation couldn’t be completed. (DebuggerLLDB.DebuggerVersionStore.StoreError error 0.)
2026-09-15 07:57:36.526 xcodebuild[63343:3236724] [MT] IDELaunchParametersSnapshot: no debugger version
2026-09-15 07:58:52.093 xcodebuild[63343:3236724] [MT] IDELaunchParametersSnapshot: The operation couldn’t be completed. (DebuggerLLDB.DebuggerVersionStore.StoreError error 0.)
2026-09-15 07:58:52.093 xcodebuild[63343:3236724] [MT] IDELaunchParametersSnapshot: no debugger version
2026-09-15 07:59:20.030 xcodebuild[63343:3236724] [MT] IDETestOperationsObserverDebug: 116.515 elapsed -- Testing started completed.
2026-09-15 07:59:20.030 xcodebuild[63343:3236724] [MT] IDETestOperationsObserverDebug: 0.000 sec, +0.000 sec -- start
2026-09-15 07:59:20.030 xcodebuild[63343:3236724] [MT] IDETestOperationsObserverDebug: 116.515 sec, +116.515 sec -- end
