Command line invocation:
    /Applications/Xcode.app/Contents/Developer/usr/bin/xcodebuild test-without-building -xctestrun LOCAL_HOME/ace-private/mcx19b-implementation-20260914/signin-maximum-integration/batches/000/ACEClientAppUITests.xctestrun -destination id=D1BAA05C-52DD-4E57-832F-C0A75718E085 -parallel-testing-enabled NO "-only-testing:ACEClientAppUITests/ACEClientAppUITests/testCoverageBatch" -resultBundlePath LOCAL_HOME/ace-private/mcx19b-implementation-20260914/signin-maximum-integration/batches/000/result.xcresult

Writing result bundle at path:
	LOCAL_HOME/ace-private/mcx19b-implementation-20260914/signin-maximum-integration/batches/000/result.xcresult

2026-09-14 20:20:01.088952+1000 ACEClientAppUITests-Runner[80025:2082036] [Default] Running tests...
    t =      nans Interface orientation changed to Portrait
Test Suite 'Selected tests' started at 2026-09-14 20:20:07.049.
Test Suite 'ACEClientAppUITests.xctest' started at 2026-09-14 20:20:07.052.
Test Suite 'ACEClientAppUITests' started at 2026-09-14 20:20:07.060.
Test Case '-[ACEClientAppUITests.ACEClientAppUITests testCoverageBatch]' started.
    t =     0.02s Start Test at 2026-09-14 20:20:07.079
    t =     0.26s Set Up
    t =     0.29s Setting device orientation to Portrait
    t =     0.33s     Wait for com.apple.springboard to idle
    t =     0.38s Open com.example.aceclientapp
    t =     0.39s     Launch com.example.aceclientapp
    t =     2.77s         Setting up automation session
    t =     9.26s         Wait for com.example.aceclientapp to idle
    t =    12.77s Waiting 5.0s for "Sign In heading" StaticText to exist
    t =    13.83s     Checking `Expect predicate `existsNoRetry == 1` for object "Sign In heading" StaticText`
    t =    13.83s         Checking existence of `"Sign In heading" StaticText`
    t =    14.22s Find the "Sign In heading" StaticText
    t =    14.34s Find the Target Application 'com.example.aceclientapp'
    t =    15.42s Find the Target Application 'com.example.aceclientapp'
    t =    15.50s Waiting 5.0s for "Effective interface style" StaticText to exist
    t =    16.54s     Checking `Expect predicate `existsNoRetry == 1` for object "Effective interface style" StaticText`
    t =    16.54s         Checking existence of `"Effective interface style" StaticText`
    t =    17.65s Find the "Effective interface style" StaticText
    t =    17.83s Find the "Effective interface style" StaticText
    t =    17.92s Find the Target Application 'com.example.aceclientapp'
    t =    18.76s Added attachment named 'Coverage diagnostic-signin-maximum.iPhone-17-Pro-Max.signIn.light.accessibility-extra-extra-extra-large.portrait.0.0.0 viewport initial'
    t =    24.39s Checking existence of `"Username" TextField`
    t =    24.49s Checking existence of `"Password" SecureTextField`
    t =    24.59s Find the "Sign in" Button
    t =    24.71s Find the Target Application 'com.example.aceclientapp'
    t =    24.80s Find the "Sign in" Button
    t =    24.95s Checking existence of `"Sign in" Button`
    t =    25.03s Find the "Sign in" Button
    t =    25.21s Find the "Sign in" Button
    t =    25.33s Find the "Sign in" Button
    t =    25.46s Find the Target Application 'com.example.aceclientapp'
    t =    26.53s Added attachment named 'Coverage diagnostic-signin-maximum.iPhone-17-Pro-Max.signIn.light.accessibility-extra-extra-extra-large.portrait.0.0.0 viewport control-Sign in'
ACE_CASE_RESULT {"auditInvocations":1,"id":"diagnostic-signin-maximum.iPhone-17-Pro-Max.signIn.light.accessibility-extra-extra-extra-large.portrait.0.0.0","observed":{"appearance":"light","boldText":false,"contentSize":"accessibility-extra-extra-extra-large","increaseContrast":false,"orientation":"portrait","reduceMotion":false},"result":"passed","scenario":"signIn","screenshots":["Coverage diagnostic-signin-maximum.iPhone-17-Pro-Max.signIn.light.accessibility-extra-extra-extra-large.portrait.0.0.0 viewport initial","Coverage diagnostic-signin-maximum.iPhone-17-Pro-Max.signIn.light.accessibility-extra-extra-extra-large.portrait.0.0.0 viewport control-Sign in"]}
    t =    26.54s Terminate com.example.aceclientapp:80042
    t =    28.57s Tear Down
Test Case '-[ACEClientAppUITests.ACEClientAppUITests testCoverageBatch]' passed (29.298 seconds).
Test Suite 'ACEClientAppUITests' passed at 2026-09-14 20:20:36.377.
	 Executed 1 test, with 0 failures (0 unexpected) in 29.298 (29.316) seconds
Test Suite 'ACEClientAppUITests.xctest' passed at 2026-09-14 20:20:36.379.
	 Executed 1 test, with 0 failures (0 unexpected) in 29.298 (29.327) seconds
Test Suite 'Selected tests' passed at 2026-09-14 20:20:36.381.
	 Executed 1 test, with 0 failures (0 unexpected) in 29.298 (29.332) seconds

Test session results, code coverage, and logs:
	LOCAL_HOME/ace-private/mcx19b-implementation-20260914/signin-maximum-integration/batches/000/result.xcresult

** TEST EXECUTE SUCCEEDED **

Testing started
2026-09-14 20:19:51.685 xcodebuild[80008:2081459] [MT] IDERunDestination: Supported platforms for the buildables in the current scheme is empty.
2026-09-14 20:19:51.713 xcodebuild[80008:2081459] [MT] IDERunDestination: Supported platforms for the buildables in the current scheme is empty.
2026-09-14 20:19:53.076 xcodebuild[80008:2081459] [MT] IDERunDestination: Supported platforms for the buildables in the current scheme is empty.
2026-09-14 20:20:07.733 xcodebuild[80008:2081459] [MT] IDELaunchParametersSnapshot: The operation couldn’t be completed. (DebuggerLLDB.DebuggerVersionStore.StoreError error 0.)
2026-09-14 20:20:07.733 xcodebuild[80008:2081459] [MT] IDELaunchParametersSnapshot: no debugger version
2026-09-14 20:20:36.790 xcodebuild[80008:2081459] [MT] IDETestOperationsObserverDebug: 43.698 elapsed -- Testing started completed.
2026-09-14 20:20:36.791 xcodebuild[80008:2081459] [MT] IDETestOperationsObserverDebug: 0.000 sec, +0.000 sec -- start
2026-09-14 20:20:36.791 xcodebuild[80008:2081459] [MT] IDETestOperationsObserverDebug: 43.698 sec, +43.698 sec -- end
