Command line invocation:
    /Applications/Xcode.app/Contents/Developer/usr/bin/xcodebuild test-without-building -xctestrun LOCAL_HOME/ace-private/mcx19b-release-timeout-20260915/02-pro-max-prefix/native-settings/read/ACEClientAppUITests.xctestrun -destination id=D1BAA05C-52DD-4E57-832F-C0A75718E085 -parallel-testing-enabled NO "-only-testing:ACEClientAppUITests/ACEClientAppUITests/testConfigureAccessibilitySettings" -resultBundlePath LOCAL_HOME/ace-private/mcx19b-release-timeout-20260915/02-pro-max-prefix/native-settings/read/result.xcresult

Writing result bundle at path:
	LOCAL_HOME/ace-private/mcx19b-release-timeout-20260915/02-pro-max-prefix/native-settings/read/result.xcresult

2026-09-15 14:24:44.436626+1000 ACEClientAppUITests-Runner[11026:4001920] [Default] Running tests...
2026-09-15 14:24:44.752236+1000 ACEClientAppUITests-Runner[11026:4002042] [General] Failed to send CA Event for app launch measurements for ca_event_type: 0 event_name: com.apple.app_launch_measurement.FirstFramePresentationMetric
    t =      nans Interface orientation changed to Portrait
Test Suite 'Selected tests' started at 2026-09-15 14:24:48.335.
Test Suite 'ACEClientAppUITests.xctest' started at 2026-09-15 14:24:48.338.
Test Suite 'ACEClientAppUITests' started at 2026-09-15 14:24:48.339.
Test Case '-[ACEClientAppUITests.ACEClientAppUITests testConfigureAccessibilitySettings]' started.
    t =     0.04s Start Test at 2026-09-15 14:24:48.379
2026-09-15 14:24:48.435153+1000 ACEClientAppUITests-Runner[11026:4002051] [General] Failed to send CA Event for app launch measurements for ca_event_type: 1 event_name: com.apple.app_launch_measurement.ExtendedLaunchMetrics
    t =     0.30s Set Up
    t =     0.32s Open com.example.aceclientapp
    t =     0.33s     Launch com.example.aceclientapp
    t =     2.32s         Setting up automation session
    t =     6.60s         Wait for com.example.aceclientapp to idle
    t =     9.30s Waiting 5.0s for "Effective interface style" Any to exist
    t =    10.32s     Checking `Expect predicate `existsNoRetry == 1` for object "Effective interface style" Any`
    t =    10.32s         Checking existence of `"Effective interface style" Any`
    t =    11.54s Find the "Effective interface style" Any
    t =    11.60s Find the "Effective interface style" ScrollView
    t =    11.65s Terminate com.example.aceclientapp:11036
    t =    12.75s Open com.example.aceclientapp
    t =    12.76s     Launch com.example.aceclientapp
    t =    13.62s         Setting up automation session
    t =    18.50s         Wait for com.example.aceclientapp to idle
    t =    21.25s Waiting 5.0s for "Effective interface style" Any to exist
    t =    22.27s     Checking `Expect predicate `existsNoRetry == 1` for object "Effective interface style" Any`
    t =    22.27s         Checking existence of `"Effective interface style" Any`
    t =    23.49s Find the "Effective interface style" Any
    t =    23.55s Find the "Effective interface style" ScrollView
ACE_SETTINGS_RESULT {"mode":"read","observed":{"boldText":false,"increaseContrast":false,"orientation":"portrait","reduceMotion":false}}
    t =    23.61s Terminate com.example.aceclientapp:11053
    t =    24.69s Tear Down
Test Case '-[ACEClientAppUITests.ACEClientAppUITests testConfigureAccessibilitySettings]' passed (24.790 seconds).
Test Suite 'ACEClientAppUITests' passed at 2026-09-15 14:25:13.145.
	 Executed 1 test, with 0 failures (0 unexpected) in 24.790 (24.807) seconds
Test Suite 'ACEClientAppUITests.xctest' passed at 2026-09-15 14:25:13.148.
	 Executed 1 test, with 0 failures (0 unexpected) in 24.790 (24.810) seconds
Test Suite 'Selected tests' passed at 2026-09-15 14:25:13.150.
	 Executed 1 test, with 0 failures (0 unexpected) in 24.790 (24.815) seconds

Test session results, code coverage, and logs:
	LOCAL_HOME/ace-private/mcx19b-release-timeout-20260915/02-pro-max-prefix/native-settings/read/result.xcresult

** TEST EXECUTE SUCCEEDED **

Testing started
2026-09-15 14:24:36.292 xcodebuild[11011:4001330] [MT] IDERunDestination: Supported platforms for the buildables in the current scheme is empty.
2026-09-15 14:24:36.320 xcodebuild[11011:4001330] [MT] IDERunDestination: Supported platforms for the buildables in the current scheme is empty.
2026-09-15 14:24:37.573 xcodebuild[11011:4001330] [MT] IDERunDestination: Supported platforms for the buildables in the current scheme is empty.
2026-09-15 14:24:48.884 xcodebuild[11011:4001330] [MT] IDELaunchParametersSnapshot: The operation couldn’t be completed. (DebuggerLLDB.DebuggerVersionStore.StoreError error 0.)
2026-09-15 14:24:48.889 xcodebuild[11011:4001330] [MT] IDELaunchParametersSnapshot: no debugger version
2026-09-15 14:25:01.105 xcodebuild[11011:4001330] [MT] IDELaunchParametersSnapshot: The operation couldn’t be completed. (DebuggerLLDB.DebuggerVersionStore.StoreError error 0.)
2026-09-15 14:25:01.105 xcodebuild[11011:4001330] [MT] IDELaunchParametersSnapshot: no debugger version
2026-09-15 14:25:13.545 xcodebuild[11011:4001330] [MT] IDETestOperationsObserverDebug: 35.952 elapsed -- Testing started completed.
2026-09-15 14:25:13.545 xcodebuild[11011:4001330] [MT] IDETestOperationsObserverDebug: 0.000 sec, +0.000 sec -- start
2026-09-15 14:25:13.545 xcodebuild[11011:4001330] [MT] IDETestOperationsObserverDebug: 35.952 sec, +35.952 sec -- end
