Command line invocation:
    /Applications/Xcode.app/Contents/Developer/usr/bin/xcodebuild test-without-building -xctestrun LOCAL_HOME/ace-private/mcx19b-orientation-repair-20260915/06-shutdown-native-gate/negative/batches/001/ACEClientAppUITests.xctestrun -destination id=2EB0863C-470E-467D-A0C6-CD216DA70C67 -parallel-testing-enabled NO "-only-testing:ACEClientAppUITests/ACEClientAppUITests/testCoverageBatch" -resultBundlePath LOCAL_HOME/ace-private/mcx19b-orientation-repair-20260915/06-shutdown-native-gate/negative/batches/001/result.xcresult

Writing result bundle at path:
	LOCAL_HOME/ace-private/mcx19b-orientation-repair-20260915/06-shutdown-native-gate/negative/batches/001/result.xcresult

2026-09-15 18:37:46.591180+1000 ACEClientAppUITests-Runner[39451:4575380] [Default] Running tests...
    t =      nans Interface orientation changed to Portrait
Test Suite 'Selected tests' started at 2026-09-15 18:37:50.087.
Test Suite 'ACEClientAppUITests.xctest' started at 2026-09-15 18:37:50.089.
Test Suite 'ACEClientAppUITests' started at 2026-09-15 18:37:50.090.
Test Case '-[ACEClientAppUITests.ACEClientAppUITests testCoverageBatch]' started.
    t =     0.01s Start Test at 2026-09-15 18:37:50.099
    t =     0.21s Set Up
    t =     0.24s Setting device orientation to Portrait
    t =     0.32s     Wait for com.apple.springboard to idle
    t =     0.38s Open com.example.aceclientapp
    t =     0.38s     Launch com.example.aceclientapp
    t =     4.17s         Setting up automation session
    t =     8.02s         Wait for com.example.aceclientapp to idle
    t =    10.69s Waiting 5.0s for "Current Release" StaticText to exist
    t =    11.76s     Checking `Expect predicate `existsNoRetry == 1` for object "Current Release" StaticText`
    t =    11.77s         Checking existence of `"Current Release" StaticText`
    t =    12.01s Find the "Current Release" StaticText
    t =    12.10s Find the Target Application 'com.example.aceclientapp'
ACE_ORIENTATION_READ_STARTED {"requested":"landscape"}
    t =    12.16s Find the Target Application 'com.example.aceclientapp'
ACE_ORIENTATION_FRAME {"elapsedReadSeconds":0.054978922998998314,"frame":{"height":"874.0","width":"402.0","x":"0.0","y":"0.0"},"outcome":"mismatch","requested":"landscape"}
LOCAL_HOME/ace-private/mcx19b-orientation-repair-20260915/shutdown-negative-probe-worktree/ios/ACEClientApp/ACEClientAppUITests/ACEClientAppUITests.swift:378: error: -[ACEClientAppUITests.ACEClientAppUITests testCoverageBatch] : failed - Native app frame does not match requested landscape orientation
    t =    13.88s Tear Down
Test Case '-[ACEClientAppUITests.ACEClientAppUITests testCoverageBatch]' failed (14.564 seconds).
Test Suite 'ACEClientAppUITests' failed at 2026-09-15 18:38:04.662.
	 Executed 1 test, with 1 failure (0 unexpected) in 14.564 (14.572) seconds
Test Suite 'ACEClientAppUITests.xctest' failed at 2026-09-15 18:38:04.664.
	 Executed 1 test, with 1 failure (0 unexpected) in 14.564 (14.575) seconds
Test Suite 'Selected tests' failed at 2026-09-15 18:38:04.666.
	 Executed 1 test, with 1 failure (0 unexpected) in 14.564 (14.579) seconds

Test session results, code coverage, and logs:
	LOCAL_HOME/ace-private/mcx19b-orientation-repair-20260915/06-shutdown-native-gate/negative/batches/001/result.xcresult

Testing started
2026-09-15 18:37:38.847 xcodebuild[39433:4574874] [MT] IDERunDestination: Supported platforms for the buildables in the current scheme is empty.
2026-09-15 18:37:38.863 xcodebuild[39433:4574874] [MT] IDERunDestination: Supported platforms for the buildables in the current scheme is empty.
2026-09-15 18:37:39.865 xcodebuild[39433:4574874] [MT] IDERunDestination: Supported platforms for the buildables in the current scheme is empty.
2026-09-15 18:37:50.619 xcodebuild[39433:4574874] [MT] IDELaunchParametersSnapshot: The operation couldn’t be completed. (DebuggerLLDB.DebuggerVersionStore.StoreError error 0.)
2026-09-15 18:37:50.619 xcodebuild[39433:4574874] [MT] IDELaunchParametersSnapshot: no debugger version
2026-09-15 18:38:57.103 xcodebuild[39433:4574874] [MT] IDETestOperationsObserverDebug: 77.230 elapsed -- Testing started completed.
2026-09-15 18:38:57.103 xcodebuild[39433:4574874] [MT] IDETestOperationsObserverDebug: 0.000 sec, +0.000 sec -- start
2026-09-15 18:38:57.103 xcodebuild[39433:4574874] [MT] IDETestOperationsObserverDebug: 77.230 sec, +77.230 sec -- end
** TEST EXECUTE FAILED **

