Command line invocation:
    /Applications/Xcode.app/Contents/Developer/usr/bin/xcodebuild test-without-building -xctestrun LOCAL_HOME/ace-private/mcx19b-implementation-20260914/native-copy-paste-probe-2/copy-paste/selected.xctestrun -destination id=D1BAA05C-52DD-4E57-832F-C0A75718E085 -parallel-testing-enabled NO "-only-testing:ACEClientAppUITests/ACEClientAppUITests/testNativeCopyPasteProbe" -resultBundlePath LOCAL_HOME/ace-private/mcx19b-implementation-20260914/native-copy-paste-probe-2/copy-paste/result.xcresult

Writing result bundle at path:
	LOCAL_HOME/ace-private/mcx19b-implementation-20260914/native-copy-paste-probe-2/copy-paste/result.xcresult

2026-09-14 21:40:24.843396+1000 ACEClientAppUITests-Runner[90240:2256551] [Default] Running tests...
    t =      nans Interface orientation changed to Portrait
Test Suite 'Selected tests' started at 2026-09-14 21:40:29.638.
Test Suite 'ACEClientAppUITests.xctest' started at 2026-09-14 21:40:29.640.
Test Suite 'ACEClientAppUITests' started at 2026-09-14 21:40:29.641.
Test Case '-[ACEClientAppUITests.ACEClientAppUITests testNativeCopyPasteProbe]' started.
    t =     0.02s Start Test at 2026-09-14 21:40:29.659
    t =     0.22s Set Up
    t =     0.25s Open com.example.aceclientapp
    t =     0.25s     Launch com.example.aceclientapp
    t =     2.65s         Setting up automation session
    t =     7.77s         Wait for com.example.aceclientapp to idle
    t =    11.17s Waiting 5.0s for "Copy Engagement name" Button to exist
    t =    12.20s     Checking `Expect predicate `existsNoRetry == 1` for object "Copy Engagement name" Button`
    t =    12.20s         Checking existence of `"Copy Engagement name" Button`
    t =    12.66s Tap "Copy Engagement name" Button
    t =    12.66s     Wait for com.example.aceclientapp to idle
    t =    12.67s     Find the "Copy Engagement name" Button
    t =    12.88s     Check for interrupting elements affecting "Copy Engagement name" Button
    t =    13.05s     Synthesize event
    t =    13.44s     Wait for com.example.aceclientapp to idle
    t =    13.47s Waiting 5.0s for "Copied Engagement name." StaticText to exist
    t =    14.55s     Checking `Expect predicate `existsNoRetry == 1` for object "Copied Engagement name." StaticText`
    t =    14.55s         Checking existence of `"Copied Engagement name." StaticText`
    t =    14.76s Find the Target Application 'com.example.aceclientapp'
    t =    15.70s Added attachment named 'Copy actual engagement value'
    t =    15.70s Terminate com.example.aceclientapp:90256
    t =    16.72s Open com.example.aceclientapp
    t =    16.73s     Launch com.example.aceclientapp
    t =    18.11s         Setting up automation session
    t =    23.46s         Wait for com.example.aceclientapp to idle
    t =    27.09s Waiting 5.0s for "Username" TextField to exist
    t =    28.16s     Checking `Expect predicate `existsNoRetry == 1` for object "Username" TextField`
    t =    28.17s         Checking existence of `"Username" TextField`
    t =    28.62s Tap "Username" TextField
    t =    28.62s     Wait for com.example.aceclientapp to idle
    t =    28.64s     Find the "Username" TextField
    t =    28.73s     Check for interrupting elements affecting "Username" TextField
    t =    28.84s     Synthesize event
    t =    29.24s     Wait for com.example.aceclientapp to idle
    t =    31.52s Press "Username" TextField for 1.0 seconds
    t =    31.52s     Wait for com.example.aceclientapp to idle
    t =    31.80s     Find the "Username" TextField
    t =    32.21s     Check for interrupting elements affecting "Username" TextField
    t =    32.38s     Synthesize event
    t =    33.67s     Wait for com.example.aceclientapp to idle
    t =    34.46s Find the Target Application 'com.example.aceclientapp'
    t =    35.43s Added attachment named 'Native Paste menu'
    t =    35.46s Waiting 5.0s for Any (First Match) to exist
    t =    36.50s     Checking `Expect predicate `existsNoRetry == 1` for object Any (First Match)`
    t =    36.50s         Checking existence of `Any (First Match)`
    t =    36.91s Tap Any (First Match)
    t =    36.92s     Wait for com.example.aceclientapp to idle
    t =    36.93s     Find the Any (First Match)
    t =    37.27s     Check for interrupting elements affecting "Paste" MenuItem
    t =    37.61s     Synthesize event
    t =    37.99s     Wait for com.example.aceclientapp to idle
    t =    38.50s Find the "Username" TextField
    t =    38.70s Find the Target Application 'com.example.aceclientapp'
    t =    39.71s Added attachment named 'Actual clipboard value pasted'
    t =    39.71s Terminate com.example.aceclientapp:90281
    t =    40.78s Tear Down
Test Case '-[ACEClientAppUITests.ACEClientAppUITests testNativeCopyPasteProbe]' passed (41.146 seconds).
Test Suite 'ACEClientAppUITests' passed at 2026-09-14 21:41:10.805.
	 Executed 1 test, with 0 failures (0 unexpected) in 41.146 (41.164) seconds
Test Suite 'ACEClientAppUITests.xctest' passed at 2026-09-14 21:41:10.808.
	 Executed 1 test, with 0 failures (0 unexpected) in 41.146 (41.167) seconds
Test Suite 'Selected tests' passed at 2026-09-14 21:41:10.810.
	 Executed 1 test, with 0 failures (0 unexpected) in 41.146 (41.172) seconds

Test session results, code coverage, and logs:
	LOCAL_HOME/ace-private/mcx19b-implementation-20260914/native-copy-paste-probe-2/copy-paste/result.xcresult

** TEST EXECUTE SUCCEEDED **

Testing started
2026-09-14 21:40:15.781 xcodebuild[90207:2255903] [MT] IDERunDestination: Supported platforms for the buildables in the current scheme is empty.
2026-09-14 21:40:15.833 xcodebuild[90207:2255903] [MT] IDERunDestination: Supported platforms for the buildables in the current scheme is empty.
2026-09-14 21:40:17.504 xcodebuild[90207:2255903] [MT] IDERunDestination: Supported platforms for the buildables in the current scheme is empty.
2026-09-14 21:40:30.179 xcodebuild[90207:2255903] [MT] IDELaunchParametersSnapshot: The operation couldn’t be completed. (DebuggerLLDB.DebuggerVersionStore.StoreError error 0.)
2026-09-14 21:40:30.179 xcodebuild[90207:2255903] [MT] IDELaunchParametersSnapshot: no debugger version
2026-09-14 21:40:46.305 xcodebuild[90207:2255903] [MT] IDERunDestination: Supported platforms for the buildables in the current scheme is empty.
2026-09-14 21:40:46.376 xcodebuild[90207:2255903] [MT] IDELaunchParametersSnapshot: The operation couldn’t be completed. (DebuggerLLDB.DebuggerVersionStore.StoreError error 0.)
2026-09-14 21:40:46.376 xcodebuild[90207:2255903] [MT] IDELaunchParametersSnapshot: no debugger version
2026-09-14 21:40:48.504 xcodebuild[90207:2255903] [MT] IDERunDestination: Supported platforms for the buildables in the current scheme is empty.
2026-09-14 21:40:49.113 xcodebuild[90207:2255903] [MT] IDERunDestination: Supported platforms for the buildables in the current scheme is empty.
2026-09-14 21:40:50.163 xcodebuild[90207:2255903] [MT] IDERunDestination: Supported platforms for the buildables in the current scheme is empty.
2026-09-14 21:41:11.227 xcodebuild[90207:2255903] [MT] IDETestOperationsObserverDebug: 53.713 elapsed -- Testing started completed.
2026-09-14 21:41:11.227 xcodebuild[90207:2255903] [MT] IDETestOperationsObserverDebug: 0.000 sec, +0.000 sec -- start
2026-09-14 21:41:11.227 xcodebuild[90207:2255903] [MT] IDETestOperationsObserverDebug: 53.713 sec, +53.713 sec -- end
