Command line invocation:
    /Applications/Xcode.app/Contents/Developer/usr/bin/xcodebuild test-without-building -xctestrun "LOCAL_HOME/ace-private/mcx19b-orientation-repair-20260915/10-target-size-diagnosis/native-target-probe/native-settings/iPhone 17 Pro Max-read/ACEClientAppUITests.xctestrun" -destination id=D1BAA05C-52DD-4E57-832F-C0A75718E085 -parallel-testing-enabled NO "-only-testing:ACEClientAppUITests/ACEClientAppUITests/testConfigureAccessibilitySettings" -resultBundlePath "LOCAL_HOME/ace-private/mcx19b-orientation-repair-20260915/10-target-size-diagnosis/native-target-probe/native-settings/iPhone 17 Pro Max-read/result.xcresult"

Writing result bundle at path:
	LOCAL_HOME/ace-private/mcx19b-orientation-repair-20260915/10-target-size-diagnosis/native-target-probe/native-settings/iPhone 17 Pro Max-read/result.xcresult

2026-09-15 22:30:10.109175+1000 ACEClientAppUITests-Runner[71941:5205910] [Default] Running tests...
    t =      nans Interface orientation changed to Portrait
Test Suite 'Selected tests' started at 2026-09-15 22:30:15.497.
Test Suite 'ACEClientAppUITests.xctest' started at 2026-09-15 22:30:15.500.
Test Suite 'ACEClientAppUITests' started at 2026-09-15 22:30:15.501.
Test Case '-[ACEClientAppUITests.ACEClientAppUITests testConfigureAccessibilitySettings]' started.
    t =     0.07s Start Test at 2026-09-15 22:30:15.572
    t =     0.40s Set Up
    t =     0.43s Open com.example.aceclientapp
    t =     0.43s     Launch com.example.aceclientapp
    t =     2.98s         Setting up automation session
    t =     8.40s         Wait for com.example.aceclientapp to idle
    t =    12.68s Waiting 5.0s for "Effective interface style" Any to exist
    t =    13.73s     Checking `Expect predicate `existsNoRetry == 1` for object "Effective interface style" Any`
    t =    13.73s         Checking existence of `"Effective interface style" Any`
    t =    14.96s Find the "Effective interface style" Any
    t =    15.03s Find the "Effective interface style" ScrollView
    t =    15.09s Terminate com.example.aceclientapp:71958
    t =    16.12s Open com.example.aceclientapp
    t =    16.13s     Launch com.example.aceclientapp
    t =    17.20s         Setting up automation session
    t =    22.80s         Wait for com.example.aceclientapp to idle
    t =    26.13s Waiting 5.0s for "Effective interface style" Any to exist
    t =    27.20s     Checking `Expect predicate `existsNoRetry == 1` for object "Effective interface style" Any`
    t =    27.20s         Checking existence of `"Effective interface style" Any`
    t =    28.55s Find the "Effective interface style" Any
    t =    28.61s Find the "Effective interface style" ScrollView
ACE_SETTINGS_RESULT {"mode":"read","observed":{"boldText":false,"increaseContrast":false,"orientation":"portrait","reduceMotion":false}}
    t =    28.67s Terminate com.example.aceclientapp:71977
    t =    29.71s Tear Down
Test Case '-[ACEClientAppUITests.ACEClientAppUITests testConfigureAccessibilitySettings]' passed (30.412 seconds).
Test Suite 'ACEClientAppUITests' passed at 2026-09-15 22:30:45.983.
	 Executed 1 test, with 0 failures (0 unexpected) in 30.412 (30.482) seconds
Test Suite 'ACEClientAppUITests.xctest' passed at 2026-09-15 22:30:45.985.
	 Executed 1 test, with 0 failures (0 unexpected) in 30.412 (30.486) seconds
Test Suite 'Selected tests' passed at 2026-09-15 22:30:45.988.
	 Executed 1 test, with 0 failures (0 unexpected) in 30.412 (30.491) seconds

Test session results, code coverage, and logs:
	LOCAL_HOME/ace-private/mcx19b-orientation-repair-20260915/10-target-size-diagnosis/native-target-probe/native-settings/iPhone 17 Pro Max-read/result.xcresult

** TEST EXECUTE SUCCEEDED **

Testing started
2026-09-15 22:30:00.497 xcodebuild[71924:5205271] [MT] IDERunDestination: Supported platforms for the buildables in the current scheme is empty.
2026-09-15 22:30:00.523 xcodebuild[71924:5205271] [MT] IDERunDestination: Supported platforms for the buildables in the current scheme is empty.
2026-09-15 22:30:02.102 xcodebuild[71924:5205271] [MT] IDERunDestination: Supported platforms for the buildables in the current scheme is empty.
2026-09-15 22:30:16.150 xcodebuild[71924:5205271] [MT] IDELaunchParametersSnapshot: The operation couldn’t be completed. (DebuggerLLDB.DebuggerVersionStore.StoreError error 0.)
2026-09-15 22:30:16.150 xcodebuild[71924:5205271] [MT] IDELaunchParametersSnapshot: no debugger version
2026-09-15 22:30:31.634 xcodebuild[71924:5205271] [MT] IDELaunchParametersSnapshot: The operation couldn’t be completed. (DebuggerLLDB.DebuggerVersionStore.StoreError error 0.)
2026-09-15 22:30:31.634 xcodebuild[71924:5205271] [MT] IDELaunchParametersSnapshot: no debugger version
2026-09-15 22:30:46.398 xcodebuild[71924:5205271] [MT] IDETestOperationsObserverDebug: 44.280 elapsed -- Testing started completed.
2026-09-15 22:30:46.398 xcodebuild[71924:5205271] [MT] IDETestOperationsObserverDebug: 0.000 sec, +0.000 sec -- start
2026-09-15 22:30:46.398 xcodebuild[71924:5205271] [MT] IDETestOperationsObserverDebug: 44.280 sec, +44.280 sec -- end
