Command line invocation:
    /Applications/Xcode.app/Contents/Developer/usr/bin/xcodebuild test-without-building -xctestrun LOCAL_HOME/ace-private/mcx19b-implementation-20260914/action-copy-20260915/runs/20260914T195042Z-selected-c7afef835756/selected.xctestrun -destination id=D1BAA05C-52DD-4E57-832F-C0A75718E085 -parallel-testing-enabled NO "-only-testing:ACEClientAppTests/AcceptanceEvidenceContractTests/testFixtureInspection" "-only-testing:ACEClientAppTests/AcceptanceEvidenceContractTests/testProjectConfiguration" "-only-testing:ACEClientAppTests/AcceptanceEvidenceContractTests/testSourceBoundaryInspection" "-only-testing:ACEClientAppTests/AcceptanceEvidenceContractTests/testCopyControlsUITest" "-only-testing:ACEClientAppTests/AcceptanceEvidenceContractTests/testClipboardContract" "-only-testing:ACEClientAppTests/ACEClientAppTests/testActionClipboardPayloadUsesExactUTF8PlainTextWithLFSeparators" "-only-testing:ACEClientAppTests/ACEClientAppTests/testClipboardWriteOptionsRemainLocalForFiveMinutes" -resultBundlePath LOCAL_HOME/ace-private/mcx19b-implementation-20260914/action-copy-20260915/runs/20260914T195042Z-selected-c7afef835756/selected.xcresult

Writing result bundle at path:
	LOCAL_HOME/ace-private/mcx19b-implementation-20260914/action-copy-20260915/runs/20260914T195042Z-selected-c7afef835756/selected.xcresult

Test Suite 'Selected tests' started at 2026-09-15 05:52:56.849.
Test Suite 'ACEClientAppTests.xctest' started at 2026-09-15 05:52:56.859.
Test Suite 'ACEClientAppTests' started at 2026-09-15 05:52:56.859.
Test Case '-[ACEClientAppTests.ACEClientAppTests testActionClipboardPayloadUsesExactUTF8PlainTextWithLFSeparators]' started.
Test Case '-[ACEClientAppTests.ACEClientAppTests testActionClipboardPayloadUsesExactUTF8PlainTextWithLFSeparators]' passed (0.006 seconds).
Test Case '-[ACEClientAppTests.ACEClientAppTests testClipboardWriteOptionsRemainLocalForFiveMinutes]' started.
Test Case '-[ACEClientAppTests.ACEClientAppTests testClipboardWriteOptionsRemainLocalForFiveMinutes]' passed (0.018 seconds).
Test Suite 'ACEClientAppTests' passed at 2026-09-15 05:52:56.897.
	 Executed 2 tests, with 0 failures (0 unexpected) in 0.024 (0.038) seconds
Test Suite 'AcceptanceEvidenceContractTests' started at 2026-09-15 05:52:56.899.
Test Case '-[ACEClientAppTests.AcceptanceEvidenceContractTests testClipboardContract]' started.
Test Case '-[ACEClientAppTests.AcceptanceEvidenceContractTests testClipboardContract]' passed (0.033 seconds).
Test Case '-[ACEClientAppTests.AcceptanceEvidenceContractTests testCopyControlsUITest]' started.
Test Case '-[ACEClientAppTests.AcceptanceEvidenceContractTests testCopyControlsUITest]' passed (0.023 seconds).
Test Case '-[ACEClientAppTests.AcceptanceEvidenceContractTests testFixtureInspection]' started.
Test Case '-[ACEClientAppTests.AcceptanceEvidenceContractTests testFixtureInspection]' passed (0.008 seconds).
Test Case '-[ACEClientAppTests.AcceptanceEvidenceContractTests testProjectConfiguration]' started.
Test Case '-[ACEClientAppTests.AcceptanceEvidenceContractTests testProjectConfiguration]' passed (0.075 seconds).
Test Case '-[ACEClientAppTests.AcceptanceEvidenceContractTests testSourceBoundaryInspection]' started.
Test Case '-[ACEClientAppTests.AcceptanceEvidenceContractTests testSourceBoundaryInspection]' passed (0.096 seconds).
Test Suite 'AcceptanceEvidenceContractTests' passed at 2026-09-15 05:52:57.166.
	 Executed 5 tests, with 0 failures (0 unexpected) in 0.235 (0.267) seconds
Test Suite 'ACEClientAppTests.xctest' passed at 2026-09-15 05:52:57.167.
	 Executed 7 tests, with 0 failures (0 unexpected) in 0.260 (0.308) seconds
Test Suite 'Selected tests' passed at 2026-09-15 05:52:57.168.
	 Executed 7 tests, with 0 failures (0 unexpected) in 0.260 (0.319) seconds

Test session results, code coverage, and logs:
	LOCAL_HOME/ace-private/mcx19b-implementation-20260914/action-copy-20260915/runs/20260914T195042Z-selected-c7afef835756/selected.xcresult

** TEST EXECUTE SUCCEEDED **

Testing started
2026-09-15 05:52:50.070 xcodebuild[46361:2992998] [MT] IDERunDestination: Supported platforms for the buildables in the current scheme is empty.
2026-09-15 05:52:50.137 xcodebuild[46361:2992998] [MT] IDERunDestination: Supported platforms for the buildables in the current scheme is empty.
2026-09-15 05:52:51.313 xcodebuild[46361:2992998] [MT] IDERunDestination: Supported platforms for the buildables in the current scheme is empty.
2026-09-15 05:52:57.532 xcodebuild[46361:2992998] [MT] IDETestOperationsObserverDebug: 6.207 elapsed -- Testing started completed.
2026-09-15 05:52:57.532 xcodebuild[46361:2992998] [MT] IDETestOperationsObserverDebug: 0.000 sec, +0.000 sec -- start
2026-09-15 05:52:57.532 xcodebuild[46361:2992998] [MT] IDETestOperationsObserverDebug: 6.207 sec, +6.207 sec -- end
