Command line invocation:
    /Applications/Xcode.app/Contents/Developer/usr/bin/xcodebuild test-without-building -xctestrun "LOCAL_HOME/ace-private/mcx19b-complete-pilot-20260915/pilot-runs/20260915T045947Z-pilot-84db4f8f536f/native-settings/iPhone 17 Pro Max-restore/ACEClientAppUITests.xctestrun" -destination id=D1BAA05C-52DD-4E57-832F-C0A75718E085 -parallel-testing-enabled NO "-only-testing:ACEClientAppUITests/ACEClientAppUITests/testConfigureAccessibilitySettings" -resultBundlePath "LOCAL_HOME/ace-private/mcx19b-complete-pilot-20260915/pilot-runs/20260915T045947Z-pilot-84db4f8f536f/native-settings/iPhone 17 Pro Max-restore/result.xcresult"

Writing result bundle at path:
	LOCAL_HOME/ace-private/mcx19b-complete-pilot-20260915/pilot-runs/20260915T045947Z-pilot-84db4f8f536f/native-settings/iPhone 17 Pro Max-restore/result.xcresult

2026-09-15 15:12:53.426536+1000 ACEClientAppUITests-Runner[15655:4097388] [Default] Running tests...
    t =      nans Interface orientation changed to Portrait
Test Suite 'Selected tests' started at 2026-09-15 15:12:58.878.
Test Suite 'ACEClientAppUITests.xctest' started at 2026-09-15 15:12:58.887.
Test Suite 'ACEClientAppUITests' started at 2026-09-15 15:12:58.889.
Test Case '-[ACEClientAppUITests.ACEClientAppUITests testConfigureAccessibilitySettings]' started.
    t =     0.07s Start Test at 2026-09-15 15:12:58.957
    t =     0.45s Set Up
    t =     0.48s Open com.example.aceclientapp
    t =     0.49s     Launch com.example.aceclientapp
    t =     3.84s         Setting up automation session
    t =    10.84s         Wait for com.example.aceclientapp to idle
    t =    14.44s Waiting 5.0s for "Effective interface style" Any to exist
    t =    15.52s     Checking `Expect predicate `existsNoRetry == 1` for object "Effective interface style" Any`
    t =    15.52s         Checking existence of `"Effective interface style" Any`
    t =    16.84s Find the "Effective interface style" Any
    t =    16.93s Find the "Effective interface style" ScrollView
    t =    17.00s Terminate com.example.aceclientapp:15680
    t =    18.02s Setting device orientation to Portrait
    t =    18.59s     Wait for com.apple.springboard to idle
    t =    18.72s Open com.example.aceclientapp
    t =    18.73s     Launch com.example.aceclientapp
    t =    19.79s         Setting up automation session
    t =    26.99s         Wait for com.example.aceclientapp to idle
    t =    31.65s Waiting 5.0s for "Effective interface style" Any to exist
    t =    32.67s     Checking `Expect predicate `existsNoRetry == 1` for object "Effective interface style" Any`
    t =    32.67s         Checking existence of `"Effective interface style" Any`
    t =    33.89s Find the "Effective interface style" Any
    t =    33.96s Find the "Effective interface style" ScrollView
    t =    35.09s Find the Target Application 'com.example.aceclientapp'
ACE_SETTINGS_RESULT {"mode":"set","observed":{"boldText":false,"increaseContrast":false,"orientation":"portrait","reduceMotion":false}}
    t =    35.28s Terminate com.example.aceclientapp:15708
    t =    39.36s Tear Down
Test Case '-[ACEClientAppUITests.ACEClientAppUITests testConfigureAccessibilitySettings]' passed (40.493 seconds).
Test Suite 'ACEClientAppUITests' passed at 2026-09-15 15:13:39.450.
	 Executed 1 test, with 0 failures (0 unexpected) in 40.493 (40.562) seconds
Test Suite 'ACEClientAppUITests.xctest' passed at 2026-09-15 15:13:39.453.
	 Executed 1 test, with 0 failures (0 unexpected) in 40.493 (40.566) seconds
Test Suite 'Selected tests' passed at 2026-09-15 15:13:39.459.
	 Executed 1 test, with 0 failures (0 unexpected) in 40.493 (40.580) seconds

Test session results, code coverage, and logs:
	LOCAL_HOME/ace-private/mcx19b-complete-pilot-20260915/pilot-runs/20260915T045947Z-pilot-84db4f8f536f/native-settings/iPhone 17 Pro Max-restore/result.xcresult

** TEST EXECUTE SUCCEEDED **

Testing started
2026-09-15 15:12:43.661 xcodebuild[15632:4096776] [MT] IDERunDestination: Supported platforms for the buildables in the current scheme is empty.
2026-09-15 15:12:43.680 xcodebuild[15632:4096776] [MT] IDERunDestination: Supported platforms for the buildables in the current scheme is empty.
2026-09-15 15:12:43.709 xcodebuild[15632:4096776] [MT] IDERunDestination: Supported platforms for the buildables in the current scheme is empty.
2026-09-15 15:12:59.717 xcodebuild[15632:4096776] [MT] IDELaunchParametersSnapshot: The operation couldn’t be completed. (DebuggerLLDB.DebuggerVersionStore.StoreError error 0.)
2026-09-15 15:12:59.717 xcodebuild[15632:4096776] [MT] IDELaunchParametersSnapshot: no debugger version
2026-09-15 15:13:17.632 xcodebuild[15632:4096776] [MT] IDELaunchParametersSnapshot: The operation couldn’t be completed. (DebuggerLLDB.DebuggerVersionStore.StoreError error 0.)
2026-09-15 15:13:17.632 xcodebuild[15632:4096776] [MT] IDELaunchParametersSnapshot: no debugger version
2026-09-15 15:13:39.900 xcodebuild[15632:4096776] [MT] IDETestOperationsObserverDebug: 54.766 elapsed -- Testing started completed.
2026-09-15 15:13:39.900 xcodebuild[15632:4096776] [MT] IDETestOperationsObserverDebug: 0.000 sec, +0.000 sec -- start
2026-09-15 15:13:39.900 xcodebuild[15632:4096776] [MT] IDETestOperationsObserverDebug: 54.766 sec, +54.766 sec -- end
