Command line invocation:
    /Applications/Xcode.app/Contents/Developer/usr/bin/xcodebuild test-without-building -xctestrun "LOCAL_HOME/ace-private/mcx19b-orientation-repair-20260915/margin-pilot-runs/20260915T100107Z-pilot-a8d5a906fdf3/native-settings/iPhone 17 Pro Max-restore-post-boot/ACEClientAppUITests.xctestrun" -destination id=D1BAA05C-52DD-4E57-832F-C0A75718E085 -parallel-testing-enabled NO "-only-testing:ACEClientAppUITests/ACEClientAppUITests/testConfigureAccessibilitySettings" -resultBundlePath "LOCAL_HOME/ace-private/mcx19b-orientation-repair-20260915/margin-pilot-runs/20260915T100107Z-pilot-a8d5a906fdf3/native-settings/iPhone 17 Pro Max-restore-post-boot/result.xcresult"

Writing result bundle at path:
	LOCAL_HOME/ace-private/mcx19b-orientation-repair-20260915/margin-pilot-runs/20260915T100107Z-pilot-a8d5a906fdf3/native-settings/iPhone 17 Pro Max-restore-post-boot/result.xcresult

2026-09-15 20:13:37.116764+1000 ACEClientAppUITests-Runner[52037:4822202] [Default] Running tests...
    t =      nans Interface orientation changed to Portrait
Test Suite 'Selected tests' started at 2026-09-15 20:13:49.918.
Test Suite 'ACEClientAppUITests.xctest' started at 2026-09-15 20:13:49.919.
Test Suite 'ACEClientAppUITests' started at 2026-09-15 20:13:49.920.
Test Case '-[ACEClientAppUITests.ACEClientAppUITests testConfigureAccessibilitySettings]' started.
    t =     0.01s Start Test at 2026-09-15 20:13:49.925
    t =     0.74s Set Up
    t =     0.76s Open com.example.aceclientapp
    t =     0.77s     Launch com.example.aceclientapp
    t =     3.24s         Setting up automation session
    t =     7.14s         Wait for com.example.aceclientapp to idle
    t =    10.44s Waiting 5.0s for "Effective interface style" Any to exist
    t =    11.51s     Checking `Expect predicate `existsNoRetry == 1` for object "Effective interface style" Any`
    t =    11.51s         Checking existence of `"Effective interface style" Any`
    t =    12.89s Find the "Effective interface style" Any
    t =    12.95s Find the "Effective interface style" ScrollView
    t =    13.00s Terminate com.example.aceclientapp:52095
    t =    14.04s Setting device orientation to Portrait
    t =    14.04s     Device orientation changed to Portrait
    t =    14.34s     Wait for com.apple.springboard to idle
    t =    14.50s Open com.example.aceclientapp
    t =    14.51s     Launch com.example.aceclientapp
    t =    15.38s         Setting up automation session
    t =    19.11s         Wait for com.example.aceclientapp to idle
    t =    21.65s Waiting 5.0s for "Effective interface style" Any to exist
    t =    22.73s     Checking `Expect predicate `existsNoRetry == 1` for object "Effective interface style" Any`
    t =    22.73s         Checking existence of `"Effective interface style" Any`
    t =    23.95s Find the "Effective interface style" Any
    t =    24.01s Find the "Effective interface style" ScrollView
ACE_ORIENTATION_READ_STARTED {"requested":"portrait"}
    t =    24.06s Find the Target Application 'com.example.aceclientapp'
ACE_ORIENTATION_FRAME {"elapsedReadSeconds":0.062692314008018002,"frame":{"height":"956.0","width":"440.0","x":"0.0","y":"0.0"},"outcome":"match","requested":"portrait"}
ACE_SETTINGS_RESULT {"mode":"set","observed":{"boldText":false,"increaseContrast":false,"orientation":"portrait","reduceMotion":false}}
    t =    24.12s Terminate com.example.aceclientapp:52128
    t =    26.20s Tear Down
Test Case '-[ACEClientAppUITests.ACEClientAppUITests testConfigureAccessibilitySettings]' passed (26.385 seconds).
Test Suite 'ACEClientAppUITests' passed at 2026-09-15 20:14:16.311.
	 Executed 1 test, with 0 failures (0 unexpected) in 26.385 (26.391) seconds
Test Suite 'ACEClientAppUITests.xctest' passed at 2026-09-15 20:14:16.313.
	 Executed 1 test, with 0 failures (0 unexpected) in 26.385 (26.394) seconds
Test Suite 'Selected tests' passed at 2026-09-15 20:14:16.315.
	 Executed 1 test, with 0 failures (0 unexpected) in 26.385 (26.397) seconds

Test session results, code coverage, and logs:
	LOCAL_HOME/ace-private/mcx19b-orientation-repair-20260915/margin-pilot-runs/20260915T100107Z-pilot-a8d5a906fdf3/native-settings/iPhone 17 Pro Max-restore-post-boot/result.xcresult

** TEST EXECUTE SUCCEEDED **

Testing started
2026-09-15 20:13:11.026 xcodebuild[51979:4820728] [MT] IDERunDestination: Supported platforms for the buildables in the current scheme is empty.
2026-09-15 20:13:11.074 xcodebuild[51979:4820728] [MT] IDERunDestination: Supported platforms for the buildables in the current scheme is empty.
2026-09-15 20:13:13.146 xcodebuild[51979:4820728] [MT] IDERunDestination: Supported platforms for the buildables in the current scheme is empty.
2026-09-15 20:13:13.528 xcodebuild[51979:4820728] [MT] IDERunDestination: Supported platforms for the buildables in the current scheme is empty.
2026-09-15 20:13:50.842 xcodebuild[51979:4820728] [MT] IDELaunchParametersSnapshot: The operation couldn’t be completed. (DebuggerLLDB.DebuggerVersionStore.StoreError error 0.)
2026-09-15 20:13:50.842 xcodebuild[51979:4820728] [MT] IDELaunchParametersSnapshot: no debugger version
2026-09-15 20:14:04.433 xcodebuild[51979:4820728] [MT] IDELaunchParametersSnapshot: The operation couldn’t be completed. (DebuggerLLDB.DebuggerVersionStore.StoreError error 0.)
2026-09-15 20:14:04.433 xcodebuild[51979:4820728] [MT] IDELaunchParametersSnapshot: no debugger version
2026-09-15 20:14:16.669 xcodebuild[51979:4820728] [MT] IDETestOperationsObserverDebug: 63.131 elapsed -- Testing started completed.
2026-09-15 20:14:16.669 xcodebuild[51979:4820728] [MT] IDETestOperationsObserverDebug: 0.000 sec, +0.000 sec -- start
2026-09-15 20:14:16.669 xcodebuild[51979:4820728] [MT] IDETestOperationsObserverDebug: 63.131 sec, +63.131 sec -- end
