Command line invocation:
    /Applications/Xcode.app/Contents/Developer/usr/bin/xcodebuild test-without-building -xctestrun "LOCAL_HOME/ace-private/mcx19b-orientation-repair-20260915/10-target-size-diagnosis/complete-pilot-runs/20260915T125618Z-pilot-b5a15e274c09/native-settings/iPhone 17 Pro Max-read/ACEClientAppUITests.xctestrun" -destination id=D1BAA05C-52DD-4E57-832F-C0A75718E085 -parallel-testing-enabled NO "-only-testing:ACEClientAppUITests/ACEClientAppUITests/testConfigureAccessibilitySettings" -resultBundlePath "LOCAL_HOME/ace-private/mcx19b-orientation-repair-20260915/10-target-size-diagnosis/complete-pilot-runs/20260915T125618Z-pilot-b5a15e274c09/native-settings/iPhone 17 Pro Max-read/result.xcresult"

Writing result bundle at path:
	LOCAL_HOME/ace-private/mcx19b-orientation-repair-20260915/10-target-size-diagnosis/complete-pilot-runs/20260915T125618Z-pilot-b5a15e274c09/native-settings/iPhone 17 Pro Max-read/result.xcresult

2026-09-15 22:56:40.961390+1000 ACEClientAppUITests-Runner[75780:5282194] [Default] Running tests...
2026-09-15 22:56:41.403118+1000 ACEClientAppUITests-Runner[75780:5282294] [General] Failed to send CA Event for app launch measurements for ca_event_type: 0 event_name: com.apple.app_launch_measurement.FirstFramePresentationMetric
    t =      nans Interface orientation changed to Portrait
Test Suite 'Selected tests' started at 2026-09-15 22:56:45.175.
Test Suite 'ACEClientAppUITests.xctest' started at 2026-09-15 22:56:45.179.
Test Suite 'ACEClientAppUITests' started at 2026-09-15 22:56:45.180.
Test Case '-[ACEClientAppUITests.ACEClientAppUITests testConfigureAccessibilitySettings]' started.
    t =     0.04s Start Test at 2026-09-15 22:56:45.223
    t =     0.32s Set Up
    t =     0.34s Open com.example.aceclientapp
    t =     0.35s     Launch com.example.aceclientapp
2026-09-15 22:56:45.587698+1000 ACEClientAppUITests-Runner[75780:5282303] [General] Failed to send CA Event for app launch measurements for ca_event_type: 1 event_name: com.apple.app_launch_measurement.ExtendedLaunchMetrics
    t =     2.76s         Setting up automation session
    t =     7.89s         Wait for com.example.aceclientapp to idle
    t =    10.48s Waiting 5.0s for "Effective interface style" Any to exist
    t =    11.51s     Checking `Expect predicate `existsNoRetry == 1` for object "Effective interface style" Any`
    t =    11.51s         Checking existence of `"Effective interface style" Any`
    t =    12.90s Find the "Effective interface style" Any
    t =    12.97s Find the "Effective interface style" ScrollView
    t =    13.02s Terminate com.example.aceclientapp:75800
    t =    14.08s Open com.example.aceclientapp
    t =    14.08s     Launch com.example.aceclientapp
    t =    15.36s         Setting up automation session
    t =    20.70s         Wait for com.example.aceclientapp to idle
    t =    23.50s Waiting 5.0s for "Effective interface style" Any to exist
    t =    24.56s     Checking `Expect predicate `existsNoRetry == 1` for object "Effective interface style" Any`
    t =    24.56s         Checking existence of `"Effective interface style" Any`
    t =    25.80s Find the "Effective interface style" Any
    t =    25.86s Find the "Effective interface style" ScrollView
ACE_SETTINGS_RESULT {"mode":"read","observed":{"boldText":false,"increaseContrast":false,"orientation":"portrait","reduceMotion":false}}
    t =    25.91s Terminate com.example.aceclientapp:75815
    t =    26.94s Tear Down
Test Case '-[ACEClientAppUITests.ACEClientAppUITests testConfigureAccessibilitySettings]' passed (27.701 seconds).
Test Suite 'ACEClientAppUITests' passed at 2026-09-15 22:57:12.924.
	 Executed 1 test, with 0 failures (0 unexpected) in 27.701 (27.744) seconds
Test Suite 'ACEClientAppUITests.xctest' passed at 2026-09-15 22:57:12.926.
	 Executed 1 test, with 0 failures (0 unexpected) in 27.701 (27.747) seconds
Test Suite 'Selected tests' passed at 2026-09-15 22:57:12.928.
	 Executed 1 test, with 0 failures (0 unexpected) in 27.701 (27.754) seconds

Test session results, code coverage, and logs:
	LOCAL_HOME/ace-private/mcx19b-orientation-repair-20260915/10-target-size-diagnosis/complete-pilot-runs/20260915T125618Z-pilot-b5a15e274c09/native-settings/iPhone 17 Pro Max-read/result.xcresult

** TEST EXECUTE SUCCEEDED **

Testing started
2026-09-15 22:56:31.311 xcodebuild[75761:5281471] [MT] IDERunDestination: Supported platforms for the buildables in the current scheme is empty.
2026-09-15 22:56:31.388 xcodebuild[75761:5281471] [MT] IDERunDestination: Supported platforms for the buildables in the current scheme is empty.
2026-09-15 22:56:32.290 xcodebuild[75761:5281471] [MT] IDERunDestination: Supported platforms for the buildables in the current scheme is empty.
2026-09-15 22:56:45.752 xcodebuild[75761:5281471] [MT] IDELaunchParametersSnapshot: The operation couldn’t be completed. (DebuggerLLDB.DebuggerVersionStore.StoreError error 0.)
2026-09-15 22:56:45.752 xcodebuild[75761:5281471] [MT] IDELaunchParametersSnapshot: no debugger version
2026-09-15 22:56:59.267 xcodebuild[75761:5281471] [MT] IDELaunchParametersSnapshot: The operation couldn’t be completed. (DebuggerLLDB.DebuggerVersionStore.StoreError error 0.)
2026-09-15 22:56:59.267 xcodebuild[75761:5281471] [MT] IDELaunchParametersSnapshot: no debugger version
2026-09-15 22:57:13.315 xcodebuild[75761:5281471] [MT] IDETestOperationsObserverDebug: 40.953 elapsed -- Testing started completed.
2026-09-15 22:57:13.315 xcodebuild[75761:5281471] [MT] IDETestOperationsObserverDebug: 0.000 sec, +0.000 sec -- start
2026-09-15 22:57:13.315 xcodebuild[75761:5281471] [MT] IDETestOperationsObserverDebug: 40.953 sec, +40.953 sec -- end
