Command line invocation:
    /Applications/Xcode.app/Contents/Developer/usr/bin/xcodebuild test-without-building -xctestrun LOCAL_HOME/ace-private/mcx19b-orientation-repair-20260915/margin-pilot-runs/20260915T100107Z-pilot-a8d5a906fdf3/native-settings/001-set/ACEClientAppUITests.xctestrun -destination id=2EB0863C-470E-467D-A0C6-CD216DA70C67 -parallel-testing-enabled NO "-only-testing:ACEClientAppUITests/ACEClientAppUITests/testConfigureAccessibilitySettings" -resultBundlePath LOCAL_HOME/ace-private/mcx19b-orientation-repair-20260915/margin-pilot-runs/20260915T100107Z-pilot-a8d5a906fdf3/native-settings/001-set/result.xcresult

Writing result bundle at path:
	LOCAL_HOME/ace-private/mcx19b-orientation-repair-20260915/margin-pilot-runs/20260915T100107Z-pilot-a8d5a906fdf3/native-settings/001-set/result.xcresult

2026-09-15 20:05:33.032296+1000 ACEClientAppUITests-Runner[51047:4796641] [Default] Running tests...
2026-09-15 20:05:33.306057+1000 ACEClientAppUITests-Runner[51047:4796805] [General] Failed to send CA Event for app launch measurements for ca_event_type: 0 event_name: com.apple.app_launch_measurement.FirstFramePresentationMetric
    t =      nans Interface orientation changed to Portrait
Test Suite 'Selected tests' started at 2026-09-15 20:05:36.644.
Test Suite 'ACEClientAppUITests.xctest' started at 2026-09-15 20:05:36.646.
Test Suite 'ACEClientAppUITests' started at 2026-09-15 20:05:36.647.
Test Case '-[ACEClientAppUITests.ACEClientAppUITests testConfigureAccessibilitySettings]' started.
    t =     0.02s Start Test at 2026-09-15 20:05:36.663
2026-09-15 20:05:36.827184+1000 ACEClientAppUITests-Runner[51047:4796796] [General] Failed to send CA Event for app launch measurements for ca_event_type: 1 event_name: com.apple.app_launch_measurement.ExtendedLaunchMetrics
    t =     0.22s Set Up
    t =     0.28s Open com.example.aceclientapp
    t =     0.28s     Launch com.example.aceclientapp
    t =     2.28s         Setting up automation session
    t =     6.65s         Wait for com.example.aceclientapp to idle
    t =     9.19s Waiting 5.0s for "Effective interface style" Any to exist
    t =    10.25s     Checking `Expect predicate `existsNoRetry == 1` for object "Effective interface style" Any`
    t =    10.25s         Checking existence of `"Effective interface style" Any`
    t =    11.43s Find the "Effective interface style" Any
    t =    11.49s Find the "Effective interface style" ScrollView
    t =    11.55s Terminate com.example.aceclientapp:51060
    t =    12.57s Setting device orientation to Portrait
    t =    12.57s     Device orientation changed to Portrait
    t =    12.63s     Wait for com.apple.springboard to idle
    t =    12.80s Open com.example.aceclientapp
    t =    12.80s     Launch com.example.aceclientapp
    t =    13.69s         Setting up automation session
    t =    17.46s         Wait for com.example.aceclientapp to idle
    t =    19.74s Waiting 5.0s for "Effective interface style" Any to exist
    t =    20.81s     Checking `Expect predicate `existsNoRetry == 1` for object "Effective interface style" Any`
    t =    20.82s         Checking existence of `"Effective interface style" Any`
    t =    22.03s Find the "Effective interface style" Any
    t =    22.09s Find the "Effective interface style" ScrollView
ACE_ORIENTATION_READ_STARTED {"requested":"portrait"}
    t =    22.15s Find the Target Application 'com.example.aceclientapp'
ACE_ORIENTATION_FRAME {"elapsedReadSeconds":0.06903175002662465,"frame":{"height":"874.0","width":"402.0","x":"0.0","y":"0.0"},"outcome":"match","requested":"portrait"}
ACE_SETTINGS_RESULT {"mode":"set","observed":{"boldText":false,"increaseContrast":false,"orientation":"portrait","reduceMotion":false}}
    t =    22.22s Terminate com.example.aceclientapp:51085
    t =    23.30s Tear Down
Test Case '-[ACEClientAppUITests.ACEClientAppUITests testConfigureAccessibilitySettings]' passed (23.441 seconds).
Test Suite 'ACEClientAppUITests' passed at 2026-09-15 20:06:00.103.
	 Executed 1 test, with 0 failures (0 unexpected) in 23.441 (23.456) seconds
Test Suite 'ACEClientAppUITests.xctest' passed at 2026-09-15 20:06:00.105.
	 Executed 1 test, with 0 failures (0 unexpected) in 23.441 (23.459) seconds
Test Suite 'Selected tests' passed at 2026-09-15 20:06:00.107.
	 Executed 1 test, with 0 failures (0 unexpected) in 23.441 (23.464) seconds

Test session results, code coverage, and logs:
	LOCAL_HOME/ace-private/mcx19b-orientation-repair-20260915/margin-pilot-runs/20260915T100107Z-pilot-a8d5a906fdf3/native-settings/001-set/result.xcresult

** TEST EXECUTE SUCCEEDED **

Testing started
2026-09-15 20:05:25.830 xcodebuild[51032:4796143] [MT] IDERunDestination: Supported platforms for the buildables in the current scheme is empty.
2026-09-15 20:05:26.075 xcodebuild[51032:4796143] [MT] IDERunDestination: Supported platforms for the buildables in the current scheme is empty.
2026-09-15 20:05:26.943 xcodebuild[51032:4796143] [MT] IDERunDestination: Supported platforms for the buildables in the current scheme is empty.
2026-09-15 20:05:28.127 xcodebuild[51032:4796143] [MT] IDERunDestination: Supported platforms for the buildables in the current scheme is empty.
2026-09-15 20:05:37.119 xcodebuild[51032:4796143] [MT] IDELaunchParametersSnapshot: The operation couldn’t be completed. (DebuggerLLDB.DebuggerVersionStore.StoreError error 0.)
2026-09-15 20:05:37.119 xcodebuild[51032:4796143] [MT] IDELaunchParametersSnapshot: no debugger version
2026-09-15 20:05:49.456 xcodebuild[51032:4796143] [MT] IDELaunchParametersSnapshot: The operation couldn’t be completed. (DebuggerLLDB.DebuggerVersionStore.StoreError error 0.)
2026-09-15 20:05:49.457 xcodebuild[51032:4796143] [MT] IDELaunchParametersSnapshot: no debugger version
2026-09-15 20:06:00.506 xcodebuild[51032:4796143] [MT] IDETestOperationsObserverDebug: 33.552 elapsed -- Testing started completed.
2026-09-15 20:06:00.506 xcodebuild[51032:4796143] [MT] IDETestOperationsObserverDebug: 0.000 sec, +0.000 sec -- start
2026-09-15 20:06:00.506 xcodebuild[51032:4796143] [MT] IDETestOperationsObserverDebug: 33.552 sec, +33.552 sec -- end
