Command line invocation:
    /Applications/Xcode.app/Contents/Developer/usr/bin/xcodebuild test-without-building -xctestrun LOCAL_HOME/ace-private/mcx19b-implementation-20260914/remaining-settings-integration/native-settings/increase-contrast-restore/ACEClientAppUITests.xctestrun -destination id=D1BAA05C-52DD-4E57-832F-C0A75718E085 -parallel-testing-enabled NO "-only-testing:ACEClientAppUITests/ACEClientAppUITests/testConfigureAccessibilitySettings" -resultBundlePath LOCAL_HOME/ace-private/mcx19b-implementation-20260914/remaining-settings-integration/native-settings/increase-contrast-restore/result.xcresult

Writing result bundle at path:
	LOCAL_HOME/ace-private/mcx19b-implementation-20260914/remaining-settings-integration/native-settings/increase-contrast-restore/result.xcresult

2026-09-14 19:27:08.485448+1000 ACEClientAppUITests-Runner[73168:1962617] [Default] Running tests...
    t =      nans Interface orientation changed to Portrait
Test Suite 'Selected tests' started at 2026-09-14 19:27:13.419.
Test Suite 'ACEClientAppUITests.xctest' started at 2026-09-14 19:27:13.421.
Test Suite 'ACEClientAppUITests' started at 2026-09-14 19:27:13.422.
Test Case '-[ACEClientAppUITests.ACEClientAppUITests testConfigureAccessibilitySettings]' started.
    t =     0.01s Start Test at 2026-09-14 19:27:13.440
    t =     0.22s Set Up
    t =     0.25s Open com.example.aceclientapp
    t =     0.25s     Launch com.example.aceclientapp
    t =     3.12s         Setting up automation session
    t =     7.73s         Wait for com.example.aceclientapp to idle
    t =    10.68s Waiting 5.0s for "Effective interface style" StaticText to exist
    t =    11.69s     Checking `Expect predicate `existsNoRetry == 1` for object "Effective interface style" StaticText`
    t =    11.69s         Checking existence of `"Effective interface style" StaticText`
    t =    13.29s Find the "Effective interface style" StaticText
    t =    13.49s Find the "Effective interface style" StaticText
    t =    13.72s Terminate com.example.aceclientapp:73185
    t =    14.83s Open com.apple.Preferences
    t =    14.83s     Activate com.apple.Preferences
    t =    15.14s         Wait for com.apple.Preferences to idle
    t =    16.44s Wait for com.apple.Preferences to become Running Foreground
    t =    16.44s Checking existence of `"Settings" NavigationBar`
    t =    16.76s Checking existence of `Button (First Match)`
    t =    16.84s Find the Button (First Match)
    t =    17.15s Tap "BackButton" Button
    t =    17.15s     Wait for com.apple.Preferences to idle
    t =    17.16s     Find the "BackButton" Button
    t =    17.29s     Check for interrupting elements affecting "BackButton" Button
    t =    17.52s     Synthesize event
    t =    17.90s     Wait for com.apple.Preferences to idle
    t =    18.86s Checking existence of `"Settings" NavigationBar`
    t =    19.24s Checking existence of `Button (First Match)`
    t =    19.34s Find the Button (First Match)
    t =    19.55s Tap "BackButton" Button
    t =    19.55s     Wait for com.apple.Preferences to idle
    t =    19.56s     Find the "BackButton" Button
    t =    19.66s     Check for interrupting elements affecting "BackButton" Button
    t =    19.93s     Synthesize event
    t =    20.31s     Wait for com.apple.Preferences to idle
    t =    21.83s Checking existence of `"Settings" NavigationBar`
    t =    22.28s Checking existence of `"Accessibility" Cell`
    t =    22.57s Checking existence of `"Accessibility" StaticText`
    t =    22.86s Find the "Accessibility" StaticText
    t =    23.22s Tap "Accessibility" StaticText
    t =    23.22s     Wait for com.apple.Preferences to idle
    t =    23.24s     Find the "Accessibility" StaticText
    t =    23.52s     Check for interrupting elements affecting "Accessibility" StaticText
    t =    23.79s     Synthesize event
    t =    24.15s     Wait for com.apple.Preferences to idle
    t =    24.87s Checking existence of `"Display & Text Size" Cell`
    t =    25.70s Find the "Display & Text Size" Cell
    t =    26.45s Tap "DISPLAY_AND_TEXT" Cell
    t =    26.45s     Wait for com.apple.Preferences to idle
    t =    26.57s     Find the "DISPLAY_AND_TEXT" Cell
    t =    26.97s     Check for interrupting elements affecting "DISPLAY_AND_TEXT" Cell
    t =    27.28s     Synthesize event
    t =    27.64s     Wait for com.apple.Preferences to idle
    t =    28.22s Waiting 5.0s for "Increase Contrast" Switch to exist
    t =    29.31s     Checking `Expect predicate `existsNoRetry == 1` for object "Increase Contrast" Switch`
    t =    29.31s         Checking existence of `"Increase Contrast" Switch`
    t =    29.74s Find the "Increase Contrast" Switch
    t =    30.01s Find the "TEXT_COLORS_DARKEN" Switch
ACE_NATIVE_SWITCH Increase Contrast before=true expected=false frame=(40.0, 535.6666870117188, 360.0, 28.0)
    t =    30.54s Tap "TEXT_COLORS_DARKEN" Switch[0.90, 0.50]
    t =    30.54s     Wait for com.apple.Preferences to idle
    t =    30.56s     Find the "TEXT_COLORS_DARKEN" Switch
    t =    30.83s     Check for interrupting elements affecting "TEXT_COLORS_DARKEN" Switch
    t =    31.05s     Synthesize event
    t =    31.06s         Find the "TEXT_COLORS_DARKEN" Switch
    t =    31.35s         Find the "TEXT_COLORS_DARKEN" Switch
    t =    31.65s         Find the "TEXT_COLORS_DARKEN" Switch
    t =    32.28s     Wait for com.apple.Preferences to idle
    t =    36.03s Find the "TEXT_COLORS_DARKEN" Switch
    t =    36.61s Setting device orientation to Portrait
    t =    36.64s     Wait for com.apple.Preferences to idle
    t =    36.71s Open com.example.aceclientapp
    t =    36.71s     Launch com.example.aceclientapp
    t =    37.77s         Setting up automation session
    t =    44.63s         Wait for com.example.aceclientapp to idle
    t =    48.29s Waiting 5.0s for "Effective interface style" StaticText to exist
    t =    49.38s     Checking `Expect predicate `existsNoRetry == 1` for object "Effective interface style" StaticText`
    t =    49.38s         Checking existence of `"Effective interface style" StaticText`
    t =    51.11s Find the "Effective interface style" StaticText
    t =    51.36s Find the "Effective interface style" StaticText
    t =    52.67s Find the Target Application 'com.example.aceclientapp'
ACE_SETTINGS_RESULT {"mode":"set","observed":{"boldText":false,"increaseContrast":false,"orientation":"portrait","reduceMotion":false}}
    t =    52.80s Terminate com.example.aceclientapp:73233
    t =    53.84s Tear Down
Test Case '-[ACEClientAppUITests.ACEClientAppUITests testConfigureAccessibilitySettings]' passed (54.568 seconds).
Test Suite 'ACEClientAppUITests' passed at 2026-09-14 19:28:08.008.
	 Executed 1 test, with 0 failures (0 unexpected) in 54.568 (54.586) seconds
Test Suite 'ACEClientAppUITests.xctest' passed at 2026-09-14 19:28:08.011.
	 Executed 1 test, with 0 failures (0 unexpected) in 54.568 (54.590) seconds
Test Suite 'Selected tests' passed at 2026-09-14 19:28:08.013.
	 Executed 1 test, with 0 failures (0 unexpected) in 54.568 (54.594) seconds

Test session results, code coverage, and logs:
	LOCAL_HOME/ace-private/mcx19b-implementation-20260914/remaining-settings-integration/native-settings/increase-contrast-restore/result.xcresult

** TEST EXECUTE SUCCEEDED **

Testing started
2026-09-14 19:26:59.119 xcodebuild[73142:1962084] [MT] IDERunDestination: Supported platforms for the buildables in the current scheme is empty.
2026-09-14 19:26:59.142 xcodebuild[73142:1962084] [MT] IDERunDestination: Supported platforms for the buildables in the current scheme is empty.
2026-09-14 19:27:00.976 xcodebuild[73142:1962084] [MT] IDERunDestination: Supported platforms for the buildables in the current scheme is empty.
2026-09-14 19:27:13.908 xcodebuild[73142:1962084] [MT] IDELaunchParametersSnapshot: The operation couldn’t be completed. (DebuggerLLDB.DebuggerVersionStore.StoreError error 0.)
2026-09-14 19:27:13.908 xcodebuild[73142:1962084] [MT] IDELaunchParametersSnapshot: no debugger version
2026-09-14 19:27:50.141 xcodebuild[73142:1962084] [MT] IDELaunchParametersSnapshot: The operation couldn’t be completed. (DebuggerLLDB.DebuggerVersionStore.StoreError error 0.)
2026-09-14 19:27:50.141 xcodebuild[73142:1962084] [MT] IDELaunchParametersSnapshot: no debugger version
2026-09-14 19:28:08.406 xcodebuild[73142:1962084] [MT] IDETestOperationsObserverDebug: 67.420 elapsed -- Testing started completed.
2026-09-14 19:28:08.406 xcodebuild[73142:1962084] [MT] IDETestOperationsObserverDebug: 0.000 sec, +0.000 sec -- start
2026-09-14 19:28:08.406 xcodebuild[73142:1962084] [MT] IDETestOperationsObserverDebug: 67.420 sec, +67.420 sec -- end
