Command line invocation:
    /Applications/Xcode.app/Contents/Developer/usr/bin/xcodebuild test-without-building -xctestrun LOCAL_HOME/ace-private/mcx19b-orientation-repair-20260915/08-copy-confirmation-diagnosis/native-uninstrumented-prefix-probe/batches/001/ACEClientAppUITests.xctestrun -destination id=2EB0863C-470E-467D-A0C6-CD216DA70C67 -parallel-testing-enabled NO "-only-testing:ACEClientAppUITests/ACEClientAppUITests/testCoverageBatch" -resultBundlePath LOCAL_HOME/ace-private/mcx19b-orientation-repair-20260915/08-copy-confirmation-diagnosis/native-uninstrumented-prefix-probe/batches/001/result.xcresult

Writing result bundle at path:
	LOCAL_HOME/ace-private/mcx19b-orientation-repair-20260915/08-copy-confirmation-diagnosis/native-uninstrumented-prefix-probe/batches/001/result.xcresult

2026-09-15 20:59:07.822282+1000 ACEClientAppUITests-Runner[58135:4932912] [Default] Running tests...
2026-09-15 20:59:08.049779+1000 ACEClientAppUITests-Runner[58135:4932990] [General] Failed to send CA Event for app launch measurements for ca_event_type: 0 event_name: com.apple.app_launch_measurement.FirstFramePresentationMetric
    t =      nans Interface orientation changed to Portrait
Test Suite 'Selected tests' started at 2026-09-15 20:59:10.899.
Test Suite 'ACEClientAppUITests.xctest' started at 2026-09-15 20:59:10.901.
Test Suite 'ACEClientAppUITests' started at 2026-09-15 20:59:10.902.
Test Case '-[ACEClientAppUITests.ACEClientAppUITests testCoverageBatch]' started.
    t =     0.01s Start Test at 2026-09-15 20:59:10.910
2026-09-15 20:59:11.021671+1000 ACEClientAppUITests-Runner[58135:4932994] [General] Failed to send CA Event for app launch measurements for ca_event_type: 1 event_name: com.apple.app_launch_measurement.ExtendedLaunchMetrics
    t =     0.20s Set Up
    t =     0.22s Setting device orientation to Portrait
    t =     0.28s     Wait for com.apple.springboard to idle
    t =     0.34s Open com.example.aceclientapp
    t =     0.34s     Launch com.example.aceclientapp
    t =     2.39s         Setting up automation session
    t =     6.98s         Wait for com.example.aceclientapp to idle
    t =     9.61s Waiting 5.0s for "Sign In heading" StaticText to exist
    t =    10.69s     Checking `Expect predicate `existsNoRetry == 1` for object "Sign In heading" StaticText`
    t =    10.69s         Checking existence of `"Sign In heading" StaticText`
    t =    10.91s Find the "Sign In heading" StaticText
    t =    11.04s Find the Target Application 'com.example.aceclientapp'
ACE_ORIENTATION_READ_STARTED {"requested":"portrait"}
    t =    11.09s Find the Target Application 'com.example.aceclientapp'
ACE_ORIENTATION_FRAME {"elapsedReadSeconds":0.057944550004322082,"frame":{"height":"874.0","width":"402.0","x":"0.0","y":"0.0"},"outcome":"match","requested":"portrait"}
    t =    11.15s Waiting 5.0s for "Effective interface style" Any to exist
    t =    12.24s     Checking `Expect predicate `existsNoRetry == 1` for object "Effective interface style" Any`
    t =    12.24s         Checking existence of `"Effective interface style" Any`
    t =    13.38s Find the "Effective interface style" Any
    t =    13.43s Find the "Effective interface style" CollectionView
    t =    13.48s Find the Target Application 'com.example.aceclientapp'
    t =    13.98s Added attachment named 'Coverage pilot.iPhone-17.signIn.light.large.portrait.0.0.0 viewport initial'
    t =    17.70s Checking existence of `"Username" TextField`
    t =    17.79s Checking existence of `"Password" SecureTextField`
    t =    17.86s Find the "Sign in" Button
    t =    17.95s Find the Target Application 'com.example.aceclientapp'
    t =    18.00s Find the "Sign in" Button
    t =    18.18s Checking existence of `"Sign in" Button`
    t =    18.26s Find the "Sign in" Button
    t =    18.39s Find the "Sign in" Button
    t =    18.48s Find the "Sign in" Button
    t =    18.59s Find the Target Application 'com.example.aceclientapp'
    t =    19.04s Added attachment named 'Coverage pilot.iPhone-17.signIn.light.large.portrait.0.0.0 viewport control-Sign in'
ACE_CASE_RESULT {"auditInvocations":1,"id":"pilot.iPhone-17.signIn.light.large.portrait.0.0.0","observed":{"appearance":"light","boldText":false,"contentSize":"large","increaseContrast":false,"orientation":"portrait","reduceMotion":false},"result":"passed","scenario":"signIn","screenshots":["Coverage pilot.iPhone-17.signIn.light.large.portrait.0.0.0 viewport initial","Coverage pilot.iPhone-17.signIn.light.large.portrait.0.0.0 viewport control-Sign in"]}
    t =    19.04s Terminate com.example.aceclientapp:58146
    t =    20.08s Setting device orientation to Portrait
    t =    20.10s     Wait for com.apple.springboard to idle
    t =    20.12s Open com.example.aceclientapp
    t =    20.12s     Launch com.example.aceclientapp
    t =    20.98s         Setting up automation session
    t =    24.60s         Wait for com.example.aceclientapp to idle
    t =    27.13s Waiting 5.0s for "Current Release" StaticText to exist
    t =    28.21s     Checking `Expect predicate `existsNoRetry == 1` for object "Current Release" StaticText`
    t =    28.21s         Checking existence of `"Current Release" StaticText`
    t =    28.43s Find the "Current Release" StaticText
    t =    28.52s Find the Target Application 'com.example.aceclientapp'
ACE_ORIENTATION_READ_STARTED {"requested":"portrait"}
    t =    28.58s Find the Target Application 'com.example.aceclientapp'
ACE_ORIENTATION_FRAME {"elapsedReadSeconds":0.044822727999417111,"frame":{"height":"874.0","width":"402.0","x":"0.0","y":"0.0"},"outcome":"match","requested":"portrait"}
    t =    28.63s Waiting 5.0s for "Effective interface style" Any to exist
    t =    29.71s     Checking `Expect predicate `existsNoRetry == 1` for object "Effective interface style" Any`
    t =    29.71s         Checking existence of `"Effective interface style" Any`
    t =    30.80s Find the "Effective interface style" Any
    t =    30.85s Find the "Effective interface style" ScrollView
    t =    30.90s Find the Target Application 'com.example.aceclientapp'
    t =    31.40s Added attachment named 'Coverage pilot.iPhone-17.release.light.large.portrait.0.0.0 viewport initial'
    t =    36.84s Waiting 5.0s for ScrollView (First Match) to exist
    t =    37.92s     Checking `Expect predicate `existsNoRetry == 1` for object ScrollView (First Match)`
    t =    37.92s         Checking existence of `ScrollView (First Match)`
    t =    37.95s Checking existence of `Any (First Match)`
    t =    38.01s Find the Any (First Match)
    t =    38.14s Find the "Engagement name: Fictional Engagement" StaticText
    t =    38.20s Find the ScrollView (First Match)
    t =    38.26s Checking existence of `"Engagement name: Fictional Engagement" StaticText`
    t =    38.32s Find the "Engagement name: Fictional Engagement" StaticText
    t =    38.54s Find the "Engagement name: Fictional Engagement" StaticText
    t =    38.64s Find the ScrollView (First Match)
    t =    38.68s Find the Target Application 'com.example.aceclientapp'
    t =    39.18s Added attachment named 'Coverage pilot.iPhone-17.release.light.large.portrait.0.0.0 viewport value-Engagement name'
    t =    39.19s Waiting 5.0s for ScrollView (First Match) to exist
    t =    40.27s     Checking `Expect predicate `existsNoRetry == 1` for object ScrollView (First Match)`
    t =    40.27s         Checking existence of `ScrollView (First Match)`
    t =    40.30s Checking existence of `Any (First Match)`
    t =    40.38s Find the Any (First Match)
    t =    40.52s Find the "Review status: RELEASED" StaticText
    t =    40.60s Find the ScrollView (First Match)
    t =    40.66s Checking existence of `"Review status: RELEASED" StaticText`
    t =    40.72s Find the "Review status: RELEASED" StaticText
    t =    40.83s Find the "Review status: RELEASED" StaticText
    t =    40.91s Find the ScrollView (First Match)
    t =    40.98s Find the Target Application 'com.example.aceclientapp'
    t =    41.44s Added attachment named 'Coverage pilot.iPhone-17.release.light.large.portrait.0.0.0 viewport value-Review status'
    t =    41.44s Waiting 5.0s for ScrollView (First Match) to exist
    t =    42.52s     Checking `Expect predicate `existsNoRetry == 1` for object ScrollView (First Match)`
    t =    42.52s         Checking existence of `ScrollView (First Match)`
    t =    42.55s Checking existence of `Any (First Match)`
    t =    42.62s Find the Any (First Match)
    t =    42.77s Find the "Release version: 1" StaticText
    t =    42.85s Find the ScrollView (First Match)
    t =    42.91s Checking existence of `"Release version: 1" StaticText`
    t =    42.99s Find the "Release version: 1" StaticText
    t =    43.12s Find the "Release version: 1" StaticText
    t =    43.24s Find the ScrollView (First Match)
    t =    43.29s Find the Target Application 'com.example.aceclientapp'
    t =    43.74s Added attachment named 'Coverage pilot.iPhone-17.release.light.large.portrait.0.0.0 viewport value-Release version'
    t =    43.75s Waiting 5.0s for ScrollView (First Match) to exist
    t =    44.81s     Checking `Expect predicate `existsNoRetry == 1` for object ScrollView (First Match)`
    t =    44.81s         Checking existence of `ScrollView (First Match)`
    t =    44.84s Checking existence of `Any (First Match)`
    t =    44.91s Find the Any (First Match)
    t =    45.04s Find the "Published date and time: 2026-08-24T10:15:30Z" StaticText
    t =    45.12s Find the ScrollView (First Match)
    t =    45.18s Checking existence of `"Published date and time: 2026-08-24T10:15:30Z" StaticText`
    t =    45.26s Find the "Published date and time: 2026-08-24T10:15:30Z" StaticText
    t =    45.39s Find the "Published date and time: 2026-08-24T10:15:30Z" StaticText
    t =    45.48s Find the ScrollView (First Match)
    t =    45.52s Find the Target Application 'com.example.aceclientapp'
    t =    45.98s Added attachment named 'Coverage pilot.iPhone-17.release.light.large.portrait.0.0.0 viewport value-Published date and time'
    t =    45.99s Waiting 5.0s for ScrollView (First Match) to exist
    t =    47.05s     Checking `Expect predicate `existsNoRetry == 1` for object ScrollView (First Match)`
    t =    47.05s         Checking existence of `ScrollView (First Match)`
    t =    47.09s Checking existence of `Any (First Match)`
    t =    47.22s Find the Any (First Match)
    t =    47.38s Find the "Conclusion title: Fictional conclusion" StaticText
    t =    47.47s Find the ScrollView (First Match)
    t =    47.56s Checking existence of `"Conclusion title: Fictional conclusion" StaticText`
    t =    47.65s Find the "Conclusion title: Fictional conclusion" StaticText
    t =    47.82s Find the "Conclusion title: Fictional conclusion" StaticText
    t =    47.91s Find the ScrollView (First Match)
    t =    47.95s Find the Target Application 'com.example.aceclientapp'
    t =    48.42s Added attachment named 'Coverage pilot.iPhone-17.release.light.large.portrait.0.0.0 viewport value-Conclusion title'
    t =    48.42s Waiting 5.0s for ScrollView (First Match) to exist
    t =    49.44s     Checking `Expect predicate `existsNoRetry == 1` for object ScrollView (First Match)`
    t =    49.45s         Checking existence of `ScrollView (First Match)`
    t =    49.47s Checking existence of `Any (First Match)`
    t =    49.54s Find the Any (First Match)
    t =    49.68s Find the "Conclusion summary: Fictional summary" StaticText
    t =    49.79s Find the ScrollView (First Match)
    t =    49.85s Checking existence of `"Conclusion summary: Fictional summary" StaticText`
    t =    49.91s Find the "Conclusion summary: Fictional summary" StaticText
    t =    50.03s Find the "Conclusion summary: Fictional summary" StaticText
    t =    50.12s Find the ScrollView (First Match)
    t =    50.16s Find the Target Application 'com.example.aceclientapp'
    t =    50.65s Added attachment named 'Coverage pilot.iPhone-17.release.light.large.portrait.0.0.0 viewport value-Conclusion summary'
    t =    50.65s Waiting 5.0s for ScrollView (First Match) to exist
    t =    51.71s     Checking `Expect predicate `existsNoRetry == 1` for object ScrollView (First Match)`
    t =    51.71s         Checking existence of `ScrollView (First Match)`
    t =    51.76s Checking existence of `Any (First Match)`
    t =    51.83s Find the Any (First Match)
    t =    51.97s Find the "Evidence reference: FICTIONAL-REF-001" StaticText
    t =    52.05s Find the ScrollView (First Match)
    t =    52.10s Checking existence of `"Evidence reference: FICTIONAL-REF-001" StaticText`
    t =    52.16s Find the "Evidence reference: FICTIONAL-REF-001" StaticText
    t =    52.32s Find the "Evidence reference: FICTIONAL-REF-001" StaticText
    t =    52.44s Find the ScrollView (First Match)
    t =    52.50s Find the Target Application 'com.example.aceclientapp'
    t =    52.92s Added attachment named 'Coverage pilot.iPhone-17.release.light.large.portrait.0.0.0 viewport value-Evidence reference'
    t =    52.92s Waiting 5.0s for ScrollView (First Match) to exist
    t =    54.00s     Checking `Expect predicate `existsNoRetry == 1` for object ScrollView (First Match)`
    t =    54.00s         Checking existence of `ScrollView (First Match)`
    t =    54.03s Checking existence of `Any (First Match)`
    t =    54.13s Find the Any (First Match)
    t =    54.30s Find the "Action description: Fictional action" StaticText
    t =    54.49s Find the ScrollView (First Match)
    t =    54.59s Checking existence of `"Action description: Fictional action" StaticText`
    t =    54.69s Find the "Action description: Fictional action" StaticText
    t =    54.87s Find the "Action description: Fictional action" StaticText
    t =    54.99s Find the ScrollView (First Match)
    t =    55.03s Find the Target Application 'com.example.aceclientapp'
    t =    55.45s Added attachment named 'Coverage pilot.iPhone-17.release.light.large.portrait.0.0.0 viewport value-Action description'
    t =    55.45s Waiting 5.0s for ScrollView (First Match) to exist
    t =    56.52s     Checking `Expect predicate `existsNoRetry == 1` for object ScrollView (First Match)`
    t =    56.52s         Checking existence of `ScrollView (First Match)`
    t =    56.55s Checking existence of `Any (First Match)`
    t =    56.66s Find the Any (First Match)
    t =    56.84s Find the "Action owner: Fictional owner" StaticText
    t =    57.02s Find the ScrollView (First Match)
    t =    57.10s Find the "Effective interface style" ScrollView
    t =    57.16s Checking existence of `"Action owner: Fictional owner" StaticText`
    t =    57.28s Find the "Action owner: Fictional owner" StaticText
    t =    57.44s Press "Effective interface style" ScrollView[0.50, 0.72] for 0.1 seconds, then drag to "Effective interface style" ScrollView[0.50, 0.28] with velocity of 500.00 pixels per second, and then hold for 0.0 seconds 
    t =    57.44s     Wait for com.example.aceclientapp to idle
    t =    57.45s     Find the "Effective interface style" ScrollView
    t =    57.50s     Check for interrupting elements affecting "Effective interface style" ScrollView
    t =    57.58s     Synthesize event
    t =    57.60s         Find the "Effective interface style" ScrollView
    t =    57.69s         Find the "Effective interface style" ScrollView
    t =    57.79s         Find the "Effective interface style" ScrollView
    t =    57.90s         Find the "Effective interface style" ScrollView
    t =    57.98s         Find the "Effective interface style" ScrollView
    t =    59.23s     Wait for com.example.aceclientapp to idle
    t =    59.26s Checking existence of `"Action owner: Fictional owner" StaticText`
    t =    59.37s Find the "Action owner: Fictional owner" StaticText
    t =    59.57s Find the "Action owner: Fictional owner" StaticText
    t =    59.71s Find the "Effective interface style" ScrollView
    t =    59.79s Checking existence of `"Action owner: Fictional owner" StaticText`
    t =    59.92s Find the "Action owner: Fictional owner" StaticText
    t =    60.09s Find the "Action owner: Fictional owner" StaticText
    t =    60.21s Find the ScrollView (First Match)
    t =    60.25s Find the Target Application 'com.example.aceclientapp'
    t =    60.68s Added attachment named 'Coverage pilot.iPhone-17.release.light.large.portrait.0.0.0 viewport value-Action owner'
    t =    60.68s Waiting 5.0s for ScrollView (First Match) to exist
    t =    61.73s     Checking `Expect predicate `existsNoRetry == 1` for object ScrollView (First Match)`
    t =    61.73s         Checking existence of `ScrollView (First Match)`
    t =    61.77s Checking existence of `Any (First Match)`
    t =    61.88s Find the Any (First Match)
    t =    62.06s Find the "Action target date: 2026-08-25" StaticText
    t =    62.18s Find the ScrollView (First Match)
    t =    62.26s Checking existence of `"Action target date: 2026-08-25" StaticText`
    t =    62.37s Find the "Action target date: 2026-08-25" StaticText
    t =    62.56s Find the "Action target date: 2026-08-25" StaticText
    t =    62.69s Find the ScrollView (First Match)
    t =    62.73s Find the Target Application 'com.example.aceclientapp'
    t =    63.16s Added attachment named 'Coverage pilot.iPhone-17.release.light.large.portrait.0.0.0 viewport value-Action target date'
    t =    63.17s Waiting 5.0s for ScrollView (First Match) to exist
    t =    64.25s     Checking `Expect predicate `existsNoRetry == 1` for object ScrollView (First Match)`
    t =    64.26s         Checking existence of `ScrollView (First Match)`
    t =    64.30s Checking existence of `Any (First Match)`
    t =    64.46s Find the Any (First Match)
    t =    64.63s Find the "Action status: OPEN" StaticText
    t =    64.85s Find the ScrollView (First Match)
    t =    64.92s Checking existence of `"Action status: OPEN" StaticText`
    t =    65.06s Find the "Action status: OPEN" StaticText
    t =    65.24s Find the "Action status: OPEN" StaticText
    t =    65.42s Find the ScrollView (First Match)
    t =    65.46s Find the Target Application 'com.example.aceclientapp'
    t =    65.88s Added attachment named 'Coverage pilot.iPhone-17.release.light.large.portrait.0.0.0 viewport value-Action status'
    t =    65.88s Waiting 5.0s for ScrollView (First Match) to exist
    t =    66.94s     Checking `Expect predicate `existsNoRetry == 1` for object ScrollView (First Match)`
    t =    66.94s         Checking existence of `ScrollView (First Match)`
    t =    66.97s Checking existence of `"Copy action 1" Button`
    t =    67.08s Find the "Copy action 1" Button
    t =    67.23s Find the "Copy action 1" Button
    t =    67.32s Find the ScrollView (First Match)
    t =    67.38s Checking existence of `"Copy action 1" Button`
    t =    67.48s Find the "Copy action 1" Button
    t =    67.64s Find the "Copy action 1" Button
    t =    67.77s Find the "Copy action 1" Button
    t =    67.86s Waiting 5.0s for ScrollView (First Match) to exist
    t =    68.89s     Checking `Expect predicate `existsNoRetry == 1` for object ScrollView (First Match)`
    t =    68.89s         Checking existence of `ScrollView (First Match)`
    t =    68.92s Checking existence of `"Refresh current release" Button`
    t =    68.99s Find the "Refresh current release" Button
    t =    69.13s Find the "Refresh current release" Button
    t =    69.24s Find the ScrollView (First Match)
    t =    69.29s Checking existence of `"Refresh current release" Button`
    t =    69.38s Find the "Refresh current release" Button
    t =    69.50s Find the "Refresh current release" Button
    t =    69.61s Find the "Refresh current release" Button
    t =    69.72s Waiting 5.0s for ScrollView (First Match) to exist
    t =    70.79s     Checking `Expect predicate `existsNoRetry == 1` for object ScrollView (First Match)`
    t =    70.79s         Checking existence of `ScrollView (First Match)`
    t =    70.81s Checking existence of `"Sign out" Button`
    t =    70.89s Find the "Sign out" Button
    t =    71.05s Find the "Sign out" Button
    t =    71.17s Find the ScrollView (First Match)
    t =    71.23s Checking existence of `"Sign out" Button`
    t =    71.31s Find the "Sign out" Button
    t =    71.43s Find the "Sign out" Button
    t =    71.55s Find the "Sign out" Button
    t =    71.66s Find the Target Application 'com.example.aceclientapp'
    t =    73.10s Added attachment named 'Coverage pilot.iPhone-17.release.light.large.portrait.0.0.0 viewport release-final'
ACE_CASE_RESULT {"auditInvocations":2,"id":"pilot.iPhone-17.release.light.large.portrait.0.0.0","observed":{"appearance":"light","boldText":false,"contentSize":"large","increaseContrast":false,"orientation":"portrait","reduceMotion":false},"result":"passed","scenario":"release","screenshots":["Coverage pilot.iPhone-17.release.light.large.portrait.0.0.0 viewport initial","Coverage pilot.iPhone-17.release.light.large.portrait.0.0.0 viewport value-Engagement name","Coverage pilot.iPhone-17.release.light.large.portrait.0.0.0 viewport value-Review status","Coverage pilot.iPhone-17.release.light.large.portrait.0.0.0 viewport value-Release version","Coverage pilot.iPhone-17.release.light.large.portrait.0.0.0 viewport value-Published date and time","Coverage pilot.iPhone-17.release.light.large.portrait.0.0.0 viewport value-Conclusion title","Coverage pilot.iPhone-17.release.light.large.portrait.0.0.0 viewport value-Conclusion summary","Coverage pilot.iPhone-17.release.light.large.portrait.0.0.0 viewport value-Evidence reference","Coverage pilot.iPhone-17.release.light.large.portrait.0.0.0 viewport value-Action description","Coverage pilot.iPhone-17.release.light.large.portrait.0.0.0 viewport value-Action owner","Coverage pilot.iPhone-17.release.light.large.portrait.0.0.0 viewport value-Action target date","Coverage pilot.iPhone-17.release.light.large.portrait.0.0.0 viewport value-Action status","Coverage pilot.iPhone-17.release.light.large.portrait.0.0.0 viewport release-final"]}
    t =    77.52s Terminate com.example.aceclientapp:58174
    t =    78.57s Setting device orientation to Portrait
    t =    78.59s     Wait for com.apple.springboard to idle
    t =    78.60s Open com.example.aceclientapp
    t =    78.61s     Launch com.example.aceclientapp
    t =    79.26s         Setting up automation session
    t =    83.00s         Wait for com.example.aceclientapp to idle
    t =    85.44s Waiting 5.0s for "Current Release" StaticText to exist
    t =    86.52s     Checking `Expect predicate `existsNoRetry == 1` for object "Current Release" StaticText`
    t =    86.52s         Checking existence of `"Current Release" StaticText`
    t =    86.75s Find the "Current Release" StaticText
    t =    86.83s Find the Target Application 'com.example.aceclientapp'
ACE_ORIENTATION_READ_STARTED {"requested":"portrait"}
    t =    86.88s Find the Target Application 'com.example.aceclientapp'
ACE_ORIENTATION_FRAME {"elapsedReadSeconds":0.044729207991622388,"frame":{"height":"874.0","width":"402.0","x":"0.0","y":"0.0"},"outcome":"match","requested":"portrait"}
    t =    86.92s Waiting 5.0s for "Effective interface style" Any to exist
    t =    87.95s     Checking `Expect predicate `existsNoRetry == 1` for object "Effective interface style" Any`
    t =    87.95s         Checking existence of `"Effective interface style" Any`
    t =    89.07s Find the "Effective interface style" Any
    t =    89.12s Find the "Effective interface style" ScrollView
    t =    89.16s Find the Target Application 'com.example.aceclientapp'
    t =    89.65s Added attachment named 'Coverage pilot.iPhone-17.noConclusion.light.large.portrait.0.0.0 viewport initial'
    t =    93.89s Waiting 5.0s for ScrollView (First Match) to exist
    t =    94.94s     Checking `Expect predicate `existsNoRetry == 1` for object ScrollView (First Match)`
    t =    94.94s         Checking existence of `ScrollView (First Match)`
    t =    94.98s Checking existence of `Any (First Match)`
    t =    95.13s Find the Any (First Match)
    t =    95.30s Find the "Engagement name: Fictional Engagement" StaticText
    t =    95.38s Find the ScrollView (First Match)
    t =    95.45s Checking existence of `"Engagement name: Fictional Engagement" StaticText`
    t =    95.53s Find the "Engagement name: Fictional Engagement" StaticText
    t =    95.67s Find the "Engagement name: Fictional Engagement" StaticText
    t =    95.78s Find the ScrollView (First Match)
    t =    95.82s Find the Target Application 'com.example.aceclientapp'
    t =    96.29s Added attachment named 'Coverage pilot.iPhone-17.noConclusion.light.large.portrait.0.0.0 viewport value-Engagement name'
    t =    96.30s Waiting 5.0s for ScrollView (First Match) to exist
    t =    97.35s     Checking `Expect predicate `existsNoRetry == 1` for object ScrollView (First Match)`
    t =    97.35s         Checking existence of `ScrollView (First Match)`
    t =    97.38s Checking existence of `Any (First Match)`
    t =    97.44s Find the Any (First Match)
    t =    97.55s Find the "Review status: RELEASED" StaticText
    t =    97.62s Find the ScrollView (First Match)
    t =    97.72s Checking existence of `"Review status: RELEASED" StaticText`
    t =    97.78s Find the "Review status: RELEASED" StaticText
    t =    97.94s Find the "Review status: RELEASED" StaticText
    t =    98.03s Find the ScrollView (First Match)
    t =    98.07s Find the Target Application 'com.example.aceclientapp'
    t =    98.59s Added attachment named 'Coverage pilot.iPhone-17.noConclusion.light.large.portrait.0.0.0 viewport value-Review status'
    t =    98.59s Waiting 5.0s for ScrollView (First Match) to exist
    t =    99.63s     Checking `Expect predicate `existsNoRetry == 1` for object ScrollView (First Match)`
    t =    99.63s         Checking existence of `ScrollView (First Match)`
    t =    99.66s Checking existence of `Any (First Match)`
    t =    99.72s Find the Any (First Match)
    t =    99.83s Find the "Release version: 1" StaticText
    t =    99.90s Find the ScrollView (First Match)
    t =    99.97s Checking existence of `"Release version: 1" StaticText`
    t =   100.06s Find the "Release version: 1" StaticText
    t =   100.21s Find the "Release version: 1" StaticText
    t =   100.28s Find the ScrollView (First Match)
    t =   100.32s Find the Target Application 'com.example.aceclientapp'
    t =   100.81s Added attachment named 'Coverage pilot.iPhone-17.noConclusion.light.large.portrait.0.0.0 viewport value-Release version'
    t =   100.82s Waiting 5.0s for ScrollView (First Match) to exist
    t =   101.84s     Checking `Expect predicate `existsNoRetry == 1` for object ScrollView (First Match)`
    t =   101.85s         Checking existence of `ScrollView (First Match)`
    t =   101.88s Checking existence of `Any (First Match)`
    t =   101.93s Find the Any (First Match)
    t =   102.07s Find the "Published date and time: 2026-08-24T10:15:30Z" StaticText
    t =   102.16s Find the ScrollView (First Match)
    t =   102.23s Checking existence of `"Published date and time: 2026-08-24T10:15:30Z" StaticText`
    t =   102.30s Find the "Published date and time: 2026-08-24T10:15:30Z" StaticText
    t =   102.43s Find the "Published date and time: 2026-08-24T10:15:30Z" StaticText
    t =   102.51s Find the ScrollView (First Match)
    t =   102.55s Find the Target Application 'com.example.aceclientapp'
    t =   103.04s Added attachment named 'Coverage pilot.iPhone-17.noConclusion.light.large.portrait.0.0.0 viewport value-Published date and time'
    t =   103.05s Waiting 5.0s for ScrollView (First Match) to exist
    t =   104.08s     Checking `Expect predicate `existsNoRetry == 1` for object ScrollView (First Match)`
    t =   104.08s         Checking existence of `ScrollView (First Match)`
    t =   104.12s Checking existence of `Any (First Match)`
    t =   104.23s Find the Any (First Match)
    t =   104.43s Find the "Action description: Fictional action" StaticText
    t =   104.57s Find the ScrollView (First Match)
    t =   104.65s Checking existence of `"Action description: Fictional action" StaticText`
    t =   104.78s Find the "Action description: Fictional action" StaticText
    t =   105.00s Find the "Action description: Fictional action" StaticText
    t =   105.14s Find the ScrollView (First Match)
    t =   105.19s Find the Target Application 'com.example.aceclientapp'
    t =   105.94s Added attachment named 'Coverage pilot.iPhone-17.noConclusion.light.large.portrait.0.0.0 viewport value-Action description'
    t =   105.95s Waiting 5.0s for ScrollView (First Match) to exist
    t =   107.00s     Checking `Expect predicate `existsNoRetry == 1` for object ScrollView (First Match)`
    t =   107.00s         Checking existence of `ScrollView (First Match)`
    t =   107.04s Checking existence of `Any (First Match)`
    t =   107.15s Find the Any (First Match)
    t =   107.39s Find the "Action owner: Fictional owner" StaticText
    t =   107.53s Find the ScrollView (First Match)
    t =   107.62s Checking existence of `"Action owner: Fictional owner" StaticText`
    t =   107.73s Find the "Action owner: Fictional owner" StaticText
    t =   107.93s Find the "Action owner: Fictional owner" StaticText
    t =   108.08s Find the ScrollView (First Match)
    t =   108.14s Find the Target Application 'com.example.aceclientapp'
    t =   108.69s Added attachment named 'Coverage pilot.iPhone-17.noConclusion.light.large.portrait.0.0.0 viewport value-Action owner'
    t =   108.69s Waiting 5.0s for ScrollView (First Match) to exist
    t =   109.78s     Checking `Expect predicate `existsNoRetry == 1` for object ScrollView (First Match)`
    t =   109.78s         Checking existence of `ScrollView (First Match)`
    t =   109.81s Checking existence of `Any (First Match)`
    t =   109.93s Find the Any (First Match)
    t =   110.20s Find the "Action target date: 2026-08-25" StaticText
    t =   110.36s Find the ScrollView (First Match)
    t =   110.46s Checking existence of `"Action target date: 2026-08-25" StaticText`
    t =   110.60s Find the "Action target date: 2026-08-25" StaticText
    t =   110.81s Find the "Action target date: 2026-08-25" StaticText
    t =   110.96s Find the ScrollView (First Match)
    t =   111.03s Find the Target Application 'com.example.aceclientapp'
    t =   111.74s Added attachment named 'Coverage pilot.iPhone-17.noConclusion.light.large.portrait.0.0.0 viewport value-Action target date'
    t =   111.74s Waiting 5.0s for ScrollView (First Match) to exist
    t =   112.82s     Checking `Expect predicate `existsNoRetry == 1` for object ScrollView (First Match)`
    t =   112.82s         Checking existence of `ScrollView (First Match)`
    t =   112.85s Checking existence of `Any (First Match)`
    t =   112.97s Find the Any (First Match)
    t =   113.15s Find the "Action status: OPEN" StaticText
    t =   113.30s Find the ScrollView (First Match)
    t =   113.38s Checking existence of `"Action status: OPEN" StaticText`
    t =   113.50s Find the "Action status: OPEN" StaticText
    t =   113.77s Find the "Action status: OPEN" StaticText
    t =   113.92s Find the ScrollView (First Match)
    t =   113.97s Find the Target Application 'com.example.aceclientapp'
    t =   114.50s Added attachment named 'Coverage pilot.iPhone-17.noConclusion.light.large.portrait.0.0.0 viewport value-Action status'
    t =   114.50s Waiting 5.0s for ScrollView (First Match) to exist
    t =   115.54s     Checking `Expect predicate `existsNoRetry == 1` for object ScrollView (First Match)`
    t =   115.55s         Checking existence of `ScrollView (First Match)`
    t =   115.58s Checking existence of `"Copy action 1" Button`
    t =   115.69s Find the "Copy action 1" Button
    t =   115.92s Find the "Copy action 1" Button
    t =   116.05s Find the ScrollView (First Match)
    t =   116.11s Checking existence of `"Copy action 1" Button`
    t =   116.20s Find the "Copy action 1" Button
    t =   116.39s Find the "Copy action 1" Button
    t =   116.51s Find the "Copy action 1" Button
    t =   116.62s Waiting 5.0s for ScrollView (First Match) to exist
    t =   117.67s     Checking `Expect predicate `existsNoRetry == 1` for object ScrollView (First Match)`
    t =   117.67s         Checking existence of `ScrollView (First Match)`
    t =   117.70s Checking existence of `"Refresh current release" Button`
    t =   117.79s Find the "Refresh current release" Button
    t =   117.94s Find the ScrollView (First Match)
    t =   118.00s Checking existence of `"Refresh current release" Button`
    t =   118.08s Find the "Refresh current release" Button
    t =   118.26s Press "Effective interface style" ScrollView[0.50, 0.72] for 0.1 seconds, then drag to "Effective interface style" ScrollView[0.50, 0.28] with velocity of 500.00 pixels per second, and then hold for 0.0 seconds 
    t =   118.26s     Wait for com.example.aceclientapp to idle
    t =   118.27s     Find the "Effective interface style" ScrollView
    t =   118.33s     Check for interrupting elements affecting "Effective interface style" ScrollView
    t =   118.42s     Synthesize event
    t =   118.43s         Find the "Effective interface style" ScrollView
    t =   118.50s         Find the "Effective interface style" ScrollView
    t =   118.67s         Find the "Effective interface style" ScrollView
    t =   118.75s         Find the "Effective interface style" ScrollView
    t =   118.95s         Find the "Effective interface style" ScrollView
    t =   120.10s     Wait for com.example.aceclientapp to idle
    t =   120.63s Checking existence of `"Refresh current release" Button`
    t =   120.88s Find the "Refresh current release" Button
    t =   121.04s Find the "Refresh current release" Button
    t =   121.19s Find the "Effective interface style" ScrollView
    t =   121.25s Checking existence of `"Refresh current release" Button`
    t =   121.35s Find the "Refresh current release" Button
    t =   121.54s Find the "Refresh current release" Button
    t =   121.71s Find the "Refresh current release" Button
    t =   121.83s Waiting 5.0s for ScrollView (First Match) to exist
    t =   122.86s     Checking `Expect predicate `existsNoRetry == 1` for object ScrollView (First Match)`
    t =   122.86s         Checking existence of `ScrollView (First Match)`
    t =   122.89s Checking existence of `"Sign out" Button`
    t =   122.98s Find the "Sign out" Button
    t =   123.20s Find the "Sign out" Button
    t =   123.33s Find the ScrollView (First Match)
    t =   123.40s Checking existence of `"Sign out" Button`
    t =   123.50s Find the "Sign out" Button
    t =   123.71s Find the "Sign out" Button
    t =   123.85s Find the "Sign out" Button
    t =   123.94s Waiting 5.0s for ScrollView (First Match) to exist
    t =   125.02s     Checking `Expect predicate `existsNoRetry == 1` for object ScrollView (First Match)`
    t =   125.03s         Checking existence of `ScrollView (First Match)`
    t =   125.08s Checking existence of `Any (First Match)`
    t =   125.17s Find the Any (First Match)
    t =   125.39s Find the "No conclusion is available." StaticText
    t =   125.53s Find the ScrollView (First Match)
    t =   125.62s Checking existence of `"No conclusion is available." StaticText`
    t =   125.74s Find the "No conclusion is available." StaticText
    t =   125.95s Find the "No conclusion is available." StaticText
    t =   126.08s Find the ScrollView (First Match)
    t =   126.22s Find the Target Application 'com.example.aceclientapp'
    t =   127.16s Added attachment named 'Coverage pilot.iPhone-17.noConclusion.light.large.portrait.0.0.0 viewport no-conclusion-notice'
ACE_CASE_RESULT {"auditInvocations":2,"id":"pilot.iPhone-17.noConclusion.light.large.portrait.0.0.0","observed":{"appearance":"light","boldText":false,"contentSize":"large","increaseContrast":false,"orientation":"portrait","reduceMotion":false},"result":"passed","scenario":"noConclusion","screenshots":["Coverage pilot.iPhone-17.noConclusion.light.large.portrait.0.0.0 viewport initial","Coverage pilot.iPhone-17.noConclusion.light.large.portrait.0.0.0 viewport value-Engagement name","Coverage pilot.iPhone-17.noConclusion.light.large.portrait.0.0.0 viewport value-Review status","Coverage pilot.iPhone-17.noConclusion.light.large.portrait.0.0.0 viewport value-Release version","Coverage pilot.iPhone-17.noConclusion.light.large.portrait.0.0.0 viewport value-Published date and time","Coverage pilot.iPhone-17.noConclusion.light.large.portrait.0.0.0 viewport value-Action description","Coverage pilot.iPhone-17.noConclusion.light.large.portrait.0.0.0 viewport value-Action owner","Coverage pilot.iPhone-17.noConclusion.light.large.portrait.0.0.0 viewport value-Action target date","Coverage pilot.iPhone-17.noConclusion.light.large.portrait.0.0.0 viewport value-Action status","Coverage pilot.iPhone-17.noConclusion.light.large.portrait.0.0.0 viewport no-conclusion-notice"]}
    t =   134.56s Terminate com.example.aceclientapp:58268
    t =   135.59s Setting device orientation to Portrait
    t =   135.66s     Wait for com.apple.springboard to idle
    t =   135.71s Open com.example.aceclientapp
    t =   135.72s     Launch com.example.aceclientapp
    t =   136.97s         Setting up automation session
    t =   141.74s         Wait for com.example.aceclientapp to idle
    t =   144.87s Waiting 5.0s for "Current Release" StaticText to exist
    t =   145.91s     Checking `Expect predicate `existsNoRetry == 1` for object "Current Release" StaticText`
    t =   145.91s         Checking existence of `"Current Release" StaticText`
    t =   146.17s Find the "Current Release" StaticText
    t =   146.26s Find the Target Application 'com.example.aceclientapp'
ACE_ORIENTATION_READ_STARTED {"requested":"portrait"}
    t =   146.31s Find the Target Application 'com.example.aceclientapp'
ACE_ORIENTATION_FRAME {"elapsedReadSeconds":0.047109067003475502,"frame":{"height":"874.0","width":"402.0","x":"0.0","y":"0.0"},"outcome":"match","requested":"portrait"}
    t =   146.35s Waiting 5.0s for "Effective interface style" Any to exist
    t =   147.37s     Checking `Expect predicate `existsNoRetry == 1` for object "Effective interface style" Any`
    t =   147.37s         Checking existence of `"Effective interface style" Any`
    t =   148.45s Find the "Effective interface style" Any
    t =   148.53s Find the "Effective interface style" ScrollView
    t =   148.59s Find the Target Application 'com.example.aceclientapp'
    t =   149.26s Added attachment named 'Coverage pilot.iPhone-17.noActions.light.large.portrait.0.0.0 viewport initial'
    t =   154.38s Waiting 5.0s for ScrollView (First Match) to exist
    t =   155.41s     Checking `Expect predicate `existsNoRetry == 1` for object ScrollView (First Match)`
    t =   155.41s         Checking existence of `ScrollView (First Match)`
    t =   155.44s Checking existence of `Any (First Match)`
    t =   155.50s Find the Any (First Match)
    t =   155.63s Find the "Engagement name: Fictional Engagement" StaticText
    t =   155.72s Find the ScrollView (First Match)
    t =   155.79s Checking existence of `"Engagement name: Fictional Engagement" StaticText`
    t =   155.86s Find the "Engagement name: Fictional Engagement" StaticText
    t =   156.02s Find the "Engagement name: Fictional Engagement" StaticText
    t =   156.11s Find the ScrollView (First Match)
    t =   156.16s Find the Target Application 'com.example.aceclientapp'
    t =   156.91s Added attachment named 'Coverage pilot.iPhone-17.noActions.light.large.portrait.0.0.0 viewport value-Engagement name'
    t =   156.92s Waiting 5.0s for ScrollView (First Match) to exist
    t =   157.94s     Checking `Expect predicate `existsNoRetry == 1` for object ScrollView (First Match)`
    t =   157.94s         Checking existence of `ScrollView (First Match)`
    t =   157.97s Checking existence of `Any (First Match)`
    t =   158.02s Find the Any (First Match)
    t =   158.14s Find the "Review status: RELEASED" StaticText
    t =   158.22s Find the ScrollView (First Match)
    t =   158.28s Checking existence of `"Review status: RELEASED" StaticText`
    t =   158.33s Find the "Review status: RELEASED" StaticText
    t =   158.43s Find the "Review status: RELEASED" StaticText
    t =   158.50s Find the ScrollView (First Match)
    t =   158.60s Find the Target Application 'com.example.aceclientapp'
    t =   159.18s Added attachment named 'Coverage pilot.iPhone-17.noActions.light.large.portrait.0.0.0 viewport value-Review status'
    t =   159.18s Waiting 5.0s for ScrollView (First Match) to exist
    t =   160.22s     Checking `Expect predicate `existsNoRetry == 1` for object ScrollView (First Match)`
    t =   160.22s         Checking existence of `ScrollView (First Match)`
    t =   160.25s Checking existence of `Any (First Match)`
    t =   160.30s Find the Any (First Match)
    t =   160.41s Find the "Release version: 1" StaticText
    t =   160.49s Find the ScrollView (First Match)
    t =   160.55s Checking existence of `"Release version: 1" StaticText`
    t =   160.60s Find the "Release version: 1" StaticText
    t =   160.72s Find the "Release version: 1" StaticText
    t =   160.79s Find the ScrollView (First Match)
    t =   160.84s Find the Target Application 'com.example.aceclientapp'
    t =   161.40s Added attachment named 'Coverage pilot.iPhone-17.noActions.light.large.portrait.0.0.0 viewport value-Release version'
    t =   161.40s Waiting 5.0s for ScrollView (First Match) to exist
    t =   162.44s     Checking `Expect predicate `existsNoRetry == 1` for object ScrollView (First Match)`
    t =   162.44s         Checking existence of `ScrollView (First Match)`
    t =   162.46s Checking existence of `Any (First Match)`
    t =   162.52s Find the Any (First Match)
    t =   162.76s Find the "Published date and time: 2026-08-24T10:15:30Z" StaticText
    t =   162.83s Find the ScrollView (First Match)
    t =   162.88s Checking existence of `"Published date and time: 2026-08-24T10:15:30Z" StaticText`
    t =   162.94s Find the "Published date and time: 2026-08-24T10:15:30Z" StaticText
    t =   163.10s Find the "Published date and time: 2026-08-24T10:15:30Z" StaticText
    t =   163.17s Find the ScrollView (First Match)
    t =   163.23s Find the Target Application 'com.example.aceclientapp'
    t =   163.70s Added attachment named 'Coverage pilot.iPhone-17.noActions.light.large.portrait.0.0.0 viewport value-Published date and time'
    t =   163.71s Waiting 5.0s for ScrollView (First Match) to exist
    t =   164.72s     Checking `Expect predicate `existsNoRetry == 1` for object ScrollView (First Match)`
    t =   164.73s         Checking existence of `ScrollView (First Match)`
    t =   164.75s Checking existence of `Any (First Match)`
    t =   164.81s Find the Any (First Match)
    t =   164.92s Find the "Conclusion title: Fictional conclusion" StaticText
    t =   165.00s Find the ScrollView (First Match)
    t =   165.05s Checking existence of `"Conclusion title: Fictional conclusion" StaticText`
    t =   165.11s Find the "Conclusion title: Fictional conclusion" StaticText
    t =   165.24s Find the "Conclusion title: Fictional conclusion" StaticText
    t =   165.32s Find the ScrollView (First Match)
    t =   165.36s Find the Target Application 'com.example.aceclientapp'
    t =   165.78s Added attachment named 'Coverage pilot.iPhone-17.noActions.light.large.portrait.0.0.0 viewport value-Conclusion title'
    t =   165.78s Waiting 5.0s for ScrollView (First Match) to exist
    t =   166.80s     Checking `Expect predicate `existsNoRetry == 1` for object ScrollView (First Match)`
    t =   166.80s         Checking existence of `ScrollView (First Match)`
    t =   166.84s Checking existence of `Any (First Match)`
    t =   166.92s Find the Any (First Match)
    t =   167.04s Find the "Conclusion summary: Fictional summary" StaticText
    t =   167.12s Find the ScrollView (First Match)
    t =   167.18s Checking existence of `"Conclusion summary: Fictional summary" StaticText`
    t =   167.25s Find the "Conclusion summary: Fictional summary" StaticText
    t =   167.46s Find the "Conclusion summary: Fictional summary" StaticText
    t =   167.53s Find the ScrollView (First Match)
    t =   167.57s Find the Target Application 'com.example.aceclientapp'
    t =   168.16s Added attachment named 'Coverage pilot.iPhone-17.noActions.light.large.portrait.0.0.0 viewport value-Conclusion summary'
    t =   168.16s Waiting 5.0s for ScrollView (First Match) to exist
    t =   169.21s     Checking `Expect predicate `existsNoRetry == 1` for object ScrollView (First Match)`
    t =   169.21s         Checking existence of `ScrollView (First Match)`
    t =   169.24s Checking existence of `Any (First Match)`
    t =   169.30s Find the Any (First Match)
    t =   169.41s Find the "Evidence reference: FICTIONAL-REF-001" StaticText
    t =   169.48s Find the ScrollView (First Match)
    t =   169.52s Checking existence of `"Evidence reference: FICTIONAL-REF-001" StaticText`
    t =   169.62s Find the "Evidence reference: FICTIONAL-REF-001" StaticText
    t =   169.77s Find the "Evidence reference: FICTIONAL-REF-001" StaticText
    t =   169.84s Find the ScrollView (First Match)
    t =   169.88s Find the Target Application 'com.example.aceclientapp'
    t =   170.48s Added attachment named 'Coverage pilot.iPhone-17.noActions.light.large.portrait.0.0.0 viewport value-Evidence reference'
    t =   170.48s Waiting 5.0s for ScrollView (First Match) to exist
    t =   171.51s     Checking `Expect predicate `existsNoRetry == 1` for object ScrollView (First Match)`
    t =   171.51s         Checking existence of `ScrollView (First Match)`
    t =   171.53s Checking existence of `"Refresh current release" Button`
    t =   171.59s Find the "Refresh current release" Button
    t =   171.70s Find the "Refresh current release" Button
    t =   171.78s Find the ScrollView (First Match)
    t =   171.83s Checking existence of `"Refresh current release" Button`
    t =   171.89s Find the "Refresh current release" Button
    t =   171.99s Find the "Refresh current release" Button
    t =   172.07s Find the "Refresh current release" Button
    t =   172.15s Waiting 5.0s for ScrollView (First Match) to exist
    t =   173.17s     Checking `Expect predicate `existsNoRetry == 1` for object ScrollView (First Match)`
    t =   173.17s         Checking existence of `ScrollView (First Match)`
    t =   173.19s Checking existence of `"Sign out" Button`
    t =   173.24s Find the "Sign out" Button
    t =   173.34s Find the "Sign out" Button
    t =   173.42s Find the ScrollView (First Match)
    t =   173.46s Checking existence of `"Sign out" Button`
    t =   173.52s Find the "Sign out" Button
    t =   173.63s Find the "Sign out" Button
    t =   173.71s Find the "Sign out" Button
    t =   173.79s Waiting 5.0s for ScrollView (First Match) to exist
    t =   174.83s     Checking `Expect predicate `existsNoRetry == 1` for object ScrollView (First Match)`
    t =   174.83s         Checking existence of `ScrollView (First Match)`
    t =   174.86s Checking existence of `Any (First Match)`
    t =   174.93s Find the Any (First Match)
    t =   175.03s Find the "No actions are available." StaticText
    t =   175.17s Find the ScrollView (First Match)
    t =   175.22s Checking existence of `"No actions are available." StaticText`
    t =   175.31s Find the "No actions are available." StaticText
    t =   175.42s Find the "No actions are available." StaticText
    t =   175.50s Find the ScrollView (First Match)
    t =   175.54s Find the Target Application 'com.example.aceclientapp'
    t =   176.95s Added attachment named 'Coverage pilot.iPhone-17.noActions.light.large.portrait.0.0.0 viewport no-actions-notice'
ACE_CASE_RESULT {"auditInvocations":2,"id":"pilot.iPhone-17.noActions.light.large.portrait.0.0.0","observed":{"appearance":"light","boldText":false,"contentSize":"large","increaseContrast":false,"orientation":"portrait","reduceMotion":false},"result":"passed","scenario":"noActions","screenshots":["Coverage pilot.iPhone-17.noActions.light.large.portrait.0.0.0 viewport initial","Coverage pilot.iPhone-17.noActions.light.large.portrait.0.0.0 viewport value-Engagement name","Coverage pilot.iPhone-17.noActions.light.large.portrait.0.0.0 viewport value-Review status","Coverage pilot.iPhone-17.noActions.light.large.portrait.0.0.0 viewport value-Release version","Coverage pilot.iPhone-17.noActions.light.large.portrait.0.0.0 viewport value-Published date and time","Coverage pilot.iPhone-17.noActions.light.large.portrait.0.0.0 viewport value-Conclusion title","Coverage pilot.iPhone-17.noActions.light.large.portrait.0.0.0 viewport value-Conclusion summary","Coverage pilot.iPhone-17.noActions.light.large.portrait.0.0.0 viewport value-Evidence reference","Coverage pilot.iPhone-17.noActions.light.large.portrait.0.0.0 viewport no-actions-notice"]}
    t =   180.31s Terminate com.example.aceclientapp:58350
    t =   181.31s Setting device orientation to Portrait
    t =   181.32s     Wait for com.apple.springboard to idle
    t =   181.34s Open com.example.aceclientapp
    t =   181.34s     Launch com.example.aceclientapp
    t =   181.96s         Setting up automation session
    t =   185.73s         Wait for com.example.aceclientapp to idle
    t =   188.03s Waiting 5.0s for "Current Release" StaticText to exist
    t =   189.06s     Checking `Expect predicate `existsNoRetry == 1` for object "Current Release" StaticText`
    t =   189.06s         Checking existence of `"Current Release" StaticText`
    t =   189.26s Find the "Current Release" StaticText
    t =   189.34s Find the Target Application 'com.example.aceclientapp'
ACE_ORIENTATION_READ_STARTED {"requested":"portrait"}
    t =   189.38s Find the Target Application 'com.example.aceclientapp'
ACE_ORIENTATION_FRAME {"elapsedReadSeconds":0.042723263002699241,"frame":{"height":"874.0","width":"402.0","x":"0.0","y":"0.0"},"outcome":"match","requested":"portrait"}
    t =   189.42s Waiting 5.0s for "Effective interface style" Any to exist
    t =   190.46s     Checking `Expect predicate `existsNoRetry == 1` for object "Effective interface style" Any`
    t =   190.46s         Checking existence of `"Effective interface style" Any`
    t =   191.53s Find the "Effective interface style" Any
    t =   191.61s Find the "Effective interface style" ScrollView
    t =   191.65s Find the Target Application 'com.example.aceclientapp'
    t =   192.05s Added attachment named 'Coverage pilot.iPhone-17.copyConfirmation.light.large.portrait.0.0.0 viewport initial'
    t =   195.87s Waiting 5.0s for ScrollView (First Match) to exist
    t =   196.91s     Checking `Expect predicate `existsNoRetry == 1` for object ScrollView (First Match)`
    t =   196.91s         Checking existence of `ScrollView (First Match)`
    t =   196.94s Checking existence of `"Copy action 1" Button`
    t =   197.01s Find the "Copy action 1" Button
    t =   197.11s Find the ScrollView (First Match)
    t =   197.16s Checking existence of `"Copy action 1" Button`
    t =   197.23s Find the "Copy action 1" Button
    t =   197.33s Press "Effective interface style" ScrollView[0.50, 0.72] for 0.1 seconds, then drag to "Effective interface style" ScrollView[0.50, 0.28] with velocity of 500.00 pixels per second, and then hold for 0.0 seconds 
    t =   197.33s     Wait for com.example.aceclientapp to idle
    t =   197.34s     Find the "Effective interface style" ScrollView
    t =   197.45s     Check for interrupting elements affecting "Effective interface style" ScrollView
    t =   197.54s     Synthesize event
    t =   197.55s         Find the "Effective interface style" ScrollView
    t =   197.61s         Find the "Effective interface style" ScrollView
    t =   197.67s         Find the "Effective interface style" ScrollView
    t =   197.73s         Find the "Effective interface style" ScrollView
    t =   197.79s         Find the "Effective interface style" ScrollView
    t =   198.91s     Wait for com.example.aceclientapp to idle
    t =   199.25s Checking existence of `"Copy action 1" Button`
    t =   199.33s Find the "Copy action 1" Button
    t =   199.45s Find the "Copy action 1" Button
    t =   199.57s Find the "Effective interface style" ScrollView
    t =   199.62s Checking existence of `"Copy action 1" Button`
    t =   199.69s Find the "Copy action 1" Button
    t =   199.81s Find the "Copy action 1" Button
    t =   199.90s Find the "Copy action 1" Button
    t =   200.03s Tap "Copy action 1" Button
    t =   200.03s     Wait for com.example.aceclientapp to idle
    t =   200.04s     Find the "Copy action 1" Button
    t =   200.13s     Check for interrupting elements affecting "Copy action 1" Button
    t =   200.20s     Synthesize event
    t =   200.54s     Wait for com.example.aceclientapp to idle
    t =   200.56s Waiting 5.0s for Any (First Match) to exist
    t =   201.57s     Checking `Expect predicate `existsNoRetry == 1` for object Any (First Match)`
    t =   201.57s         Checking existence of `Any (First Match)`
    t =   201.67s Waiting 5.0s for ScrollView (First Match) to exist
    t =   202.68s     Checking `Expect predicate `existsNoRetry == 1` for object ScrollView (First Match)`
    t =   202.69s         Checking existence of `ScrollView (First Match)`
    t =   202.71s Checking existence of `Any (First Match)`
    t =   202.81s Find the Any (First Match)
    t =   202.97s Find the "Copied Action 1." StaticText
    t =   203.14s Find the ScrollView (First Match)
    t =   203.20s Checking existence of `"Copied Action 1." StaticText`
    t =   203.30s Find the "Copied Action 1." StaticText
    t =   203.48s Find the "Copied Action 1." StaticText
    t =   203.59s Find the ScrollView (First Match)
    t =   203.62s Find the Target Application 'com.example.aceclientapp'
    t =   204.08s Added attachment named 'Coverage pilot.iPhone-17.copyConfirmation.light.large.portrait.0.0.0 viewport copy-confirmation'
ACE_CASE_RESULT {"auditInvocations":2,"id":"pilot.iPhone-17.copyConfirmation.light.large.portrait.0.0.0","observed":{"appearance":"light","boldText":false,"contentSize":"large","increaseContrast":false,"orientation":"portrait","reduceMotion":false},"result":"passed","scenario":"copyConfirmation","screenshots":["Coverage pilot.iPhone-17.copyConfirmation.light.large.portrait.0.0.0 viewport initial","Coverage pilot.iPhone-17.copyConfirmation.light.large.portrait.0.0.0 viewport copy-confirmation"]}
    t =   207.54s Terminate com.example.aceclientapp:58418
    t =   208.67s Tear Down
Test Case '-[ACEClientAppUITests.ACEClientAppUITests testCoverageBatch]' passed (208.916 seconds).
Test Suite 'ACEClientAppUITests' passed at 2026-09-15 21:02:39.826.
	 Executed 1 test, with 0 failures (0 unexpected) in 208.916 (208.924) seconds
Test Suite 'ACEClientAppUITests.xctest' passed at 2026-09-15 21:02:39.827.
	 Executed 1 test, with 0 failures (0 unexpected) in 208.916 (208.926) seconds
Test Suite 'Selected tests' passed at 2026-09-15 21:02:39.829.
	 Executed 1 test, with 0 failures (0 unexpected) in 208.916 (208.930) seconds

Test session results, code coverage, and logs:
	LOCAL_HOME/ace-private/mcx19b-orientation-repair-20260915/08-copy-confirmation-diagnosis/native-uninstrumented-prefix-probe/batches/001/result.xcresult

** TEST EXECUTE SUCCEEDED **

Testing started
2026-09-15 20:59:00.343 xcodebuild[58114:4932270] [MT] IDERunDestination: Supported platforms for the buildables in the current scheme is empty.
2026-09-15 20:59:00.492 xcodebuild[58114:4932270] [MT] IDERunDestination: Supported platforms for the buildables in the current scheme is empty.
2026-09-15 20:59:00.542 xcodebuild[58114:4932270] [MT] IDERunDestination: Supported platforms for the buildables in the current scheme is empty.
2026-09-15 20:59:01.713 xcodebuild[58114:4932270] [MT] IDERunDestination: Supported platforms for the buildables in the current scheme is empty.
2026-09-15 20:59:01.929 xcodebuild[58114:4932270] [MT] IDERunDestination: Supported platforms for the buildables in the current scheme is empty.
2026-09-15 20:59:11.423 xcodebuild[58114:4932270] [MT] IDELaunchParametersSnapshot: The operation couldn’t be completed. (DebuggerLLDB.DebuggerVersionStore.StoreError error 0.)
2026-09-15 20:59:11.423 xcodebuild[58114:4932270] [MT] IDELaunchParametersSnapshot: no debugger version
2026-09-15 20:59:31.025 xcodebuild[58114:4932270] [MT] IDELaunchParametersSnapshot: The operation couldn’t be completed. (DebuggerLLDB.DebuggerVersionStore.StoreError error 0.)
2026-09-15 20:59:31.025 xcodebuild[58114:4932270] [MT] IDELaunchParametersSnapshot: no debugger version
2026-09-15 21:00:29.515 xcodebuild[58114:4932270] [MT] IDELaunchParametersSnapshot: The operation couldn’t be completed. (DebuggerLLDB.DebuggerVersionStore.StoreError error 0.)
2026-09-15 21:00:29.515 xcodebuild[58114:4932270] [MT] IDELaunchParametersSnapshot: no debugger version
2026-09-15 21:01:26.626 xcodebuild[58114:4932270] [MT] IDELaunchParametersSnapshot: The operation couldn’t be completed. (DebuggerLLDB.DebuggerVersionStore.StoreError error 0.)
2026-09-15 21:01:26.626 xcodebuild[58114:4932270] [MT] IDELaunchParametersSnapshot: no debugger version
2026-09-15 21:02:12.244 xcodebuild[58114:4932270] [MT] IDELaunchParametersSnapshot: The operation couldn’t be completed. (DebuggerLLDB.DebuggerVersionStore.StoreError error 0.)
2026-09-15 21:02:12.244 xcodebuild[58114:4932270] [MT] IDELaunchParametersSnapshot: no debugger version
2026-09-15 21:02:40.410 xcodebuild[58114:4932270] [MT] IDETestOperationsObserverDebug: 218.473 elapsed -- Testing started completed.
2026-09-15 21:02:40.410 xcodebuild[58114:4932270] [MT] IDETestOperationsObserverDebug: 0.000 sec, +0.000 sec -- start
2026-09-15 21:02:40.410 xcodebuild[58114:4932270] [MT] IDETestOperationsObserverDebug: 218.473 sec, +218.473 sec -- end
