Command line invocation:
    /Applications/Xcode.app/Contents/Developer/usr/bin/xcodebuild test-without-building -xctestrun LOCAL_HOME/ace-private/mcx19b-implementation-20260914/signin-prompts-after/batches/000/ACEClientAppUITests.xctestrun -destination id=D1BAA05C-52DD-4E57-832F-C0A75718E085 -parallel-testing-enabled NO "-only-testing:ACEClientAppUITests/ACEClientAppUITests/testCoverageBatch" -resultBundlePath LOCAL_HOME/ace-private/mcx19b-implementation-20260914/signin-prompts-after/batches/000/result.xcresult

Writing result bundle at path:
	LOCAL_HOME/ace-private/mcx19b-implementation-20260914/signin-prompts-after/batches/000/result.xcresult

2026-09-14 19:02:23.374477+1000 ACEClientAppUITests-Runner[70361:1914054] [Default] Running tests...
    t =      nans Interface orientation changed to Portrait
Test Suite 'Selected tests' started at 2026-09-14 19:02:28.418.
Test Suite 'ACEClientAppUITests.xctest' started at 2026-09-14 19:02:28.435.
Test Suite 'ACEClientAppUITests' started at 2026-09-14 19:02:28.436.
Test Case '-[ACEClientAppUITests.ACEClientAppUITests testCoverageBatch]' started.
    t =     0.02s Start Test at 2026-09-14 19:02:28.462
    t =     0.25s Set Up
    t =     0.28s Setting device orientation to Portrait
    t =     0.32s     Wait for com.apple.springboard to idle
    t =     0.37s Open com.example.aceclientapp
    t =     0.37s     Launch com.example.aceclientapp
    t =     2.98s         Setting up automation session
    t =     8.54s         Wait for com.example.aceclientapp to idle
    t =    11.69s Waiting 5.0s for "Sign In heading" StaticText to exist
    t =    12.77s     Checking `Expect predicate `existsNoRetry == 1` for object "Sign In heading" StaticText`
    t =    12.77s         Checking existence of `"Sign In heading" StaticText`
    t =    13.17s Find the "Sign In heading" StaticText
    t =    13.31s Find the Target Application 'com.example.aceclientapp'
    t =    14.45s Find the Target Application 'com.example.aceclientapp'
    t =    14.53s Waiting 5.0s for "Effective interface style" StaticText to exist
    t =    15.60s     Checking `Expect predicate `existsNoRetry == 1` for object "Effective interface style" StaticText`
    t =    15.60s         Checking existence of `"Effective interface style" StaticText`
    t =    16.72s Find the "Effective interface style" StaticText
    t =    16.82s Find the "Effective interface style" StaticText
    t =    16.99s Find the Target Application 'com.example.aceclientapp'
    t =    18.24s Added attachment named 'Coverage diagnostic-prompt-correction.iPhone-17-Pro-Max.signIn.light.large.portrait.0.0.0 viewport initial'
    t =    23.22s Checking existence of `"Password" SecureTextField`
    t =    23.31s Find the "Sign in" Button
    t =    23.51s Find the Target Application 'com.example.aceclientapp'
    t =    23.59s Find the "Sign in" Button
    t =    23.75s Checking existence of `"Sign in" Button`
    t =    23.84s Find the "Sign in" Button
    t =    23.99s Find the "Sign in" Button
    t =    24.11s Find the "Sign in" Button
    t =    24.27s Find the Target Application 'com.example.aceclientapp'
    t =    25.09s Added attachment named 'Coverage diagnostic-prompt-correction.iPhone-17-Pro-Max.signIn.light.large.portrait.0.0.0 viewport control-Sign in'
ACE_CASE_RESULT {"auditInvocations":1,"id":"diagnostic-prompt-correction.iPhone-17-Pro-Max.signIn.light.large.portrait.0.0.0","observed":{"appearance":"light","boldText":false,"contentSize":"large","increaseContrast":false,"orientation":"portrait","reduceMotion":false},"result":"passed","scenario":"signIn","screenshots":["Coverage diagnostic-prompt-correction.iPhone-17-Pro-Max.signIn.light.large.portrait.0.0.0 viewport initial","Coverage diagnostic-prompt-correction.iPhone-17-Pro-Max.signIn.light.large.portrait.0.0.0 viewport control-Sign in"]}
    t =    25.10s Terminate com.example.aceclientapp:70378
    t =    26.13s Tear Down
Test Case '-[ACEClientAppUITests.ACEClientAppUITests testCoverageBatch]' passed (26.662 seconds).
Test Suite 'ACEClientAppUITests' passed at 2026-09-14 19:02:55.109.
	 Executed 1 test, with 0 failures (0 unexpected) in 26.662 (26.673) seconds
Test Suite 'ACEClientAppUITests.xctest' passed at 2026-09-14 19:02:55.112.
	 Executed 1 test, with 0 failures (0 unexpected) in 26.662 (26.677) seconds
Test Suite 'Selected tests' passed at 2026-09-14 19:02:55.114.
	 Executed 1 test, with 0 failures (0 unexpected) in 26.662 (26.696) seconds

Test session results, code coverage, and logs:
	LOCAL_HOME/ace-private/mcx19b-implementation-20260914/signin-prompts-after/batches/000/result.xcresult

** TEST EXECUTE SUCCEEDED **

Testing started
2026-09-14 19:02:13.535 xcodebuild[70340:1913538] [MT] IDERunDestination: Supported platforms for the buildables in the current scheme is empty.
2026-09-14 19:02:13.568 xcodebuild[70340:1913538] [MT] IDERunDestination: Supported platforms for the buildables in the current scheme is empty.
2026-09-14 19:02:15.079 xcodebuild[70340:1913538] [MT] IDERunDestination: Supported platforms for the buildables in the current scheme is empty.
2026-09-14 19:02:15.346 xcodebuild[70340:1913538] [MT] IDERunDestination: Supported platforms for the buildables in the current scheme is empty.
2026-09-14 19:02:28.980 xcodebuild[70340:1913538] [MT] IDELaunchParametersSnapshot: The operation couldn’t be completed. (DebuggerLLDB.DebuggerVersionStore.StoreError error 0.)
2026-09-14 19:02:28.980 xcodebuild[70340:1913538] [MT] IDELaunchParametersSnapshot: no debugger version
2026-09-14 19:02:55.514 xcodebuild[70340:1913538] [MT] IDETestOperationsObserverDebug: 40.158 elapsed -- Testing started completed.
2026-09-14 19:02:55.515 xcodebuild[70340:1913538] [MT] IDETestOperationsObserverDebug: 0.000 sec, +0.000 sec -- start
2026-09-14 19:02:55.515 xcodebuild[70340:1913538] [MT] IDETestOperationsObserverDebug: 40.158 sec, +40.158 sec -- end
