Command line invocation:
    /Applications/Xcode.app/Contents/Developer/usr/bin/xcodebuild test-without-building -xctestrun "LOCAL_HOME/ace-private/mcx19b-orientation-repair-20260915/09-signin-scroll-diagnosis/native-focus-v1/native-settings/iPhone 17-read/ACEClientAppUITests.xctestrun" -destination id=2EB0863C-470E-467D-A0C6-CD216DA70C67 -parallel-testing-enabled NO "-only-testing:ACEClientAppUITests/ACEClientAppUITests/testConfigureAccessibilitySettings" -resultBundlePath "LOCAL_HOME/ace-private/mcx19b-orientation-repair-20260915/09-signin-scroll-diagnosis/native-focus-v1/native-settings/iPhone 17-read/result.xcresult"

Writing result bundle at path:
	LOCAL_HOME/ace-private/mcx19b-orientation-repair-20260915/09-signin-scroll-diagnosis/native-focus-v1/native-settings/iPhone 17-read/result.xcresult

2026-09-15 21:32:21.272920+1000 ACEClientAppUITests-Runner[62663:5024886] [Default] Running tests...
Test Suite 'Selected tests' started at 2026-09-15 21:32:34.268.
Test Suite 'ACEClientAppUITests.xctest' started at 2026-09-15 21:32:34.270.
Test Suite 'ACEClientAppUITests' started at 2026-09-15 21:32:34.271.
Test Case '-[ACEClientAppUITests.ACEClientAppUITests testConfigureAccessibilitySettings]' started.
    t =     0.01s Start Test at 2026-09-15 21:32:34.278
    t =     0.82s Set Up
    t =     0.85s Open com.example.aceclientapp
    t =     0.85s     Launch com.example.aceclientapp
    t =     3.52s         Setting up automation session
    t =     7.55s         Wait for com.example.aceclientapp to idle
    t =     9.99s Waiting 5.0s for "Effective interface style" Any to exist
    t =    11.07s     Checking `Expect predicate `existsNoRetry == 1` for object "Effective interface style" Any`
    t =    11.07s         Checking existence of `"Effective interface style" Any`
    t =    12.31s Find the "Effective interface style" Any
    t =    12.37s Find the "Effective interface style" ScrollView
    t =    12.41s Terminate com.example.aceclientapp:62700
    t =    13.43s Open com.example.aceclientapp
    t =    13.43s     Launch com.example.aceclientapp
    t =    14.08s         Setting up automation session
    t =    18.21s         Wait for com.example.aceclientapp to idle
    t =    20.88s Waiting 5.0s for "Effective interface style" Any to exist
    t =    21.96s     Checking `Expect predicate `existsNoRetry == 1` for object "Effective interface style" Any`
    t =    21.96s         Checking existence of `"Effective interface style" Any`
    t =    23.19s Find the "Effective interface style" Any
    t =    23.25s Find the "Effective interface style" ScrollView
ACE_SETTINGS_RESULT {"mode":"read","observed":{"boldText":false,"increaseContrast":false,"orientation":"portrait","reduceMotion":false}}
    t =    23.29s Terminate com.example.aceclientapp:62716
    t =    24.31s Tear Down
Test Case '-[ACEClientAppUITests.ACEClientAppUITests testConfigureAccessibilitySettings]' passed (24.466 seconds).
Test Suite 'ACEClientAppUITests' passed at 2026-09-15 21:32:58.744.
	 Executed 1 test, with 0 failures (0 unexpected) in 24.466 (24.473) seconds
Test Suite 'ACEClientAppUITests.xctest' passed at 2026-09-15 21:32:58.746.
	 Executed 1 test, with 0 failures (0 unexpected) in 24.466 (24.475) seconds
Test Suite 'Selected tests' passed at 2026-09-15 21:32:58.748.
	 Executed 1 test, with 0 failures (0 unexpected) in 24.466 (24.480) seconds

Test session results, code coverage, and logs:
	LOCAL_HOME/ace-private/mcx19b-orientation-repair-20260915/09-signin-scroll-diagnosis/native-focus-v1/native-settings/iPhone 17-read/result.xcresult

** TEST EXECUTE SUCCEEDED **

Testing started
2026-09-15 21:31:49.044 xcodebuild[62589:5023188] [MT] IDERunDestination: Supported platforms for the buildables in the current scheme is empty.
2026-09-15 21:31:49.104 xcodebuild[62589:5023188] [MT] IDERunDestination: Supported platforms for the buildables in the current scheme is empty.
2026-09-15 21:31:50.579 xcodebuild[62589:5023188] [MT] IDERunDestination: Supported platforms for the buildables in the current scheme is empty.
2026-09-15 21:31:51.024 xcodebuild[62589:5023188] [MT] IDERunDestination: Supported platforms for the buildables in the current scheme is empty.
2026-09-15 21:32:35.263 xcodebuild[62589:5023188] [MT] IDELaunchParametersSnapshot: The operation couldn’t be completed. (DebuggerLLDB.DebuggerVersionStore.StoreError error 0.)
2026-09-15 21:32:35.263 xcodebuild[62589:5023188] [MT] IDELaunchParametersSnapshot: no debugger version
2026-09-15 21:32:47.706 xcodebuild[62589:5023188] [MT] IDELaunchParametersSnapshot: The operation couldn’t be completed. (DebuggerLLDB.DebuggerVersionStore.StoreError error 0.)
2026-09-15 21:32:47.706 xcodebuild[62589:5023188] [MT] IDELaunchParametersSnapshot: no debugger version
2026-09-15 21:32:59.106 xcodebuild[62589:5023188] [MT] IDETestOperationsObserverDebug: 68.072 elapsed -- Testing started completed.
2026-09-15 21:32:59.106 xcodebuild[62589:5023188] [MT] IDETestOperationsObserverDebug: 0.000 sec, +0.000 sec -- start
2026-09-15 21:32:59.106 xcodebuild[62589:5023188] [MT] IDETestOperationsObserverDebug: 68.072 sec, +68.072 sec -- end
