Command line invocation:
    /Applications/Xcode.app/Contents/Developer/usr/bin/xcodebuild test-without-building -xctestrun LOCAL_HOME/ace-private/mcx19b-orientation-repair-20260915/10-target-size-diagnosis/complete-pilot-runs/20260915T125618Z-pilot-b5a15e274c09/native-settings/002-set/ACEClientAppUITests.xctestrun -destination id=2EB0863C-470E-467D-A0C6-CD216DA70C67 -parallel-testing-enabled NO "-only-testing:ACEClientAppUITests/ACEClientAppUITests/testConfigureAccessibilitySettings" -resultBundlePath LOCAL_HOME/ace-private/mcx19b-orientation-repair-20260915/10-target-size-diagnosis/complete-pilot-runs/20260915T125618Z-pilot-b5a15e274c09/native-settings/002-set/result.xcresult

Writing result bundle at path:
	LOCAL_HOME/ace-private/mcx19b-orientation-repair-20260915/10-target-size-diagnosis/complete-pilot-runs/20260915T125618Z-pilot-b5a15e274c09/native-settings/002-set/result.xcresult

2026-09-15 23:04:01.276733+1000 ACEClientAppUITests-Runner[76633:5300726] [Default] Running tests...
    t =      nans Interface orientation changed to Portrait
Test Suite 'Selected tests' started at 2026-09-15 23:04:06.608.
Test Suite 'ACEClientAppUITests.xctest' started at 2026-09-15 23:04:06.616.
Test Suite 'ACEClientAppUITests' started at 2026-09-15 23:04:06.617.
Test Case '-[ACEClientAppUITests.ACEClientAppUITests testConfigureAccessibilitySettings]' started.
    t =     0.01s Start Test at 2026-09-15 23:04:06.624
    t =     0.24s Set Up
    t =     0.26s Open com.example.aceclientapp
    t =     0.27s     Launch com.example.aceclientapp
    t =     2.33s         Setting up automation session
    t =     9.30s         Wait for com.example.aceclientapp to idle
    t =    12.02s Waiting 5.0s for "Effective interface style" Any to exist
    t =    13.09s     Checking `Expect predicate `existsNoRetry == 1` for object "Effective interface style" Any`
    t =    13.09s         Checking existence of `"Effective interface style" Any`
    t =    14.37s Find the "Effective interface style" Any
    t =    14.48s Find the "Effective interface style" ScrollView
    t =    14.54s Terminate com.example.aceclientapp:76648
    t =    15.56s Open com.apple.Preferences
    t =    15.56s     Launch com.apple.Preferences
    t =    16.57s         Setting up automation session
    t =    21.66s         Wait for com.apple.Preferences to idle
    t =    32.51s Wait for com.apple.Preferences to become Running Foreground
    t =    32.51s Checking existence of `"Settings" NavigationBar`
    t =    33.24s Checking existence of `"Accessibility" Cell`
    t =    33.53s Checking existence of `Cell (First Match)`
    t =    33.83s Find the Cell (First Match)
    t =    34.18s Tap Cell at {{16.0, 432.3}, {370.0, 52.0}}
    t =    34.19s     Wait for com.apple.Preferences to idle
    t =    34.20s     Find the Cell at {{16.0, 432.3}, {370.0, 52.0}}
    t =    34.39s     Check for interrupting elements affecting Cell
    t =    34.64s     Synthesize event
    t =    35.00s     Wait for com.apple.Preferences to idle
    t =    41.99s Waiting 5.0s for "Accessibility" NavigationBar to exist
    t =    43.00s     Checking `Expect predicate `existsNoRetry == 1` for object "Accessibility" NavigationBar`
    t =    43.00s         Checking existence of `"Accessibility" NavigationBar`
ACE_NATIVE_SETTINGS_NAVIGATION Accessibility destinationOpened=true
    t =    43.81s Checking existence of `"Display & Text Size" Cell`
    t =    44.22s Find the "Display & Text Size" Cell
    t =    44.82s Tap "DISPLAY_AND_TEXT" Cell
    t =    44.82s     Wait for com.apple.Preferences to idle
    t =    44.83s     Find the "DISPLAY_AND_TEXT" Cell
    t =    45.23s     Check for interrupting elements affecting "DISPLAY_AND_TEXT" Cell
    t =    45.57s     Synthesize event
    t =    45.92s     Wait for com.apple.Preferences to idle
    t =    47.28s Waiting 5.0s for "Display & Text Size" NavigationBar to exist
    t =    48.37s     Checking `Expect predicate `existsNoRetry == 1` for object "Display & Text Size" NavigationBar`
    t =    48.37s         Checking existence of `"Display & Text Size" NavigationBar`
ACE_NATIVE_SETTINGS_NAVIGATION Display & Text Size destinationOpened=true
    t =    48.87s Waiting 5.0s for "Bold Text" Switch to exist
    t =    49.93s     Checking `Expect predicate `existsNoRetry == 1` for object "Bold Text" Switch`
    t =    49.93s         Checking existence of `"Bold Text" Switch`
    t =    50.28s Find the "Bold Text" Switch
    t =    50.59s Find the "ENHANCE_TEXT_LEGIBILITY" Switch
ACE_NATIVE_SWITCH Bold Text before=false expected=true frame=(36.0, 146.3333282470703, 330.0, 28.0)
    t =    50.90s Tap "ENHANCE_TEXT_LEGIBILITY" Switch[0.90, 0.50]
    t =    50.90s     Wait for com.apple.Preferences to idle
    t =    50.92s     Find the "ENHANCE_TEXT_LEGIBILITY" Switch
    t =    51.23s     Check for interrupting elements affecting "ENHANCE_TEXT_LEGIBILITY" Switch
    t =    51.47s     Synthesize event
    t =    51.47s         Find the "ENHANCE_TEXT_LEGIBILITY" Switch
    t =    51.74s         Find the "ENHANCE_TEXT_LEGIBILITY" Switch
    t =    52.01s         Find the "ENHANCE_TEXT_LEGIBILITY" Switch
    t =    52.62s     Wait for com.apple.Preferences to idle
    t =    53.64s Find the "ENHANCE_TEXT_LEGIBILITY" Switch
    t =    54.65s Find the "ENHANCE_TEXT_LEGIBILITY" Switch
    t =    55.75s Find the "ENHANCE_TEXT_LEGIBILITY" Switch
    t =    56.71s Find the "ENHANCE_TEXT_LEGIBILITY" Switch
    t =    57.64s Find the "ENHANCE_TEXT_LEGIBILITY" Switch
    t =    57.85s Find the "Bold Text" Switch
ACE_NATIVE_SWITCH_RESULT Bold Text wait=2 seconds=5.443449084006716 expected=true actual=Optional(false)
    t =    58.09s Find the Application 'com.apple.Preferences'
    t =    59.08s Added attachment named 'Accessibility settings Bold Text did not change'
LOCAL_HOME/Developer/sqe-platform-release-layout/ios/ACEClientApp/ACEClientAppUITests/ACEClientAppUITests.swift:451: error: -[ACEClientAppUITests.ACEClientAppUITests testConfigureAccessibilitySettings] : failed - Settings control Bold Text: expected true, actual Optional(false)
    t =    61.50s Tear Down
Test Case '-[ACEClientAppUITests.ACEClientAppUITests testConfigureAccessibilitySettings]' failed (61.934 seconds).
Test Suite 'ACEClientAppUITests' failed at 2026-09-15 23:05:08.558.
	 Executed 1 test, with 1 failure (0 unexpected) in 61.934 (61.940) seconds
Test Suite 'ACEClientAppUITests.xctest' failed at 2026-09-15 23:05:08.560.
	 Executed 1 test, with 1 failure (0 unexpected) in 61.934 (61.944) seconds
Test Suite 'Selected tests' failed at 2026-09-15 23:05:08.563.
	 Executed 1 test, with 1 failure (0 unexpected) in 61.934 (61.955) seconds

Test session results, code coverage, and logs:
	LOCAL_HOME/ace-private/mcx19b-orientation-repair-20260915/10-target-size-diagnosis/complete-pilot-runs/20260915T125618Z-pilot-b5a15e274c09/native-settings/002-set/result.xcresult

Testing started
2026-09-15 23:03:52.416 xcodebuild[76615:5300229] [MT] IDERunDestination: Supported platforms for the buildables in the current scheme is empty.
2026-09-15 23:03:52.448 xcodebuild[76615:5300229] [MT] IDERunDestination: Supported platforms for the buildables in the current scheme is empty.
2026-09-15 23:03:54.085 xcodebuild[76615:5300229] [MT] IDERunDestination: Supported platforms for the buildables in the current scheme is empty.
2026-09-15 23:04:07.054 xcodebuild[76615:5300229] [MT] IDELaunchParametersSnapshot: The operation couldn’t be completed. (DebuggerLLDB.DebuggerVersionStore.StoreError error 0.)
2026-09-15 23:04:07.054 xcodebuild[76615:5300229] [MT] IDELaunchParametersSnapshot: no debugger version
2026-09-15 23:06:21.354 xcodebuild[76615:5300229] [MT] IDETestOperationsObserverDebug: 147.261 elapsed -- Testing started completed.
2026-09-15 23:06:21.354 xcodebuild[76615:5300229] [MT] IDETestOperationsObserverDebug: 0.000 sec, +0.000 sec -- start
2026-09-15 23:06:21.354 xcodebuild[76615:5300229] [MT] IDETestOperationsObserverDebug: 147.261 sec, +147.261 sec -- end
** TEST EXECUTE FAILED **

