Command line invocation:
    /Applications/Xcode.app/Contents/Developer/usr/bin/xcodebuild test-without-building -xctestrun "LOCAL_HOME/ace-private/mcx19b-orientation-repair-20260915/05-serial-native-gate/negative/native-settings/iPhone 17-read/ACEClientAppUITests.xctestrun" -destination id=2EB0863C-470E-467D-A0C6-CD216DA70C67 -parallel-testing-enabled NO "-only-testing:ACEClientAppUITests/ACEClientAppUITests/testConfigureAccessibilitySettings" -resultBundlePath "LOCAL_HOME/ace-private/mcx19b-orientation-repair-20260915/05-serial-native-gate/negative/native-settings/iPhone 17-read/result.xcresult"

Writing result bundle at path:
	LOCAL_HOME/ace-private/mcx19b-orientation-repair-20260915/05-serial-native-gate/negative/native-settings/iPhone 17-read/result.xcresult

2026-09-15 17:56:53.296600+1000 ACEClientAppUITests-Runner[33523:4469494] [Default] Running tests...
    t =      nans Interface orientation changed to Portrait
Test Suite 'Selected tests' started at 2026-09-15 17:57:07.833.
Test Suite 'ACEClientAppUITests.xctest' started at 2026-09-15 17:57:07.835.
Test Suite 'ACEClientAppUITests' started at 2026-09-15 17:57:07.836.
Test Case '-[ACEClientAppUITests.ACEClientAppUITests testConfigureAccessibilitySettings]' started.
    t =     0.01s Start Test at 2026-09-15 17:57:07.843
    t =     0.87s Set Up
    t =     0.89s Open com.example.aceclientapp
    t =     0.90s     Launch com.example.aceclientapp
    t =     3.86s         Setting up automation session
    t =     8.16s         Wait for com.example.aceclientapp to idle
    t =    10.60s Waiting 5.0s for "Effective interface style" Any to exist
    t =    11.67s     Checking `Expect predicate `existsNoRetry == 1` for object "Effective interface style" Any`
    t =    11.67s         Checking existence of `"Effective interface style" Any`
    t =    12.89s Find the "Effective interface style" Any
    t =    12.95s Find the "Effective interface style" ScrollView
    t =    13.00s Terminate com.example.aceclientapp:33575
    t =    14.04s Open com.example.aceclientapp
    t =    14.04s     Launch com.example.aceclientapp
    t =    14.68s         Setting up automation session
    t =    18.82s         Wait for com.example.aceclientapp to idle
    t =    21.27s Waiting 5.0s for "Effective interface style" Any to exist
    t =    22.34s     Checking `Expect predicate `existsNoRetry == 1` for object "Effective interface style" Any`
    t =    22.35s         Checking existence of `"Effective interface style" Any`
    t =    23.54s Find the "Effective interface style" Any
    t =    23.60s Find the "Effective interface style" ScrollView
ACE_SETTINGS_RESULT {"mode":"read","observed":{"boldText":false,"increaseContrast":false,"orientation":"portrait","reduceMotion":false}}
    t =    23.65s Terminate com.example.aceclientapp:33592
    t =    24.71s Tear Down
Test Case '-[ACEClientAppUITests.ACEClientAppUITests testConfigureAccessibilitySettings]' passed (25.141 seconds).
Test Suite 'ACEClientAppUITests' passed at 2026-09-15 17:57:32.985.
	 Executed 1 test, with 0 failures (0 unexpected) in 25.141 (25.149) seconds
Test Suite 'ACEClientAppUITests.xctest' passed at 2026-09-15 17:57:32.988.
	 Executed 1 test, with 0 failures (0 unexpected) in 25.141 (25.153) seconds
Test Suite 'Selected tests' passed at 2026-09-15 17:57:32.990.
	 Executed 1 test, with 0 failures (0 unexpected) in 25.141 (25.157) seconds

Test session results, code coverage, and logs:
	LOCAL_HOME/ace-private/mcx19b-orientation-repair-20260915/05-serial-native-gate/negative/native-settings/iPhone 17-read/result.xcresult

** TEST EXECUTE SUCCEEDED **

Testing started
2026-09-15 17:56:15.577 xcodebuild[33421:4467218] [MT] IDERunDestination: Supported platforms for the buildables in the current scheme is empty.
2026-09-15 17:56:15.624 xcodebuild[33421:4467218] [MT] IDERunDestination: Supported platforms for the buildables in the current scheme is empty.
2026-09-15 17:56:17.392 xcodebuild[33421:4467218] [MT] IDERunDestination: Supported platforms for the buildables in the current scheme is empty.
2026-09-15 17:57:08.903 xcodebuild[33421:4467218] [MT] IDELaunchParametersSnapshot: The operation couldn’t be completed. (DebuggerLLDB.DebuggerVersionStore.StoreError error 0.)
2026-09-15 17:57:08.903 xcodebuild[33421:4467218] [MT] IDELaunchParametersSnapshot: no debugger version
2026-09-15 17:57:21.881 xcodebuild[33421:4467218] [MT] IDELaunchParametersSnapshot: The operation couldn’t be completed. (DebuggerLLDB.DebuggerVersionStore.StoreError error 0.)
2026-09-15 17:57:21.881 xcodebuild[33421:4467218] [MT] IDELaunchParametersSnapshot: no debugger version
2026-09-15 17:57:33.351 xcodebuild[33421:4467218] [MT] IDETestOperationsObserverDebug: 75.949 elapsed -- Testing started completed.
2026-09-15 17:57:33.351 xcodebuild[33421:4467218] [MT] IDETestOperationsObserverDebug: 0.000 sec, +0.000 sec -- start
2026-09-15 17:57:33.351 xcodebuild[33421:4467218] [MT] IDETestOperationsObserverDebug: 75.949 sec, +75.949 sec -- end
