Command line invocation:
    /Applications/Xcode.app/Contents/Developer/usr/bin/xcodebuild test-without-building -xctestrun "LOCAL_HOME/ace-private/mcx19b-orientation-repair-20260915/09-signin-scroll-diagnosis/native-focus-v1-replay/native-settings/iPhone 17-read/ACEClientAppUITests.xctestrun" -destination id=2EB0863C-470E-467D-A0C6-CD216DA70C67 -parallel-testing-enabled NO "-only-testing:ACEClientAppUITests/ACEClientAppUITests/testConfigureAccessibilitySettings" -resultBundlePath "LOCAL_HOME/ace-private/mcx19b-orientation-repair-20260915/09-signin-scroll-diagnosis/native-focus-v1-replay/native-settings/iPhone 17-read/result.xcresult"

Writing result bundle at path:
	LOCAL_HOME/ace-private/mcx19b-orientation-repair-20260915/09-signin-scroll-diagnosis/native-focus-v1-replay/native-settings/iPhone 17-read/result.xcresult

2026-09-15 21:43:57.663404+1000 ACEClientAppUITests-Runner[64455:5062825] [Default] Running tests...
Test Suite 'Selected tests' started at 2026-09-15 21:44:10.505.
Test Suite 'ACEClientAppUITests.xctest' started at 2026-09-15 21:44:10.507.
Test Suite 'ACEClientAppUITests' started at 2026-09-15 21:44:10.508.
Test Case '-[ACEClientAppUITests.ACEClientAppUITests testConfigureAccessibilitySettings]' started.
    t =     0.01s Start Test at 2026-09-15 21:44:10.518
    t =     0.69s Set Up
    t =     0.72s Open com.example.aceclientapp
    t =     0.72s     Launch com.example.aceclientapp
    t =     4.06s         Setting up automation session
    t =     7.70s         Wait for com.example.aceclientapp to idle
    t =    10.28s Waiting 5.0s for "Effective interface style" Any to exist
    t =    11.36s     Checking `Expect predicate `existsNoRetry == 1` for object "Effective interface style" Any`
    t =    11.36s         Checking existence of `"Effective interface style" Any`
    t =    12.63s Find the "Effective interface style" Any
    t =    12.70s Find the "Effective interface style" ScrollView
    t =    12.79s Terminate com.example.aceclientapp:64489
    t =    13.84s Open com.example.aceclientapp
    t =    13.85s     Launch com.example.aceclientapp
    t =    14.50s         Setting up automation session
    t =    18.34s         Wait for com.example.aceclientapp to idle
    t =    20.73s Waiting 5.0s for "Effective interface style" Any to exist
    t =    21.81s     Checking `Expect predicate `existsNoRetry == 1` for object "Effective interface style" Any`
    t =    21.81s         Checking existence of `"Effective interface style" Any`
    t =    22.98s Find the "Effective interface style" Any
    t =    23.03s Find the "Effective interface style" ScrollView
ACE_SETTINGS_RESULT {"mode":"read","observed":{"boldText":false,"increaseContrast":false,"orientation":"portrait","reduceMotion":false}}
    t =    23.13s Terminate com.example.aceclientapp:64511
    t =    24.17s Tear Down
Test Case '-[ACEClientAppUITests.ACEClientAppUITests testConfigureAccessibilitySettings]' passed (24.342 seconds).
Test Suite 'ACEClientAppUITests' passed at 2026-09-15 21:44:34.860.
	 Executed 1 test, with 0 failures (0 unexpected) in 24.342 (24.352) seconds
Test Suite 'ACEClientAppUITests.xctest' passed at 2026-09-15 21:44:34.862.
	 Executed 1 test, with 0 failures (0 unexpected) in 24.342 (24.355) seconds
Test Suite 'Selected tests' passed at 2026-09-15 21:44:34.865.
	 Executed 1 test, with 0 failures (0 unexpected) in 24.342 (24.360) seconds

Test session results, code coverage, and logs:
	LOCAL_HOME/ace-private/mcx19b-orientation-repair-20260915/09-signin-scroll-diagnosis/native-focus-v1-replay/native-settings/iPhone 17-read/result.xcresult

** TEST EXECUTE SUCCEEDED **

Testing started
2026-09-15 21:43:28.605 xcodebuild[64379:5061091] [MT] IDERunDestination: Supported platforms for the buildables in the current scheme is empty.
2026-09-15 21:43:28.688 xcodebuild[64379:5061091] [MT] IDERunDestination: Supported platforms for the buildables in the current scheme is empty.
2026-09-15 21:43:28.710 xcodebuild[64379:5061091] [MT] IDERunDestination: Supported platforms for the buildables in the current scheme is empty.
2026-09-15 21:43:30.185 xcodebuild[64379:5061091] [MT] IDERunDestination: Supported platforms for the buildables in the current scheme is empty.
2026-09-15 21:43:30.676 xcodebuild[64379:5061091] [MT] IDERunDestination: Supported platforms for the buildables in the current scheme is empty.
2026-09-15 21:44:11.397 xcodebuild[64379:5061091] [MT] IDELaunchParametersSnapshot: The operation couldn’t be completed. (DebuggerLLDB.DebuggerVersionStore.StoreError error 0.)
2026-09-15 21:44:11.397 xcodebuild[64379:5061091] [MT] IDELaunchParametersSnapshot: no debugger version
2026-09-15 21:44:24.362 xcodebuild[64379:5061091] [MT] IDELaunchParametersSnapshot: The operation couldn’t be completed. (DebuggerLLDB.DebuggerVersionStore.StoreError error 0.)
2026-09-15 21:44:24.362 xcodebuild[64379:5061091] [MT] IDELaunchParametersSnapshot: no debugger version
2026-09-15 21:44:35.221 xcodebuild[64379:5061091] [MT] IDETestOperationsObserverDebug: 64.520 elapsed -- Testing started completed.
2026-09-15 21:44:35.221 xcodebuild[64379:5061091] [MT] IDETestOperationsObserverDebug: 0.000 sec, +0.000 sec -- start
2026-09-15 21:44:35.221 xcodebuild[64379:5061091] [MT] IDETestOperationsObserverDebug: 64.520 sec, +64.520 sec -- end
