Command line invocation:
    /Applications/Xcode.app/Contents/Developer/usr/bin/xcodebuild test-without-building -xctestrun "LOCAL_HOME/ace-private/mcx19b-orientation-repair-20260915/08-copy-confirmation-diagnosis/native-uninstrumented-prefix-probe/native-settings/iPhone 17 Pro Max-read/ACEClientAppUITests.xctestrun" -destination id=D1BAA05C-52DD-4E57-832F-C0A75718E085 -parallel-testing-enabled NO "-only-testing:ACEClientAppUITests/ACEClientAppUITests/testConfigureAccessibilitySettings" -resultBundlePath "LOCAL_HOME/ace-private/mcx19b-orientation-repair-20260915/08-copy-confirmation-diagnosis/native-uninstrumented-prefix-probe/native-settings/iPhone 17 Pro Max-read/result.xcresult"

Writing result bundle at path:
	LOCAL_HOME/ace-private/mcx19b-orientation-repair-20260915/08-copy-confirmation-diagnosis/native-uninstrumented-prefix-probe/native-settings/iPhone 17 Pro Max-read/result.xcresult

2026-09-15 20:55:45.516376+1000 ACEClientAppUITests-Runner[57603:4920906] [Default] Running tests...
2026-09-15 20:55:45.662070+1000 ACEClientAppUITests-Runner[57603:4921024] [General] Failed to send CA Event for app launch measurements for ca_event_type: 0 event_name: com.apple.app_launch_measurement.FirstFramePresentationMetric
    t =      nans Interface orientation changed to Portrait
Test Suite 'Selected tests' started at 2026-09-15 20:55:48.540.
Test Suite 'ACEClientAppUITests.xctest' started at 2026-09-15 20:55:48.542.
Test Suite 'ACEClientAppUITests' started at 2026-09-15 20:55:48.543.
Test Case '-[ACEClientAppUITests.ACEClientAppUITests testConfigureAccessibilitySettings]' started.
    t =     0.01s Start Test at 2026-09-15 20:55:48.553
2026-09-15 20:55:48.640513+1000 ACEClientAppUITests-Runner[57603:4921030] [General] Failed to send CA Event for app launch measurements for ca_event_type: 1 event_name: com.apple.app_launch_measurement.ExtendedLaunchMetrics
    t =     0.24s Set Up
    t =     0.26s Open com.example.aceclientapp
    t =     0.27s     Launch com.example.aceclientapp
    t =     2.17s         Setting up automation session
    t =     6.01s         Wait for com.example.aceclientapp to idle
    t =     8.56s Waiting 5.0s for "Effective interface style" Any to exist
    t =     9.64s     Checking `Expect predicate `existsNoRetry == 1` for object "Effective interface style" Any`
    t =     9.64s         Checking existence of `"Effective interface style" Any`
    t =    10.89s Find the "Effective interface style" Any
    t =    11.02s Find the "Effective interface style" ScrollView
    t =    11.07s Terminate com.example.aceclientapp:57619
    t =    12.10s Open com.example.aceclientapp
    t =    12.10s     Launch com.example.aceclientapp
    t =    12.77s         Setting up automation session
    t =    16.63s         Wait for com.example.aceclientapp to idle
    t =    19.02s Waiting 5.0s for "Effective interface style" Any to exist
    t =    20.09s     Checking `Expect predicate `existsNoRetry == 1` for object "Effective interface style" Any`
    t =    20.09s         Checking existence of `"Effective interface style" Any`
    t =    21.30s Find the "Effective interface style" Any
    t =    21.35s Find the "Effective interface style" ScrollView
ACE_SETTINGS_RESULT {"mode":"read","observed":{"boldText":false,"increaseContrast":false,"orientation":"portrait","reduceMotion":false}}
    t =    21.40s Terminate com.example.aceclientapp:57632
    t =    22.42s Tear Down
Test Case '-[ACEClientAppUITests.ACEClientAppUITests testConfigureAccessibilitySettings]' passed (22.564 seconds).
Test Suite 'ACEClientAppUITests' passed at 2026-09-15 20:56:11.116.
	 Executed 1 test, with 0 failures (0 unexpected) in 22.564 (22.573) seconds
Test Suite 'ACEClientAppUITests.xctest' passed at 2026-09-15 20:56:11.119.
	 Executed 1 test, with 0 failures (0 unexpected) in 22.564 (22.577) seconds
Test Suite 'Selected tests' passed at 2026-09-15 20:56:11.121.
	 Executed 1 test, with 0 failures (0 unexpected) in 22.564 (22.581) seconds

Test session results, code coverage, and logs:
	LOCAL_HOME/ace-private/mcx19b-orientation-repair-20260915/08-copy-confirmation-diagnosis/native-uninstrumented-prefix-probe/native-settings/iPhone 17 Pro Max-read/result.xcresult

** TEST EXECUTE SUCCEEDED **

Testing started
2026-09-15 20:55:39.062 xcodebuild[57585:4920329] [MT] IDERunDestination: Supported platforms for the buildables in the current scheme is empty.
2026-09-15 20:55:39.082 xcodebuild[57585:4920329] [MT] IDERunDestination: Supported platforms for the buildables in the current scheme is empty.
2026-09-15 20:55:39.810 xcodebuild[57585:4920329] [MT] IDERunDestination: Supported platforms for the buildables in the current scheme is empty.
2026-09-15 20:55:48.975 xcodebuild[57585:4920329] [MT] IDELaunchParametersSnapshot: The operation couldn’t be completed. (DebuggerLLDB.DebuggerVersionStore.StoreError error 0.)
2026-09-15 20:55:48.975 xcodebuild[57585:4920329] [MT] IDELaunchParametersSnapshot: no debugger version
2026-09-15 20:56:00.651 xcodebuild[57585:4920329] [MT] IDELaunchParametersSnapshot: The operation couldn’t be completed. (DebuggerLLDB.DebuggerVersionStore.StoreError error 0.)
2026-09-15 20:56:00.651 xcodebuild[57585:4920329] [MT] IDELaunchParametersSnapshot: no debugger version
2026-09-15 20:56:11.501 xcodebuild[57585:4920329] [MT] IDETestOperationsObserverDebug: 31.681 elapsed -- Testing started completed.
2026-09-15 20:56:11.501 xcodebuild[57585:4920329] [MT] IDETestOperationsObserverDebug: 0.000 sec, +0.000 sec -- start
2026-09-15 20:56:11.501 xcodebuild[57585:4920329] [MT] IDETestOperationsObserverDebug: 31.681 sec, +31.681 sec -- end
