Command line invocation:
    /Applications/Xcode.app/Contents/Developer/usr/bin/xcodebuild test-without-building -xctestrun "LOCAL_HOME/ace-private/mcx19b-orientation-repair-20260915/shutdown-pilot-runs/20260915T085501Z-pilot-a40a74500076/native-settings/iPhone 17 Pro Max-read/ACEClientAppUITests.xctestrun" -destination id=D1BAA05C-52DD-4E57-832F-C0A75718E085 -parallel-testing-enabled NO "-only-testing:ACEClientAppUITests/ACEClientAppUITests/testConfigureAccessibilitySettings" -resultBundlePath "LOCAL_HOME/ace-private/mcx19b-orientation-repair-20260915/shutdown-pilot-runs/20260915T085501Z-pilot-a40a74500076/native-settings/iPhone 17 Pro Max-read/result.xcresult"

Writing result bundle at path:
	LOCAL_HOME/ace-private/mcx19b-orientation-repair-20260915/shutdown-pilot-runs/20260915T085501Z-pilot-a40a74500076/native-settings/iPhone 17 Pro Max-read/result.xcresult

2026-09-15 18:56:41.279164+1000 ACEClientAppUITests-Runner[42247:4632421] [Default] Running tests...
2026-09-15 18:56:41.565932+1000 ACEClientAppUITests-Runner[42247:4632548] [General] Failed to send CA Event for app launch measurements for ca_event_type: 0 event_name: com.apple.app_launch_measurement.FirstFramePresentationMetric
    t =      nans Interface orientation changed to Portrait
2026-09-15 18:56:46.746817+1000 ACEClientAppUITests-Runner[42247:4632534] [General] Failed to send CA Event for app launch measurements for ca_event_type: 1 event_name: com.apple.app_launch_measurement.ExtendedLaunchMetrics
Test Suite 'Selected tests' started at 2026-09-15 18:56:46.847.
Test Suite 'ACEClientAppUITests.xctest' started at 2026-09-15 18:56:46.850.
Test Suite 'ACEClientAppUITests' started at 2026-09-15 18:56:46.851.
Test Case '-[ACEClientAppUITests.ACEClientAppUITests testConfigureAccessibilitySettings]' started.
    t =     0.02s Start Test at 2026-09-15 18:56:46.867
    t =     0.37s Set Up
    t =     0.40s Open com.example.aceclientapp
    t =     0.40s     Launch com.example.aceclientapp
    t =     5.60s         Setting up automation session
    t =    11.71s         Wait for com.example.aceclientapp to idle
    t =    15.11s Waiting 5.0s for "Effective interface style" Any to exist
    t =    16.17s     Checking `Expect predicate `existsNoRetry == 1` for object "Effective interface style" Any`
    t =    16.17s         Checking existence of `"Effective interface style" Any`
    t =    17.43s Find the "Effective interface style" Any
    t =    17.51s Find the "Effective interface style" ScrollView
    t =    17.58s Terminate com.example.aceclientapp:42263
    t =    18.63s Open com.example.aceclientapp
    t =    18.63s     Launch com.example.aceclientapp
    t =    19.69s         Setting up automation session
    t =    25.15s         Wait for com.example.aceclientapp to idle
    t =    28.36s Waiting 5.0s for "Effective interface style" Any to exist
    t =    29.43s     Checking `Expect predicate `existsNoRetry == 1` for object "Effective interface style" Any`
    t =    29.43s         Checking existence of `"Effective interface style" Any`
    t =    30.74s Find the "Effective interface style" Any
    t =    30.80s Find the "Effective interface style" ScrollView
ACE_SETTINGS_RESULT {"mode":"read","observed":{"boldText":false,"increaseContrast":false,"orientation":"portrait","reduceMotion":false}}
    t =    30.87s Terminate com.example.aceclientapp:42284
    t =    31.88s Tear Down
Test Case '-[ACEClientAppUITests.ACEClientAppUITests testConfigureAccessibilitySettings]' passed (33.179 seconds).
Test Suite 'ACEClientAppUITests' passed at 2026-09-15 18:57:20.046.
	 Executed 1 test, with 0 failures (0 unexpected) in 33.179 (33.195) seconds
Test Suite 'ACEClientAppUITests.xctest' passed at 2026-09-15 18:57:20.049.
	 Executed 1 test, with 0 failures (0 unexpected) in 33.179 (33.199) seconds
Test Suite 'Selected tests' passed at 2026-09-15 18:57:20.051.
	 Executed 1 test, with 0 failures (0 unexpected) in 33.179 (33.205) seconds

Test session results, code coverage, and logs:
	LOCAL_HOME/ace-private/mcx19b-orientation-repair-20260915/shutdown-pilot-runs/20260915T085501Z-pilot-a40a74500076/native-settings/iPhone 17 Pro Max-read/result.xcresult

** TEST EXECUTE SUCCEEDED **

Testing started
2026-09-15 18:56:30.521 xcodebuild[42224:4631863] [MT] IDERunDestination: Supported platforms for the buildables in the current scheme is empty.
2026-09-15 18:56:30.588 xcodebuild[42224:4631863] [MT] IDERunDestination: Supported platforms for the buildables in the current scheme is empty.
2026-09-15 18:56:31.843 xcodebuild[42224:4631863] [MT] IDERunDestination: Supported platforms for the buildables in the current scheme is empty.
2026-09-15 18:56:47.514 xcodebuild[42224:4631863] [MT] IDELaunchParametersSnapshot: The operation couldn’t be completed. (DebuggerLLDB.DebuggerVersionStore.StoreError error 0.)
2026-09-15 18:56:47.519 xcodebuild[42224:4631863] [MT] IDELaunchParametersSnapshot: no debugger version
2026-09-15 18:57:05.487 xcodebuild[42224:4631863] [MT] IDELaunchParametersSnapshot: The operation couldn’t be completed. (DebuggerLLDB.DebuggerVersionStore.StoreError error 0.)
2026-09-15 18:57:05.487 xcodebuild[42224:4631863] [MT] IDELaunchParametersSnapshot: no debugger version
2026-09-15 18:57:20.441 xcodebuild[42224:4631863] [MT] IDETestOperationsObserverDebug: 48.577 elapsed -- Testing started completed.
2026-09-15 18:57:20.442 xcodebuild[42224:4631863] [MT] IDETestOperationsObserverDebug: 0.000 sec, +0.000 sec -- start
2026-09-15 18:57:20.442 xcodebuild[42224:4631863] [MT] IDETestOperationsObserverDebug: 48.577 sec, +48.577 sec -- end
