Command line invocation:
    /Applications/Xcode.app/Contents/Developer/usr/bin/xcodebuild test-without-building -xctestrun LOCAL_HOME/ace-private/mcx19b-orientation-repair-20260915/post-diagnostic-pilot-runs/20260915T110638Z-pilot-71f4f52cf8a8/batches/001/ACEClientAppUITests.xctestrun -destination id=2EB0863C-470E-467D-A0C6-CD216DA70C67 -parallel-testing-enabled NO "-only-testing:ACEClientAppUITests/ACEClientAppUITests/testCoverageBatch" -resultBundlePath LOCAL_HOME/ace-private/mcx19b-orientation-repair-20260915/post-diagnostic-pilot-runs/20260915T110638Z-pilot-71f4f52cf8a8/batches/001/result.xcresult

Writing result bundle at path:
	LOCAL_HOME/ace-private/mcx19b-orientation-repair-20260915/post-diagnostic-pilot-runs/20260915T110638Z-pilot-71f4f52cf8a8/batches/001/result.xcresult

2026-09-15 21:10:29.173184+1000 ACEClientAppUITests-Runner[59850:4967736] [Default] Running tests...
    t =      nans Interface orientation changed to Portrait
Test Suite 'Selected tests' started at 2026-09-15 21:10:31.295.
Test Suite 'ACEClientAppUITests.xctest' started at 2026-09-15 21:10:31.297.
Test Suite 'ACEClientAppUITests' started at 2026-09-15 21:10:31.297.
Test Case '-[ACEClientAppUITests.ACEClientAppUITests testCoverageBatch]' started.
    t =     0.01s Start Test at 2026-09-15 21:10:31.303
    t =     0.14s Set Up
    t =     0.16s Setting device orientation to Portrait
    t =     0.18s     Wait for com.apple.springboard to idle
    t =     0.21s Open com.example.aceclientapp
    t =     0.21s     Launch com.example.aceclientapp
    t =     2.62s         Setting up automation session
    t =     5.60s         Wait for com.example.aceclientapp to idle
    t =     7.85s Waiting 5.0s for "Sign In heading" StaticText to exist
    t =     8.90s     Checking `Expect predicate `existsNoRetry == 1` for object "Sign In heading" StaticText`
    t =     8.91s         Checking existence of `"Sign In heading" StaticText`
    t =     9.11s Find the "Sign In heading" StaticText
    t =     9.21s Find the Target Application 'com.example.aceclientapp'
ACE_ORIENTATION_READ_STARTED {"requested":"portrait"}
    t =     9.25s Find the Target Application 'com.example.aceclientapp'
ACE_ORIENTATION_FRAME {"elapsedReadSeconds":0.036765027005458251,"frame":{"height":"874.0","width":"402.0","x":"0.0","y":"0.0"},"outcome":"match","requested":"portrait"}
    t =     9.29s Waiting 5.0s for "Effective interface style" Any to exist
    t =    10.34s     Checking `Expect predicate `existsNoRetry == 1` for object "Effective interface style" Any`
    t =    10.34s         Checking existence of `"Effective interface style" Any`
    t =    11.43s Find the "Effective interface style" Any
    t =    11.47s Find the "Effective interface style" CollectionView
    t =    11.51s Find the Target Application 'com.example.aceclientapp'
    t =    11.96s Added attachment named 'Coverage pilot.iPhone-17.signIn.light.large.portrait.0.0.0 viewport initial'
    t =    15.07s Checking existence of `"Username" TextField`
    t =    15.13s Checking existence of `"Password" SecureTextField`
    t =    15.20s Find the "Sign in" Button
    t =    15.29s Find the Target Application 'com.example.aceclientapp'
    t =    15.33s Find the "Sign in" Button
    t =    15.43s Checking existence of `"Sign in" Button`
    t =    15.50s Find the "Sign in" Button
    t =    15.61s Find the "Sign in" Button
    t =    15.69s Find the "Sign in" Button
    t =    15.76s Find the Target Application 'com.example.aceclientapp'
    t =    16.12s Added attachment named 'Coverage pilot.iPhone-17.signIn.light.large.portrait.0.0.0 viewport control-Sign in'
ACE_CASE_RESULT {"auditInvocations":1,"id":"pilot.iPhone-17.signIn.light.large.portrait.0.0.0","observed":{"appearance":"light","boldText":false,"contentSize":"large","increaseContrast":false,"orientation":"portrait","reduceMotion":false},"result":"passed","scenario":"signIn","screenshots":["Coverage pilot.iPhone-17.signIn.light.large.portrait.0.0.0 viewport initial","Coverage pilot.iPhone-17.signIn.light.large.portrait.0.0.0 viewport control-Sign in"]}
    t =    16.13s Terminate com.example.aceclientapp:59862
    t =    17.13s Setting device orientation to Portrait
    t =    17.15s     Wait for com.apple.springboard to idle
    t =    17.16s Open com.example.aceclientapp
    t =    17.16s     Launch com.example.aceclientapp
    t =    17.79s         Setting up automation session
    t =    20.68s         Wait for com.example.aceclientapp to idle
    t =    22.76s Waiting 5.0s for "Current Release" StaticText to exist
    t =    23.81s     Checking `Expect predicate `existsNoRetry == 1` for object "Current Release" StaticText`
    t =    23.81s         Checking existence of `"Current Release" StaticText`
    t =    23.94s Find the "Current Release" StaticText
    t =    24.02s Find the Target Application 'com.example.aceclientapp'
ACE_ORIENTATION_READ_STARTED {"requested":"portrait"}
    t =    24.05s Find the Target Application 'com.example.aceclientapp'
ACE_ORIENTATION_FRAME {"elapsedReadSeconds":0.036834509985055774,"frame":{"height":"874.0","width":"402.0","x":"0.0","y":"0.0"},"outcome":"match","requested":"portrait"}
    t =    24.09s Waiting 5.0s for "Effective interface style" Any to exist
    t =    25.12s     Checking `Expect predicate `existsNoRetry == 1` for object "Effective interface style" Any`
    t =    25.12s         Checking existence of `"Effective interface style" Any`
    t =    26.24s Find the "Effective interface style" Any
    t =    26.32s Find the "Effective interface style" ScrollView
    t =    26.38s Find the Target Application 'com.example.aceclientapp'
    t =    26.83s Added attachment named 'Coverage pilot.iPhone-17.release.light.large.portrait.0.0.0 viewport initial'
    t =    31.06s Waiting 5.0s for ScrollView (First Match) to exist
    t =    32.12s     Checking `Expect predicate `existsNoRetry == 1` for object ScrollView (First Match)`
    t =    32.12s         Checking existence of `ScrollView (First Match)`
    t =    32.14s Checking existence of `Any (First Match)`
    t =    32.18s Find the Any (First Match)
    t =    32.28s Find the "Engagement name: Fictional Engagement" StaticText
    t =    32.33s Find the ScrollView (First Match)
    t =    32.39s Checking existence of `"Engagement name: Fictional Engagement" StaticText`
    t =    32.47s Find the "Engagement name: Fictional Engagement" StaticText
    t =    32.59s Find the "Engagement name: Fictional Engagement" StaticText
    t =    32.65s Find the ScrollView (First Match)
    t =    32.68s Find the Target Application 'com.example.aceclientapp'
    t =    33.05s Added attachment named 'Coverage pilot.iPhone-17.release.light.large.portrait.0.0.0 viewport value-Engagement name'
    t =    33.05s Waiting 5.0s for ScrollView (First Match) to exist
    t =    34.11s     Checking `Expect predicate `existsNoRetry == 1` for object ScrollView (First Match)`
    t =    34.11s         Checking existence of `ScrollView (First Match)`
    t =    34.14s Checking existence of `Any (First Match)`
    t =    34.18s Find the Any (First Match)
    t =    34.28s Find the "Review status: RELEASED" StaticText
    t =    34.34s Find the ScrollView (First Match)
    t =    34.39s Checking existence of `"Review status: RELEASED" StaticText`
    t =    34.43s Find the "Review status: RELEASED" StaticText
    t =    34.52s Find the "Review status: RELEASED" StaticText
    t =    34.58s Find the ScrollView (First Match)
    t =    34.60s Find the Target Application 'com.example.aceclientapp'
    t =    34.96s Added attachment named 'Coverage pilot.iPhone-17.release.light.large.portrait.0.0.0 viewport value-Review status'
    t =    34.96s Waiting 5.0s for ScrollView (First Match) to exist
    t =    36.01s     Checking `Expect predicate `existsNoRetry == 1` for object ScrollView (First Match)`
    t =    36.01s         Checking existence of `ScrollView (First Match)`
    t =    36.06s Checking existence of `Any (First Match)`
    t =    36.11s Find the Any (First Match)
    t =    36.20s Find the "Release version: 1" StaticText
    t =    36.28s Find the ScrollView (First Match)
    t =    36.32s Checking existence of `"Release version: 1" StaticText`
    t =    36.36s Find the "Release version: 1" StaticText
    t =    36.45s Find the "Release version: 1" StaticText
    t =    36.52s Find the ScrollView (First Match)
    t =    36.55s Find the Target Application 'com.example.aceclientapp'
    t =    36.90s Added attachment named 'Coverage pilot.iPhone-17.release.light.large.portrait.0.0.0 viewport value-Release version'
    t =    36.90s Waiting 5.0s for ScrollView (First Match) to exist
    t =    37.96s     Checking `Expect predicate `existsNoRetry == 1` for object ScrollView (First Match)`
    t =    37.96s         Checking existence of `ScrollView (First Match)`
    t =    37.98s Checking existence of `Any (First Match)`
    t =    38.02s Find the Any (First Match)
    t =    38.12s Find the "Published date and time: 2026-08-24T10:15:30Z" StaticText
    t =    38.18s Find the ScrollView (First Match)
    t =    38.22s Checking existence of `"Published date and time: 2026-08-24T10:15:30Z" StaticText`
    t =    38.28s Find the "Published date and time: 2026-08-24T10:15:30Z" StaticText
    t =    38.44s Find the "Published date and time: 2026-08-24T10:15:30Z" StaticText
    t =    38.50s Find the ScrollView (First Match)
    t =    38.54s Find the Target Application 'com.example.aceclientapp'
    t =    38.89s Added attachment named 'Coverage pilot.iPhone-17.release.light.large.portrait.0.0.0 viewport value-Published date and time'
    t =    38.89s Waiting 5.0s for ScrollView (First Match) to exist
    t =    39.94s     Checking `Expect predicate `existsNoRetry == 1` for object ScrollView (First Match)`
    t =    39.94s         Checking existence of `ScrollView (First Match)`
    t =    39.96s Checking existence of `Any (First Match)`
    t =    40.01s Find the Any (First Match)
    t =    40.11s Find the "Conclusion title: Fictional conclusion" StaticText
    t =    40.17s Find the ScrollView (First Match)
    t =    40.21s Checking existence of `"Conclusion title: Fictional conclusion" StaticText`
    t =    40.25s Find the "Conclusion title: Fictional conclusion" StaticText
    t =    40.35s Find the "Conclusion title: Fictional conclusion" StaticText
    t =    40.45s Find the ScrollView (First Match)
    t =    40.50s Find the Target Application 'com.example.aceclientapp'
    t =    40.95s Added attachment named 'Coverage pilot.iPhone-17.release.light.large.portrait.0.0.0 viewport value-Conclusion title'
    t =    40.95s Waiting 5.0s for ScrollView (First Match) to exist
    t =    41.97s     Checking `Expect predicate `existsNoRetry == 1` for object ScrollView (First Match)`
    t =    41.97s         Checking existence of `ScrollView (First Match)`
    t =    41.99s Checking existence of `Any (First Match)`
    t =    42.04s Find the Any (First Match)
    t =    42.13s Find the "Conclusion summary: Fictional summary" StaticText
    t =    42.19s Find the ScrollView (First Match)
    t =    42.26s Checking existence of `"Conclusion summary: Fictional summary" StaticText`
    t =    42.34s Find the "Conclusion summary: Fictional summary" StaticText
    t =    42.46s Find the "Conclusion summary: Fictional summary" StaticText
    t =    42.52s Find the ScrollView (First Match)
    t =    42.55s Find the Target Application 'com.example.aceclientapp'
    t =    42.89s Added attachment named 'Coverage pilot.iPhone-17.release.light.large.portrait.0.0.0 viewport value-Conclusion summary'
    t =    42.89s Waiting 5.0s for ScrollView (First Match) to exist
    t =    43.94s     Checking `Expect predicate `existsNoRetry == 1` for object ScrollView (First Match)`
    t =    43.94s         Checking existence of `ScrollView (First Match)`
    t =    43.98s Checking existence of `Any (First Match)`
    t =    44.05s Find the Any (First Match)
    t =    44.15s Find the "Evidence reference: FICTIONAL-REF-001" StaticText
    t =    44.21s Find the ScrollView (First Match)
    t =    44.25s Checking existence of `"Evidence reference: FICTIONAL-REF-001" StaticText`
    t =    44.30s Find the "Evidence reference: FICTIONAL-REF-001" StaticText
    t =    44.40s Find the "Evidence reference: FICTIONAL-REF-001" StaticText
    t =    44.47s Find the ScrollView (First Match)
    t =    44.50s Find the Target Application 'com.example.aceclientapp'
    t =    44.84s Added attachment named 'Coverage pilot.iPhone-17.release.light.large.portrait.0.0.0 viewport value-Evidence reference'
    t =    44.84s Waiting 5.0s for ScrollView (First Match) to exist
    t =    45.86s     Checking `Expect predicate `existsNoRetry == 1` for object ScrollView (First Match)`
    t =    45.86s         Checking existence of `ScrollView (First Match)`
    t =    45.88s Checking existence of `Any (First Match)`
    t =    45.96s Find the Any (First Match)
    t =    46.07s Find the "Action description: Fictional action" StaticText
    t =    46.18s Find the ScrollView (First Match)
    t =    46.23s Checking existence of `"Action description: Fictional action" StaticText`
    t =    46.30s Find the "Action description: Fictional action" StaticText
    t =    46.42s Find the "Action description: Fictional action" StaticText
    t =    46.50s Find the ScrollView (First Match)
    t =    46.53s Find the Target Application 'com.example.aceclientapp'
    t =    46.88s Added attachment named 'Coverage pilot.iPhone-17.release.light.large.portrait.0.0.0 viewport value-Action description'
    t =    46.88s Waiting 5.0s for ScrollView (First Match) to exist
    t =    47.94s     Checking `Expect predicate `existsNoRetry == 1` for object ScrollView (First Match)`
    t =    47.94s         Checking existence of `ScrollView (First Match)`
    t =    47.96s Checking existence of `Any (First Match)`
    t =    48.04s Find the Any (First Match)
    t =    48.22s Find the "Action owner: Fictional owner" StaticText
    t =    48.32s Find the ScrollView (First Match)
    t =    48.37s Find the "Effective interface style" ScrollView
    t =    48.42s Checking existence of `"Action owner: Fictional owner" StaticText`
    t =    48.50s Find the "Action owner: Fictional owner" StaticText
    t =    48.62s Press "Effective interface style" ScrollView[0.50, 0.72] for 0.1 seconds, then drag to "Effective interface style" ScrollView[0.50, 0.28] with velocity of 500.00 pixels per second, and then hold for 0.0 seconds 
    t =    48.62s     Wait for com.example.aceclientapp to idle
    t =    48.63s     Find the "Effective interface style" ScrollView
    t =    48.66s     Check for interrupting elements affecting "Effective interface style" ScrollView
    t =    48.72s     Synthesize event
    t =    48.72s         Find the "Effective interface style" ScrollView
    t =    48.77s         Find the "Effective interface style" ScrollView
    t =    48.81s         Find the "Effective interface style" ScrollView
    t =    48.86s         Find the "Effective interface style" ScrollView
    t =    48.95s         Find the "Effective interface style" ScrollView
    t =    50.19s     Wait for com.example.aceclientapp to idle
    t =    50.54s Checking existence of `"Action owner: Fictional owner" StaticText`
    t =    50.62s Find the "Action owner: Fictional owner" StaticText
    t =    50.74s Find the "Action owner: Fictional owner" StaticText
    t =    50.88s Find the "Effective interface style" ScrollView
    t =    50.96s Checking existence of `"Action owner: Fictional owner" StaticText`
    t =    51.04s Find the "Action owner: Fictional owner" StaticText
    t =    51.15s Find the "Action owner: Fictional owner" StaticText
    t =    51.27s Find the ScrollView (First Match)
    t =    51.33s Find the Target Application 'com.example.aceclientapp'
    t =    51.68s Added attachment named 'Coverage pilot.iPhone-17.release.light.large.portrait.0.0.0 viewport value-Action owner'
    t =    51.68s Waiting 5.0s for ScrollView (First Match) to exist
    t =    52.72s     Checking `Expect predicate `existsNoRetry == 1` for object ScrollView (First Match)`
    t =    52.73s         Checking existence of `ScrollView (First Match)`
    t =    52.75s Checking existence of `Any (First Match)`
    t =    52.85s Find the Any (First Match)
    t =    52.99s Find the "Action target date: 2026-08-25" StaticText
    t =    53.09s Find the ScrollView (First Match)
    t =    53.14s Checking existence of `"Action target date: 2026-08-25" StaticText`
    t =    53.24s Find the "Action target date: 2026-08-25" StaticText
    t =    53.37s Find the "Action target date: 2026-08-25" StaticText
    t =    53.46s Find the ScrollView (First Match)
    t =    53.49s Find the Target Application 'com.example.aceclientapp'
    t =    53.82s Added attachment named 'Coverage pilot.iPhone-17.release.light.large.portrait.0.0.0 viewport value-Action target date'
    t =    53.83s Waiting 5.0s for ScrollView (First Match) to exist
    t =    54.87s     Checking `Expect predicate `existsNoRetry == 1` for object ScrollView (First Match)`
    t =    54.87s         Checking existence of `ScrollView (First Match)`
    t =    54.91s Checking existence of `Any (First Match)`
    t =    55.00s Find the Any (First Match)
    t =    55.12s Find the "Action status: OPEN" StaticText
    t =    55.21s Find the ScrollView (First Match)
    t =    55.26s Checking existence of `"Action status: OPEN" StaticText`
    t =    55.36s Find the "Action status: OPEN" StaticText
    t =    55.57s Find the "Action status: OPEN" StaticText
    t =    55.67s Find the ScrollView (First Match)
    t =    55.71s Find the Target Application 'com.example.aceclientapp'
    t =    56.08s Added attachment named 'Coverage pilot.iPhone-17.release.light.large.portrait.0.0.0 viewport value-Action status'
    t =    56.08s Waiting 5.0s for ScrollView (First Match) to exist
    t =    57.12s     Checking `Expect predicate `existsNoRetry == 1` for object ScrollView (First Match)`
    t =    57.12s         Checking existence of `ScrollView (First Match)`
    t =    57.14s Checking existence of `"Copy action 1" Button`
    t =    57.22s Find the "Copy action 1" Button
    t =    57.31s Find the "Copy action 1" Button
    t =    57.39s Find the ScrollView (First Match)
    t =    57.43s Checking existence of `"Copy action 1" Button`
    t =    57.48s Find the "Copy action 1" Button
    t =    57.58s Find the "Copy action 1" Button
    t =    57.65s Find the "Copy action 1" Button
    t =    57.74s Waiting 5.0s for ScrollView (First Match) to exist
    t =    58.79s     Checking `Expect predicate `existsNoRetry == 1` for object ScrollView (First Match)`
    t =    58.79s         Checking existence of `ScrollView (First Match)`
    t =    58.81s Checking existence of `"Refresh current release" Button`
    t =    58.87s Find the "Refresh current release" Button
    t =    58.96s Find the "Refresh current release" Button
    t =    59.05s Find the ScrollView (First Match)
    t =    59.10s Checking existence of `"Refresh current release" Button`
    t =    59.17s Find the "Refresh current release" Button
    t =    59.28s Find the "Refresh current release" Button
    t =    59.36s Find the "Refresh current release" Button
    t =    59.45s Waiting 5.0s for ScrollView (First Match) to exist
    t =    60.51s     Checking `Expect predicate `existsNoRetry == 1` for object ScrollView (First Match)`
    t =    60.51s         Checking existence of `ScrollView (First Match)`
    t =    60.53s Checking existence of `"Sign out" Button`
    t =    60.60s Find the "Sign out" Button
    t =    60.72s Find the "Sign out" Button
    t =    60.79s Find the ScrollView (First Match)
    t =    60.83s Checking existence of `"Sign out" Button`
    t =    60.89s Find the "Sign out" Button
    t =    61.02s Find the "Sign out" Button
    t =    61.12s Find the "Sign out" Button
    t =    61.20s Find the Target Application 'com.example.aceclientapp'
    t =    61.53s Added attachment named 'Coverage pilot.iPhone-17.release.light.large.portrait.0.0.0 viewport release-final'
ACE_CASE_RESULT {"auditInvocations":2,"id":"pilot.iPhone-17.release.light.large.portrait.0.0.0","observed":{"appearance":"light","boldText":false,"contentSize":"large","increaseContrast":false,"orientation":"portrait","reduceMotion":false},"result":"passed","scenario":"release","screenshots":["Coverage pilot.iPhone-17.release.light.large.portrait.0.0.0 viewport initial","Coverage pilot.iPhone-17.release.light.large.portrait.0.0.0 viewport value-Engagement name","Coverage pilot.iPhone-17.release.light.large.portrait.0.0.0 viewport value-Review status","Coverage pilot.iPhone-17.release.light.large.portrait.0.0.0 viewport value-Release version","Coverage pilot.iPhone-17.release.light.large.portrait.0.0.0 viewport value-Published date and time","Coverage pilot.iPhone-17.release.light.large.portrait.0.0.0 viewport value-Conclusion title","Coverage pilot.iPhone-17.release.light.large.portrait.0.0.0 viewport value-Conclusion summary","Coverage pilot.iPhone-17.release.light.large.portrait.0.0.0 viewport value-Evidence reference","Coverage pilot.iPhone-17.release.light.large.portrait.0.0.0 viewport value-Action description","Coverage pilot.iPhone-17.release.light.large.portrait.0.0.0 viewport value-Action owner","Coverage pilot.iPhone-17.release.light.large.portrait.0.0.0 viewport value-Action target date","Coverage pilot.iPhone-17.release.light.large.portrait.0.0.0 viewport value-Action status","Coverage pilot.iPhone-17.release.light.large.portrait.0.0.0 viewport release-final"]}
    t =    64.72s Terminate com.example.aceclientapp:59889
    t =    65.73s Setting device orientation to Portrait
    t =    65.74s     Wait for com.apple.springboard to idle
    t =    65.75s Open com.example.aceclientapp
    t =    65.75s     Launch com.example.aceclientapp
    t =    66.40s         Setting up automation session
    t =    69.26s         Wait for com.example.aceclientapp to idle
    t =    71.28s Waiting 5.0s for "Current Release" StaticText to exist
    t =    72.31s     Checking `Expect predicate `existsNoRetry == 1` for object "Current Release" StaticText`
    t =    72.31s         Checking existence of `"Current Release" StaticText`
    t =    72.47s Find the "Current Release" StaticText
    t =    72.54s Find the Target Application 'com.example.aceclientapp'
ACE_ORIENTATION_READ_STARTED {"requested":"portrait"}
    t =    72.57s Find the Target Application 'com.example.aceclientapp'
ACE_ORIENTATION_FRAME {"elapsedReadSeconds":0.033484576997580007,"frame":{"height":"874.0","width":"402.0","x":"0.0","y":"0.0"},"outcome":"match","requested":"portrait"}
    t =    72.61s Waiting 5.0s for "Effective interface style" Any to exist
    t =    73.64s     Checking `Expect predicate `existsNoRetry == 1` for object "Effective interface style" Any`
    t =    73.64s         Checking existence of `"Effective interface style" Any`
    t =    74.75s Find the "Effective interface style" Any
    t =    74.80s Find the "Effective interface style" ScrollView
    t =    74.84s Find the Target Application 'com.example.aceclientapp'
    t =    75.34s Added attachment named 'Coverage pilot.iPhone-17.noConclusion.light.large.portrait.0.0.0 viewport initial'
    t =    78.91s Waiting 5.0s for ScrollView (First Match) to exist
    t =    79.96s     Checking `Expect predicate `existsNoRetry == 1` for object ScrollView (First Match)`
    t =    79.96s         Checking existence of `ScrollView (First Match)`
    t =    79.99s Checking existence of `Any (First Match)`
    t =    80.04s Find the Any (First Match)
    t =    80.14s Find the "Engagement name: Fictional Engagement" StaticText
    t =    80.21s Find the ScrollView (First Match)
    t =    80.25s Checking existence of `"Engagement name: Fictional Engagement" StaticText`
    t =    80.30s Find the "Engagement name: Fictional Engagement" StaticText
    t =    80.44s Find the "Engagement name: Fictional Engagement" StaticText
    t =    80.61s Find the ScrollView (First Match)
    t =    80.69s Find the Target Application 'com.example.aceclientapp'
    t =    81.28s Added attachment named 'Coverage pilot.iPhone-17.noConclusion.light.large.portrait.0.0.0 viewport value-Engagement name'
    t =    81.28s Waiting 5.0s for ScrollView (First Match) to exist
    t =    82.31s     Checking `Expect predicate `existsNoRetry == 1` for object ScrollView (First Match)`
    t =    82.31s         Checking existence of `ScrollView (First Match)`
    t =    82.34s Checking existence of `Any (First Match)`
    t =    82.38s Find the Any (First Match)
    t =    82.51s Find the "Review status: RELEASED" StaticText
    t =    82.58s Find the ScrollView (First Match)
    t =    82.63s Checking existence of `"Review status: RELEASED" StaticText`
    t =    82.68s Find the "Review status: RELEASED" StaticText
    t =    82.78s Find the "Review status: RELEASED" StaticText
    t =    82.85s Find the ScrollView (First Match)
    t =    82.88s Find the Target Application 'com.example.aceclientapp'
    t =    83.49s Added attachment named 'Coverage pilot.iPhone-17.noConclusion.light.large.portrait.0.0.0 viewport value-Review status'
    t =    83.49s Waiting 5.0s for ScrollView (First Match) to exist
    t =    84.52s     Checking `Expect predicate `existsNoRetry == 1` for object ScrollView (First Match)`
    t =    84.52s         Checking existence of `ScrollView (First Match)`
    t =    84.55s Checking existence of `Any (First Match)`
    t =    84.59s Find the Any (First Match)
    t =    84.75s Find the "Release version: 1" StaticText
    t =    84.81s Find the ScrollView (First Match)
    t =    85.00s Checking existence of `"Release version: 1" StaticText`
    t =    85.05s Find the "Release version: 1" StaticText
    t =    85.15s Find the "Release version: 1" StaticText
    t =    85.26s Find the ScrollView (First Match)
    t =    85.30s Find the Target Application 'com.example.aceclientapp'
    t =    85.72s Added attachment named 'Coverage pilot.iPhone-17.noConclusion.light.large.portrait.0.0.0 viewport value-Release version'
    t =    85.72s Waiting 5.0s for ScrollView (First Match) to exist
    t =    86.77s     Checking `Expect predicate `existsNoRetry == 1` for object ScrollView (First Match)`
    t =    86.77s         Checking existence of `ScrollView (First Match)`
    t =    86.80s Checking existence of `Any (First Match)`
    t =    86.84s Find the Any (First Match)
    t =    86.94s Find the "Published date and time: 2026-08-24T10:15:30Z" StaticText
    t =    87.00s Find the ScrollView (First Match)
    t =    87.04s Checking existence of `"Published date and time: 2026-08-24T10:15:30Z" StaticText`
    t =    87.08s Find the "Published date and time: 2026-08-24T10:15:30Z" StaticText
    t =    87.20s Find the "Published date and time: 2026-08-24T10:15:30Z" StaticText
    t =    87.26s Find the ScrollView (First Match)
    t =    87.32s Find the Target Application 'com.example.aceclientapp'
    t =    87.72s Added attachment named 'Coverage pilot.iPhone-17.noConclusion.light.large.portrait.0.0.0 viewport value-Published date and time'
    t =    87.72s Waiting 5.0s for ScrollView (First Match) to exist
    t =    88.78s     Checking `Expect predicate `existsNoRetry == 1` for object ScrollView (First Match)`
    t =    88.78s         Checking existence of `ScrollView (First Match)`
    t =    88.80s Checking existence of `Any (First Match)`
    t =    88.88s Find the Any (First Match)
    t =    89.03s Find the "Action description: Fictional action" StaticText
    t =    89.13s Find the ScrollView (First Match)
    t =    89.18s Checking existence of `"Action description: Fictional action" StaticText`
    t =    89.25s Find the "Action description: Fictional action" StaticText
    t =    89.38s Find the "Action description: Fictional action" StaticText
    t =    89.50s Find the ScrollView (First Match)
    t =    89.53s Find the Target Application 'com.example.aceclientapp'
    t =    90.01s Added attachment named 'Coverage pilot.iPhone-17.noConclusion.light.large.portrait.0.0.0 viewport value-Action description'
    t =    90.01s Waiting 5.0s for ScrollView (First Match) to exist
    t =    91.06s     Checking `Expect predicate `existsNoRetry == 1` for object ScrollView (First Match)`
    t =    91.06s         Checking existence of `ScrollView (First Match)`
    t =    91.09s Checking existence of `Any (First Match)`
    t =    91.16s Find the Any (First Match)
    t =    91.32s Find the "Action owner: Fictional owner" StaticText
    t =    91.40s Find the ScrollView (First Match)
    t =    91.45s Checking existence of `"Action owner: Fictional owner" StaticText`
    t =    91.52s Find the "Action owner: Fictional owner" StaticText
    t =    91.63s Find the "Action owner: Fictional owner" StaticText
    t =    91.73s Find the ScrollView (First Match)
    t =    91.80s Find the Target Application 'com.example.aceclientapp'
    t =    92.13s Added attachment named 'Coverage pilot.iPhone-17.noConclusion.light.large.portrait.0.0.0 viewport value-Action owner'
    t =    92.13s Waiting 5.0s for ScrollView (First Match) to exist
    t =    93.21s     Checking `Expect predicate `existsNoRetry == 1` for object ScrollView (First Match)`
    t =    93.21s         Checking existence of `ScrollView (First Match)`
    t =    93.24s Checking existence of `Any (First Match)`
    t =    93.31s Find the Any (First Match)
    t =    93.45s Find the "Action target date: 2026-08-25" StaticText
    t =    93.55s Find the ScrollView (First Match)
    t =    93.65s Checking existence of `"Action target date: 2026-08-25" StaticText`
    t =    93.74s Find the "Action target date: 2026-08-25" StaticText
    t =    93.93s Find the "Action target date: 2026-08-25" StaticText
    t =    94.05s Find the ScrollView (First Match)
    t =    94.10s Find the Target Application 'com.example.aceclientapp'
    t =    94.49s Added attachment named 'Coverage pilot.iPhone-17.noConclusion.light.large.portrait.0.0.0 viewport value-Action target date'
    t =    94.49s Waiting 5.0s for ScrollView (First Match) to exist
    t =    95.53s     Checking `Expect predicate `existsNoRetry == 1` for object ScrollView (First Match)`
    t =    95.53s         Checking existence of `ScrollView (First Match)`
    t =    95.56s Checking existence of `Any (First Match)`
    t =    95.65s Find the Any (First Match)
    t =    95.87s Find the "Action status: OPEN" StaticText
    t =    95.96s Find the ScrollView (First Match)
    t =    96.01s Checking existence of `"Action status: OPEN" StaticText`
    t =    96.08s Find the "Action status: OPEN" StaticText
    t =    96.31s Find the "Action status: OPEN" StaticText
    t =    96.43s Find the ScrollView (First Match)
    t =    96.48s Find the Target Application 'com.example.aceclientapp'
    t =    96.84s Added attachment named 'Coverage pilot.iPhone-17.noConclusion.light.large.portrait.0.0.0 viewport value-Action status'
    t =    96.85s Waiting 5.0s for ScrollView (First Match) to exist
    t =    97.87s     Checking `Expect predicate `existsNoRetry == 1` for object ScrollView (First Match)`
    t =    97.87s         Checking existence of `ScrollView (First Match)`
    t =    97.90s Checking existence of `"Copy action 1" Button`
    t =    97.96s Find the "Copy action 1" Button
    t =    98.11s Find the "Copy action 1" Button
    t =    98.19s Find the ScrollView (First Match)
    t =    98.23s Checking existence of `"Copy action 1" Button`
    t =    98.29s Find the "Copy action 1" Button
    t =    98.46s Find the "Copy action 1" Button
    t =    98.55s Find the "Copy action 1" Button
    t =    98.62s Waiting 5.0s for ScrollView (First Match) to exist
    t =    99.68s     Checking `Expect predicate `existsNoRetry == 1` for object ScrollView (First Match)`
    t =    99.68s         Checking existence of `ScrollView (First Match)`
    t =    99.71s Checking existence of `"Refresh current release" Button`
    t =    99.77s Find the "Refresh current release" Button
    t =    99.88s Find the ScrollView (First Match)
    t =    99.92s Checking existence of `"Refresh current release" Button`
    t =    99.98s Find the "Refresh current release" Button
    t =   100.09s Press "Effective interface style" ScrollView[0.50, 0.72] for 0.1 seconds, then drag to "Effective interface style" ScrollView[0.50, 0.28] with velocity of 500.00 pixels per second, and then hold for 0.0 seconds 
    t =   100.09s     Wait for com.example.aceclientapp to idle
    t =   100.10s     Find the "Effective interface style" ScrollView
    t =   100.14s     Check for interrupting elements affecting "Effective interface style" ScrollView
    t =   100.20s     Synthesize event
    t =   100.21s         Find the "Effective interface style" ScrollView
    t =   100.28s         Find the "Effective interface style" ScrollView
    t =   100.35s         Find the "Effective interface style" ScrollView
    t =   100.42s         Find the "Effective interface style" ScrollView
    t =   100.50s         Find the "Effective interface style" ScrollView
    t =   101.62s     Wait for com.example.aceclientapp to idle
    t =   102.14s Checking existence of `"Refresh current release" Button`
    t =   102.22s Find the "Refresh current release" Button
    t =   102.40s Find the "Refresh current release" Button
    t =   102.53s Find the "Effective interface style" ScrollView
    t =   102.57s Checking existence of `"Refresh current release" Button`
    t =   102.64s Find the "Refresh current release" Button
    t =   102.74s Find the "Refresh current release" Button
    t =   102.85s Find the "Refresh current release" Button
    t =   102.93s Waiting 5.0s for ScrollView (First Match) to exist
    t =   103.99s     Checking `Expect predicate `existsNoRetry == 1` for object ScrollView (First Match)`
    t =   103.99s         Checking existence of `ScrollView (First Match)`
    t =   104.01s Checking existence of `"Sign out" Button`
    t =   104.08s Find the "Sign out" Button
    t =   104.19s Find the "Sign out" Button
    t =   104.27s Find the ScrollView (First Match)
    t =   104.32s Checking existence of `"Sign out" Button`
    t =   104.38s Find the "Sign out" Button
    t =   104.48s Find the "Sign out" Button
    t =   104.58s Find the "Sign out" Button
    t =   104.66s Waiting 5.0s for ScrollView (First Match) to exist
    t =   105.72s     Checking `Expect predicate `existsNoRetry == 1` for object ScrollView (First Match)`
    t =   105.72s         Checking existence of `ScrollView (First Match)`
    t =   105.75s Checking existence of `Any (First Match)`
    t =   105.80s Find the Any (First Match)
    t =   105.91s Find the "No conclusion is available." StaticText
    t =   105.99s Find the ScrollView (First Match)
    t =   106.03s Checking existence of `"No conclusion is available." StaticText`
    t =   106.08s Find the "No conclusion is available." StaticText
    t =   106.23s Find the "No conclusion is available." StaticText
    t =   106.30s Find the ScrollView (First Match)
    t =   106.34s Find the Target Application 'com.example.aceclientapp'
    t =   106.73s Added attachment named 'Coverage pilot.iPhone-17.noConclusion.light.large.portrait.0.0.0 viewport no-conclusion-notice'
ACE_CASE_RESULT {"auditInvocations":2,"id":"pilot.iPhone-17.noConclusion.light.large.portrait.0.0.0","observed":{"appearance":"light","boldText":false,"contentSize":"large","increaseContrast":false,"orientation":"portrait","reduceMotion":false},"result":"passed","scenario":"noConclusion","screenshots":["Coverage pilot.iPhone-17.noConclusion.light.large.portrait.0.0.0 viewport initial","Coverage pilot.iPhone-17.noConclusion.light.large.portrait.0.0.0 viewport value-Engagement name","Coverage pilot.iPhone-17.noConclusion.light.large.portrait.0.0.0 viewport value-Review status","Coverage pilot.iPhone-17.noConclusion.light.large.portrait.0.0.0 viewport value-Release version","Coverage pilot.iPhone-17.noConclusion.light.large.portrait.0.0.0 viewport value-Published date and time","Coverage pilot.iPhone-17.noConclusion.light.large.portrait.0.0.0 viewport value-Action description","Coverage pilot.iPhone-17.noConclusion.light.large.portrait.0.0.0 viewport value-Action owner","Coverage pilot.iPhone-17.noConclusion.light.large.portrait.0.0.0 viewport value-Action target date","Coverage pilot.iPhone-17.noConclusion.light.large.portrait.0.0.0 viewport value-Action status","Coverage pilot.iPhone-17.noConclusion.light.large.portrait.0.0.0 viewport no-conclusion-notice"]}
    t =   110.18s Terminate com.example.aceclientapp:59965
    t =   111.24s Setting device orientation to Portrait
    t =   111.26s     Wait for com.apple.springboard to idle
    t =   111.27s Open com.example.aceclientapp
    t =   111.27s     Launch com.example.aceclientapp
    t =   111.97s         Setting up automation session
    t =   115.76s         Wait for com.example.aceclientapp to idle
    t =   118.18s Waiting 5.0s for "Current Release" StaticText to exist
    t =   119.19s     Checking `Expect predicate `existsNoRetry == 1` for object "Current Release" StaticText`
    t =   119.19s         Checking existence of `"Current Release" StaticText`
    t =   119.48s Find the "Current Release" StaticText
    t =   119.56s Find the Target Application 'com.example.aceclientapp'
ACE_ORIENTATION_READ_STARTED {"requested":"portrait"}
    t =   119.59s Find the Target Application 'com.example.aceclientapp'
ACE_ORIENTATION_FRAME {"elapsedReadSeconds":0.04039450699929148,"frame":{"height":"874.0","width":"402.0","x":"0.0","y":"0.0"},"outcome":"match","requested":"portrait"}
    t =   119.64s Waiting 5.0s for "Effective interface style" Any to exist
    t =   120.67s     Checking `Expect predicate `existsNoRetry == 1` for object "Effective interface style" Any`
    t =   120.67s         Checking existence of `"Effective interface style" Any`
    t =   121.76s Find the "Effective interface style" Any
    t =   121.80s Find the "Effective interface style" ScrollView
    t =   121.85s Find the Target Application 'com.example.aceclientapp'
    t =   122.50s Added attachment named 'Coverage pilot.iPhone-17.noActions.light.large.portrait.0.0.0 viewport initial'
    t =   126.86s Waiting 5.0s for ScrollView (First Match) to exist
    t =   127.92s     Checking `Expect predicate `existsNoRetry == 1` for object ScrollView (First Match)`
    t =   127.92s         Checking existence of `ScrollView (First Match)`
    t =   127.95s Checking existence of `Any (First Match)`
    t =   127.99s Find the Any (First Match)
    t =   128.09s Find the "Engagement name: Fictional Engagement" StaticText
    t =   128.15s Find the ScrollView (First Match)
    t =   128.20s Checking existence of `"Engagement name: Fictional Engagement" StaticText`
    t =   128.25s Find the "Engagement name: Fictional Engagement" StaticText
    t =   128.36s Find the "Engagement name: Fictional Engagement" StaticText
    t =   128.42s Find the ScrollView (First Match)
    t =   128.47s Find the Target Application 'com.example.aceclientapp'
    t =   128.86s Added attachment named 'Coverage pilot.iPhone-17.noActions.light.large.portrait.0.0.0 viewport value-Engagement name'
    t =   128.87s Waiting 5.0s for ScrollView (First Match) to exist
    t =   129.97s     Checking `Expect predicate `existsNoRetry == 1` for object ScrollView (First Match)`
    t =   129.97s         Checking existence of `ScrollView (First Match)`
    t =   130.03s Checking existence of `Any (First Match)`
    t =   130.07s Find the Any (First Match)
    t =   130.18s Find the "Review status: RELEASED" StaticText
    t =   130.24s Find the ScrollView (First Match)
    t =   130.29s Checking existence of `"Review status: RELEASED" StaticText`
    t =   130.33s Find the "Review status: RELEASED" StaticText
    t =   130.42s Find the "Review status: RELEASED" StaticText
    t =   130.57s Find the ScrollView (First Match)
    t =   130.68s Find the Target Application 'com.example.aceclientapp'
    t =   131.08s Added attachment named 'Coverage pilot.iPhone-17.noActions.light.large.portrait.0.0.0 viewport value-Review status'
    t =   131.08s Waiting 5.0s for ScrollView (First Match) to exist
    t =   132.14s     Checking `Expect predicate `existsNoRetry == 1` for object ScrollView (First Match)`
    t =   132.14s         Checking existence of `ScrollView (First Match)`
    t =   132.17s Checking existence of `Any (First Match)`
    t =   132.22s Find the Any (First Match)
    t =   132.32s Find the "Release version: 1" StaticText
    t =   132.38s Find the ScrollView (First Match)
    t =   132.44s Checking existence of `"Release version: 1" StaticText`
    t =   132.49s Find the "Release version: 1" StaticText
    t =   132.61s Find the "Release version: 1" StaticText
    t =   132.67s Find the ScrollView (First Match)
    t =   132.70s Find the Target Application 'com.example.aceclientapp'
    t =   133.19s Added attachment named 'Coverage pilot.iPhone-17.noActions.light.large.portrait.0.0.0 viewport value-Release version'
    t =   133.19s Waiting 5.0s for ScrollView (First Match) to exist
    t =   134.26s     Checking `Expect predicate `existsNoRetry == 1` for object ScrollView (First Match)`
    t =   134.26s         Checking existence of `ScrollView (First Match)`
    t =   134.29s Checking existence of `Any (First Match)`
    t =   134.34s Find the Any (First Match)
    t =   134.45s Find the "Published date and time: 2026-08-24T10:15:30Z" StaticText
    t =   134.52s Find the ScrollView (First Match)
    t =   134.56s Checking existence of `"Published date and time: 2026-08-24T10:15:30Z" StaticText`
    t =   134.61s Find the "Published date and time: 2026-08-24T10:15:30Z" StaticText
    t =   134.71s Find the "Published date and time: 2026-08-24T10:15:30Z" StaticText
    t =   134.86s Find the ScrollView (First Match)
    t =   134.89s Find the Target Application 'com.example.aceclientapp'
    t =   135.29s Added attachment named 'Coverage pilot.iPhone-17.noActions.light.large.portrait.0.0.0 viewport value-Published date and time'
    t =   135.30s Waiting 5.0s for ScrollView (First Match) to exist
    t =   136.34s     Checking `Expect predicate `existsNoRetry == 1` for object ScrollView (First Match)`
    t =   136.34s         Checking existence of `ScrollView (First Match)`
    t =   136.36s Checking existence of `Any (First Match)`
    t =   136.41s Find the Any (First Match)
    t =   136.60s Find the "Conclusion title: Fictional conclusion" StaticText
    t =   136.67s Find the ScrollView (First Match)
    t =   136.73s Checking existence of `"Conclusion title: Fictional conclusion" StaticText`
    t =   136.79s Find the "Conclusion title: Fictional conclusion" StaticText
    t =   136.88s Find the "Conclusion title: Fictional conclusion" StaticText
    t =   136.95s Find the ScrollView (First Match)
    t =   136.98s Find the Target Application 'com.example.aceclientapp'
    t =   137.45s Added attachment named 'Coverage pilot.iPhone-17.noActions.light.large.portrait.0.0.0 viewport value-Conclusion title'
    t =   137.45s Waiting 5.0s for ScrollView (First Match) to exist
    t =   138.51s     Checking `Expect predicate `existsNoRetry == 1` for object ScrollView (First Match)`
    t =   138.51s         Checking existence of `ScrollView (First Match)`
    t =   138.54s Checking existence of `Any (First Match)`
    t =   138.59s Find the Any (First Match)
    t =   138.68s Find the "Conclusion summary: Fictional summary" StaticText
    t =   138.74s Find the ScrollView (First Match)
    t =   138.78s Checking existence of `"Conclusion summary: Fictional summary" StaticText`
    t =   138.86s Find the "Conclusion summary: Fictional summary" StaticText
    t =   139.04s Find the "Conclusion summary: Fictional summary" StaticText
    t =   139.12s Find the ScrollView (First Match)
    t =   139.15s Find the Target Application 'com.example.aceclientapp'
    t =   139.61s Added attachment named 'Coverage pilot.iPhone-17.noActions.light.large.portrait.0.0.0 viewport value-Conclusion summary'
    t =   139.61s Waiting 5.0s for ScrollView (First Match) to exist
    t =   140.65s     Checking `Expect predicate `existsNoRetry == 1` for object ScrollView (First Match)`
    t =   140.65s         Checking existence of `ScrollView (First Match)`
    t =   140.68s Checking existence of `Any (First Match)`
    t =   140.73s Find the Any (First Match)
    t =   140.84s Find the "Evidence reference: FICTIONAL-REF-001" StaticText
    t =   140.91s Find the ScrollView (First Match)
    t =   140.96s Checking existence of `"Evidence reference: FICTIONAL-REF-001" StaticText`
    t =   141.01s Find the "Evidence reference: FICTIONAL-REF-001" StaticText
    t =   141.13s Find the "Evidence reference: FICTIONAL-REF-001" StaticText
    t =   141.20s Find the ScrollView (First Match)
    t =   141.24s Find the Target Application 'com.example.aceclientapp'
    t =   141.66s Added attachment named 'Coverage pilot.iPhone-17.noActions.light.large.portrait.0.0.0 viewport value-Evidence reference'
    t =   141.66s Waiting 5.0s for ScrollView (First Match) to exist
    t =   142.74s     Checking `Expect predicate `existsNoRetry == 1` for object ScrollView (First Match)`
    t =   142.74s         Checking existence of `ScrollView (First Match)`
    t =   142.77s Checking existence of `"Refresh current release" Button`
    t =   142.83s Find the "Refresh current release" Button
    t =   142.93s Find the "Refresh current release" Button
    t =   142.99s Find the ScrollView (First Match)
    t =   143.04s Checking existence of `"Refresh current release" Button`
    t =   143.09s Find the "Refresh current release" Button
    t =   143.19s Find the "Refresh current release" Button
    t =   143.25s Find the "Refresh current release" Button
    t =   143.31s Waiting 5.0s for ScrollView (First Match) to exist
    t =   144.37s     Checking `Expect predicate `existsNoRetry == 1` for object ScrollView (First Match)`
    t =   144.37s         Checking existence of `ScrollView (First Match)`
    t =   144.40s Checking existence of `"Sign out" Button`
    t =   144.45s Find the "Sign out" Button
    t =   144.59s Find the "Sign out" Button
    t =   144.66s Find the ScrollView (First Match)
    t =   144.70s Checking existence of `"Sign out" Button`
    t =   144.76s Find the "Sign out" Button
    t =   144.86s Find the "Sign out" Button
    t =   144.94s Find the "Sign out" Button
    t =   145.02s Waiting 5.0s for ScrollView (First Match) to exist
    t =   146.02s     Checking `Expect predicate `existsNoRetry == 1` for object ScrollView (First Match)`
    t =   146.02s         Checking existence of `ScrollView (First Match)`
    t =   146.05s Checking existence of `Any (First Match)`
    t =   146.10s Find the Any (First Match)
    t =   146.20s Find the "No actions are available." StaticText
    t =   146.28s Find the ScrollView (First Match)
    t =   146.36s Checking existence of `"No actions are available." StaticText`
    t =   146.41s Find the "No actions are available." StaticText
    t =   146.55s Find the "No actions are available." StaticText
    t =   146.63s Find the ScrollView (First Match)
    t =   146.66s Find the Target Application 'com.example.aceclientapp'
    t =   147.02s Added attachment named 'Coverage pilot.iPhone-17.noActions.light.large.portrait.0.0.0 viewport no-actions-notice'
ACE_CASE_RESULT {"auditInvocations":2,"id":"pilot.iPhone-17.noActions.light.large.portrait.0.0.0","observed":{"appearance":"light","boldText":false,"contentSize":"large","increaseContrast":false,"orientation":"portrait","reduceMotion":false},"result":"passed","scenario":"noActions","screenshots":["Coverage pilot.iPhone-17.noActions.light.large.portrait.0.0.0 viewport initial","Coverage pilot.iPhone-17.noActions.light.large.portrait.0.0.0 viewport value-Engagement name","Coverage pilot.iPhone-17.noActions.light.large.portrait.0.0.0 viewport value-Review status","Coverage pilot.iPhone-17.noActions.light.large.portrait.0.0.0 viewport value-Release version","Coverage pilot.iPhone-17.noActions.light.large.portrait.0.0.0 viewport value-Published date and time","Coverage pilot.iPhone-17.noActions.light.large.portrait.0.0.0 viewport value-Conclusion title","Coverage pilot.iPhone-17.noActions.light.large.portrait.0.0.0 viewport value-Conclusion summary","Coverage pilot.iPhone-17.noActions.light.large.portrait.0.0.0 viewport value-Evidence reference","Coverage pilot.iPhone-17.noActions.light.large.portrait.0.0.0 viewport no-actions-notice"]}
    t =   150.86s Terminate com.example.aceclientapp:60027
    t =   151.88s Setting device orientation to Portrait
    t =   151.89s     Wait for com.apple.springboard to idle
    t =   151.93s Open com.example.aceclientapp
    t =   151.93s     Launch com.example.aceclientapp
    t =   152.62s         Setting up automation session
    t =   156.38s         Wait for com.example.aceclientapp to idle
    t =   158.66s Waiting 5.0s for "Current Release" StaticText to exist
    t =   159.67s     Checking `Expect predicate `existsNoRetry == 1` for object "Current Release" StaticText`
    t =   159.68s         Checking existence of `"Current Release" StaticText`
    t =   159.96s Find the "Current Release" StaticText
    t =   160.03s Find the Target Application 'com.example.aceclientapp'
ACE_ORIENTATION_READ_STARTED {"requested":"portrait"}
    t =   160.07s Find the Target Application 'com.example.aceclientapp'
ACE_ORIENTATION_FRAME {"elapsedReadSeconds":0.033586321980692446,"frame":{"height":"874.0","width":"402.0","x":"0.0","y":"0.0"},"outcome":"match","requested":"portrait"}
    t =   160.10s Waiting 5.0s for "Effective interface style" Any to exist
    t =   161.12s     Checking `Expect predicate `existsNoRetry == 1` for object "Effective interface style" Any`
    t =   161.12s         Checking existence of `"Effective interface style" Any`
    t =   162.21s Find the "Effective interface style" Any
    t =   162.25s Find the "Effective interface style" ScrollView
    t =   162.29s Find the Target Application 'com.example.aceclientapp'
    t =   162.78s Added attachment named 'Coverage pilot.iPhone-17.copyConfirmation.light.large.portrait.0.0.0 viewport initial'
    t =   166.78s Waiting 5.0s for ScrollView (First Match) to exist
    t =   167.86s     Checking `Expect predicate `existsNoRetry == 1` for object ScrollView (First Match)`
    t =   167.86s         Checking existence of `ScrollView (First Match)`
    t =   167.89s Checking existence of `"Copy action 1" Button`
    t =   167.95s Find the "Copy action 1" Button
    t =   168.07s Find the ScrollView (First Match)
    t =   168.12s Checking existence of `"Copy action 1" Button`
    t =   168.20s Find the "Copy action 1" Button
    t =   168.31s Press "Effective interface style" ScrollView[0.50, 0.72] for 0.1 seconds, then drag to "Effective interface style" ScrollView[0.50, 0.28] with velocity of 500.00 pixels per second, and then hold for 0.0 seconds 
    t =   168.31s     Wait for com.example.aceclientapp to idle
    t =   168.32s     Find the "Effective interface style" ScrollView
    t =   168.36s     Check for interrupting elements affecting "Effective interface style" ScrollView
    t =   168.43s     Synthesize event
    t =   168.44s         Find the "Effective interface style" ScrollView
    t =   168.49s         Find the "Effective interface style" ScrollView
    t =   168.55s         Find the "Effective interface style" ScrollView
    t =   168.61s         Find the "Effective interface style" ScrollView
    t =   168.68s         Find the "Effective interface style" ScrollView
    t =   169.80s     Wait for com.example.aceclientapp to idle
    t =   170.17s Checking existence of `"Copy action 1" Button`
    t =   170.25s Find the "Copy action 1" Button
    t =   170.37s Find the "Copy action 1" Button
    t =   170.47s Find the "Effective interface style" ScrollView
    t =   170.51s Checking existence of `"Copy action 1" Button`
    t =   170.57s Find the "Copy action 1" Button
    t =   170.68s Find the "Copy action 1" Button
    t =   170.77s Find the "Copy action 1" Button
    t =   170.86s Tap "Copy action 1" Button
    t =   170.86s     Wait for com.example.aceclientapp to idle
    t =   170.88s     Find the "Copy action 1" Button
    t =   170.96s     Check for interrupting elements affecting "Copy action 1" Button
    t =   171.03s     Synthesize event
    t =   171.40s     Wait for com.example.aceclientapp to idle
    t =   171.41s Waiting 5.0s for Any (First Match) to exist
    t =   172.42s     Checking `Expect predicate `existsNoRetry == 1` for object Any (First Match)`
    t =   172.42s         Checking existence of `Any (First Match)`
    t =   172.52s Waiting 5.0s for ScrollView (First Match) to exist
    t =   173.56s     Checking `Expect predicate `existsNoRetry == 1` for object ScrollView (First Match)`
    t =   173.56s         Checking existence of `ScrollView (First Match)`
    t =   173.59s Checking existence of `Any (First Match)`
    t =   173.68s Find the Any (First Match)
    t =   173.84s Find the "Copied Action 1." StaticText
    t =   174.00s Find the ScrollView (First Match)
    t =   174.06s Checking existence of `"Copied Action 1." StaticText`
    t =   174.17s Find the "Copied Action 1." StaticText
    t =   174.34s Find the "Copied Action 1." StaticText
    t =   174.45s Find the ScrollView (First Match)
    t =   174.50s Find the Target Application 'com.example.aceclientapp'
    t =   174.99s Added attachment named 'Coverage pilot.iPhone-17.copyConfirmation.light.large.portrait.0.0.0 viewport copy-confirmation'
ACE_CASE_RESULT {"auditInvocations":2,"id":"pilot.iPhone-17.copyConfirmation.light.large.portrait.0.0.0","observed":{"appearance":"light","boldText":false,"contentSize":"large","increaseContrast":false,"orientation":"portrait","reduceMotion":false},"result":"passed","scenario":"copyConfirmation","screenshots":["Coverage pilot.iPhone-17.copyConfirmation.light.large.portrait.0.0.0 viewport initial","Coverage pilot.iPhone-17.copyConfirmation.light.large.portrait.0.0.0 viewport copy-confirmation"]}
    t =   178.48s Terminate com.example.aceclientapp:60071
    t =   179.54s Tear Down
Test Case '-[ACEClientAppUITests.ACEClientAppUITests testCoverageBatch]' passed (179.772 seconds).
Test Suite 'ACEClientAppUITests' passed at 2026-09-15 21:13:31.076.
	 Executed 1 test, with 0 failures (0 unexpected) in 179.772 (179.778) seconds
Test Suite 'ACEClientAppUITests.xctest' passed at 2026-09-15 21:13:31.078.
	 Executed 1 test, with 0 failures (0 unexpected) in 179.772 (179.781) seconds
Test Suite 'Selected tests' passed at 2026-09-15 21:13:31.080.
	 Executed 1 test, with 0 failures (0 unexpected) in 179.772 (179.785) seconds

Test session results, code coverage, and logs:
	LOCAL_HOME/ace-private/mcx19b-orientation-repair-20260915/post-diagnostic-pilot-runs/20260915T110638Z-pilot-71f4f52cf8a8/batches/001/result.xcresult

** TEST EXECUTE SUCCEEDED **

Testing started
2026-09-15 21:10:24.314 xcodebuild[59843:4967382] [MT] IDERunDestination: Supported platforms for the buildables in the current scheme is empty.
2026-09-15 21:10:24.332 xcodebuild[59843:4967382] [MT] IDERunDestination: Supported platforms for the buildables in the current scheme is empty.
2026-09-15 21:10:24.914 xcodebuild[59843:4967382] [MT] IDERunDestination: Supported platforms for the buildables in the current scheme is empty.
2026-09-15 21:10:25.093 xcodebuild[59843:4967382] [MT] IDERunDestination: Supported platforms for the buildables in the current scheme is empty.
2026-09-15 21:10:31.619 xcodebuild[59843:4967382] [MT] IDELaunchParametersSnapshot: The operation couldn’t be completed. (DebuggerLLDB.DebuggerVersionStore.StoreError error 0.)
2026-09-15 21:10:31.619 xcodebuild[59843:4967382] [MT] IDELaunchParametersSnapshot: no debugger version
2026-09-15 21:10:48.462 xcodebuild[59843:4967382] [MT] IDELaunchParametersSnapshot: The operation couldn’t be completed. (DebuggerLLDB.DebuggerVersionStore.StoreError error 0.)
2026-09-15 21:10:48.462 xcodebuild[59843:4967382] [MT] IDELaunchParametersSnapshot: no debugger version
2026-09-15 21:11:32.169 xcodebuild[59843:4967462]  DVTAssertions: Warning in DVTiOSFrameworks/DTDeviceKitBase/DTDKRemoteDeviceData.m:403
Details:  (null) deviceType from 00008301-809CF9200A09402E was NULL when -platform called.
Object:   <DTDKMobileDeviceToken: 0x7fe110cafc00>
Method:   -platform
Thread:   <NSThread: 0x600001c70f40>{number = 9, name = (null)}
Please file a bug at https://feedbackassistant.apple.com with this warning message and any useful information you can provide.
2026-09-15 21:11:37.053 xcodebuild[59843:4967382] [MT] IDELaunchParametersSnapshot: The operation couldn’t be completed. (DebuggerLLDB.DebuggerVersionStore.StoreError error 0.)
2026-09-15 21:11:37.053 xcodebuild[59843:4967382] [MT] IDELaunchParametersSnapshot: no debugger version
2026-09-15 21:12:22.574 xcodebuild[59843:4967382] [MT] IDELaunchParametersSnapshot: The operation couldn’t be completed. (DebuggerLLDB.DebuggerVersionStore.StoreError error 0.)
2026-09-15 21:12:22.574 xcodebuild[59843:4967382] [MT] IDELaunchParametersSnapshot: no debugger version
2026-09-15 21:13:03.240 xcodebuild[59843:4967382] [MT] IDELaunchParametersSnapshot: The operation couldn’t be completed. (DebuggerLLDB.DebuggerVersionStore.StoreError error 0.)
2026-09-15 21:13:03.240 xcodebuild[59843:4967382] [MT] IDELaunchParametersSnapshot: no debugger version
2026-09-15 21:13:31.713 xcodebuild[59843:4967382] [MT] IDETestOperationsObserverDebug: 186.580 elapsed -- Testing started completed.
2026-09-15 21:13:31.713 xcodebuild[59843:4967382] [MT] IDETestOperationsObserverDebug: 0.000 sec, +0.000 sec -- start
2026-09-15 21:13:31.713 xcodebuild[59843:4967382] [MT] IDETestOperationsObserverDebug: 186.580 sec, +186.580 sec -- end
