Command line invocation:
    /Applications/Xcode.app/Contents/Developer/usr/bin/xcodebuild test-without-building -xctestrun LOCAL_HOME/ace-private/mcx19b-orientation-repair-20260915/12-revision5-discriminating-diagnosis/arm-C/repetition-1/native-settings/initial-read/ACEClientAppUITests.xctestrun -destination id=2EB0863C-470E-467D-A0C6-CD216DA70C67 -parallel-testing-enabled NO "-only-testing:ACEClientAppUITests/ACEClientAppUITests/testConfigureAccessibilitySettings" -resultBundlePath LOCAL_HOME/ace-private/mcx19b-orientation-repair-20260915/12-revision5-discriminating-diagnosis/arm-C/repetition-1/native-settings/initial-read/result.xcresult

Writing result bundle at path:
	LOCAL_HOME/ace-private/mcx19b-orientation-repair-20260915/12-revision5-discriminating-diagnosis/arm-C/repetition-1/native-settings/initial-read/result.xcresult

2026-09-17 01:02:46.912468+1000 ACEClientAppUITests-Runner[15843:7772312] [Default] Running tests...
2026-09-17 01:02:47.113686+1000 ACEClientAppUITests-Runner[15843:7772698] [General] Failed to send CA Event for app launch measurements for ca_event_type: 0 event_name: com.apple.app_launch_measurement.FirstFramePresentationMetric
2026-09-17 01:02:47.156339+1000 ACEClientAppUITests-Runner[15843:7772698] [General] Failed to send CA Event for app launch measurements for ca_event_type: 1 event_name: com.apple.app_launch_measurement.ExtendedLaunchMetrics
Test Suite 'Selected tests' started at 2026-09-17 01:03:14.643.
Test Suite 'ACEClientAppUITests.xctest' started at 2026-09-17 01:03:14.651.
Test Suite 'ACEClientAppUITests' started at 2026-09-17 01:03:14.652.
Test Case '-[ACEClientAppUITests.ACEClientAppUITests testConfigureAccessibilitySettings]' started.
    t =     0.01s Start Test at 2026-09-17 01:03:14.659
    t =     0.77s Set Up
    t =     0.80s Open com.example.aceclientapp
    t =     0.80s     Launch com.example.aceclientapp
    t =     4.21s         Setting up automation session
    t =     8.61s         Wait for com.example.aceclientapp to idle
    t =    11.41s Waiting 5.0s for "Effective interface style" Any to exist
    t =    12.48s     Checking `Expect predicate `existsNoRetry == 1` for object "Effective interface style" Any`
    t =    12.48s         Checking existence of `"Effective interface style" Any`
    t =    13.65s Find the "Effective interface style" Any
    t =    13.71s Find the "Effective interface style" ScrollView
    t =    13.79s Terminate com.example.aceclientapp:15914
    t =    14.83s Open com.example.aceclientapp
    t =    14.84s     Launch com.example.aceclientapp
    t =    15.48s         Setting up automation session
    t =    20.02s         Wait for com.example.aceclientapp to idle
    t =    22.88s Waiting 5.0s for "Effective interface style" Any to exist
    t =    23.97s     Checking `Expect predicate `existsNoRetry == 1` for object "Effective interface style" Any`
    t =    23.97s         Checking existence of `"Effective interface style" Any`
    t =    25.19s Find the "Effective interface style" Any
    t =    25.24s Find the "Effective interface style" ScrollView
ACE_SETTINGS_RESULT {"mode":"read","observed":{"boldText":false,"increaseContrast":false,"orientation":"portrait","reduceMotion":false}}
    t =    25.29s Terminate com.example.aceclientapp:15937
    t =    26.31s Tear Down
Test Case '-[ACEClientAppUITests.ACEClientAppUITests testConfigureAccessibilitySettings]' passed (28.000 seconds).
Test Suite 'ACEClientAppUITests' passed at 2026-09-17 01:03:42.659.
	 Executed 1 test, with 0 failures (0 unexpected) in 28.000 (28.007) seconds
Test Suite 'ACEClientAppUITests.xctest' passed at 2026-09-17 01:03:42.661.
	 Executed 1 test, with 0 failures (0 unexpected) in 28.000 (28.010) seconds
Test Suite 'Selected tests' passed at 2026-09-17 01:03:42.663.
	 Executed 1 test, with 0 failures (0 unexpected) in 28.000 (28.021) seconds

Test session results, code coverage, and logs:
	LOCAL_HOME/ace-private/mcx19b-orientation-repair-20260915/12-revision5-discriminating-diagnosis/arm-C/repetition-1/native-settings/initial-read/result.xcresult

** TEST EXECUTE SUCCEEDED **

Testing started
2026-09-17 01:01:42.087 xcodebuild[15680:7769222] [MT] IDERunDestination: Supported platforms for the buildables in the current scheme is empty.
2026-09-17 01:01:42.144 xcodebuild[15680:7769222] [MT] IDERunDestination: Supported platforms for the buildables in the current scheme is empty.
2026-09-17 01:01:44.399 xcodebuild[15680:7769222] [MT] IDERunDestination: Supported platforms for the buildables in the current scheme is empty.
2026-09-17 01:03:15.668 xcodebuild[15680:7769222] [MT] IDELaunchParametersSnapshot: The operation couldn’t be completed. (DebuggerLLDB.DebuggerVersionStore.StoreError error 0.)
2026-09-17 01:03:15.668 xcodebuild[15680:7769222] [MT] IDELaunchParametersSnapshot: no debugger version
2026-09-17 01:03:29.495 xcodebuild[15680:7769222] [MT] IDELaunchParametersSnapshot: The operation couldn’t be completed. (DebuggerLLDB.DebuggerVersionStore.StoreError error 0.)
2026-09-17 01:03:29.495 xcodebuild[15680:7769222] [MT] IDELaunchParametersSnapshot: no debugger version
2026-09-17 01:03:43.092 xcodebuild[15680:7769222] [MT] IDETestOperationsObserverDebug: 118.618 elapsed -- Testing started completed.
2026-09-17 01:03:43.092 xcodebuild[15680:7769222] [MT] IDETestOperationsObserverDebug: 0.000 sec, +0.000 sec -- start
2026-09-17 01:03:43.092 xcodebuild[15680:7769222] [MT] IDETestOperationsObserverDebug: 118.618 sec, +118.618 sec -- end
