Command line invocation:
    /Applications/Xcode.app/Contents/Developer/usr/bin/xcodebuild test-without-building -xctestrun LOCAL_HOME/ace-private/mcx19b-orientation-repair-20260915/09-signin-scroll-diagnosis/native-focus-v1/native-settings/001-set/ACEClientAppUITests.xctestrun -destination id=2EB0863C-470E-467D-A0C6-CD216DA70C67 -parallel-testing-enabled NO "-only-testing:ACEClientAppUITests/ACEClientAppUITests/testConfigureAccessibilitySettings" -resultBundlePath LOCAL_HOME/ace-private/mcx19b-orientation-repair-20260915/09-signin-scroll-diagnosis/native-focus-v1/native-settings/001-set/result.xcresult

Writing result bundle at path:
	LOCAL_HOME/ace-private/mcx19b-orientation-repair-20260915/09-signin-scroll-diagnosis/native-focus-v1/native-settings/001-set/result.xcresult

2026-09-15 21:33:11.332398+1000 ACEClientAppUITests-Runner[62760:5027522] [Default] Running tests...
2026-09-15 21:33:11.566605+1000 ACEClientAppUITests-Runner[62760:5027702] [General] Failed to send CA Event for app launch measurements for ca_event_type: 0 event_name: com.apple.app_launch_measurement.FirstFramePresentationMetric
    t =      nans Interface orientation changed to Portrait
2026-09-15 21:33:15.042786+1000 ACEClientAppUITests-Runner[62760:5027707] [General] Failed to send CA Event for app launch measurements for ca_event_type: 1 event_name: com.apple.app_launch_measurement.ExtendedLaunchMetrics
Test Suite 'Selected tests' started at 2026-09-15 21:33:15.130.
Test Suite 'ACEClientAppUITests.xctest' started at 2026-09-15 21:33:15.136.
Test Suite 'ACEClientAppUITests' started at 2026-09-15 21:33:15.137.
Test Case '-[ACEClientAppUITests.ACEClientAppUITests testConfigureAccessibilitySettings]' started.
    t =     0.01s Start Test at 2026-09-15 21:33:15.147
    t =     0.21s Set Up
    t =     0.25s Open com.example.aceclientapp
    t =     0.25s     Launch com.example.aceclientapp
    t =     2.36s         Setting up automation session
    t =     6.48s         Wait for com.example.aceclientapp to idle
    t =     9.01s Waiting 5.0s for "Effective interface style" Any to exist
    t =    10.09s     Checking `Expect predicate `existsNoRetry == 1` for object "Effective interface style" Any`
    t =    10.10s         Checking existence of `"Effective interface style" Any`
    t =    11.31s Find the "Effective interface style" Any
    t =    11.40s Find the "Effective interface style" ScrollView
    t =    11.46s Terminate com.example.aceclientapp:62774
    t =    12.54s Open com.apple.Preferences
    t =    12.55s     Launch com.apple.Preferences
    t =    13.32s         Setting up automation session
    t =    17.01s         Wait for com.apple.Preferences to idle
    t =    25.23s Wait for com.apple.Preferences to become Running Foreground
    t =    25.23s Checking existence of `"Settings" NavigationBar`
    t =    26.20s Checking existence of `"Accessibility" Cell`
    t =    26.78s Checking existence of `Cell (First Match)`
    t =    27.13s Find the Cell (First Match)
    t =    27.54s Tap Cell at {{16.0, 432.3}, {370.0, 52.0}}
    t =    27.54s     Wait for com.apple.Preferences to idle
    t =    27.55s     Find the Cell at {{16.0, 432.3}, {370.0, 52.0}}
    t =    27.75s     Check for interrupting elements affecting Cell
    t =    28.04s     Synthesize event
    t =    28.50s     Wait for com.apple.Preferences to idle
    t =    34.67s Waiting 5.0s for "Accessibility" NavigationBar to exist
    t =    35.67s     Checking `Expect predicate `existsNoRetry == 1` for object "Accessibility" NavigationBar`
    t =    35.67s         Checking existence of `"Accessibility" NavigationBar`
ACE_NATIVE_SETTINGS_NAVIGATION Accessibility destinationOpened=true
    t =    36.55s Checking existence of `"Display & Text Size" Cell`
    t =    36.97s Find the "Display & Text Size" Cell
    t =    37.50s Tap "DISPLAY_AND_TEXT" Cell
    t =    37.50s     Wait for com.apple.Preferences to idle
    t =    37.51s     Find the "DISPLAY_AND_TEXT" Cell
    t =    37.86s     Check for interrupting elements affecting "DISPLAY_AND_TEXT" Cell
    t =    38.12s     Synthesize event
    t =    38.49s     Wait for com.apple.Preferences to idle
    t =    39.20s Waiting 5.0s for "Display & Text Size" NavigationBar to exist
    t =    40.27s     Checking `Expect predicate `existsNoRetry == 1` for object "Display & Text Size" NavigationBar`
    t =    40.27s         Checking existence of `"Display & Text Size" NavigationBar`
ACE_NATIVE_SETTINGS_NAVIGATION Display & Text Size destinationOpened=true
    t =    40.66s Waiting 5.0s for "Bold Text" Switch to exist
    t =    41.70s     Checking `Expect predicate `existsNoRetry == 1` for object "Bold Text" Switch`
    t =    41.71s         Checking existence of `"Bold Text" Switch`
    t =    41.97s Find the "Bold Text" Switch
    t =    42.20s Find the "ENHANCE_TEXT_LEGIBILITY" Switch
ACE_NATIVE_SWITCH Bold Text before=false expected=true frame=(36.0, 146.3333282470703, 330.0, 28.0)
    t =    42.53s Tap "ENHANCE_TEXT_LEGIBILITY" Switch[0.90, 0.50]
    t =    42.53s     Wait for com.apple.Preferences to idle
    t =    42.55s     Find the "ENHANCE_TEXT_LEGIBILITY" Switch
    t =    42.87s     Check for interrupting elements affecting "ENHANCE_TEXT_LEGIBILITY" Switch
    t =    43.16s     Synthesize event
    t =    43.16s         Find the "ENHANCE_TEXT_LEGIBILITY" Switch
    t =    43.41s         Find the "ENHANCE_TEXT_LEGIBILITY" Switch
    t =    43.87s         Find the "ENHANCE_TEXT_LEGIBILITY" Switch
    t =    44.48s     Wait for com.apple.Preferences to idle
    t =    45.58s Find the "ENHANCE_TEXT_LEGIBILITY" Switch
    t =    46.58s Find the "ENHANCE_TEXT_LEGIBILITY" Switch
    t =    47.60s Find the "ENHANCE_TEXT_LEGIBILITY" Switch
    t =    48.58s Find the "ENHANCE_TEXT_LEGIBILITY" Switch
    t =    49.51s Find the "ENHANCE_TEXT_LEGIBILITY" Switch
    t =    49.73s Find the "Bold Text" Switch
ACE_NATIVE_SWITCH_RESULT Bold Text wait=2 seconds=5.448634187021526 expected=true actual=Optional(false)
    t =    49.96s Find the Application 'com.apple.Preferences'
    t =    50.91s Added attachment named 'Accessibility settings Bold Text did not change'
LOCAL_HOME/Developer/sqe-platform-release-layout/ios/ACEClientApp/ACEClientAppUITests/ACEClientAppUITests.swift:450: error: -[ACEClientAppUITests.ACEClientAppUITests testConfigureAccessibilitySettings] : failed - Settings control Bold Text: expected true, actual Optional(false)
    t =    53.46s Tear Down
Test Case '-[ACEClientAppUITests.ACEClientAppUITests testConfigureAccessibilitySettings]' failed (54.064 seconds).
Test Suite 'ACEClientAppUITests' failed at 2026-09-15 21:34:09.211.
	 Executed 1 test, with 1 failure (0 unexpected) in 54.064 (54.074) seconds
Test Suite 'ACEClientAppUITests.xctest' failed at 2026-09-15 21:34:09.214.
	 Executed 1 test, with 1 failure (0 unexpected) in 54.064 (54.077) seconds
Test Suite 'Selected tests' failed at 2026-09-15 21:34:09.216.
	 Executed 1 test, with 1 failure (0 unexpected) in 54.064 (54.085) seconds

Test session results, code coverage, and logs:
	LOCAL_HOME/ace-private/mcx19b-orientation-repair-20260915/09-signin-scroll-diagnosis/native-focus-v1/native-settings/001-set/result.xcresult

Testing started
2026-09-15 21:33:04.221 xcodebuild[62736:5027007] [MT] IDERunDestination: Supported platforms for the buildables in the current scheme is empty.
2026-09-15 21:33:04.249 xcodebuild[62736:5027007] [MT] IDERunDestination: Supported platforms for the buildables in the current scheme is empty.
2026-09-15 21:33:05.194 xcodebuild[62736:5027007] [MT] IDERunDestination: Supported platforms for the buildables in the current scheme is empty.
2026-09-15 21:33:15.547 xcodebuild[62736:5027007] [MT] IDELaunchParametersSnapshot: The operation couldn’t be completed. (DebuggerLLDB.DebuggerVersionStore.StoreError error 0.)
2026-09-15 21:33:15.547 xcodebuild[62736:5027007] [MT] IDELaunchParametersSnapshot: no debugger version
2026-09-15 21:35:24.123 xcodebuild[62736:5027007] [MT] IDETestOperationsObserverDebug: 138.922 elapsed -- Testing started completed.
2026-09-15 21:35:24.124 xcodebuild[62736:5027007] [MT] IDETestOperationsObserverDebug: 0.000 sec, +0.000 sec -- start
2026-09-15 21:35:24.124 xcodebuild[62736:5027007] [MT] IDETestOperationsObserverDebug: 138.922 sec, +138.922 sec -- end
** TEST EXECUTE FAILED **

