Command line invocation:
    /Applications/Xcode.app/Contents/Developer/usr/bin/xcodebuild test-without-building -xctestrun "LOCAL_HOME/ace-private/mcx19b-orientation-repair-20260915/07-scroll-margin-diagnosis/native-focus-v3/native-settings/iPhone 17 Pro Max-restore-post-boot/ACEClientAppUITests.xctestrun" -destination id=D1BAA05C-52DD-4E57-832F-C0A75718E085 -parallel-testing-enabled NO "-only-testing:ACEClientAppUITests/ACEClientAppUITests/testConfigureAccessibilitySettings" -resultBundlePath "LOCAL_HOME/ace-private/mcx19b-orientation-repair-20260915/07-scroll-margin-diagnosis/native-focus-v3/native-settings/iPhone 17 Pro Max-restore-post-boot/result.xcresult"

Writing result bundle at path:
	LOCAL_HOME/ace-private/mcx19b-orientation-repair-20260915/07-scroll-margin-diagnosis/native-focus-v3/native-settings/iPhone 17 Pro Max-restore-post-boot/result.xcresult

2026-09-15 19:53:45.908232+1000 ACEClientAppUITests-Runner[49691:4769514] [Default] Running tests...
    t =      nans Interface orientation changed to Portrait
Test Suite 'Selected tests' started at 2026-09-15 19:53:58.317.
Test Suite 'ACEClientAppUITests.xctest' started at 2026-09-15 19:53:58.319.
Test Suite 'ACEClientAppUITests' started at 2026-09-15 19:53:58.321.
Test Case '-[ACEClientAppUITests.ACEClientAppUITests testConfigureAccessibilitySettings]' started.
    t =     0.01s Start Test at 2026-09-15 19:53:58.332
    t =     0.73s Set Up
    t =     0.75s Open com.example.aceclientapp
    t =     0.75s     Launch com.example.aceclientapp
    t =     3.40s         Setting up automation session
    t =     6.97s         Wait for com.example.aceclientapp to idle
    t =     9.45s Waiting 5.0s for "Effective interface style" Any to exist
    t =    10.46s     Checking `Expect predicate `existsNoRetry == 1` for object "Effective interface style" Any`
    t =    10.46s         Checking existence of `"Effective interface style" Any`
    t =    11.67s Find the "Effective interface style" Any
    t =    11.72s Find the "Effective interface style" ScrollView
    t =    11.77s Terminate com.example.aceclientapp:49722
    t =    12.78s Setting device orientation to Portrait
    t =    12.78s     Device orientation changed to Portrait
    t =    13.05s     Wait for com.apple.springboard to idle
    t =    13.19s Open com.example.aceclientapp
    t =    13.19s     Launch com.example.aceclientapp
    t =    14.05s         Setting up automation session
    t =    18.04s         Wait for com.example.aceclientapp to idle
    t =    20.52s Waiting 5.0s for "Effective interface style" Any to exist
    t =    21.60s     Checking `Expect predicate `existsNoRetry == 1` for object "Effective interface style" Any`
    t =    21.60s         Checking existence of `"Effective interface style" Any`
    t =    22.90s Find the "Effective interface style" Any
    t =    22.98s Find the "Effective interface style" ScrollView
ACE_ORIENTATION_READ_STARTED {"requested":"portrait"}
    t =    23.05s Find the Target Application 'com.example.aceclientapp'
ACE_ORIENTATION_FRAME {"elapsedReadSeconds":0.095371458010049537,"frame":{"height":"956.0","width":"440.0","x":"0.0","y":"0.0"},"outcome":"match","requested":"portrait"}
ACE_SETTINGS_RESULT {"mode":"set","observed":{"boldText":false,"increaseContrast":false,"orientation":"portrait","reduceMotion":false}}
    t =    23.15s Terminate com.example.aceclientapp:49743
    t =    24.18s Tear Down
Test Case '-[ACEClientAppUITests.ACEClientAppUITests testConfigureAccessibilitySettings]' passed (24.358 seconds).
Test Suite 'ACEClientAppUITests' passed at 2026-09-15 19:54:22.691.
	 Executed 1 test, with 0 failures (0 unexpected) in 24.358 (24.370) seconds
Test Suite 'ACEClientAppUITests.xctest' passed at 2026-09-15 19:54:22.693.
	 Executed 1 test, with 0 failures (0 unexpected) in 24.358 (24.374) seconds
Test Suite 'Selected tests' passed at 2026-09-15 19:54:22.695.
	 Executed 1 test, with 0 failures (0 unexpected) in 24.358 (24.378) seconds

Test session results, code coverage, and logs:
	LOCAL_HOME/ace-private/mcx19b-orientation-repair-20260915/07-scroll-margin-diagnosis/native-focus-v3/native-settings/iPhone 17 Pro Max-restore-post-boot/result.xcresult

** TEST EXECUTE SUCCEEDED **

Testing started
2026-09-15 19:53:18.423 xcodebuild[49615:4767701] [MT] IDERunDestination: Supported platforms for the buildables in the current scheme is empty.
2026-09-15 19:53:18.516 xcodebuild[49615:4767701] [MT] IDERunDestination: Supported platforms for the buildables in the current scheme is empty.
2026-09-15 19:53:20.091 xcodebuild[49615:4767701] [MT] IDERunDestination: Supported platforms for the buildables in the current scheme is empty.
2026-09-15 19:53:20.574 xcodebuild[49615:4767701] [MT] IDERunDestination: Supported platforms for the buildables in the current scheme is empty.
2026-09-15 19:53:59.199 xcodebuild[49615:4767701] [MT] IDELaunchParametersSnapshot: The operation couldn’t be completed. (DebuggerLLDB.DebuggerVersionStore.StoreError error 0.)
2026-09-15 19:53:59.199 xcodebuild[49615:4767701] [MT] IDELaunchParametersSnapshot: no debugger version
2026-09-15 19:54:11.516 xcodebuild[49615:4767701] [MT] IDELaunchParametersSnapshot: The operation couldn’t be completed. (DebuggerLLDB.DebuggerVersionStore.StoreError error 0.)
2026-09-15 19:54:11.516 xcodebuild[49615:4767701] [MT] IDELaunchParametersSnapshot: no debugger version
2026-09-15 19:54:23.059 xcodebuild[49615:4767701] [MT] IDETestOperationsObserverDebug: 62.473 elapsed -- Testing started completed.
2026-09-15 19:54:23.059 xcodebuild[49615:4767701] [MT] IDETestOperationsObserverDebug: 0.000 sec, +0.000 sec -- start
2026-09-15 19:54:23.059 xcodebuild[49615:4767701] [MT] IDETestOperationsObserverDebug: 62.473 sec, +62.473 sec -- end
