Command line invocation:
    /Applications/Xcode.app/Contents/Developer/usr/bin/xcodebuild test-without-building -xctestrun LOCAL_HOME/ace-private/mcx19b-implementation-20260914/pilot-preparation-20260915/failure-runs/20260915T004859Z-selected-d933564297b6/selected.xctestrun -destination id=D1BAA05C-52DD-4E57-832F-C0A75718E085 -parallel-testing-enabled NO "-only-testing:ACEClientAppTests/ACEClientAppTests/testRequestIsGETAndHasNoCache" -resultBundlePath LOCAL_HOME/ace-private/mcx19b-implementation-20260914/pilot-preparation-20260915/failure-runs/20260915T004859Z-selected-d933564297b6/selected.xcresult

Writing result bundle at path:
	LOCAL_HOME/ace-private/mcx19b-implementation-20260914/pilot-preparation-20260915/failure-runs/20260915T004859Z-selected-d933564297b6/selected.xcresult

Test Suite 'Selected tests' started at 2026-09-15 10:51:45.768.
Test Suite 'ACEClientAppTests.xctest' started at 2026-09-15 10:51:45.772.
Test Suite 'ACEClientAppTests' started at 2026-09-15 10:51:45.773.
Test Case '-[ACEClientAppTests.ACEClientAppTests testRequestIsGETAndHasNoCache]' started.
LOCAL_HOME/ace-private/mcx19b-implementation-20260914/pilot-preparation-20260915/failure-probe-source/ios/ACEClientApp/ACEClientAppTests/ACEClientAppTests.swift:91: error: -[ACEClientAppTests.ACEClientAppTests testRequestIsGETAndHasNoCache] : XCTAssertEqual failed: ("Optional("GET")") is not equal to ("Optional("POST")")
Test Case '-[ACEClientAppTests.ACEClientAppTests testRequestIsGETAndHasNoCache]' failed (0.485 seconds).
Test Suite 'ACEClientAppTests' failed at 2026-09-15 10:51:46.265.
	 Executed 1 test, with 1 failure (0 unexpected) in 0.485 (0.492) seconds
Test Suite 'ACEClientAppTests.xctest' failed at 2026-09-15 10:51:46.266.
	 Executed 1 test, with 1 failure (0 unexpected) in 0.485 (0.495) seconds
Test Suite 'Selected tests' failed at 2026-09-15 10:51:46.268.
	 Executed 1 test, with 1 failure (0 unexpected) in 0.485 (0.499) seconds

Test session results, code coverage, and logs:
	LOCAL_HOME/ace-private/mcx19b-implementation-20260914/pilot-preparation-20260915/failure-runs/20260915T004859Z-selected-d933564297b6/selected.xcresult

Testing started
2026-09-15 10:51:37.900 xcodebuild[85804:3546264] [MT] IDERunDestination: Supported platforms for the buildables in the current scheme is empty.
2026-09-15 10:51:37.917 xcodebuild[85804:3546264] [MT] IDERunDestination: Supported platforms for the buildables in the current scheme is empty.
2026-09-15 10:51:39.578 xcodebuild[85804:3546264] [MT] IDERunDestination: Supported platforms for the buildables in the current scheme is empty.
2026-09-15 10:52:56.581 xcodebuild[85804:3546264] [MT] IDETestOperationsObserverDebug: 76.989 elapsed -- Testing started completed.
2026-09-15 10:52:56.581 xcodebuild[85804:3546264] [MT] IDETestOperationsObserverDebug: 0.001 sec, +0.001 sec -- start
2026-09-15 10:52:56.581 xcodebuild[85804:3546264] [MT] IDETestOperationsObserverDebug: 76.989 sec, +76.988 sec -- end
** TEST EXECUTE FAILED **

