Command line invocation:
    /Applications/Xcode.app/Contents/Developer/usr/bin/xcodebuild test-without-building -xctestrun LOCAL_HOME/ace-private/mcx19b-orientation-repair-20260915/09-signin-scroll-diagnosis/native-capture-evidence-gate/negative/native-settings/001-set/ACEClientAppUITests.xctestrun -destination id=2EB0863C-470E-467D-A0C6-CD216DA70C67 -parallel-testing-enabled NO "-only-testing:ACEClientAppUITests/ACEClientAppUITests/testConfigureAccessibilitySettings" -resultBundlePath LOCAL_HOME/ace-private/mcx19b-orientation-repair-20260915/09-signin-scroll-diagnosis/native-capture-evidence-gate/negative/native-settings/001-set/result.xcresult

Writing result bundle at path:
	LOCAL_HOME/ace-private/mcx19b-orientation-repair-20260915/09-signin-scroll-diagnosis/native-capture-evidence-gate/negative/native-settings/001-set/result.xcresult

2026-09-15 22:11:22.754876+1000 ACEClientAppUITests-Runner[69132:5144243] [Default] Running tests...
    t =      nans Interface orientation changed to Portrait
Test Suite 'Selected tests' started at 2026-09-15 22:11:25.899.
Test Suite 'ACEClientAppUITests.xctest' started at 2026-09-15 22:11:25.901.
Test Suite 'ACEClientAppUITests' started at 2026-09-15 22:11:25.902.
Test Case '-[ACEClientAppUITests.ACEClientAppUITests testConfigureAccessibilitySettings]' started.
    t =     0.02s Start Test at 2026-09-15 22:11:25.924
    t =     0.20s Set Up
    t =     0.24s Open com.example.aceclientapp
    t =     0.24s     Launch com.example.aceclientapp
    t =     2.58s         Setting up automation session
    t =     6.87s         Wait for com.example.aceclientapp to idle
    t =     9.45s Waiting 5.0s for "Effective interface style" Any to exist
    t =    10.50s     Checking `Expect predicate `existsNoRetry == 1` for object "Effective interface style" Any`
    t =    10.50s         Checking existence of `"Effective interface style" Any`
    t =    11.70s Find the "Effective interface style" Any
    t =    11.77s Find the "Effective interface style" ScrollView
    t =    11.82s Terminate com.example.aceclientapp:69155
    t =    12.87s Setting device orientation to Portrait
    t =    12.87s     Device orientation changed to Portrait
    t =    12.93s     Wait for com.apple.springboard to idle
    t =    13.09s Open com.example.aceclientapp
    t =    13.10s     Launch com.example.aceclientapp
    t =    13.75s         Setting up automation session
    t =    17.88s         Wait for com.example.aceclientapp to idle
    t =    20.27s Waiting 5.0s for "Effective interface style" Any to exist
    t =    21.34s     Checking `Expect predicate `existsNoRetry == 1` for object "Effective interface style" Any`
    t =    21.34s         Checking existence of `"Effective interface style" Any`
    t =    22.52s Find the "Effective interface style" Any
    t =    22.59s Find the "Effective interface style" ScrollView
ACE_ORIENTATION_READ_STARTED {"requested":"portrait"}
    t =    22.65s Find the Target Application 'com.example.aceclientapp'
ACE_ORIENTATION_FRAME {"elapsedReadSeconds":0.089520234992960468,"frame":{"height":"874.0","width":"402.0","x":"0.0","y":"0.0"},"outcome":"match","requested":"portrait"}
ACE_SETTINGS_RESULT {"mode":"set","observed":{"boldText":false,"increaseContrast":false,"orientation":"portrait","reduceMotion":false}}
    t =    22.74s Terminate com.example.aceclientapp:69169
    t =    23.77s Tear Down
Test Case '-[ACEClientAppUITests.ACEClientAppUITests testConfigureAccessibilitySettings]' passed (24.209 seconds).
Test Suite 'ACEClientAppUITests' passed at 2026-09-15 22:11:50.131.
	 Executed 1 test, with 0 failures (0 unexpected) in 24.209 (24.229) seconds
Test Suite 'ACEClientAppUITests.xctest' passed at 2026-09-15 22:11:50.134.
	 Executed 1 test, with 0 failures (0 unexpected) in 24.209 (24.233) seconds
Test Suite 'Selected tests' passed at 2026-09-15 22:11:50.136.
	 Executed 1 test, with 0 failures (0 unexpected) in 24.209 (24.237) seconds

Test session results, code coverage, and logs:
	LOCAL_HOME/ace-private/mcx19b-orientation-repair-20260915/09-signin-scroll-diagnosis/native-capture-evidence-gate/negative/native-settings/001-set/result.xcresult

** TEST EXECUTE SUCCEEDED **

Testing started
2026-09-15 22:11:16.215 xcodebuild[69111:5143637] [MT] IDERunDestination: Supported platforms for the buildables in the current scheme is empty.
2026-09-15 22:11:16.235 xcodebuild[69111:5143637] [MT] IDERunDestination: Supported platforms for the buildables in the current scheme is empty.
2026-09-15 22:11:17.112 xcodebuild[69111:5143637] [MT] IDERunDestination: Supported platforms for the buildables in the current scheme is empty.
2026-09-15 22:11:26.395 xcodebuild[69111:5143637] [MT] IDELaunchParametersSnapshot: The operation couldn’t be completed. (DebuggerLLDB.DebuggerVersionStore.StoreError error 0.)
2026-09-15 22:11:26.395 xcodebuild[69111:5143637] [MT] IDELaunchParametersSnapshot: no debugger version
2026-09-15 22:11:39.006 xcodebuild[69111:5143637] [MT] IDELaunchParametersSnapshot: The operation couldn’t be completed. (DebuggerLLDB.DebuggerVersionStore.StoreError error 0.)
2026-09-15 22:11:39.006 xcodebuild[69111:5143637] [MT] IDELaunchParametersSnapshot: no debugger version
2026-09-15 22:11:50.573 xcodebuild[69111:5143637] [MT] IDETestOperationsObserverDebug: 33.453 elapsed -- Testing started completed.
2026-09-15 22:11:50.573 xcodebuild[69111:5143637] [MT] IDETestOperationsObserverDebug: 0.000 sec, +0.000 sec -- start
2026-09-15 22:11:50.573 xcodebuild[69111:5143637] [MT] IDETestOperationsObserverDebug: 33.453 sec, +33.453 sec -- end
