Command line invocation:
    /Applications/Xcode.app/Contents/Developer/usr/bin/xcodebuild test-without-building -xctestrun LOCAL_HOME/ace-private/mcx19b-orientation-repair-20260915/09-signin-scroll-diagnosis/native-screen-focus-v1/native-settings/001-set/ACEClientAppUITests.xctestrun -destination id=2EB0863C-470E-467D-A0C6-CD216DA70C67 -parallel-testing-enabled NO "-only-testing:ACEClientAppUITests/ACEClientAppUITests/testConfigureAccessibilitySettings" -resultBundlePath LOCAL_HOME/ace-private/mcx19b-orientation-repair-20260915/09-signin-scroll-diagnosis/native-screen-focus-v1/native-settings/001-set/result.xcresult

Writing result bundle at path:
	LOCAL_HOME/ace-private/mcx19b-orientation-repair-20260915/09-signin-scroll-diagnosis/native-screen-focus-v1/native-settings/001-set/result.xcresult

2026-09-15 21:59:42.289708+1000 ACEClientAppUITests-Runner[66827:5107677] [Default] Running tests...
    t =      nans Interface orientation changed to Portrait
Test Suite 'Selected tests' started at 2026-09-15 21:59:45.770.
Test Suite 'ACEClientAppUITests.xctest' started at 2026-09-15 21:59:45.772.
Test Suite 'ACEClientAppUITests' started at 2026-09-15 21:59:45.773.
Test Case '-[ACEClientAppUITests.ACEClientAppUITests testConfigureAccessibilitySettings]' started.
    t =     0.01s Start Test at 2026-09-15 21:59:45.781
    t =     0.25s Set Up
    t =     0.32s Open com.example.aceclientapp
    t =     0.32s     Launch com.example.aceclientapp
    t =     2.28s         Setting up automation session
    t =     6.25s         Wait for com.example.aceclientapp to idle
    t =     8.78s Waiting 5.0s for "Effective interface style" Any to exist
    t =     9.79s     Checking `Expect predicate `existsNoRetry == 1` for object "Effective interface style" Any`
    t =     9.79s         Checking existence of `"Effective interface style" Any`
    t =    11.04s Find the "Effective interface style" Any
    t =    11.10s Find the "Effective interface style" ScrollView
    t =    11.17s Terminate com.example.aceclientapp:66873
    t =    13.21s Open com.apple.Preferences
    t =    13.21s     Launch com.apple.Preferences
    t =    13.90s         Setting up automation session
    t =    18.43s         Wait for com.apple.Preferences to idle
    t =    27.53s Wait for com.apple.Preferences to become Running Foreground
    t =    27.53s Checking existence of `"Settings" NavigationBar`
    t =    28.56s Checking existence of `"Accessibility" Cell`
    t =    29.05s Checking existence of `Cell (First Match)`
    t =    29.34s Find the Cell (First Match)
    t =    29.70s Tap Cell at {{16.0, 432.3}, {370.0, 52.0}}
    t =    29.70s     Wait for com.apple.Preferences to idle
    t =    29.72s     Find the Cell at {{16.0, 432.3}, {370.0, 52.0}}
    t =    29.92s     Check for interrupting elements affecting Cell
    t =    30.19s     Synthesize event
    t =    30.64s     Wait for com.apple.Preferences to idle
    t =    37.28s Waiting 5.0s for "Accessibility" NavigationBar to exist
    t =    38.37s     Checking `Expect predicate `existsNoRetry == 1` for object "Accessibility" NavigationBar`
    t =    38.37s         Checking existence of `"Accessibility" NavigationBar`
ACE_NATIVE_SETTINGS_NAVIGATION Accessibility destinationOpened=true
    t =    38.98s Checking existence of `"Display & Text Size" Cell`
    t =    39.27s Find the "Display & Text Size" Cell
    t =    39.64s Tap "DISPLAY_AND_TEXT" Cell
    t =    39.65s     Wait for com.apple.Preferences to idle
    t =    39.66s     Find the "DISPLAY_AND_TEXT" Cell
    t =    39.94s     Check for interrupting elements affecting "DISPLAY_AND_TEXT" Cell
    t =    40.18s     Synthesize event
    t =    40.53s     Wait for com.apple.Preferences to idle
    t =    41.14s Waiting 5.0s for "Display & Text Size" NavigationBar to exist
    t =    42.21s     Checking `Expect predicate `existsNoRetry == 1` for object "Display & Text Size" NavigationBar`
    t =    42.21s         Checking existence of `"Display & Text Size" NavigationBar`
ACE_NATIVE_SETTINGS_NAVIGATION Display & Text Size destinationOpened=true
    t =    42.53s Waiting 5.0s for "Bold Text" Switch to exist
    t =    43.59s     Checking `Expect predicate `existsNoRetry == 1` for object "Bold Text" Switch`
    t =    43.59s         Checking existence of `"Bold Text" Switch`
    t =    43.81s Find the "Bold Text" Switch
    t =    44.02s Find the "ENHANCE_TEXT_LEGIBILITY" Switch
ACE_NATIVE_SWITCH Bold Text before=false expected=true frame=(36.0, 146.3333282470703, 330.0, 28.0)
    t =    44.22s Tap "ENHANCE_TEXT_LEGIBILITY" Switch[0.90, 0.50]
    t =    44.22s     Wait for com.apple.Preferences to idle
    t =    44.23s     Find the "ENHANCE_TEXT_LEGIBILITY" Switch
    t =    44.45s     Check for interrupting elements affecting "ENHANCE_TEXT_LEGIBILITY" Switch
    t =    44.63s     Synthesize event
    t =    44.63s         Find the "ENHANCE_TEXT_LEGIBILITY" Switch
    t =    44.85s         Find the "ENHANCE_TEXT_LEGIBILITY" Switch
    t =    45.18s         Find the "ENHANCE_TEXT_LEGIBILITY" Switch
    t =    45.72s     Wait for com.apple.Preferences to idle
    t =    48.02s Find the "ENHANCE_TEXT_LEGIBILITY" Switch
    t =    48.45s Find the "Bold Text" Switch
ACE_NATIVE_SWITCH_RESULT Bold Text wait=1 seconds=1.728762379992986 expected=true actual=Optional(true)
    t =    48.70s Checking existence of `"Settings" NavigationBar`
    t =    48.93s Checking existence of `Button (First Match)`
    t =    49.01s Find the Button (First Match)
    t =    49.27s Tap "BackButton" Button
    t =    49.27s     Wait for com.apple.Preferences to idle
    t =    49.29s     Find the "BackButton" Button
    t =    49.39s     Check for interrupting elements affecting "BackButton" Button
    t =    49.66s     Synthesize event
    t =    50.08s     Wait for com.apple.Preferences to idle
    t =    50.89s Checking existence of `"Settings" NavigationBar`
    t =    51.75s Checking existence of `Button (First Match)`
    t =    51.87s Find the Button (First Match)
    t =    52.05s Tap "BackButton" Button
    t =    52.06s     Wait for com.apple.Preferences to idle
    t =    52.07s     Find the "BackButton" Button
    t =    52.21s     Check for interrupting elements affecting "BackButton" Button
    t =    52.58s     Synthesize event
    t =    52.99s     Wait for com.apple.Preferences to idle
    t =    54.40s Checking existence of `"Settings" NavigationBar`
    t =    54.77s Checking existence of `"Accessibility" Cell`
    t =    54.96s Checking existence of `Cell (First Match)`
    t =    55.13s Find the Cell (First Match)
    t =    55.41s Tap Cell at {{16.0, 432.3}, {370.0, 52.0}}
    t =    55.41s     Wait for com.apple.Preferences to idle
    t =    55.44s     Find the Cell at {{16.0, 432.3}, {370.0, 52.0}}
    t =    55.62s     Check for interrupting elements affecting Cell
    t =    55.84s     Synthesize event
    t =    56.20s     Wait for com.apple.Preferences to idle
    t =    56.64s Waiting 5.0s for "Accessibility" NavigationBar to exist
    t =    57.74s     Checking `Expect predicate `existsNoRetry == 1` for object "Accessibility" NavigationBar`
    t =    57.74s         Checking existence of `"Accessibility" NavigationBar`
ACE_NATIVE_SETTINGS_NAVIGATION Accessibility destinationOpened=true
    t =    58.20s Checking existence of `"Motion" Cell`
    t =    58.58s Find the "Motion" Cell
    t =    59.06s Tap "MOTION_TITLE" Cell
    t =    59.06s     Wait for com.apple.Preferences to idle
    t =    59.07s     Find the "MOTION_TITLE" Cell
    t =    59.58s     Check for interrupting elements affecting "MOTION_TITLE" Cell
    t =    59.86s     Synthesize event
    t =    60.24s     Wait for com.apple.Preferences to idle
    t =    60.70s Waiting 5.0s for "Motion" NavigationBar to exist
    t =    61.78s     Checking `Expect predicate `existsNoRetry == 1` for object "Motion" NavigationBar`
    t =    61.78s         Checking existence of `"Motion" NavigationBar`
ACE_NATIVE_SETTINGS_NAVIGATION Motion destinationOpened=true
    t =    62.15s Waiting 5.0s for "Reduce Motion" Switch to exist
    t =    63.22s     Checking `Expect predicate `existsNoRetry == 1` for object "Reduce Motion" Switch`
    t =    63.22s         Checking existence of `"Reduce Motion" Switch`
    t =    63.40s Find the "Reduce Motion" Switch
    t =    63.59s Find the "REDUCE_MOTION" Switch
ACE_NATIVE_SWITCH Reduce Motion before=false expected=true frame=(36.0, 146.3333282470703, 330.0, 28.0)
    t =    63.79s Tap "REDUCE_MOTION" Switch[0.90, 0.50]
    t =    63.79s     Wait for com.apple.Preferences to idle
    t =    63.82s     Find the "REDUCE_MOTION" Switch
    t =    64.05s     Check for interrupting elements affecting "REDUCE_MOTION" Switch
    t =    64.41s     Synthesize event
    t =    64.42s         Find the "REDUCE_MOTION" Switch
    t =    64.71s         Find the "REDUCE_MOTION" Switch
    t =    64.95s         Find the "REDUCE_MOTION" Switch
    t =    65.47s     Wait for com.apple.Preferences to idle
    t =    68.20s Find the "REDUCE_MOTION" Switch
    t =    68.49s Find the "Reduce Motion" Switch
ACE_NATIVE_SWITCH_RESULT Reduce Motion wait=1 seconds=1.6550558529852424 expected=true actual=Optional(true)
    t =    68.78s Checking existence of `"Settings" NavigationBar`
    t =    69.20s Checking existence of `Button (First Match)`
    t =    69.41s Find the Button (First Match)
    t =    69.82s Tap "BackButton" Button
    t =    69.82s     Wait for com.apple.Preferences to idle
    t =    69.84s     Find the "BackButton" Button
    t =    69.95s     Check for interrupting elements affecting "BackButton" Button
    t =    70.14s     Synthesize event
    t =    70.55s     Wait for com.apple.Preferences to idle
    t =    71.25s Checking existence of `"Settings" NavigationBar`
    t =    71.99s Checking existence of `Button (First Match)`
    t =    72.08s Find the Button (First Match)
    t =    72.29s Tap "BackButton" Button
    t =    72.29s     Wait for com.apple.Preferences to idle
    t =    72.31s     Find the "BackButton" Button
    t =    72.47s     Check for interrupting elements affecting "BackButton" Button
    t =    72.92s     Synthesize event
    t =    73.32s     Wait for com.apple.Preferences to idle
    t =    74.90s Checking existence of `"Settings" NavigationBar`
    t =    75.34s Checking existence of `"Accessibility" Cell`
    t =    75.82s Checking existence of `Cell (First Match)`
    t =    76.29s Find the Cell (First Match)
    t =    76.77s Tap Cell at {{16.0, 432.3}, {370.0, 52.0}}
    t =    76.77s     Wait for com.apple.Preferences to idle
    t =    76.79s     Find the Cell at {{16.0, 432.3}, {370.0, 52.0}}
    t =    77.12s     Check for interrupting elements affecting Cell
    t =    77.52s     Synthesize event
    t =    77.97s     Wait for com.apple.Preferences to idle
    t =    78.56s Waiting 5.0s for "Accessibility" NavigationBar to exist
    t =    79.60s     Checking `Expect predicate `existsNoRetry == 1` for object "Accessibility" NavigationBar`
    t =    79.61s         Checking existence of `"Accessibility" NavigationBar`
ACE_NATIVE_SETTINGS_NAVIGATION Accessibility destinationOpened=true
    t =    80.12s Checking existence of `"Display & Text Size" Cell`
    t =    80.51s Find the "Display & Text Size" Cell
    t =    81.05s Tap "DISPLAY_AND_TEXT" Cell
    t =    81.05s     Wait for com.apple.Preferences to idle
    t =    81.06s     Find the "DISPLAY_AND_TEXT" Cell
    t =    81.55s     Check for interrupting elements affecting "DISPLAY_AND_TEXT" Cell
    t =    81.88s     Synthesize event
    t =    82.25s     Wait for com.apple.Preferences to idle
    t =    82.97s Waiting 5.0s for "Display & Text Size" NavigationBar to exist
    t =    84.06s     Checking `Expect predicate `existsNoRetry == 1` for object "Display & Text Size" NavigationBar`
    t =    84.06s         Checking existence of `"Display & Text Size" NavigationBar`
ACE_NATIVE_SETTINGS_NAVIGATION Display & Text Size destinationOpened=true
    t =    84.41s Waiting 5.0s for "Increase Contrast" Switch to exist
    t =    85.49s     Checking `Expect predicate `existsNoRetry == 1` for object "Increase Contrast" Switch`
    t =    85.49s         Checking existence of `"Increase Contrast" Switch`
    t =    85.73s Find the "Increase Contrast" Switch
    t =    85.96s Find the "TEXT_COLORS_DARKEN" Switch
ACE_NATIVE_SWITCH Increase Contrast before=false expected=true frame=(36.0, 535.6666870117188, 330.0, 28.0)
    t =    86.22s Tap "TEXT_COLORS_DARKEN" Switch[0.90, 0.50]
    t =    86.22s     Wait for com.apple.Preferences to idle
    t =    86.24s     Find the "TEXT_COLORS_DARKEN" Switch
    t =    86.47s     Check for interrupting elements affecting "TEXT_COLORS_DARKEN" Switch
    t =    86.70s     Synthesize event
    t =    86.70s         Find the "TEXT_COLORS_DARKEN" Switch
    t =    86.96s         Find the "TEXT_COLORS_DARKEN" Switch
    t =    87.26s         Find the "TEXT_COLORS_DARKEN" Switch
    t =    87.81s     Wait for com.apple.Preferences to idle
    t =    90.30s Find the "TEXT_COLORS_DARKEN" Switch
    t =    90.71s Find the "Increase Contrast" Switch
ACE_NATIVE_SWITCH_RESULT Increase Contrast wait=1 seconds=3.3363488859904464 expected=true actual=Optional(true)
    t =    91.31s Setting device orientation to Landscape Left
    t =    91.32s     Device orientation changed to Landscape Left
    t =    91.36s     Wait for com.apple.Preferences to idle
    t =    91.38s Open com.example.aceclientapp
    t =    91.39s     Launch com.example.aceclientapp
    t =    91.61s         Interface orientation changed to Landscape Right
    t =    92.67s         Setting up automation session
    t =    98.61s         Wait for com.example.aceclientapp to idle
    t =   102.13s Waiting 5.0s for "Effective interface style" Any to exist
    t =   103.16s     Checking `Expect predicate `existsNoRetry == 1` for object "Effective interface style" Any`
    t =   103.16s         Checking existence of `"Effective interface style" Any`
    t =   104.49s Find the "Effective interface style" Any
    t =   104.55s Find the "Effective interface style" ScrollView
ACE_ORIENTATION_READ_STARTED {"requested":"landscape"}
    t =   104.61s Find the Target Application 'com.example.aceclientapp'
ACE_ORIENTATION_FRAME {"elapsedReadSeconds":0.095092942006886005,"frame":{"height":"402.0","width":"874.0","x":"0.0","y":"0.0"},"outcome":"match","requested":"landscape"}
ACE_SETTINGS_RESULT {"mode":"set","observed":{"boldText":true,"increaseContrast":true,"orientation":"landscape","reduceMotion":true}}
    t =   104.71s Terminate com.example.aceclientapp:67175
    t =   105.00s     Interface orientation changed to Portrait
    t =   105.77s Tear Down
Test Case '-[ACEClientAppUITests.ACEClientAppUITests testConfigureAccessibilitySettings]' passed (106.465 seconds).
Test Suite 'ACEClientAppUITests' passed at 2026-09-15 22:01:32.246.
	 Executed 1 test, with 0 failures (0 unexpected) in 106.465 (106.474) seconds
Test Suite 'ACEClientAppUITests.xctest' passed at 2026-09-15 22:01:32.249.
	 Executed 1 test, with 0 failures (0 unexpected) in 106.465 (106.477) seconds
Test Suite 'Selected tests' passed at 2026-09-15 22:01:32.251.
	 Executed 1 test, with 0 failures (0 unexpected) in 106.465 (106.481) seconds

Test session results, code coverage, and logs:
	LOCAL_HOME/ace-private/mcx19b-orientation-repair-20260915/09-signin-scroll-diagnosis/native-screen-focus-v1/native-settings/001-set/result.xcresult

** TEST EXECUTE SUCCEEDED **

Testing started
2026-09-15 21:59:35.196 xcodebuild[66774:5107102] [MT] IDERunDestination: Supported platforms for the buildables in the current scheme is empty.
2026-09-15 21:59:35.216 xcodebuild[66774:5107102] [MT] IDERunDestination: Supported platforms for the buildables in the current scheme is empty.
2026-09-15 21:59:36.121 xcodebuild[66774:5107102] [MT] IDERunDestination: Supported platforms for the buildables in the current scheme is empty.
2026-09-15 21:59:36.372 xcodebuild[66774:5107102] [MT] IDERunDestination: Supported platforms for the buildables in the current scheme is empty.
2026-09-15 21:59:46.249 xcodebuild[66774:5107102] [MT] IDELaunchParametersSnapshot: The operation couldn’t be completed. (DebuggerLLDB.DebuggerVersionStore.StoreError error 0.)
2026-09-15 21:59:46.249 xcodebuild[66774:5107102] [MT] IDELaunchParametersSnapshot: no debugger version
2026-09-15 22:01:17.169 xcodebuild[66774:5107102] [MT] IDELaunchParametersSnapshot: The operation couldn’t be completed. (DebuggerLLDB.DebuggerVersionStore.StoreError error 0.)
2026-09-15 22:01:17.170 xcodebuild[66774:5107102] [MT] IDELaunchParametersSnapshot: no debugger version
2026-09-15 22:01:32.710 xcodebuild[66774:5107102] [MT] IDETestOperationsObserverDebug: 116.331 elapsed -- Testing started completed.
2026-09-15 22:01:32.710 xcodebuild[66774:5107102] [MT] IDETestOperationsObserverDebug: 0.000 sec, +0.000 sec -- start
2026-09-15 22:01:32.710 xcodebuild[66774:5107102] [MT] IDETestOperationsObserverDebug: 116.331 sec, +116.331 sec -- end
