Command line invocation:
    /Applications/Xcode.app/Contents/Developer/usr/bin/xcodebuild test-without-building -xctestrun "LOCAL_HOME/ace-private/mcx19b-orientation-repair-20260915/10-target-size-diagnosis/native-target-probe/native-settings/iPhone 17-read/ACEClientAppUITests.xctestrun" -destination id=2EB0863C-470E-467D-A0C6-CD216DA70C67 -parallel-testing-enabled NO "-only-testing:ACEClientAppUITests/ACEClientAppUITests/testConfigureAccessibilitySettings" -resultBundlePath "LOCAL_HOME/ace-private/mcx19b-orientation-repair-20260915/10-target-size-diagnosis/native-target-probe/native-settings/iPhone 17-read/result.xcresult"

Writing result bundle at path:
	LOCAL_HOME/ace-private/mcx19b-orientation-repair-20260915/10-target-size-diagnosis/native-target-probe/native-settings/iPhone 17-read/result.xcresult

2026-09-15 22:32:14.155995+1000 ACEClientAppUITests-Runner[72320:5212957] [Default] Running tests...
Test Suite 'Selected tests' started at 2026-09-15 22:32:27.112.
Test Suite 'ACEClientAppUITests.xctest' started at 2026-09-15 22:32:27.114.
Test Suite 'ACEClientAppUITests' started at 2026-09-15 22:32:27.115.
Test Case '-[ACEClientAppUITests.ACEClientAppUITests testConfigureAccessibilitySettings]' started.
    t =     0.01s Start Test at 2026-09-15 22:32:27.123
    t =     0.79s Set Up
    t =     0.81s Open com.example.aceclientapp
    t =     0.81s     Launch com.example.aceclientapp
    t =     3.51s         Setting up automation session
    t =     7.33s         Wait for com.example.aceclientapp to idle
    t =     9.87s Waiting 5.0s for "Effective interface style" Any to exist
    t =    10.94s     Checking `Expect predicate `existsNoRetry == 1` for object "Effective interface style" Any`
    t =    10.95s         Checking existence of `"Effective interface style" Any`
    t =    12.16s Find the "Effective interface style" Any
    t =    12.23s Find the "Effective interface style" ScrollView
    t =    12.28s Terminate com.example.aceclientapp:72350
    t =    13.35s Open com.example.aceclientapp
    t =    13.36s     Launch com.example.aceclientapp
    t =    14.01s         Setting up automation session
    t =    17.87s         Wait for com.example.aceclientapp to idle
    t =    20.82s Waiting 5.0s for "Effective interface style" Any to exist
    t =    21.89s     Checking `Expect predicate `existsNoRetry == 1` for object "Effective interface style" Any`
    t =    21.90s         Checking existence of `"Effective interface style" Any`
    t =    23.16s Find the "Effective interface style" Any
    t =    23.24s Find the "Effective interface style" ScrollView
ACE_SETTINGS_RESULT {"mode":"read","observed":{"boldText":false,"increaseContrast":false,"orientation":"portrait","reduceMotion":false}}
    t =    23.29s Terminate com.example.aceclientapp:72366
    t =    24.33s Tear Down
Test Case '-[ACEClientAppUITests.ACEClientAppUITests testConfigureAccessibilitySettings]' passed (25.803 seconds).
Test Suite 'ACEClientAppUITests' passed at 2026-09-15 22:32:52.927.
	 Executed 1 test, with 0 failures (0 unexpected) in 25.803 (25.812) seconds
Test Suite 'ACEClientAppUITests.xctest' passed at 2026-09-15 22:32:52.930.
	 Executed 1 test, with 0 failures (0 unexpected) in 25.803 (25.816) seconds
Test Suite 'Selected tests' passed at 2026-09-15 22:32:52.932.
	 Executed 1 test, with 0 failures (0 unexpected) in 25.803 (25.820) seconds

Test session results, code coverage, and logs:
	LOCAL_HOME/ace-private/mcx19b-orientation-repair-20260915/10-target-size-diagnosis/native-target-probe/native-settings/iPhone 17-read/result.xcresult

** TEST EXECUTE SUCCEEDED **

Testing started
2026-09-15 22:31:44.862 xcodebuild[72248:5211372] [MT] IDERunDestination: Supported platforms for the buildables in the current scheme is empty.
2026-09-15 22:31:44.884 xcodebuild[72248:5211372] [MT] IDERunDestination: Supported platforms for the buildables in the current scheme is empty.
2026-09-15 22:31:46.769 xcodebuild[72248:5211372] [MT] IDERunDestination: Supported platforms for the buildables in the current scheme is empty.
2026-09-15 22:32:28.064 xcodebuild[72248:5211372] [MT] IDELaunchParametersSnapshot: The operation couldn’t be completed. (DebuggerLLDB.DebuggerVersionStore.StoreError error 0.)
2026-09-15 22:32:28.064 xcodebuild[72248:5211372] [MT] IDELaunchParametersSnapshot: no debugger version
2026-09-15 22:32:40.482 xcodebuild[72248:5211372] [MT] IDELaunchParametersSnapshot: The operation couldn’t be completed. (DebuggerLLDB.DebuggerVersionStore.StoreError error 0.)
2026-09-15 22:32:40.482 xcodebuild[72248:5211372] [MT] IDELaunchParametersSnapshot: no debugger version
2026-09-15 22:32:53.306 xcodebuild[72248:5211372] [MT] IDETestOperationsObserverDebug: 66.527 elapsed -- Testing started completed.
2026-09-15 22:32:53.306 xcodebuild[72248:5211372] [MT] IDETestOperationsObserverDebug: 0.000 sec, +0.000 sec -- start
2026-09-15 22:32:53.306 xcodebuild[72248:5211372] [MT] IDETestOperationsObserverDebug: 66.527 sec, +66.527 sec -- end
