Command line invocation:
    /Applications/Xcode.app/Contents/Developer/usr/bin/xcodebuild test-without-building -xctestrun "LOCAL_HOME/ace-private/mcx19b-orientation-repair-20260915/08-copy-confirmation-diagnosis/native-prefix-probe-v2/native-settings/iPhone 17 Pro Max-restore-post-boot/ACEClientAppUITests.xctestrun" -destination id=D1BAA05C-52DD-4E57-832F-C0A75718E085 -parallel-testing-enabled NO "-only-testing:ACEClientAppUITests/ACEClientAppUITests/testConfigureAccessibilitySettings" -resultBundlePath "LOCAL_HOME/ace-private/mcx19b-orientation-repair-20260915/08-copy-confirmation-diagnosis/native-prefix-probe-v2/native-settings/iPhone 17 Pro Max-restore-post-boot/result.xcresult"

Writing result bundle at path:
	LOCAL_HOME/ace-private/mcx19b-orientation-repair-20260915/08-copy-confirmation-diagnosis/native-prefix-probe-v2/native-settings/iPhone 17 Pro Max-restore-post-boot/result.xcresult

2026-09-15 20:53:07.168312+1000 ACEClientAppUITests-Runner[57182:4913220] [Default] Running tests...
    t =      nans Interface orientation changed to Portrait
Test Suite 'Selected tests' started at 2026-09-15 20:53:20.466.
Test Suite 'ACEClientAppUITests.xctest' started at 2026-09-15 20:53:20.468.
Test Suite 'ACEClientAppUITests' started at 2026-09-15 20:53:20.470.
Test Case '-[ACEClientAppUITests.ACEClientAppUITests testConfigureAccessibilitySettings]' started.
    t =     0.01s Start Test at 2026-09-15 20:53:20.478
    t =     0.72s Set Up
    t =     0.76s Open com.example.aceclientapp
    t =     0.76s     Launch com.example.aceclientapp
    t =     3.74s         Setting up automation session
    t =     7.46s         Wait for com.example.aceclientapp to idle
    t =     9.84s Waiting 5.0s for "Effective interface style" Any to exist
    t =    10.91s     Checking `Expect predicate `existsNoRetry == 1` for object "Effective interface style" Any`
    t =    10.91s         Checking existence of `"Effective interface style" Any`
    t =    12.12s Find the "Effective interface style" Any
    t =    12.21s Find the "Effective interface style" ScrollView
    t =    12.30s Terminate com.example.aceclientapp:57218
    t =    13.40s Setting device orientation to Portrait
    t =    13.42s     Device orientation changed to Portrait
    t =    13.57s     Wait for com.apple.springboard to idle
    t =    13.71s Open com.example.aceclientapp
    t =    13.72s     Launch com.example.aceclientapp
    t =    14.37s         Setting up automation session
    t =    18.38s         Wait for com.example.aceclientapp to idle
    t =    20.92s Waiting 5.0s for "Effective interface style" Any to exist
    t =    21.99s     Checking `Expect predicate `existsNoRetry == 1` for object "Effective interface style" Any`
    t =    21.99s         Checking existence of `"Effective interface style" Any`
    t =    23.18s Find the "Effective interface style" Any
    t =    23.24s Find the "Effective interface style" ScrollView
ACE_ORIENTATION_READ_STARTED {"requested":"portrait"}
    t =    23.29s Find the Target Application 'com.example.aceclientapp'
ACE_ORIENTATION_FRAME {"elapsedReadSeconds":0.064418597990879789,"frame":{"height":"956.0","width":"440.0","x":"0.0","y":"0.0"},"outcome":"match","requested":"portrait"}
ACE_SETTINGS_RESULT {"mode":"set","observed":{"boldText":false,"increaseContrast":false,"orientation":"portrait","reduceMotion":false}}
    t =    23.35s Terminate com.example.aceclientapp:57236
    t =    24.39s Tear Down
Test Case '-[ACEClientAppUITests.ACEClientAppUITests testConfigureAccessibilitySettings]' passed (24.584 seconds).
Test Suite 'ACEClientAppUITests' passed at 2026-09-15 20:53:45.062.
	 Executed 1 test, with 0 failures (0 unexpected) in 24.584 (24.591) seconds
Test Suite 'ACEClientAppUITests.xctest' passed at 2026-09-15 20:53:45.064.
	 Executed 1 test, with 0 failures (0 unexpected) in 24.584 (24.596) seconds
Test Suite 'Selected tests' passed at 2026-09-15 20:53:45.066.
	 Executed 1 test, with 0 failures (0 unexpected) in 24.584 (24.600) seconds

Test session results, code coverage, and logs:
	LOCAL_HOME/ace-private/mcx19b-orientation-repair-20260915/08-copy-confirmation-diagnosis/native-prefix-probe-v2/native-settings/iPhone 17 Pro Max-restore-post-boot/result.xcresult

** TEST EXECUTE SUCCEEDED **

Testing started
2026-09-15 20:52:40.395 xcodebuild[57103:4911592] [MT] IDERunDestination: Supported platforms for the buildables in the current scheme is empty.
2026-09-15 20:52:40.451 xcodebuild[57103:4911592] [MT] IDERunDestination: Supported platforms for the buildables in the current scheme is empty.
2026-09-15 20:52:41.985 xcodebuild[57103:4911592] [MT] IDERunDestination: Supported platforms for the buildables in the current scheme is empty.
2026-09-15 20:52:42.523 xcodebuild[57103:4911592] [MT] IDERunDestination: Supported platforms for the buildables in the current scheme is empty.
2026-09-15 20:53:02.697 xcodebuild[57103:4911958]  DVTAssertions: Warning in DVTiOSFrameworks/DTDeviceKitBase/DTDKRemoteDeviceData.m:403
Details:  (null) deviceType from 00008301-809CF9200A09402E was NULL when -platform called.
Object:   <DTDKMobileDeviceToken: 0x7fc54fc1f850>
Method:   -platform
Thread:   <NSThread: 0x60000052c380>{number = 15, name = (null)}
Please file a bug at https://feedbackassistant.apple.com with this warning message and any useful information you can provide.
2026-09-15 20:53:21.407 xcodebuild[57103:4911592] [MT] IDELaunchParametersSnapshot: The operation couldn’t be completed. (DebuggerLLDB.DebuggerVersionStore.StoreError error 0.)
2026-09-15 20:53:21.407 xcodebuild[57103:4911592] [MT] IDELaunchParametersSnapshot: no debugger version
2026-09-15 20:53:34.192 xcodebuild[57103:4911592] [MT] IDELaunchParametersSnapshot: The operation couldn’t be completed. (DebuggerLLDB.DebuggerVersionStore.StoreError error 0.)
2026-09-15 20:53:34.192 xcodebuild[57103:4911592] [MT] IDELaunchParametersSnapshot: no debugger version
2026-09-15 20:53:45.428 xcodebuild[57103:4911592] [MT] IDETestOperationsObserverDebug: 62.896 elapsed -- Testing started completed.
2026-09-15 20:53:45.428 xcodebuild[57103:4911592] [MT] IDETestOperationsObserverDebug: 0.000 sec, +0.000 sec -- start
2026-09-15 20:53:45.428 xcodebuild[57103:4911592] [MT] IDETestOperationsObserverDebug: 62.896 sec, +62.896 sec -- end
