Using Python 3.14.5 environment at: LOCAL_HOME\sqe-private\consolidation-20260918\stage4\venv
Resolved 29 packages in 110ms
Downloading pydantic-core (2.0MiB)
Downloading reportlab (1.9MiB)
Downloading pygments (1.2MiB)
Downloading lxml (3.9MiB)
Downloading pillow (6.9MiB)
 Downloaded pydantic-core
 Downloaded pillow
 Downloaded reportlab
 Downloaded lxml
 Downloaded pygments
Prepared 29 packages in 14.59s
Installed 29 packages in 5.28s
 + annotated-doc==0.0.5
 + annotated-types==0.8.0
 + anyio==4.14.2
 + certifi==2026.7.22
 + charset-normalizer==3.5.1
 + click==8.4.2
 + colorama==0.4.6
 + et-xmlfile==2.0.0
 + fastapi==0.141.1
 + h11==0.16.0
 + httpcore==1.0.9
 + httpx==0.28.1
 + idna==3.18
 + iniconfig==2.3.0
 + lxml==6.1.3
 + openpyxl==3.1.5
 + packaging==26.3
 + pillow==12.3.0
 + pluggy==1.6.0
 + pydantic==2.13.4
 + pydantic-core==2.46.4
 + pygments==2.20.0
 + pytest==8.4.2
 + python-docx==1.2.0
 + reportlab==4.5.1
 + starlette==1.6.0
 + typing-extensions==4.16.0
 + typing-inspection==0.4.2
 + uvicorn==0.52.1
