F                                                                        [100%]
================================== FAILURES ===================================
__________________________ test_engagement_identity ___________________________

    def test_engagement_identity():
        response = TestClient(app).get('/workbench/engagement/summary', auth=('auditor','fictional-password'))
        Path(os.environ['GATE_HTML']).write_text(response.text, encoding='utf-8')
        assert response.status_code == 200
        match = re.search(r'ENG-FIC-\d{4}', response.text)
        assert match is not None, 'Engagement identifier missing'
        actual = match.group(0)
        expected = os.environ['GATE_EXPECTED']
>       assert actual == expected, f'Engagement identity: expected {expected}; actual {actual}'
E       AssertionError: Engagement identity: expected ENG-FIC-9999; actual ENG-FIC-0001
E       assert 'ENG-FIC-0001' == 'ENG-FIC-9999'
E         
E         - ENG-FIC-9999
E         + ENG-FIC-0001

..\..\sqe-private\consolidation-20260918\stage4\test_evidence_gate.py:15: AssertionError
============================== warnings summary ===============================
..\..\sqe-private\consolidation-20260918\stage4\venv\Lib\site-packages\fastapi\testclient.py:1
  LOCAL_HOME\sqe-private\consolidation-20260918\stage4\venv\Lib\site-packages\fastapi\testclient.py:1: StarletteDeprecationWarning: Using `httpx` with `starlette.testclient` is deprecated; install `httpx2` instead.
    from starlette.testclient import TestClient as TestClient  # noqa

-- Docs: https://docs.pytest.org/en/stable/how-to/capture-warnings.html
- generated xml file: LOCAL_HOME\sqe-private\consolidation-20260918\stage4\12-gate-fail.xml -
=========================== short test summary info ===========================
FAILED ::test_engagement_identity - AssertionError: Engagement identity: expe...
1 failed, 1 warning in 7.93s
