Exported 27 attachments for: ACEClientAppUITests/testClippingNoConclusionStandaloneAudit():
File: 023A09D9-67A2-4067-BAF0-10B61A4B3D4E.png, suggested name: "Controlled state — noConclusion — light_0_E52EA27B-4EBD-4E7D-8219-9736244A5660.png"
File: 8B39F70D-2C12-4A9C-817F-064FD524FE87, suggested name: "UI Snapshot 2026-09-14 at 05.05.29 pm"
File: 10D2FA06-8333-4FD5-A8D5-EF5C30D51617, suggested name: "Synthesized Event 2026-09-14 at 05.05.30 pm"
File: AF8B2942-B0CC-4189-8FE1-E430E8AD025D.png, suggested name: "Controlled state — noConclusion — initial-audit_0_50FFB090-9936-4DD8-90C2-C260709DEE48.png"
File: ADE8645E-D4F1-461A-82ED-5DE2C093AFA5.mp4, suggested name: "Screen Recording 2026-09-14 at 05.05.04 pm.mp4"
File: 86DD9975-ECD6-41A2-AD5C-D9F4EF8C0224.txt, suggested name: "Complete Issue Description.txt"
File: D3CF4FDC-AECB-4962-90FD-24644CCEB0C4.png, suggested name: "App Screenshot_0_B678658C-497D-4059-B652-642847159540.png"
File: BDEE53EB-8446-49E6-AC21-E9EB349E93DC.png, suggested name: "Element Screenshot_1_0B293790-132B-495C-AD0D-103D224DCC47.png"
File: 6A5B9680-F48E-45E4-AE4F-10CFBC4F92AB.txt, suggested name: "Complete Issue Description.txt"
File: DF376E05-B695-4418-9FD8-6D92EF5181E0.png, suggested name: "App Screenshot_0_6E963B9B-E370-4DC8-8FE4-00A98F15D461.png"
File: 92A5CE12-1EDC-4CA4-9CDF-D8167DB86013.png, suggested name: "Element Screenshot_1_6308EB36-37A9-4D1B-8EDC-775C932A50EB.png"
File: E34FB5A4-736F-45EB-86FA-E4D6B9BDEFD3.txt, suggested name: "Complete Issue Description.txt"
File: DB6DC968-B0C5-4B39-9245-2D295584D578.png, suggested name: "App Screenshot_0_14E46099-D01B-49B8-9314-CFCDFB640F5C.png"
File: 394B983B-F612-41D6-91A7-CFCC98C58FD0.png, suggested name: "Element Screenshot_1_87EA136D-450D-47F8-AED2-E0CE287FEB51.png"
File: FBC05259-06E2-43B2-9CF3-4A8163750F0B.txt, suggested name: "Complete Issue Description.txt"
File: 66B65DE0-422F-42CC-8B00-F68A986E62F4.png, suggested name: "App Screenshot_0_1CD1AB27-8DE1-42D3-BEB1-AB32EAE96782.png"
File: 92884ED8-4ECC-4952-9D44-5914057C5E84.png, suggested name: "Element Screenshot_1_08591CD2-AC17-4539-BDB9-3092BE2318FE.png"
File: 1FB379F2-52B5-4920-9018-EB944068E47C.txt, suggested name: "Complete Issue Description.txt"
File: 0B7B9D94-344A-4D4C-9291-72B9475375ED.png, suggested name: "App Screenshot_0_36926D26-4C45-458B-8A83-C0D60BD1AC22.png"
File: 92690E2E-2D2A-4FCB-8A81-A10E89F45F97.png, suggested name: "Element Screenshot_1_2F1A579C-4249-441D-8776-A9DA1F33971D.png"
File: AF3F7449-E94B-4919-BADA-97E44DF3719D.txt, suggested name: "Complete Issue Description.txt"
File: AE19CCF9-A7AE-4A0F-8BDE-BEDACF429C10.png, suggested name: "App Screenshot_0_C03ADD39-7DB9-4B91-91BF-8614482B665D.png"
File: 28FEAAA2-0BE0-4B0F-BA63-C7E14D23F1DA.png, suggested name: "Element Screenshot_1_94014187-63FB-4539-8B10-B4A08B8229CE.png"
File: 56FCDB40-B83B-4469-B769-1E62F62A77E3.txt, suggested name: "Complete Issue Description.txt"
File: 94604F12-8B4D-4B8D-B1CD-AFF8303CC3AB.png, suggested name: "App Screenshot_0_768DDE8C-1CEC-4221-83D2-585E1C822636.png"
File: 6CA320B9-E043-412B-850C-A5620C3D1632.txt, suggested name: "Complete Issue Description.txt"
File: 223E4BA0-E364-410B-92D0-E7F564AA56C1.png, suggested name: "App Screenshot_0_62787484-34BA-48A4-A140-FBF619447DBE.png"

Generated manifest file with attachment details: LOCAL_HOME/ace-private/mcx19b-implementation-20260914/no-conclusion-initial-diagnostic-attachments/manifest.json
