Exported 29 attachments for: ACEClientAppUITests/testClippingNoConclusionStandaloneAudit():
File: CF4B285C-EE60-49ED-B479-1EF49958A38F.png, suggested name: "Controlled state — noConclusion — light_0_3AD5BABB-68A5-446B-BB27-E8FB8DE52794.png"
File: EF448134-3444-4545-AA1A-D15DE13A4576, suggested name: "UI Snapshot 2026-09-14 at 05.25.10 pm"
File: DDEEDD1A-E9D3-40C3-9C05-55BEA3145419, suggested name: "Synthesized Event 2026-09-14 at 05.25.11 pm"
File: 9429523E-BFD4-4FF9-B97C-920AED6E1B17, suggested name: "UI Snapshot 2026-09-14 at 05.25.07 pm"
File: 2446F443-4F84-4408-9FD2-C7F0AFE0BA63, suggested name: "Synthesized Event 2026-09-14 at 05.25.08 pm"
File: 33A397F3-B943-4572-BA1A-00DF0C723D77.png, suggested name: "Controlled state — noConclusion — initial-audit_0_95CACBB7-8490-4B24-BD5C-C855B0D38623.png"
File: 5BE53D3D-FD13-408C-B7C1-E98E95AA783B.mp4, suggested name: "Screen Recording 2026-09-14 at 05.24.35 pm.mp4"
File: 4E8E919E-6182-431B-BEA7-B0D0B4602585.txt, suggested name: "Complete Issue Description.txt"
File: 415A9672-8EB8-45AF-8FA3-3EBCB947EDAA.png, suggested name: "App Screenshot_0_82B84197-E68A-45D8-A0C7-337468D74333.png"
File: DD5EB2D1-5A14-4714-B26C-B334148DAF1A.png, suggested name: "Element Screenshot_1_8EE713E3-56DA-4076-AD98-FCA3337C905D.png"
File: 51D70188-68F0-46B1-88B2-F8EF8CF4598A.txt, suggested name: "Complete Issue Description.txt"
File: DB7E1474-BC15-4DFC-B4D0-E72D2E72C5F1.png, suggested name: "App Screenshot_0_823D45AD-9D7A-4C5E-A3BE-B72B1FB2F664.png"
File: 03FC56BB-7BB0-4D35-89DD-A427DD07ECE6.png, suggested name: "Element Screenshot_1_8B1EEE3B-4FB6-4265-AAE6-680C0DB586F0.png"
File: 5353DFF2-F567-4689-BB9D-9D3CA22C3E3F.txt, suggested name: "Complete Issue Description.txt"
File: FD7EB0B8-FE0C-452E-B763-CD159DEA5069.png, suggested name: "App Screenshot_0_8C54AFE9-A56E-4495-8846-A285964EF2CD.png"
File: CA8DB5C2-B4DC-4A24-9E7B-18CE89DDD428.png, suggested name: "Element Screenshot_1_6480B612-6A4B-4183-9AA9-53F772D2112F.png"
File: 653FBEF1-9AF5-4AB7-8064-32C47EB06A67.txt, suggested name: "Complete Issue Description.txt"
File: 950DD9EE-BC74-4DD1-B590-BB47178B90A7.png, suggested name: "App Screenshot_0_13F466A8-C0F6-43D8-ADA1-99BFD28F7317.png"
File: 9283F6F0-01DC-453D-BE15-E088FD9FB3CE.png, suggested name: "Element Screenshot_1_53E062E7-BA19-4B21-8775-C79F0449EC6F.png"
File: 957627AE-4C71-4D5E-889F-B75CC26E41A3.txt, suggested name: "Complete Issue Description.txt"
File: 19F3D83F-558D-497E-823C-2FE56C96CE30.png, suggested name: "App Screenshot_0_13414E08-771B-4A3E-ADFF-C97F427E871A.png"
File: E36C70F9-2C00-4B59-AAAF-BC2326157E1C.png, suggested name: "Element Screenshot_1_A2AE0630-A162-4AE8-B275-5C7B44A95CB3.png"
File: 9DF6879D-3821-4A55-9446-BE4D6DCFC28F.txt, suggested name: "Complete Issue Description.txt"
File: 09759FD3-1EEE-4108-9A69-1EC9709F0CA6.png, suggested name: "App Screenshot_0_1CEF94D2-D0E4-4DC8-BECD-2D9C78840F19.png"
File: F7C04CED-FB1F-4899-8153-31D50CFC35AA.png, suggested name: "Element Screenshot_1_D011486D-72E2-475D-BC6E-58BAEF5C2EEA.png"
File: AEE3C73B-DAB9-4055-BAC0-06B2C4DF7387.txt, suggested name: "Complete Issue Description.txt"
File: AF287AC6-8FDC-4862-A4C7-19C30504CF0C.png, suggested name: "App Screenshot_0_44C0DA49-FF60-4B15-B95C-FD0C85AA3FF5.png"
File: 98217BDA-CCF7-42BA-9D67-CEDC7D68F8F9.txt, suggested name: "Complete Issue Description.txt"
File: F9A94646-1447-4549-9388-9052C4439AE1.png, suggested name: "App Screenshot_0_ECD314AA-FEF7-4C86-9EF7-968FC1E57841.png"

Generated manifest file with attachment details: LOCAL_HOME/ace-private/mcx19b-implementation-20260914/no-conclusion-contrast-diagnostic-attachments/manifest.json
