Command line invocation:
    /Applications/Xcode.app/Contents/Developer/usr/bin/xcodebuild test-without-building -xctestrun LOCAL_HOME/ace-private/mcx19b-orientation-repair-20260915/12-revision5-discriminating-diagnosis/arm-A/repetition-5/batches/001/ACEClientAppUITests.xctestrun -destination id=2EB0863C-470E-467D-A0C6-CD216DA70C67 -parallel-testing-enabled NO "-only-testing:ACEClientAppUITests/ACEClientAppUITests/testCoverageBatch" -resultBundlePath LOCAL_HOME/ace-private/mcx19b-orientation-repair-20260915/12-revision5-discriminating-diagnosis/arm-A/repetition-5/batches/001/result.xcresult

Writing result bundle at path:
	LOCAL_HOME/ace-private/mcx19b-orientation-repair-20260915/12-revision5-discriminating-diagnosis/arm-A/repetition-5/batches/001/result.xcresult

2026-09-16 22:25:15.258327+1000 ACEClientAppUITests-Runner[99045:7500934] [Default] Running tests...
    t =      nans Interface orientation changed to Portrait
Test Suite 'Selected tests' started at 2026-09-16 22:25:19.030.
Test Suite 'ACEClientAppUITests.xctest' started at 2026-09-16 22:25:19.033.
Test Suite 'ACEClientAppUITests' started at 2026-09-16 22:25:19.034.
Test Case '-[ACEClientAppUITests.ACEClientAppUITests testCoverageBatch]' started.
    t =     0.01s Start Test at 2026-09-16 22:25:19.041
    t =     0.20s Set Up
    t =     0.22s Setting device orientation to Portrait
    t =     0.22s     Device orientation changed to Portrait
    t =     0.29s     Wait for com.apple.springboard to idle
    t =     0.50s Open com.example.aceclientapp
    t =     0.50s     Launch com.example.aceclientapp
    t =     2.84s         Setting up automation session
    t =    10.33s         Wait for com.example.aceclientapp to idle
    t =    12.10s Waiting 5.0s for "Current Release" StaticText to exist
    t =    13.19s     Checking `Expect predicate `existsNoRetry == 1` for object "Current Release" StaticText`
    t =    13.20s         Checking existence of `"Current Release" StaticText`
    t =    13.54s Checking existence of `"Current Release" StaticText`
    t =    13.63s Find the "Current Release" StaticText
    t =    13.75s Find the Target Application 'com.example.aceclientapp'
ACE_ORIENTATION_READ_STARTED {"requested":"portrait"}
    t =    13.80s Find the Target Application 'com.example.aceclientapp'
ACE_ORIENTATION_FRAME {"elapsedReadSeconds":0.067033720028121024,"frame":{"height":"874.0","width":"402.0","x":"0.0","y":"0.0"},"outcome":"match","requested":"portrait"}
    t =    13.87s Waiting 5.0s for "Effective interface style" Any to exist
    t =    14.94s     Checking `Expect predicate `existsNoRetry == 1` for object "Effective interface style" Any`
    t =    14.95s         Checking existence of `"Effective interface style" Any`
    t =    16.09s Find the "Effective interface style" Any
    t =    16.15s Find the "Effective interface style" ScrollView
    t =    16.81s Added attachment named 'Coverage pilot.iPhone-17.copyConfirmation.light.large.portrait.0.0.0 viewport initial'
    t =    22.73s Waiting 5.0s for ScrollView (First Match) to exist
    t =    23.79s     Checking `Expect predicate `existsNoRetry == 1` for object ScrollView (First Match)`
    t =    23.80s         Checking existence of `ScrollView (First Match)`
    t =    23.83s Checking existence of `"Copy action 1" Button`
    t =    23.95s Find the "Copy action 1" Button
    t =    24.11s Find the ScrollView (First Match)
    t =    24.17s Checking existence of `"Copy action 1" Button`
    t =    24.28s Find the "Copy action 1" Button
    t =    24.52s Press "Effective interface style" ScrollView[0.50, 0.72] for 0.1 seconds, then drag to "Effective interface style" ScrollView[0.50, 0.28] with velocity of 500.00 pixels per second, and then hold for 0.0 seconds 
    t =    24.52s     Wait for com.example.aceclientapp to idle
    t =    24.54s     Find the "Effective interface style" ScrollView
    t =    24.60s     Check for interrupting elements affecting "Effective interface style" ScrollView
    t =    24.71s     Synthesize event
    t =    24.72s         Find the "Effective interface style" ScrollView
    t =    24.81s         Find the "Effective interface style" ScrollView
    t =    24.92s         Find the "Effective interface style" ScrollView
    t =    25.04s         Find the "Effective interface style" ScrollView
    t =    25.15s         Find the "Effective interface style" ScrollView
    t =    26.41s     Wait for com.example.aceclientapp to idle
    t =    26.43s Checking existence of `"Copy action 1" Button`
    t =    26.53s Find the "Copy action 1" Button
    t =    26.70s Find the "Copy action 1" Button
    t =    26.85s Find the "Effective interface style" ScrollView
    t =    26.91s Checking existence of `"Copy action 1" Button`
    t =    27.01s Find the "Copy action 1" Button
    t =    27.19s Find the "Copy action 1" Button
    t =    27.33s Tap "Copy action 1" Button
    t =    27.33s     Wait for com.example.aceclientapp to idle
    t =    27.52s     Find the "Copy action 1" Button
    t =    27.63s     Check for interrupting elements affecting "Copy action 1" Button
    t =    27.72s     Synthesize event
    t =    28.08s     Wait for com.example.aceclientapp to idle
    t =    28.11s Waiting 5.0s for Any (First Match) to exist
    t =    29.17s     Checking `Expect predicate `existsNoRetry == 1` for object Any (First Match)`
    t =    29.17s         Checking existence of `Any (First Match)`
    t =    29.32s Waiting 5.0s for ScrollView (First Match) to exist
    t =    30.50s     Checking `Expect predicate `existsNoRetry == 1` for object ScrollView (First Match)`
    t =    30.50s         Checking existence of `ScrollView (First Match)`
    t =    30.55s Checking existence of `Any (First Match)`
    t =    30.68s Find the Any (First Match)
    t =    30.96s Find the "Copied Action 1." StaticText
    t =    31.13s Find the ScrollView (First Match)
    t =    31.21s Checking existence of `"Copied Action 1." StaticText`
    t =    31.37s Find the "Copied Action 1." StaticText
    t =    31.67s Find the "Copied Action 1." StaticText
    t =    31.85s Find the ScrollView (First Match)
    t =    32.69s Added attachment named 'Coverage pilot.iPhone-17.copyConfirmation.light.large.portrait.0.0.0 viewport copy-confirmation'
ACE_CASE_RESULT {"auditInvocations":2,"id":"pilot.iPhone-17.copyConfirmation.light.large.portrait.0.0.0","observed":{"appearance":"light","boldText":false,"contentSize":"large","increaseContrast":false,"orientation":"portrait","reduceMotion":false},"result":"passed","scenario":"copyConfirmation","screenshots":["Coverage pilot.iPhone-17.copyConfirmation.light.large.portrait.0.0.0 viewport initial","Coverage pilot.iPhone-17.copyConfirmation.light.large.portrait.0.0.0 viewport copy-confirmation"]}
    t =    37.98s Terminate com.example.aceclientapp:99059
    t =    39.03s Tear Down
Test Case '-[ACEClientAppUITests.ACEClientAppUITests testCoverageBatch]' passed (39.528 seconds).
Test Suite 'ACEClientAppUITests' passed at 2026-09-16 22:25:58.569.
	 Executed 1 test, with 0 failures (0 unexpected) in 39.528 (39.536) seconds
Test Suite 'ACEClientAppUITests.xctest' passed at 2026-09-16 22:25:58.572.
	 Executed 1 test, with 0 failures (0 unexpected) in 39.528 (39.539) seconds
Test Suite 'Selected tests' passed at 2026-09-16 22:25:58.574.
	 Executed 1 test, with 0 failures (0 unexpected) in 39.528 (39.544) seconds

Test session results, code coverage, and logs:
	LOCAL_HOME/ace-private/mcx19b-orientation-repair-20260915/12-revision5-discriminating-diagnosis/arm-A/repetition-5/batches/001/result.xcresult

** TEST EXECUTE SUCCEEDED **

Testing started
2026-09-16 22:25:04.807 xcodebuild[99013:7500247] [MT] IDERunDestination: Supported platforms for the buildables in the current scheme is empty.
2026-09-16 22:25:04.834 xcodebuild[99013:7500247] [MT] IDERunDestination: Supported platforms for the buildables in the current scheme is empty.
2026-09-16 22:25:06.048 xcodebuild[99013:7500247] [MT] IDERunDestination: Supported platforms for the buildables in the current scheme is empty.
2026-09-16 22:25:19.724 xcodebuild[99013:7500247] [MT] IDELaunchParametersSnapshot: The operation couldn’t be completed. (DebuggerLLDB.DebuggerVersionStore.StoreError error 0.)
2026-09-16 22:25:19.724 xcodebuild[99013:7500247] [MT] IDELaunchParametersSnapshot: no debugger version
2026-09-16 22:25:58.984 xcodebuild[99013:7500247] [MT] IDETestOperationsObserverDebug: 52.910 elapsed -- Testing started completed.
2026-09-16 22:25:58.984 xcodebuild[99013:7500247] [MT] IDETestOperationsObserverDebug: 0.000 sec, +0.000 sec -- start
2026-09-16 22:25:58.984 xcodebuild[99013:7500247] [MT] IDETestOperationsObserverDebug: 52.910 sec, +52.910 sec -- end
