Command line invocation:
    /Applications/Xcode.app/Contents/Developer/usr/bin/xcodebuild test-without-building -xctestrun "LOCAL_HOME/ace-private/mcx19b-implementation-20260914/pilot-preparation-20260915/settings-navigation-fix/pilot-runs/20260915T025954Z-pilot-e3aba28d2fcb/native-settings/iPhone 17-read/ACEClientAppUITests.xctestrun" -destination id=2EB0863C-470E-467D-A0C6-CD216DA70C67 -parallel-testing-enabled NO "-only-testing:ACEClientAppUITests/ACEClientAppUITests/testConfigureAccessibilitySettings" -resultBundlePath "LOCAL_HOME/ace-private/mcx19b-implementation-20260914/pilot-preparation-20260915/settings-navigation-fix/pilot-runs/20260915T025954Z-pilot-e3aba28d2fcb/native-settings/iPhone 17-read/result.xcresult"

Writing result bundle at path:
	LOCAL_HOME/ace-private/mcx19b-implementation-20260914/pilot-preparation-20260915/settings-navigation-fix/pilot-runs/20260915T025954Z-pilot-e3aba28d2fcb/native-settings/iPhone 17-read/result.xcresult

2026-09-15 13:06:53.924483+1000 ACEClientAppUITests-Runner[4195:3855722] [Default] Running tests...
    t =      nans Interface orientation changed to Portrait
Test Suite 'Selected tests' started at 2026-09-15 13:07:42.333.
Test Suite 'ACEClientAppUITests.xctest' started at 2026-09-15 13:07:42.345.
Test Suite 'ACEClientAppUITests' started at 2026-09-15 13:07:42.346.
Test Case '-[ACEClientAppUITests.ACEClientAppUITests testConfigureAccessibilitySettings]' started.
    t =     0.01s Start Test at 2026-09-15 13:07:42.357
    t =     1.15s Set Up
    t =     1.19s Open com.example.aceclientapp
    t =     1.19s     Launch com.example.aceclientapp
    t =     4.81s         Setting up automation session
    t =    11.71s         Wait for com.example.aceclientapp to idle
    t =    14.66s Waiting 5.0s for "Effective interface style" Any to exist
    t =    15.74s     Checking `Expect predicate `existsNoRetry == 1` for object "Effective interface style" Any`
    t =    15.74s         Checking existence of `"Effective interface style" Any`
    t =    17.07s Find the "Effective interface style" Any
    t =    17.14s Find the "Effective interface style" ScrollView
    t =    17.21s Terminate com.example.aceclientapp:4299
    t =    18.30s Open com.example.aceclientapp
    t =    18.30s     Launch com.example.aceclientapp
    t =    20.02s         Setting up automation session
    t =    30.24s         Wait for com.example.aceclientapp to idle
    t =    34.27s Waiting 5.0s for "Effective interface style" Any to exist
    t =    35.35s     Checking `Expect predicate `existsNoRetry == 1` for object "Effective interface style" Any`
    t =    35.35s         Checking existence of `"Effective interface style" Any`
    t =    36.70s Find the "Effective interface style" Any
    t =    36.79s Find the "Effective interface style" ScrollView
ACE_SETTINGS_RESULT {"mode":"read","observed":{"boldText":false,"increaseContrast":false,"orientation":"portrait","reduceMotion":false}}
    t =    36.94s Terminate com.example.aceclientapp:4332
    t =    37.99s Tear Down
Test Case '-[ACEClientAppUITests.ACEClientAppUITests testConfigureAccessibilitySettings]' passed (38.115 seconds).
Test Suite 'ACEClientAppUITests' passed at 2026-09-15 13:08:20.471.
	 Executed 1 test, with 0 failures (0 unexpected) in 38.115 (38.125) seconds
Test Suite 'ACEClientAppUITests.xctest' passed at 2026-09-15 13:08:20.474.
	 Executed 1 test, with 0 failures (0 unexpected) in 38.115 (38.129) seconds
Test Suite 'Selected tests' passed at 2026-09-15 13:08:20.476.
	 Executed 1 test, with 0 failures (0 unexpected) in 38.115 (38.143) seconds

Test session results, code coverage, and logs:
	LOCAL_HOME/ace-private/mcx19b-implementation-20260914/pilot-preparation-20260915/settings-navigation-fix/pilot-runs/20260915T025954Z-pilot-e3aba28d2fcb/native-settings/iPhone 17-read/result.xcresult

** TEST EXECUTE SUCCEEDED **

Testing started
2026-09-15 13:04:19.339 xcodebuild[3891:3849221] [MT] IDERunDestination: Supported platforms for the buildables in the current scheme is empty.
2026-09-15 13:04:19.475 xcodebuild[3891:3849221] [MT] IDERunDestination: Supported platforms for the buildables in the current scheme is empty.
2026-09-15 13:04:19.532 xcodebuild[3891:3849221] [MT] IDERunDestination: Supported platforms for the buildables in the current scheme is empty.
2026-09-15 13:07:43.752 xcodebuild[3891:3849221] [MT] IDELaunchParametersSnapshot: The operation couldn’t be completed. (DebuggerLLDB.DebuggerVersionStore.StoreError error 0.)
2026-09-15 13:07:43.752 xcodebuild[3891:3849221] [MT] IDELaunchParametersSnapshot: no debugger version
2026-09-15 13:08:00.659 xcodebuild[3891:3849221] [MT] IDELaunchParametersSnapshot: The operation couldn’t be completed. (DebuggerLLDB.DebuggerVersionStore.StoreError error 0.)
2026-09-15 13:08:00.659 xcodebuild[3891:3849221] [MT] IDELaunchParametersSnapshot: no debugger version
2026-09-15 13:08:20.925 xcodebuild[3891:3849221] [MT] IDETestOperationsObserverDebug: 238.391 elapsed -- Testing started completed.
2026-09-15 13:08:20.925 xcodebuild[3891:3849221] [MT] IDETestOperationsObserverDebug: 0.000 sec, +0.000 sec -- start
2026-09-15 13:08:20.925 xcodebuild[3891:3849221] [MT] IDETestOperationsObserverDebug: 238.391 sec, +238.391 sec -- end
