Exported 31 attachments for: ACEClientAppUITests/testMinimalAuditReproAllAudits():
File: 8DBD185F-D927-4EF1-9A02-4BD9F3BC4AE8.png, suggested name: "Minimal audit reproduction — post-scroll — light_0_2EBE72AC-CC7B-4870-A311-05E00E7DF77B.png"
File: 61D2CD8D-F1CD-4177-A658-9BD17C95C18F, suggested name: "Synthesized Event 2026-09-14 at 06.51.15 pm"
File: 1E00B45F-527F-45C8-B1C6-CBFCE1422AC3.mp4, suggested name: "Screen Recording 2026-09-14 at 06.50.45 pm.mp4"
File: 0680B437-68AD-4D37-A038-83298221828D.txt, suggested name: "Complete Issue Description.txt"
File: 5E28AA24-703C-414A-A72F-461D0F4C54DD.png, suggested name: "App Screenshot_0_83C7CD41-F077-4191-96B1-1B6B3F282CA3.png"
File: 1AC977CD-095F-4948-98C9-EFCD81C1A0C3.png, suggested name: "Element Screenshot_1_D1CF2D42-8040-4FF7-AC7A-947F80FEFF12.png"
File: BA0EDB2F-3487-44F0-BFF9-CA22995D8D4B.txt, suggested name: "Complete Issue Description.txt"
File: C958E590-7C47-4509-B678-7455470779A3.png, suggested name: "App Screenshot_0_912E437A-C792-4F8B-A79F-724152DB0983.png"
File: 5DF8F7E3-2351-418D-A5FE-C8D55290021D.png, suggested name: "Element Screenshot_1_FBB652E4-5FBA-4167-980D-2D225D505B7D.png"
File: 442615DF-FEA8-4271-B32A-D05F689C3AE7.txt, suggested name: "Complete Issue Description.txt"
File: 9435A1F9-DA40-474E-8759-45945F202895.png, suggested name: "App Screenshot_0_9585977C-201C-4BB9-BF6B-BCFBD628ECAB.png"
File: DE7264BD-00FE-4CC1-A7F3-C69F51F60FFE.png, suggested name: "Element Screenshot_1_017025CB-C815-47A6-89E3-8F25C1CBE159.png"
File: 33C23A49-FF3C-4F23-9911-B8A50974FC95.txt, suggested name: "Complete Issue Description.txt"
File: D84A8F8A-A692-4FFB-983A-6DBC698D2591.png, suggested name: "App Screenshot_0_E1E8E677-BAC4-44B8-8DBA-17AB87FBEB4B.png"
File: 5A389C46-DEFB-4504-9688-CEC9107EDE7A.png, suggested name: "Element Screenshot_1_EA71BADE-E210-4C1A-9D95-D042CCB2168D.png"
File: D93BE8F2-E1C1-48B6-9E9E-781C2552F125.txt, suggested name: "Complete Issue Description.txt"
File: 3A8334C9-B87F-4292-ADA9-1AA78FCF15AE.png, suggested name: "App Screenshot_0_6D6D0F5A-656C-46DD-A48A-28A3403C9D5D.png"
File: B76B00A5-9E48-4059-A4B2-8FB422072BD0.png, suggested name: "Element Screenshot_1_F11457FF-CD3A-452D-8DAA-0A50ACD0BD38.png"
File: 4725EB9E-926D-4D72-BB38-0FFCE1489E3D.txt, suggested name: "Complete Issue Description.txt"
File: D3A8EACC-FB8A-45B6-9421-7A76C02BA478.png, suggested name: "App Screenshot_0_9C0919FA-4039-4786-9246-F9610ABAB46F.png"
File: 2B75DBBF-A392-403D-862F-3CE16F9C380D.png, suggested name: "Element Screenshot_1_E52C10D1-437B-43E2-9F58-389A6AADF764.png"
File: 6A99C5A6-F8C0-45D6-AB0F-6230FCD2C091.txt, suggested name: "Complete Issue Description.txt"
File: 1AA8263A-DEE3-41E2-AF6B-A74E6C3DB271.png, suggested name: "App Screenshot_0_7596452B-A09B-4402-849E-58F8648E75DC.png"
File: 4D255AFD-437E-4942-97F6-73C9AA8C29CD.png, suggested name: "Element Screenshot_1_A38FA8FF-9599-4DDA-9268-33B676AA18B8.png"
File: 2187EAD7-1B2F-4156-A320-AE859E118788.txt, suggested name: "Complete Issue Description.txt"
File: 8BA40511-FBAB-4F1B-81C0-05F2EF14C6E3.png, suggested name: "App Screenshot_0_A9702AF5-AEC1-4A6D-A0FD-B7131768B6E7.png"
File: 93D028C1-25FC-49B1-939A-A8B69B48EDAC.png, suggested name: "Element Screenshot_1_1A4E4FA8-D981-4D83-BC92-2E41F2E4CFD1.png"
File: D5653850-364D-4EFB-A599-D20591B1A72D.txt, suggested name: "Complete Issue Description.txt"
File: 73B57C88-5DC3-42BE-8E13-FC7906863F93.png, suggested name: "App Screenshot_0_84D86CB9-4727-4B9B-885D-C92210091724.png"
File: E2F1C901-20B8-48D5-9F2F-41CCBCC569FA.txt, suggested name: "Complete Issue Description.txt"
File: 556A0CB9-DA63-41DE-A8ED-856E9173578F.png, suggested name: "App Screenshot_0_848864CE-59BF-4476-8203-C90E437F5993.png"

Generated manifest file with attachment details: LOCAL_HOME/ace-private/mcx19b-implementation-20260914/minimal-audit-repro/results-minimal-audit-repro/minimal-audit-repro-all-attachments/manifest.json
