Command line invocation:
    /Applications/Xcode.app/Contents/Developer/usr/bin/xcodebuild test-without-building -xctestrun LOCAL_HOME/ace-private/mcx19b-orientation-repair-20260915/12-revision5-discriminating-diagnosis/arm-B/repetition-3/batches/001/ACEClientAppUITests.xctestrun -destination id=2EB0863C-470E-467D-A0C6-CD216DA70C67 -parallel-testing-enabled NO "-only-testing:ACEClientAppUITests/ACEClientAppUITests/testCoverageBatch" -resultBundlePath LOCAL_HOME/ace-private/mcx19b-orientation-repair-20260915/12-revision5-discriminating-diagnosis/arm-B/repetition-3/batches/001/result.xcresult

Writing result bundle at path:
	LOCAL_HOME/ace-private/mcx19b-orientation-repair-20260915/12-revision5-discriminating-diagnosis/arm-B/repetition-3/batches/001/result.xcresult

2026-09-17 00:46:14.745038+1000 ACEClientAppUITests-Runner[13300:7725653] [Default] Running tests...
    t =      nans Interface orientation changed to Portrait
Test Suite 'Selected tests' started at 2026-09-17 00:46:19.103.
Test Suite 'ACEClientAppUITests.xctest' started at 2026-09-17 00:46:19.105.
Test Suite 'ACEClientAppUITests' started at 2026-09-17 00:46:19.140.
Test Case '-[ACEClientAppUITests.ACEClientAppUITests testCoverageBatch]' started.
    t =     0.01s Start Test at 2026-09-17 00:46:19.151
    t =     0.19s Set Up
    t =     0.21s Setting device orientation to Portrait
    t =     0.21s     Device orientation changed to Portrait
    t =     0.36s     Wait for com.apple.springboard to idle
    t =     0.63s Open com.example.aceclientapp
    t =     0.63s     Launch com.example.aceclientapp
    t =     2.50s         Setting up automation session
    t =     7.53s         Wait for com.example.aceclientapp to idle
    t =    10.94s Waiting 5.0s for "Current Release" StaticText to exist
    t =    12.00s     Checking `Expect predicate `existsNoRetry == 1` for object "Current Release" StaticText`
    t =    12.00s         Checking existence of `"Current Release" StaticText`
    t =    12.37s Checking existence of `"Current Release" StaticText`
    t =    12.51s Find the "Current Release" StaticText
    t =    12.61s Find the Target Application 'com.example.aceclientapp'
ACE_ORIENTATION_READ_STARTED {"requested":"portrait"}
    t =    12.66s Find the Target Application 'com.example.aceclientapp'
ACE_ORIENTATION_FRAME {"elapsedReadSeconds":0.046610261022578925,"frame":{"height":"874.0","width":"402.0","x":"0.0","y":"0.0"},"outcome":"match","requested":"portrait"}
    t =    12.71s Waiting 5.0s for "Effective interface style" Any to exist
    t =    13.78s     Checking `Expect predicate `existsNoRetry == 1` for object "Effective interface style" Any`
    t =    13.78s         Checking existence of `"Effective interface style" Any`
    t =    14.96s Find the "Effective interface style" Any
    t =    15.04s Find the "Effective interface style" ScrollView
    t =    16.77s Added attachment named 'Coverage pilot.iPhone-17.copyConfirmation.light.large.portrait.0.0.0 viewport initial'
ACE_D1_AUDIT_CALL {"arm":"B","auditName":"contrast","error":null,"issueObserved":false,"repetition":"3","returnedNormally":true,"viewport":"initial"}
ACE_D1_AUDIT_CALL {"arm":"B","auditName":"elementDetection","error":null,"issueObserved":false,"repetition":"3","returnedNormally":true,"viewport":"initial"}
ACE_D1_AUDIT_CALL {"arm":"B","auditName":"hitRegion","error":null,"issueObserved":false,"repetition":"3","returnedNormally":true,"viewport":"initial"}
ACE_D1_AUDIT_CALL {"arm":"B","auditName":"sufficientElementDescription","error":null,"issueObserved":false,"repetition":"3","returnedNormally":true,"viewport":"initial"}
ACE_D1_AUDIT_CALL {"arm":"B","auditName":"dynamicType","error":null,"issueObserved":false,"repetition":"3","returnedNormally":true,"viewport":"initial"}
ACE_D1_AUDIT_CALL {"arm":"B","auditName":"textClipped","error":null,"issueObserved":false,"repetition":"3","returnedNormally":true,"viewport":"initial"}
ACE_D1_AUDIT_CALL {"arm":"B","auditName":"trait","error":null,"issueObserved":false,"repetition":"3","returnedNormally":true,"viewport":"initial"}
    t =    30.92s Waiting 5.0s for ScrollView (First Match) to exist
    t =    31.99s     Checking `Expect predicate `existsNoRetry == 1` for object ScrollView (First Match)`
    t =    32.00s         Checking existence of `ScrollView (First Match)`
    t =    32.05s Checking existence of `"Copy action 1" Button`
    t =    32.14s Find the "Copy action 1" Button
    t =    32.30s Find the ScrollView (First Match)
    t =    32.42s Checking existence of `"Copy action 1" Button`
    t =    32.50s Find the "Copy action 1" Button
    t =    32.64s Press "Effective interface style" ScrollView[0.50, 0.72] for 0.1 seconds, then drag to "Effective interface style" ScrollView[0.50, 0.28] with velocity of 500.00 pixels per second, and then hold for 0.0 seconds 
    t =    32.64s     Wait for com.example.aceclientapp to idle
    t =    32.65s     Find the "Effective interface style" ScrollView
    t =    32.71s     Check for interrupting elements affecting "Effective interface style" ScrollView
    t =    32.79s     Synthesize event
    t =    32.80s         Find the "Effective interface style" ScrollView
    t =    32.86s         Find the "Effective interface style" ScrollView
    t =    32.94s         Find the "Effective interface style" ScrollView
    t =    33.05s         Find the "Effective interface style" ScrollView
    t =    33.13s         Find the "Effective interface style" ScrollView
    t =    34.39s     Wait for com.example.aceclientapp to idle
    t =    34.41s Checking existence of `"Copy action 1" Button`
    t =    34.48s Find the "Copy action 1" Button
    t =    34.65s Find the "Copy action 1" Button
    t =    34.84s Find the "Effective interface style" ScrollView
    t =    34.89s Checking existence of `"Copy action 1" Button`
    t =    35.04s Find the "Copy action 1" Button
    t =    35.19s Find the "Copy action 1" Button
    t =    35.31s Tap "Copy action 1" Button
    t =    35.31s     Wait for com.example.aceclientapp to idle
    t =    35.44s     Find the "Copy action 1" Button
    t =    35.55s     Check for interrupting elements affecting "Copy action 1" Button
    t =    35.63s     Synthesize event
    t =    35.97s     Wait for com.example.aceclientapp to idle
    t =    36.02s Waiting 5.0s for Any (First Match) to exist
    t =    37.07s     Checking `Expect predicate `existsNoRetry == 1` for object Any (First Match)`
    t =    37.07s         Checking existence of `Any (First Match)`
    t =    37.24s Waiting 5.0s for ScrollView (First Match) to exist
    t =    38.30s     Checking `Expect predicate `existsNoRetry == 1` for object ScrollView (First Match)`
    t =    38.30s         Checking existence of `ScrollView (First Match)`
    t =    38.36s Checking existence of `Any (First Match)`
    t =    38.53s Find the Any (First Match)
    t =    38.82s Find the "Copied Action 1." StaticText
    t =    38.98s Find the ScrollView (First Match)
    t =    39.04s Checking existence of `"Copied Action 1." StaticText`
    t =    39.16s Find the "Copied Action 1." StaticText
    t =    39.37s Find the "Copied Action 1." StaticText
    t =    39.55s Find the ScrollView (First Match)
    t =    40.27s Added attachment named 'Coverage pilot.iPhone-17.copyConfirmation.light.large.portrait.0.0.0 viewport copy-confirmation'
ACE_D1_AUDIT_CALL {"arm":"B","auditName":"contrast","error":null,"issueObserved":false,"repetition":"3","returnedNormally":true,"viewport":"copy-confirmation"}
ACE_D1_AUDIT_CALL {"arm":"B","auditName":"elementDetection","error":null,"issueObserved":false,"repetition":"3","returnedNormally":true,"viewport":"copy-confirmation"}
ACE_D1_AUDIT_CALL {"arm":"B","auditName":"hitRegion","error":null,"issueObserved":false,"repetition":"3","returnedNormally":true,"viewport":"copy-confirmation"}
ACE_D1_AUDIT_CALL {"arm":"B","auditName":"sufficientElementDescription","error":null,"issueObserved":false,"repetition":"3","returnedNormally":true,"viewport":"copy-confirmation"}
ACE_D1_AUDIT_CALL {"arm":"B","auditName":"dynamicType","error":null,"issueObserved":false,"repetition":"3","returnedNormally":true,"viewport":"copy-confirmation"}
ACE_D1_AUDIT_CALL {"arm":"B","auditName":"textClipped","error":null,"issueObserved":false,"repetition":"3","returnedNormally":true,"viewport":"copy-confirmation"}
ACE_D1_AUDIT_CALL {"arm":"B","auditName":"trait","error":null,"issueObserved":false,"repetition":"3","returnedNormally":true,"viewport":"copy-confirmation"}
ACE_CASE_RESULT {"auditInvocations":2,"id":"pilot.iPhone-17.copyConfirmation.light.large.portrait.0.0.0","observed":{"appearance":"light","boldText":false,"contentSize":"large","increaseContrast":false,"orientation":"portrait","reduceMotion":false},"result":"passed","scenario":"copyConfirmation","screenshots":["Coverage pilot.iPhone-17.copyConfirmation.light.large.portrait.0.0.0 viewport initial","Coverage pilot.iPhone-17.copyConfirmation.light.large.portrait.0.0.0 viewport copy-confirmation"]}
    t =    53.76s Terminate com.example.aceclientapp:13324
ACE_D1_DIAGNOSTIC_COMPLETE {"allAuditCallsReturnedNormally":true,"allAuditTypesAttempted":true,"arm":"B","attemptedAuditCalls":14,"auditErrors":[],"bothViewportAuditGroupsCompleted":true,"callbackIssueCount":0,"completedViewports":["copy-confirmation","initial"],"expectedAuditCalls":14,"repetition":"3","returnedNormallyAuditCalls":14}
    t =    54.81s Tear Down
Test Case '-[ACEClientAppUITests.ACEClientAppUITests testCoverageBatch]' passed (55.796 seconds).
Test Suite 'ACEClientAppUITests' passed at 2026-09-17 00:47:14.947.
	 Executed 1 test, with 0 failures (0 unexpected) in 55.796 (55.807) seconds
Test Suite 'ACEClientAppUITests.xctest' passed at 2026-09-17 00:47:14.949.
	 Executed 1 test, with 0 failures (0 unexpected) in 55.796 (55.844) seconds
Test Suite 'Selected tests' passed at 2026-09-17 00:47:14.951.
	 Executed 1 test, with 0 failures (0 unexpected) in 55.796 (55.848) seconds

Test session results, code coverage, and logs:
	LOCAL_HOME/ace-private/mcx19b-orientation-repair-20260915/12-revision5-discriminating-diagnosis/arm-B/repetition-3/batches/001/result.xcresult

** TEST EXECUTE SUCCEEDED **

Testing started
2026-09-17 00:46:05.417 xcodebuild[13275:7725027] [MT] IDERunDestination: Supported platforms for the buildables in the current scheme is empty.
2026-09-17 00:46:05.462 xcodebuild[13275:7725027] [MT] IDERunDestination: Supported platforms for the buildables in the current scheme is empty.
2026-09-17 00:46:06.834 xcodebuild[13275:7725027] [MT] IDERunDestination: Supported platforms for the buildables in the current scheme is empty.
2026-09-17 00:46:19.956 xcodebuild[13275:7725027] [MT] IDELaunchParametersSnapshot: The operation couldn’t be completed. (DebuggerLLDB.DebuggerVersionStore.StoreError error 0.)
2026-09-17 00:46:19.956 xcodebuild[13275:7725027] [MT] IDELaunchParametersSnapshot: no debugger version
2026-09-17 00:47:15.387 xcodebuild[13275:7725027] [MT] IDETestOperationsObserverDebug: 68.543 elapsed -- Testing started completed.
2026-09-17 00:47:15.387 xcodebuild[13275:7725027] [MT] IDETestOperationsObserverDebug: 0.000 sec, +0.000 sec -- start
2026-09-17 00:47:15.387 xcodebuild[13275:7725027] [MT] IDETestOperationsObserverDebug: 68.543 sec, +68.543 sec -- end
