Command line invocation:
    /Applications/Xcode.app/Contents/Developer/usr/bin/xcodebuild test-without-building -xctestrun "LOCAL_HOME/ace-private/mcx19b-orientation-repair-20260915/margin-pilot-runs/20260915T100107Z-pilot-a8d5a906fdf3/native-settings/iPhone 17-restore-failure/ACEClientAppUITests.xctestrun" -destination id=2EB0863C-470E-467D-A0C6-CD216DA70C67 -parallel-testing-enabled NO "-only-testing:ACEClientAppUITests/ACEClientAppUITests/testConfigureAccessibilitySettings" -resultBundlePath "LOCAL_HOME/ace-private/mcx19b-orientation-repair-20260915/margin-pilot-runs/20260915T100107Z-pilot-a8d5a906fdf3/native-settings/iPhone 17-restore-failure/result.xcresult"

Writing result bundle at path:
	LOCAL_HOME/ace-private/mcx19b-orientation-repair-20260915/margin-pilot-runs/20260915T100107Z-pilot-a8d5a906fdf3/native-settings/iPhone 17-restore-failure/result.xcresult

2026-09-15 20:11:35.752782+1000 ACEClientAppUITests-Runner[51647:4815479] [Default] Running tests...
    t =      nans Interface orientation changed to Portrait
Test Suite 'Selected tests' started at 2026-09-15 20:11:40.870.
Test Suite 'ACEClientAppUITests.xctest' started at 2026-09-15 20:11:40.890.
Test Suite 'ACEClientAppUITests' started at 2026-09-15 20:11:40.891.
Test Case '-[ACEClientAppUITests.ACEClientAppUITests testConfigureAccessibilitySettings]' started.
    t =     0.04s Start Test at 2026-09-15 20:11:40.933
    t =     0.28s Set Up
    t =     0.31s Open com.example.aceclientapp
    t =     0.31s     Launch com.example.aceclientapp
    t =     2.63s         Setting up automation session
    t =     8.56s         Wait for com.example.aceclientapp to idle
    t =    11.52s Waiting 5.0s for "Effective interface style" Any to exist
    t =    12.55s     Checking `Expect predicate `existsNoRetry == 1` for object "Effective interface style" Any`
    t =    12.55s         Checking existence of `"Effective interface style" Any`
    t =    13.81s Find the "Effective interface style" Any
    t =    13.88s Find the "Effective interface style" ScrollView
    t =    13.93s Terminate com.example.aceclientapp:51663
    t =    14.96s Setting device orientation to Portrait
    t =    14.99s     Wait for com.apple.springboard to idle
    t =    15.02s Open com.example.aceclientapp
    t =    15.02s     Launch com.example.aceclientapp
    t =    15.88s         Setting up automation session
    t =    21.47s         Wait for com.example.aceclientapp to idle
    t =    24.26s Waiting 5.0s for "Effective interface style" Any to exist
    t =    25.35s     Checking `Expect predicate `existsNoRetry == 1` for object "Effective interface style" Any`
    t =    25.35s         Checking existence of `"Effective interface style" Any`
    t =    26.62s Find the "Effective interface style" Any
    t =    26.69s Find the "Effective interface style" ScrollView
ACE_ORIENTATION_READ_STARTED {"requested":"portrait"}
    t =    26.75s Find the Target Application 'com.example.aceclientapp'
ACE_ORIENTATION_FRAME {"elapsedReadSeconds":0.1415774040215183,"frame":{"height":"874.0","width":"402.0","x":"0.0","y":"0.0"},"outcome":"match","requested":"portrait"}
ACE_SETTINGS_RESULT {"mode":"set","observed":{"boldText":false,"increaseContrast":false,"orientation":"portrait","reduceMotion":false}}
    t =    26.89s Terminate com.example.aceclientapp:51689
    t =    27.92s Tear Down
Test Case '-[ACEClientAppUITests.ACEClientAppUITests testConfigureAccessibilitySettings]' passed (28.326 seconds).
Test Suite 'ACEClientAppUITests' passed at 2026-09-15 20:12:09.258.
	 Executed 1 test, with 0 failures (0 unexpected) in 28.326 (28.366) seconds
Test Suite 'ACEClientAppUITests.xctest' passed at 2026-09-15 20:12:09.260.
	 Executed 1 test, with 0 failures (0 unexpected) in 28.326 (28.370) seconds
Test Suite 'Selected tests' passed at 2026-09-15 20:12:09.262.
	 Executed 1 test, with 0 failures (0 unexpected) in 28.326 (28.392) seconds

Test session results, code coverage, and logs:
	LOCAL_HOME/ace-private/mcx19b-orientation-repair-20260915/margin-pilot-runs/20260915T100107Z-pilot-a8d5a906fdf3/native-settings/iPhone 17-restore-failure/result.xcresult

** TEST EXECUTE SUCCEEDED **

Testing started
2026-09-15 20:11:26.889 xcodebuild[51622:4814615] [MT] IDERunDestination: Supported platforms for the buildables in the current scheme is empty.
2026-09-15 20:11:26.935 xcodebuild[51622:4814615] [MT] IDERunDestination: Supported platforms for the buildables in the current scheme is empty.
2026-09-15 20:11:28.546 xcodebuild[51622:4814615] [MT] IDERunDestination: Supported platforms for the buildables in the current scheme is empty.
2026-09-15 20:11:41.389 xcodebuild[51622:4814615] [MT] IDELaunchParametersSnapshot: The operation couldn’t be completed. (DebuggerLLDB.DebuggerVersionStore.StoreError error 0.)
2026-09-15 20:11:41.389 xcodebuild[51622:4814615] [MT] IDELaunchParametersSnapshot: no debugger version
2026-09-15 20:11:55.917 xcodebuild[51622:4814615] [MT] IDELaunchParametersSnapshot: The operation couldn’t be completed. (DebuggerLLDB.DebuggerVersionStore.StoreError error 0.)
2026-09-15 20:11:55.917 xcodebuild[51622:4814615] [MT] IDELaunchParametersSnapshot: no debugger version
2026-09-15 20:12:09.687 xcodebuild[51622:4814615] [MT] IDETestOperationsObserverDebug: 41.132 elapsed -- Testing started completed.
2026-09-15 20:12:09.687 xcodebuild[51622:4814615] [MT] IDETestOperationsObserverDebug: 0.000 sec, +0.000 sec -- start
2026-09-15 20:12:09.687 xcodebuild[51622:4814615] [MT] IDETestOperationsObserverDebug: 41.132 sec, +41.132 sec -- end
