Command line invocation:
    /Applications/Xcode.app/Contents/Developer/usr/bin/xcodebuild test-without-building -xctestrun LOCAL_HOME/ace-private/mcx19b-implementation-20260914/fixture-parity-integration-2/batches/000/ACEClientAppUITests.xctestrun -destination id=D1BAA05C-52DD-4E57-832F-C0A75718E085 -parallel-testing-enabled NO "-only-testing:ACEClientAppUITests/ACEClientAppUITests/testCoverageBatch" -resultBundlePath LOCAL_HOME/ace-private/mcx19b-implementation-20260914/fixture-parity-integration-2/batches/000/result.xcresult

Writing result bundle at path:
	LOCAL_HOME/ace-private/mcx19b-implementation-20260914/fixture-parity-integration-2/batches/000/result.xcresult

2026-09-14 19:48:27.664399+1000 ACEClientAppUITests-Runner[75693:2006066] [Default] Running tests...
    t =      nans Interface orientation changed to Portrait
Test Suite 'Selected tests' started at 2026-09-14 19:48:33.173.
Test Suite 'ACEClientAppUITests.xctest' started at 2026-09-14 19:48:33.175.
Test Suite 'ACEClientAppUITests' started at 2026-09-14 19:48:33.176.
Test Case '-[ACEClientAppUITests.ACEClientAppUITests testCoverageBatch]' started.
    t =     0.02s Start Test at 2026-09-14 19:48:33.201
    t =     0.26s Set Up
    t =     0.27s Setting device orientation to Portrait
    t =     0.31s     Wait for com.apple.springboard to idle
    t =     0.35s Open com.example.aceclientapp
    t =     0.36s     Launch com.example.aceclientapp
    t =     2.86s         Setting up automation session
    t =     8.48s         Wait for com.example.aceclientapp to idle
    t =    11.13s Waiting 5.0s for "Loading current release" ActivityIndicator to exist
    t =    12.23s     Checking `Expect predicate `existsNoRetry == 1` for object "Loading current release" ActivityIndicator`
    t =    12.23s         Checking existence of `"Loading current release" ActivityIndicator`
    t =    12.44s Find the "Loading current release" ActivityIndicator
    t =    12.51s Find the Target Application 'com.example.aceclientapp'
    t =    13.64s Find the Target Application 'com.example.aceclientapp'
    t =    13.68s Waiting 5.0s for "Effective interface style" StaticText to exist
    t =    14.79s     Checking `Expect predicate `existsNoRetry == 1` for object "Effective interface style" StaticText`
    t =    14.79s         Checking existence of `"Effective interface style" StaticText`
    t =    15.92s Find the "Effective interface style" StaticText
    t =    15.98s Find the "Effective interface style" StaticText
    t =    16.02s Find the Target Application 'com.example.aceclientapp'
    t =    16.88s Added attachment named 'Coverage diagnostic-fixture-parity.iPhone-17-Pro-Max.loading.light.large.portrait.0.0.0 viewport initial'
ACE_CASE_RESULT {"auditInvocations":0,"id":"diagnostic-fixture-parity.iPhone-17-Pro-Max.loading.light.large.portrait.0.0.0","observed":{"appearance":"light","boldText":false,"contentSize":"large","increaseContrast":false,"orientation":"portrait","reduceMotion":false},"result":"passed","scenario":"loading","screenshots":["Coverage diagnostic-fixture-parity.iPhone-17-Pro-Max.loading.light.large.portrait.0.0.0 viewport initial"]}
    t =    16.88s Terminate com.example.aceclientapp:75716
    t =    17.98s Setting device orientation to Portrait
    t =    18.00s     Wait for com.apple.springboard to idle
    t =    18.09s Open com.example.aceclientapp
    t =    18.09s     Launch com.example.aceclientapp
    t =    18.95s         Setting up automation session
    t =    24.37s         Wait for com.example.aceclientapp to idle
    t =    27.23s Waiting 5.0s for Any (First Match) to exist
    t =    28.31s     Checking `Expect predicate `existsNoRetry == 1` for object Any (First Match)`
    t =    28.31s         Checking existence of `Any (First Match)`
    t =    28.46s Find the Any (First Match)
    t =    28.55s Find the Target Application 'com.example.aceclientapp'
    t =    29.66s Find the Target Application 'com.example.aceclientapp'
    t =    29.70s Waiting 5.0s for "Effective interface style" StaticText to exist
    t =    30.75s     Checking `Expect predicate `existsNoRetry == 1` for object "Effective interface style" StaticText`
    t =    30.76s         Checking existence of `"Effective interface style" StaticText`
    t =    31.83s Find the "Effective interface style" StaticText
    t =    31.88s Find the "Effective interface style" StaticText
    t =    31.92s Find the Target Application 'com.example.aceclientapp'
    t =    33.02s Added attachment named 'Coverage diagnostic-fixture-parity.iPhone-17-Pro-Max.emptyRelease.light.large.portrait.0.0.0 viewport initial'
    t =    33.02s Find the "Refresh current release" Button
    t =    33.08s Find the Target Application 'com.example.aceclientapp'
    t =    33.13s Find the "Refresh current release" Button
    t =    33.25s Checking existence of `"Refresh current release" Button`
    t =    33.29s Find the "Refresh current release" Button
    t =    33.41s Find the "Refresh current release" Button
    t =    33.49s Find the "Refresh current release" Button
    t =    33.56s Find the Target Application 'com.example.aceclientapp'
    t =    34.58s Added attachment named 'Coverage diagnostic-fixture-parity.iPhone-17-Pro-Max.emptyRelease.light.large.portrait.0.0.0 viewport control-Refresh current release'
    t =    34.59s Find the "Sign out" Button
    t =    34.64s Find the Target Application 'com.example.aceclientapp'
    t =    34.69s Find the "Sign out" Button
    t =    34.82s Checking existence of `"Sign out" Button`
    t =    34.94s Find the "Sign out" Button
    t =    35.04s Find the "Sign out" Button
    t =    35.13s Find the "Sign out" Button
    t =    35.19s Find the Target Application 'com.example.aceclientapp'
    t =    36.23s Added attachment named 'Coverage diagnostic-fixture-parity.iPhone-17-Pro-Max.emptyRelease.light.large.portrait.0.0.0 viewport control-Sign out'
ACE_CASE_RESULT {"auditInvocations":0,"id":"diagnostic-fixture-parity.iPhone-17-Pro-Max.emptyRelease.light.large.portrait.0.0.0","observed":{"appearance":"light","boldText":false,"contentSize":"large","increaseContrast":false,"orientation":"portrait","reduceMotion":false},"result":"passed","scenario":"emptyRelease","screenshots":["Coverage diagnostic-fixture-parity.iPhone-17-Pro-Max.emptyRelease.light.large.portrait.0.0.0 viewport initial","Coverage diagnostic-fixture-parity.iPhone-17-Pro-Max.emptyRelease.light.large.portrait.0.0.0 viewport control-Refresh current release","Coverage diagnostic-fixture-parity.iPhone-17-Pro-Max.emptyRelease.light.large.portrait.0.0.0 viewport control-Sign out"]}
    t =    36.23s Terminate com.example.aceclientapp:75740
    t =    37.31s Setting device orientation to Portrait
    t =    37.44s     Wait for com.apple.springboard to idle
    t =    37.46s Open com.example.aceclientapp
    t =    37.47s     Launch com.example.aceclientapp
    t =    38.39s         Setting up automation session
    t =    44.94s         Wait for com.example.aceclientapp to idle
    t =    48.12s Waiting 5.0s for Any (First Match) to exist
    t =    49.17s     Checking `Expect predicate `existsNoRetry == 1` for object Any (First Match)`
    t =    49.17s         Checking existence of `Any (First Match)`
    t =    49.31s Find the Any (First Match)
    t =    49.38s Find the Target Application 'com.example.aceclientapp'
    t =    50.53s Find the Target Application 'com.example.aceclientapp'
    t =    50.57s Waiting 5.0s for "Effective interface style" StaticText to exist
    t =    51.65s     Checking `Expect predicate `existsNoRetry == 1` for object "Effective interface style" StaticText`
    t =    51.65s         Checking existence of `"Effective interface style" StaticText`
    t =    52.78s Find the "Effective interface style" StaticText
    t =    52.83s Find the "Effective interface style" StaticText
    t =    52.87s Find the Target Application 'com.example.aceclientapp'
    t =    53.67s Added attachment named 'Coverage diagnostic-fixture-parity.iPhone-17-Pro-Max.emptyEngagement.light.large.portrait.0.0.0 viewport initial'
    t =    53.67s Find the "Refresh current release" Button
    t =    53.72s Find the Target Application 'com.example.aceclientapp'
    t =    53.77s Find the "Refresh current release" Button
    t =    53.89s Checking existence of `"Refresh current release" Button`
    t =    53.93s Find the "Refresh current release" Button
    t =    54.04s Find the "Refresh current release" Button
    t =    54.12s Find the "Refresh current release" Button
    t =    54.19s Find the Target Application 'com.example.aceclientapp'
    t =    55.93s Added attachment named 'Coverage diagnostic-fixture-parity.iPhone-17-Pro-Max.emptyEngagement.light.large.portrait.0.0.0 viewport control-Refresh current release'
    t =    55.94s Find the "Sign out" Button
    t =    55.99s Find the Target Application 'com.example.aceclientapp'
    t =    56.04s Find the "Sign out" Button
    t =    56.14s Checking existence of `"Sign out" Button`
    t =    56.17s Find the "Sign out" Button
    t =    56.32s Find the "Sign out" Button
    t =    56.38s Find the "Sign out" Button
    t =    56.54s Find the Target Application 'com.example.aceclientapp'
    t =    57.34s Added attachment named 'Coverage diagnostic-fixture-parity.iPhone-17-Pro-Max.emptyEngagement.light.large.portrait.0.0.0 viewport control-Sign out'
ACE_CASE_RESULT {"auditInvocations":0,"id":"diagnostic-fixture-parity.iPhone-17-Pro-Max.emptyEngagement.light.large.portrait.0.0.0","observed":{"appearance":"light","boldText":false,"contentSize":"large","increaseContrast":false,"orientation":"portrait","reduceMotion":false},"result":"passed","scenario":"emptyEngagement","screenshots":["Coverage diagnostic-fixture-parity.iPhone-17-Pro-Max.emptyEngagement.light.large.portrait.0.0.0 viewport initial","Coverage diagnostic-fixture-parity.iPhone-17-Pro-Max.emptyEngagement.light.large.portrait.0.0.0 viewport control-Refresh current release","Coverage diagnostic-fixture-parity.iPhone-17-Pro-Max.emptyEngagement.light.large.portrait.0.0.0 viewport control-Sign out"]}
    t =    57.34s Terminate com.example.aceclientapp:75773
    t =    58.40s Setting device orientation to Portrait
    t =    58.45s     Wait for com.apple.springboard to idle
    t =    58.47s Open com.example.aceclientapp
    t =    58.47s     Launch com.example.aceclientapp
    t =    59.36s         Setting up automation session
    t =    64.35s         Wait for com.example.aceclientapp to idle
    t =    68.05s Waiting 5.0s for Any (First Match) to exist
    t =    69.13s     Checking `Expect predicate `existsNoRetry == 1` for object Any (First Match)`
    t =    69.13s         Checking existence of `Any (First Match)`
    t =    69.51s Find the Any (First Match)
    t =    69.80s Find the Target Application 'com.example.aceclientapp'
    t =    71.01s Find the Target Application 'com.example.aceclientapp'
    t =    71.10s Waiting 5.0s for "Effective interface style" StaticText to exist
    t =    72.18s     Checking `Expect predicate `existsNoRetry == 1` for object "Effective interface style" StaticText`
    t =    72.18s         Checking existence of `"Effective interface style" StaticText`
    t =    73.29s Find the "Effective interface style" StaticText
    t =    73.38s Find the "Effective interface style" StaticText
    t =    73.48s Find the Target Application 'com.example.aceclientapp'
    t =    74.52s Added attachment named 'Coverage diagnostic-fixture-parity.iPhone-17-Pro-Max.denied.light.large.portrait.0.0.0 viewport initial'
    t =    74.52s Checking existence of `"Username" TextField`
    t =    74.60s Checking existence of `"Password" SecureTextField`
    t =    74.70s Find the "Sign in" Button
    t =    74.81s Find the Target Application 'com.example.aceclientapp'
    t =    74.88s Find the "Sign in" Button
    t =    75.04s Checking existence of `"Sign in" Button`
    t =    75.14s Find the "Sign in" Button
    t =    75.30s Find the "Sign in" Button
    t =    75.42s Find the "Sign in" Button
    t =    75.53s Find the Target Application 'com.example.aceclientapp'
    t =    76.40s Added attachment named 'Coverage diagnostic-fixture-parity.iPhone-17-Pro-Max.denied.light.large.portrait.0.0.0 viewport control-Sign in'
ACE_CASE_RESULT {"auditInvocations":0,"id":"diagnostic-fixture-parity.iPhone-17-Pro-Max.denied.light.large.portrait.0.0.0","observed":{"appearance":"light","boldText":false,"contentSize":"large","increaseContrast":false,"orientation":"portrait","reduceMotion":false},"result":"passed","scenario":"denied","screenshots":["Coverage diagnostic-fixture-parity.iPhone-17-Pro-Max.denied.light.large.portrait.0.0.0 viewport initial","Coverage diagnostic-fixture-parity.iPhone-17-Pro-Max.denied.light.large.portrait.0.0.0 viewport control-Sign in"]}
    t =    76.41s Terminate com.example.aceclientapp:75808
    t =    77.51s Setting device orientation to Portrait
    t =    77.58s     Wait for com.apple.springboard to idle
    t =    77.60s Open com.example.aceclientapp
    t =    77.60s     Launch com.example.aceclientapp
    t =    78.67s         Setting up automation session
    t =    83.60s         Wait for com.example.aceclientapp to idle
    t =    86.33s Waiting 5.0s for Any (First Match) to exist
    t =    87.38s     Checking `Expect predicate `existsNoRetry == 1` for object Any (First Match)`
    t =    87.38s         Checking existence of `Any (First Match)`
    t =    87.60s Find the Any (First Match)
    t =    87.78s Find the Target Application 'com.example.aceclientapp'
    t =    88.95s Find the Target Application 'com.example.aceclientapp'
    t =    88.99s Waiting 5.0s for "Effective interface style" StaticText to exist
    t =    90.08s     Checking `Expect predicate `existsNoRetry == 1` for object "Effective interface style" StaticText`
    t =    90.08s         Checking existence of `"Effective interface style" StaticText`
    t =    91.20s Find the "Effective interface style" StaticText
    t =    91.25s Find the "Effective interface style" StaticText
    t =    91.29s Find the Target Application 'com.example.aceclientapp'
    t =    91.97s Added attachment named 'Coverage diagnostic-fixture-parity.iPhone-17-Pro-Max.unavailable.light.large.portrait.0.0.0 viewport initial'
    t =    91.97s Find the "Refresh current release" Button
    t =    92.12s Find the Target Application 'com.example.aceclientapp'
    t =    92.17s Find the "Refresh current release" Button
    t =    92.27s Checking existence of `"Refresh current release" Button`
    t =    92.31s Find the "Refresh current release" Button
    t =    92.41s Find the "Refresh current release" Button
    t =    92.48s Find the "Refresh current release" Button
    t =    92.54s Find the Target Application 'com.example.aceclientapp'
    t =    93.40s Added attachment named 'Coverage diagnostic-fixture-parity.iPhone-17-Pro-Max.unavailable.light.large.portrait.0.0.0 viewport control-Refresh current release'
    t =    93.40s Find the "Sign out" Button
    t =    93.45s Find the Target Application 'com.example.aceclientapp'
    t =    93.50s Find the "Sign out" Button
    t =    93.63s Checking existence of `"Sign out" Button`
    t =    93.67s Find the "Sign out" Button
    t =    93.77s Find the "Sign out" Button
    t =    93.84s Find the "Sign out" Button
    t =    93.91s Find the Target Application 'com.example.aceclientapp'
    t =    94.77s Added attachment named 'Coverage diagnostic-fixture-parity.iPhone-17-Pro-Max.unavailable.light.large.portrait.0.0.0 viewport control-Sign out'
ACE_CASE_RESULT {"auditInvocations":0,"id":"diagnostic-fixture-parity.iPhone-17-Pro-Max.unavailable.light.large.portrait.0.0.0","observed":{"appearance":"light","boldText":false,"contentSize":"large","increaseContrast":false,"orientation":"portrait","reduceMotion":false},"result":"passed","scenario":"unavailable","screenshots":["Coverage diagnostic-fixture-parity.iPhone-17-Pro-Max.unavailable.light.large.portrait.0.0.0 viewport initial","Coverage diagnostic-fixture-parity.iPhone-17-Pro-Max.unavailable.light.large.portrait.0.0.0 viewport control-Refresh current release","Coverage diagnostic-fixture-parity.iPhone-17-Pro-Max.unavailable.light.large.portrait.0.0.0 viewport control-Sign out"]}
    t =    94.77s Terminate com.example.aceclientapp:75845
    t =    95.81s Setting device orientation to Portrait
    t =    95.83s     Wait for com.apple.springboard to idle
    t =    95.85s Open com.example.aceclientapp
    t =    95.85s     Launch com.example.aceclientapp
    t =    96.75s         Setting up automation session
    t =   102.05s         Wait for com.example.aceclientapp to idle
    t =   104.77s Waiting 5.0s for Any (First Match) to exist
    t =   105.80s     Checking `Expect predicate `existsNoRetry == 1` for object Any (First Match)`
    t =   105.80s         Checking existence of `Any (First Match)`
    t =   105.88s Find the Any (First Match)
    t =   106.00s Find the Target Application 'com.example.aceclientapp'
    t =   107.12s Find the Target Application 'com.example.aceclientapp'
    t =   107.16s Waiting 5.0s for "Effective interface style" StaticText to exist
    t =   108.22s     Checking `Expect predicate `existsNoRetry == 1` for object "Effective interface style" StaticText`
    t =   108.22s         Checking existence of `"Effective interface style" StaticText`
    t =   109.37s Find the "Effective interface style" StaticText
    t =   109.42s Find the "Effective interface style" StaticText
    t =   109.45s Find the Target Application 'com.example.aceclientapp'
    t =   111.27s Added attachment named 'Coverage diagnostic-fixture-parity.iPhone-17-Pro-Max.unexpected.light.large.portrait.0.0.0 viewport initial'
    t =   111.27s Find the "Refresh current release" Button
    t =   111.33s Find the Target Application 'com.example.aceclientapp'
    t =   111.38s Find the "Refresh current release" Button
    t =   111.49s Checking existence of `"Refresh current release" Button`
    t =   111.53s Find the "Refresh current release" Button
    t =   111.63s Find the "Refresh current release" Button
    t =   111.73s Find the "Refresh current release" Button
    t =   111.81s Find the Target Application 'com.example.aceclientapp'
    t =   112.65s Added attachment named 'Coverage diagnostic-fixture-parity.iPhone-17-Pro-Max.unexpected.light.large.portrait.0.0.0 viewport control-Refresh current release'
    t =   112.65s Find the "Sign out" Button
    t =   112.71s Find the Target Application 'com.example.aceclientapp'
    t =   112.76s Find the "Sign out" Button
    t =   112.86s Checking existence of `"Sign out" Button`
    t =   112.90s Find the "Sign out" Button
    t =   113.00s Find the "Sign out" Button
    t =   113.07s Find the "Sign out" Button
    t =   113.12s Find the Target Application 'com.example.aceclientapp'
    t =   114.13s Added attachment named 'Coverage diagnostic-fixture-parity.iPhone-17-Pro-Max.unexpected.light.large.portrait.0.0.0 viewport control-Sign out'
ACE_CASE_RESULT {"auditInvocations":0,"id":"diagnostic-fixture-parity.iPhone-17-Pro-Max.unexpected.light.large.portrait.0.0.0","observed":{"appearance":"light","boldText":false,"contentSize":"large","increaseContrast":false,"orientation":"portrait","reduceMotion":false},"result":"passed","scenario":"unexpected","screenshots":["Coverage diagnostic-fixture-parity.iPhone-17-Pro-Max.unexpected.light.large.portrait.0.0.0 viewport initial","Coverage diagnostic-fixture-parity.iPhone-17-Pro-Max.unexpected.light.large.portrait.0.0.0 viewport control-Refresh current release","Coverage diagnostic-fixture-parity.iPhone-17-Pro-Max.unexpected.light.large.portrait.0.0.0 viewport control-Sign out"]}
    t =   114.13s Terminate com.example.aceclientapp:75884
    t =   115.19s Setting device orientation to Portrait
    t =   115.21s     Wait for com.apple.springboard to idle
    t =   115.23s Open com.example.aceclientapp
    t =   115.23s     Launch com.example.aceclientapp
    t =   116.11s         Setting up automation session
    t =   121.57s         Wait for com.example.aceclientapp to idle
    t =   124.13s Waiting 5.0s for Any (First Match) to exist
    t =   125.20s     Checking `Expect predicate `existsNoRetry == 1` for object Any (First Match)`
    t =   125.20s         Checking existence of `Any (First Match)`
    t =   125.34s Find the Any (First Match)
    t =   125.42s Find the Target Application 'com.example.aceclientapp'
    t =   126.55s Find the Target Application 'com.example.aceclientapp'
    t =   126.58s Waiting 5.0s for "Effective interface style" StaticText to exist
    t =   127.60s     Checking `Expect predicate `existsNoRetry == 1` for object "Effective interface style" StaticText`
    t =   127.60s         Checking existence of `"Effective interface style" StaticText`
    t =   128.66s Find the "Effective interface style" StaticText
    t =   128.71s Find the "Effective interface style" StaticText
    t =   128.75s Find the Target Application 'com.example.aceclientapp'
    t =   130.61s Added attachment named 'Coverage diagnostic-fixture-parity.iPhone-17-Pro-Max.connection.light.large.portrait.0.0.0 viewport initial'
    t =   130.62s Find the "Refresh current release" Button
    t =   130.73s Find the Target Application 'com.example.aceclientapp'
    t =   130.77s Find the "Refresh current release" Button
    t =   130.87s Checking existence of `"Refresh current release" Button`
    t =   130.91s Find the "Refresh current release" Button
    t =   131.03s Find the "Refresh current release" Button
    t =   131.12s Find the "Refresh current release" Button
    t =   131.18s Find the Target Application 'com.example.aceclientapp'
    t =   131.94s Added attachment named 'Coverage diagnostic-fixture-parity.iPhone-17-Pro-Max.connection.light.large.portrait.0.0.0 viewport control-Refresh current release'
    t =   131.95s Find the "Sign out" Button
    t =   132.00s Find the Target Application 'com.example.aceclientapp'
    t =   132.05s Find the "Sign out" Button
    t =   132.14s Checking existence of `"Sign out" Button`
    t =   132.18s Find the "Sign out" Button
    t =   132.27s Find the "Sign out" Button
    t =   132.33s Find the "Sign out" Button
    t =   132.38s Find the Target Application 'com.example.aceclientapp'
    t =   133.20s Added attachment named 'Coverage diagnostic-fixture-parity.iPhone-17-Pro-Max.connection.light.large.portrait.0.0.0 viewport control-Sign out'
ACE_CASE_RESULT {"auditInvocations":0,"id":"diagnostic-fixture-parity.iPhone-17-Pro-Max.connection.light.large.portrait.0.0.0","observed":{"appearance":"light","boldText":false,"contentSize":"large","increaseContrast":false,"orientation":"portrait","reduceMotion":false},"result":"passed","scenario":"connection","screenshots":["Coverage diagnostic-fixture-parity.iPhone-17-Pro-Max.connection.light.large.portrait.0.0.0 viewport initial","Coverage diagnostic-fixture-parity.iPhone-17-Pro-Max.connection.light.large.portrait.0.0.0 viewport control-Refresh current release","Coverage diagnostic-fixture-parity.iPhone-17-Pro-Max.connection.light.large.portrait.0.0.0 viewport control-Sign out"]}
    t =   133.20s Terminate com.example.aceclientapp:75914
    t =   134.30s Setting device orientation to Portrait
    t =   134.32s     Wait for com.apple.springboard to idle
    t =   134.34s Open com.example.aceclientapp
    t =   134.34s     Launch com.example.aceclientapp
    t =   135.20s         Setting up automation session
    t =   140.94s         Wait for com.example.aceclientapp to idle
    t =   143.58s Waiting 5.0s for Any (First Match) to exist
    t =   144.66s     Checking `Expect predicate `existsNoRetry == 1` for object Any (First Match)`
    t =   144.66s         Checking existence of `Any (First Match)`
    t =   144.80s Find the Any (First Match)
    t =   144.87s Find the Target Application 'com.example.aceclientapp'
    t =   145.99s Find the Target Application 'com.example.aceclientapp'
    t =   146.03s Waiting 5.0s for "Effective interface style" StaticText to exist
    t =   147.10s     Checking `Expect predicate `existsNoRetry == 1` for object "Effective interface style" StaticText`
    t =   147.10s         Checking existence of `"Effective interface style" StaticText`
    t =   148.23s Find the "Effective interface style" StaticText
    t =   148.27s Find the "Effective interface style" StaticText
    t =   148.31s Find the Target Application 'com.example.aceclientapp'
    t =   149.28s Added attachment named 'Coverage diagnostic-fixture-parity.iPhone-17-Pro-Max.timeout.light.large.portrait.0.0.0 viewport initial'
    t =   149.29s Find the "Refresh current release" Button
    t =   149.34s Find the Target Application 'com.example.aceclientapp'
    t =   149.38s Find the "Refresh current release" Button
    t =   149.52s Checking existence of `"Refresh current release" Button`
    t =   149.55s Find the "Refresh current release" Button
    t =   149.65s Find the "Refresh current release" Button
    t =   149.72s Find the "Refresh current release" Button
    t =   149.78s Find the Target Application 'com.example.aceclientapp'
    t =   150.64s Added attachment named 'Coverage diagnostic-fixture-parity.iPhone-17-Pro-Max.timeout.light.large.portrait.0.0.0 viewport control-Refresh current release'
    t =   150.64s Find the "Sign out" Button
    t =   150.70s Find the Target Application 'com.example.aceclientapp'
    t =   150.75s Find the "Sign out" Button
    t =   150.85s Checking existence of `"Sign out" Button`
    t =   150.89s Find the "Sign out" Button
    t =   150.99s Find the "Sign out" Button
    t =   151.06s Find the "Sign out" Button
    t =   151.12s Find the Target Application 'com.example.aceclientapp'
    t =   152.02s Added attachment named 'Coverage diagnostic-fixture-parity.iPhone-17-Pro-Max.timeout.light.large.portrait.0.0.0 viewport control-Sign out'
ACE_CASE_RESULT {"auditInvocations":0,"id":"diagnostic-fixture-parity.iPhone-17-Pro-Max.timeout.light.large.portrait.0.0.0","observed":{"appearance":"light","boldText":false,"contentSize":"large","increaseContrast":false,"orientation":"portrait","reduceMotion":false},"result":"passed","scenario":"timeout","screenshots":["Coverage diagnostic-fixture-parity.iPhone-17-Pro-Max.timeout.light.large.portrait.0.0.0 viewport initial","Coverage diagnostic-fixture-parity.iPhone-17-Pro-Max.timeout.light.large.portrait.0.0.0 viewport control-Refresh current release","Coverage diagnostic-fixture-parity.iPhone-17-Pro-Max.timeout.light.large.portrait.0.0.0 viewport control-Sign out"]}
    t =   152.02s Terminate com.example.aceclientapp:75955
    t =   153.07s Setting device orientation to Portrait
    t =   153.10s     Wait for com.apple.springboard to idle
    t =   153.20s Open com.example.aceclientapp
    t =   153.21s     Launch com.example.aceclientapp
    t =   154.08s         Setting up automation session
    t =   159.56s         Wait for com.example.aceclientapp to idle
    t =   162.26s Waiting 5.0s for Any (First Match) to exist
    t =   163.30s     Checking `Expect predicate `existsNoRetry == 1` for object Any (First Match)`
    t =   163.30s         Checking existence of `Any (First Match)`
    t =   163.44s Find the Any (First Match)
    t =   163.52s Find the Target Application 'com.example.aceclientapp'
    t =   164.66s Find the Target Application 'com.example.aceclientapp'
    t =   164.70s Waiting 5.0s for "Effective interface style" StaticText to exist
    t =   165.78s     Checking `Expect predicate `existsNoRetry == 1` for object "Effective interface style" StaticText`
    t =   165.78s         Checking existence of `"Effective interface style" StaticText`
    t =   166.90s Find the "Effective interface style" StaticText
    t =   166.94s Find the "Effective interface style" StaticText
    t =   166.98s Find the Target Application 'com.example.aceclientapp'
    t =   168.78s Added attachment named 'Coverage diagnostic-fixture-parity.iPhone-17-Pro-Max.invalidResponse.light.large.portrait.0.0.0 viewport initial'
    t =   168.78s Find the "Refresh current release" Button
    t =   168.84s Find the Target Application 'com.example.aceclientapp'
    t =   168.92s Find the "Refresh current release" Button
    t =   169.03s Checking existence of `"Refresh current release" Button`
    t =   169.06s Find the "Refresh current release" Button
    t =   169.16s Find the "Refresh current release" Button
    t =   169.23s Find the "Refresh current release" Button
    t =   169.32s Find the Target Application 'com.example.aceclientapp'
    t =   169.99s Added attachment named 'Coverage diagnostic-fixture-parity.iPhone-17-Pro-Max.invalidResponse.light.large.portrait.0.0.0 viewport control-Refresh current release'
    t =   170.00s Find the "Sign out" Button
    t =   170.13s Find the Target Application 'com.example.aceclientapp'
    t =   170.18s Find the "Sign out" Button
    t =   170.28s Checking existence of `"Sign out" Button`
    t =   170.32s Find the "Sign out" Button
    t =   170.43s Find the "Sign out" Button
    t =   170.50s Find the "Sign out" Button
    t =   170.57s Find the Target Application 'com.example.aceclientapp'
    t =   171.43s Added attachment named 'Coverage diagnostic-fixture-parity.iPhone-17-Pro-Max.invalidResponse.light.large.portrait.0.0.0 viewport control-Sign out'
ACE_CASE_RESULT {"auditInvocations":0,"id":"diagnostic-fixture-parity.iPhone-17-Pro-Max.invalidResponse.light.large.portrait.0.0.0","observed":{"appearance":"light","boldText":false,"contentSize":"large","increaseContrast":false,"orientation":"portrait","reduceMotion":false},"result":"passed","scenario":"invalidResponse","screenshots":["Coverage diagnostic-fixture-parity.iPhone-17-Pro-Max.invalidResponse.light.large.portrait.0.0.0 viewport initial","Coverage diagnostic-fixture-parity.iPhone-17-Pro-Max.invalidResponse.light.large.portrait.0.0.0 viewport control-Refresh current release","Coverage diagnostic-fixture-parity.iPhone-17-Pro-Max.invalidResponse.light.large.portrait.0.0.0 viewport control-Sign out"]}
    t =   171.44s Terminate com.example.aceclientapp:75983
    t =   172.47s Setting device orientation to Portrait
    t =   172.61s     Wait for com.apple.springboard to idle
    t =   172.81s Open com.example.aceclientapp
    t =   172.82s     Launch com.example.aceclientapp
    t =   173.81s         Setting up automation session
    t =   178.92s         Wait for com.example.aceclientapp to idle
    t =   181.83s Waiting 5.0s for Any (First Match) to exist
    t =   182.91s     Checking `Expect predicate `existsNoRetry == 1` for object Any (First Match)`
    t =   182.91s         Checking existence of `Any (First Match)`
    t =   183.03s Find the Any (First Match)
    t =   183.22s Find the Target Application 'com.example.aceclientapp'
    t =   184.33s Find the Target Application 'com.example.aceclientapp'
    t =   184.37s Waiting 5.0s for "Effective interface style" StaticText to exist
    t =   185.47s     Checking `Expect predicate `existsNoRetry == 1` for object "Effective interface style" StaticText`
    t =   185.47s         Checking existence of `"Effective interface style" StaticText`
    t =   186.59s Find the "Effective interface style" StaticText
    t =   186.63s Find the "Effective interface style" StaticText
    t =   186.67s Find the Target Application 'com.example.aceclientapp'
    t =   188.76s Added attachment named 'Coverage diagnostic-fixture-parity.iPhone-17-Pro-Max.keychainRead.light.large.portrait.0.0.0 viewport initial'
    t =   188.77s Find the "Retry saved sign-in read" Button
    t =   188.83s Find the Target Application 'com.example.aceclientapp'
    t =   188.88s Find the "Retry saved sign-in read" Button
    t =   188.99s Checking existence of `"Retry saved sign-in read" Button`
    t =   189.03s Find the "Retry saved sign-in read" Button
    t =   189.13s Find the "Retry saved sign-in read" Button
    t =   189.21s Find the "Retry saved sign-in read" Button
    t =   189.27s Find the Target Application 'com.example.aceclientapp'
    t =   190.34s Added attachment named 'Coverage diagnostic-fixture-parity.iPhone-17-Pro-Max.keychainRead.light.large.portrait.0.0.0 viewport control-Retry saved sign-in read'
ACE_CASE_RESULT {"auditInvocations":0,"id":"diagnostic-fixture-parity.iPhone-17-Pro-Max.keychainRead.light.large.portrait.0.0.0","observed":{"appearance":"light","boldText":false,"contentSize":"large","increaseContrast":false,"orientation":"portrait","reduceMotion":false},"result":"passed","scenario":"keychainRead","screenshots":["Coverage diagnostic-fixture-parity.iPhone-17-Pro-Max.keychainRead.light.large.portrait.0.0.0 viewport initial","Coverage diagnostic-fixture-parity.iPhone-17-Pro-Max.keychainRead.light.large.portrait.0.0.0 viewport control-Retry saved sign-in read"]}
    t =   190.34s Terminate com.example.aceclientapp:76022
    t =   191.38s Setting device orientation to Portrait
    t =   191.48s     Wait for com.apple.springboard to idle
    t =   191.50s Open com.example.aceclientapp
    t =   191.50s     Launch com.example.aceclientapp
    t =   192.38s         Setting up automation session
    t =   198.76s         Wait for com.example.aceclientapp to idle
    t =   202.30s Waiting 5.0s for Any (First Match) to exist
    t =   203.39s     Checking `Expect predicate `existsNoRetry == 1` for object Any (First Match)`
    t =   203.39s         Checking existence of `Any (First Match)`
    t =   203.75s Find the Any (First Match)
    t =   204.16s Find the Target Application 'com.example.aceclientapp'
    t =   205.39s Find the Target Application 'com.example.aceclientapp'
    t =   205.48s Waiting 5.0s for "Effective interface style" StaticText to exist
    t =   206.58s     Checking `Expect predicate `existsNoRetry == 1` for object "Effective interface style" StaticText`
    t =   206.58s         Checking existence of `"Effective interface style" StaticText`
    t =   207.75s Find the "Effective interface style" StaticText
    t =   207.87s Find the "Effective interface style" StaticText
    t =   207.95s Find the Target Application 'com.example.aceclientapp'
    t =   208.77s Added attachment named 'Coverage diagnostic-fixture-parity.iPhone-17-Pro-Max.keychainWrite.light.large.portrait.0.0.0 viewport initial'
    t =   208.77s Checking existence of `"Username" TextField`
    t =   208.87s Checking existence of `"Password" SecureTextField`
    t =   208.95s Find the "Sign in" Button
    t =   209.10s Find the Target Application 'com.example.aceclientapp'
    t =   209.18s Find the "Sign in" Button
    t =   209.34s Checking existence of `"Sign in" Button`
    t =   209.43s Find the "Sign in" Button
    t =   209.60s Find the "Sign in" Button
    t =   209.71s Find the "Sign in" Button
    t =   209.82s Find the Target Application 'com.example.aceclientapp'
    t =   210.59s Added attachment named 'Coverage diagnostic-fixture-parity.iPhone-17-Pro-Max.keychainWrite.light.large.portrait.0.0.0 viewport control-Sign in'
ACE_CASE_RESULT {"auditInvocations":0,"id":"diagnostic-fixture-parity.iPhone-17-Pro-Max.keychainWrite.light.large.portrait.0.0.0","observed":{"appearance":"light","boldText":false,"contentSize":"large","increaseContrast":false,"orientation":"portrait","reduceMotion":false},"result":"passed","scenario":"keychainWrite","screenshots":["Coverage diagnostic-fixture-parity.iPhone-17-Pro-Max.keychainWrite.light.large.portrait.0.0.0 viewport initial","Coverage diagnostic-fixture-parity.iPhone-17-Pro-Max.keychainWrite.light.large.portrait.0.0.0 viewport control-Sign in"]}
    t =   210.59s Terminate com.example.aceclientapp:76069
    t =   211.70s Tear Down
Test Case '-[ACEClientAppUITests.ACEClientAppUITests testCoverageBatch]' passed (212.050 seconds).
Test Suite 'ACEClientAppUITests' passed at 2026-09-14 19:52:05.242.
	 Executed 1 test, with 0 failures (0 unexpected) in 212.050 (212.065) seconds
Test Suite 'ACEClientAppUITests.xctest' passed at 2026-09-14 19:52:05.244.
	 Executed 1 test, with 0 failures (0 unexpected) in 212.050 (212.068) seconds
Test Suite 'Selected tests' passed at 2026-09-14 19:52:05.246.
	 Executed 1 test, with 0 failures (0 unexpected) in 212.050 (212.073) seconds

Test session results, code coverage, and logs:
	LOCAL_HOME/ace-private/mcx19b-implementation-20260914/fixture-parity-integration-2/batches/000/result.xcresult

** TEST EXECUTE SUCCEEDED **

Testing started
2026-09-14 19:48:18.390 xcodebuild[75672:2005585] [MT] IDERunDestination: Supported platforms for the buildables in the current scheme is empty.
2026-09-14 19:48:18.420 xcodebuild[75672:2005585] [MT] IDERunDestination: Supported platforms for the buildables in the current scheme is empty.
2026-09-14 19:48:20.042 xcodebuild[75672:2005585] [MT] IDERunDestination: Supported platforms for the buildables in the current scheme is empty.
2026-09-14 19:48:33.761 xcodebuild[75672:2005585] [MT] IDELaunchParametersSnapshot: The operation couldn’t be completed. (DebuggerLLDB.DebuggerVersionStore.StoreError error 0.)
2026-09-14 19:48:33.761 xcodebuild[75672:2005585] [MT] IDELaunchParametersSnapshot: no debugger version
2026-09-14 19:48:51.278 xcodebuild[75672:2005585] [MT] IDELaunchParametersSnapshot: The operation couldn’t be completed. (DebuggerLLDB.DebuggerVersionStore.StoreError error 0.)
2026-09-14 19:48:51.278 xcodebuild[75672:2005585] [MT] IDELaunchParametersSnapshot: no debugger version
2026-09-14 19:49:10.649 xcodebuild[75672:2005585] [MT] IDELaunchParametersSnapshot: The operation couldn’t be completed. (DebuggerLLDB.DebuggerVersionStore.StoreError error 0.)
2026-09-14 19:49:10.649 xcodebuild[75672:2005585] [MT] IDELaunchParametersSnapshot: no debugger version
2026-09-14 19:49:31.656 xcodebuild[75672:2005585] [MT] IDELaunchParametersSnapshot: The operation couldn’t be completed. (DebuggerLLDB.DebuggerVersionStore.StoreError error 0.)
2026-09-14 19:49:31.656 xcodebuild[75672:2005585] [MT] IDELaunchParametersSnapshot: no debugger version
2026-09-14 19:49:50.786 xcodebuild[75672:2005585] [MT] IDELaunchParametersSnapshot: The operation couldn’t be completed. (DebuggerLLDB.DebuggerVersionStore.StoreError error 0.)
2026-09-14 19:49:50.786 xcodebuild[75672:2005585] [MT] IDELaunchParametersSnapshot: no debugger version
2026-09-14 19:50:09.036 xcodebuild[75672:2005585] [MT] IDELaunchParametersSnapshot: The operation couldn’t be completed. (DebuggerLLDB.DebuggerVersionStore.StoreError error 0.)
2026-09-14 19:50:09.036 xcodebuild[75672:2005585] [MT] IDELaunchParametersSnapshot: no debugger version
2026-09-14 19:50:28.417 xcodebuild[75672:2005585] [MT] IDELaunchParametersSnapshot: The operation couldn’t be completed. (DebuggerLLDB.DebuggerVersionStore.StoreError error 0.)
2026-09-14 19:50:28.417 xcodebuild[75672:2005585] [MT] IDELaunchParametersSnapshot: no debugger version
2026-09-14 19:50:47.526 xcodebuild[75672:2005585] [MT] IDELaunchParametersSnapshot: The operation couldn’t be completed. (DebuggerLLDB.DebuggerVersionStore.StoreError error 0.)
2026-09-14 19:50:47.526 xcodebuild[75672:2005585] [MT] IDELaunchParametersSnapshot: no debugger version
2026-09-14 19:51:06.412 xcodebuild[75672:2005585] [MT] IDELaunchParametersSnapshot: The operation couldn’t be completed. (DebuggerLLDB.DebuggerVersionStore.StoreError error 0.)
2026-09-14 19:51:06.412 xcodebuild[75672:2005585] [MT] IDELaunchParametersSnapshot: no debugger version
2026-09-14 19:51:26.000 xcodebuild[75672:2005585] [MT] IDELaunchParametersSnapshot: The operation couldn’t be completed. (DebuggerLLDB.DebuggerVersionStore.StoreError error 0.)
2026-09-14 19:51:26.000 xcodebuild[75672:2005585] [MT] IDELaunchParametersSnapshot: no debugger version
2026-09-14 19:51:44.683 xcodebuild[75672:2005585] [MT] IDELaunchParametersSnapshot: The operation couldn’t be completed. (DebuggerLLDB.DebuggerVersionStore.StoreError error 0.)
2026-09-14 19:51:44.683 xcodebuild[75672:2005585] [MT] IDELaunchParametersSnapshot: no debugger version
2026-09-14 19:52:05.851 xcodebuild[75672:2005585] [MT] IDETestOperationsObserverDebug: 225.802 elapsed -- Testing started completed.
2026-09-14 19:52:05.851 xcodebuild[75672:2005585] [MT] IDETestOperationsObserverDebug: 0.000 sec, +0.000 sec -- start
2026-09-14 19:52:05.851 xcodebuild[75672:2005585] [MT] IDETestOperationsObserverDebug: 225.802 sec, +225.802 sec -- end
