Command line invocation:
    /Applications/Xcode.app/Contents/Developer/usr/bin/xcodebuild test-without-building -xctestrun "LOCAL_HOME/ace-private/mcx19b-orientation-repair-20260915/06-shutdown-native-gate/negative/native-settings/iPhone 17 Pro Max-read/ACEClientAppUITests.xctestrun" -destination id=D1BAA05C-52DD-4E57-832F-C0A75718E085 -parallel-testing-enabled NO "-only-testing:ACEClientAppUITests/ACEClientAppUITests/testConfigureAccessibilitySettings" -resultBundlePath "LOCAL_HOME/ace-private/mcx19b-orientation-repair-20260915/06-shutdown-native-gate/negative/native-settings/iPhone 17 Pro Max-read/result.xcresult"

Writing result bundle at path:
	LOCAL_HOME/ace-private/mcx19b-orientation-repair-20260915/06-shutdown-native-gate/negative/native-settings/iPhone 17 Pro Max-read/result.xcresult

2026-09-15 18:34:05.681094+1000 ACEClientAppUITests-Runner[38860:4563175] [Default] Running tests...
2026-09-15 18:34:06.087268+1000 ACEClientAppUITests-Runner[38860:4563286] [General] Failed to send CA Event for app launch measurements for ca_event_type: 0 event_name: com.apple.app_launch_measurement.FirstFramePresentationMetric
    t =      nans Interface orientation changed to Portrait
2026-09-15 18:34:10.796625+1000 ACEClientAppUITests-Runner[38860:4563289] [General] Failed to send CA Event for app launch measurements for ca_event_type: 1 event_name: com.apple.app_launch_measurement.ExtendedLaunchMetrics
Test Suite 'Selected tests' started at 2026-09-15 18:34:10.919.
Test Suite 'ACEClientAppUITests.xctest' started at 2026-09-15 18:34:10.929.
Test Suite 'ACEClientAppUITests' started at 2026-09-15 18:34:10.930.
Test Case '-[ACEClientAppUITests.ACEClientAppUITests testConfigureAccessibilitySettings]' started.
    t =     0.02s Start Test at 2026-09-15 18:34:10.949
    t =     0.45s Set Up
    t =     0.49s Open com.example.aceclientapp
    t =     0.49s     Launch com.example.aceclientapp
    t =     2.89s         Setting up automation session
    t =     7.96s         Wait for com.example.aceclientapp to idle
    t =    10.94s Waiting 5.0s for "Effective interface style" Any to exist
    t =    12.03s     Checking `Expect predicate `existsNoRetry == 1` for object "Effective interface style" Any`
    t =    12.03s         Checking existence of `"Effective interface style" Any`
    t =    13.28s Find the "Effective interface style" Any
    t =    13.35s Find the "Effective interface style" ScrollView
    t =    13.41s Terminate com.example.aceclientapp:38882
    t =    14.50s Open com.example.aceclientapp
    t =    14.50s     Launch com.example.aceclientapp
    t =    16.01s         Setting up automation session
    t =    21.73s         Wait for com.example.aceclientapp to idle
    t =    24.96s Waiting 5.0s for "Effective interface style" Any to exist
    t =    25.99s     Checking `Expect predicate `existsNoRetry == 1` for object "Effective interface style" Any`
    t =    25.99s         Checking existence of `"Effective interface style" Any`
    t =    27.29s Find the "Effective interface style" Any
    t =    27.34s Find the "Effective interface style" ScrollView
ACE_SETTINGS_RESULT {"mode":"read","observed":{"boldText":false,"increaseContrast":false,"orientation":"portrait","reduceMotion":false}}
    t =    27.40s Terminate com.example.aceclientapp:38911
    t =    28.53s Tear Down
Test Case '-[ACEClientAppUITests.ACEClientAppUITests testConfigureAccessibilitySettings]' passed (28.653 seconds).
Test Suite 'ACEClientAppUITests' passed at 2026-09-15 18:34:39.602.
	 Executed 1 test, with 0 failures (0 unexpected) in 28.653 (28.671) seconds
Test Suite 'ACEClientAppUITests.xctest' passed at 2026-09-15 18:34:39.604.
	 Executed 1 test, with 0 failures (0 unexpected) in 28.653 (28.674) seconds
Test Suite 'Selected tests' passed at 2026-09-15 18:34:39.606.
	 Executed 1 test, with 0 failures (0 unexpected) in 28.653 (28.687) seconds

Test session results, code coverage, and logs:
	LOCAL_HOME/ace-private/mcx19b-orientation-repair-20260915/06-shutdown-native-gate/negative/native-settings/iPhone 17 Pro Max-read/result.xcresult

** TEST EXECUTE SUCCEEDED **

Testing started
2026-09-15 18:33:56.911 xcodebuild[38834:4562526] [MT] IDERunDestination: Supported platforms for the buildables in the current scheme is empty.
2026-09-15 18:33:56.928 xcodebuild[38834:4562526] [MT] IDERunDestination: Supported platforms for the buildables in the current scheme is empty.
2026-09-15 18:33:58.218 xcodebuild[38834:4562526] [MT] IDERunDestination: Supported platforms for the buildables in the current scheme is empty.
2026-09-15 18:34:11.740 xcodebuild[38834:4562526] [MT] IDELaunchParametersSnapshot: The operation couldn’t be completed. (DebuggerLLDB.DebuggerVersionStore.StoreError error 0.)
2026-09-15 18:34:11.740 xcodebuild[38834:4562526] [MT] IDELaunchParametersSnapshot: no debugger version
2026-09-15 18:34:25.443 xcodebuild[38834:4562526] [MT] IDELaunchParametersSnapshot: The operation couldn’t be completed. (DebuggerLLDB.DebuggerVersionStore.StoreError error 0.)
2026-09-15 18:34:25.443 xcodebuild[38834:4562526] [MT] IDELaunchParametersSnapshot: no debugger version
2026-09-15 18:34:40.013 xcodebuild[38834:4562526] [MT] IDETestOperationsObserverDebug: 41.773 elapsed -- Testing started completed.
2026-09-15 18:34:40.013 xcodebuild[38834:4562526] [MT] IDETestOperationsObserverDebug: 0.000 sec, +0.000 sec -- start
2026-09-15 18:34:40.013 xcodebuild[38834:4562526] [MT] IDETestOperationsObserverDebug: 41.773 sec, +41.773 sec -- end
