Command line invocation:
    /Applications/Xcode.app/Contents/Developer/usr/bin/xcodebuild test-without-building -xctestrun LOCAL_HOME/ace-private/mcx19b-orientation-repair-20260915/shutdown-pilot-runs/20260915T085501Z-pilot-a40a74500076/native-settings/001-set/ACEClientAppUITests.xctestrun -destination id=2EB0863C-470E-467D-A0C6-CD216DA70C67 -parallel-testing-enabled NO "-only-testing:ACEClientAppUITests/ACEClientAppUITests/testConfigureAccessibilitySettings" -resultBundlePath LOCAL_HOME/ace-private/mcx19b-orientation-repair-20260915/shutdown-pilot-runs/20260915T085501Z-pilot-a40a74500076/native-settings/001-set/result.xcresult

Writing result bundle at path:
	LOCAL_HOME/ace-private/mcx19b-orientation-repair-20260915/shutdown-pilot-runs/20260915T085501Z-pilot-a40a74500076/native-settings/001-set/result.xcresult

2026-09-15 18:59:35.253741+1000 ACEClientAppUITests-Runner[42716:4642162] [Default] Running tests...
2026-09-15 18:59:35.631589+1000 ACEClientAppUITests-Runner[42716:4642390] [General] Failed to send CA Event for app launch measurements for ca_event_type: 0 event_name: com.apple.app_launch_measurement.FirstFramePresentationMetric
    t =      nans Interface orientation changed to Portrait
2026-09-15 18:59:38.722392+1000 ACEClientAppUITests-Runner[42716:4642390] [General] Failed to send CA Event for app launch measurements for ca_event_type: 1 event_name: com.apple.app_launch_measurement.ExtendedLaunchMetrics
Test Suite 'Selected tests' started at 2026-09-15 18:59:38.773.
Test Suite 'ACEClientAppUITests.xctest' started at 2026-09-15 18:59:38.775.
Test Suite 'ACEClientAppUITests' started at 2026-09-15 18:59:38.777.
Test Case '-[ACEClientAppUITests.ACEClientAppUITests testConfigureAccessibilitySettings]' started.
    t =     0.01s Start Test at 2026-09-15 18:59:38.792
    t =     0.25s Set Up
    t =     0.28s Open com.example.aceclientapp
    t =     0.28s     Launch com.example.aceclientapp
    t =     4.08s         Setting up automation session
    t =     8.25s         Wait for com.example.aceclientapp to idle
    t =    10.78s Waiting 5.0s for "Effective interface style" Any to exist
    t =    11.83s     Checking `Expect predicate `existsNoRetry == 1` for object "Effective interface style" Any`
    t =    11.83s         Checking existence of `"Effective interface style" Any`
    t =    13.02s Find the "Effective interface style" Any
    t =    13.12s Find the "Effective interface style" ScrollView
    t =    13.17s Terminate com.example.aceclientapp:42733
    t =    14.29s Setting device orientation to Portrait
    t =    14.31s     Device orientation changed to Portrait
    t =    14.35s     Wait for com.apple.springboard to idle
    t =    14.56s Open com.example.aceclientapp
    t =    14.56s     Launch com.example.aceclientapp
    t =    15.22s         Setting up automation session
    t =    19.05s         Wait for com.example.aceclientapp to idle
    t =    21.33s Waiting 5.0s for "Effective interface style" Any to exist
    t =    22.37s     Checking `Expect predicate `existsNoRetry == 1` for object "Effective interface style" Any`
    t =    22.37s         Checking existence of `"Effective interface style" Any`
    t =    23.54s Find the "Effective interface style" Any
    t =    23.63s Find the "Effective interface style" ScrollView
ACE_ORIENTATION_READ_STARTED {"requested":"portrait"}
    t =    23.68s Find the Target Application 'com.example.aceclientapp'
ACE_ORIENTATION_FRAME {"elapsedReadSeconds":0.081349925982067361,"frame":{"height":"874.0","width":"402.0","x":"0.0","y":"0.0"},"outcome":"match","requested":"portrait"}
ACE_SETTINGS_RESULT {"mode":"set","observed":{"boldText":false,"increaseContrast":false,"orientation":"portrait","reduceMotion":false}}
    t =    23.76s Terminate com.example.aceclientapp:42752
    t =    24.78s Tear Down
Test Case '-[ACEClientAppUITests.ACEClientAppUITests testConfigureAccessibilitySettings]' passed (24.898 seconds).
Test Suite 'ACEClientAppUITests' passed at 2026-09-15 19:00:03.689.
	 Executed 1 test, with 0 failures (0 unexpected) in 24.898 (24.912) seconds
Test Suite 'ACEClientAppUITests.xctest' passed at 2026-09-15 19:00:03.691.
	 Executed 1 test, with 0 failures (0 unexpected) in 24.898 (24.916) seconds
Test Suite 'Selected tests' passed at 2026-09-15 19:00:03.693.
	 Executed 1 test, with 0 failures (0 unexpected) in 24.898 (24.921) seconds

Test session results, code coverage, and logs:
	LOCAL_HOME/ace-private/mcx19b-orientation-repair-20260915/shutdown-pilot-runs/20260915T085501Z-pilot-a40a74500076/native-settings/001-set/result.xcresult

** TEST EXECUTE SUCCEEDED **

Testing started
2026-09-15 18:59:27.665 xcodebuild[42701:4641682] [MT] IDERunDestination: Supported platforms for the buildables in the current scheme is empty.
2026-09-15 18:59:27.852 xcodebuild[42701:4641682] [MT] IDERunDestination: Supported platforms for the buildables in the current scheme is empty.
2026-09-15 18:59:28.757 xcodebuild[42701:4641682] [MT] IDERunDestination: Supported platforms for the buildables in the current scheme is empty.
2026-09-15 18:59:30.118 xcodebuild[42701:4641682] [MT] IDERunDestination: Supported platforms for the buildables in the current scheme is empty.
2026-09-15 18:59:39.260 xcodebuild[42701:4641682] [MT] IDELaunchParametersSnapshot: The operation couldn’t be completed. (DebuggerLLDB.DebuggerVersionStore.StoreError error 0.)
2026-09-15 18:59:39.260 xcodebuild[42701:4641682] [MT] IDELaunchParametersSnapshot: no debugger version
2026-09-15 18:59:53.346 xcodebuild[42701:4641682] [MT] IDELaunchParametersSnapshot: The operation couldn’t be completed. (DebuggerLLDB.DebuggerVersionStore.StoreError error 0.)
2026-09-15 18:59:53.346 xcodebuild[42701:4641682] [MT] IDELaunchParametersSnapshot: no debugger version
2026-09-15 19:00:04.080 xcodebuild[42701:4641682] [MT] IDETestOperationsObserverDebug: 35.315 elapsed -- Testing started completed.
2026-09-15 19:00:04.080 xcodebuild[42701:4641682] [MT] IDETestOperationsObserverDebug: 0.000 sec, +0.000 sec -- start
2026-09-15 19:00:04.080 xcodebuild[42701:4641682] [MT] IDETestOperationsObserverDebug: 35.315 sec, +35.315 sec -- end
