Command line invocation:
    /Applications/Xcode.app/Contents/Developer/usr/bin/xcodebuild test-without-building -xctestrun LOCAL_HOME/ace-private/mcx19b-orientation-repair-20260915/pilot-runs/20260915T064440Z-pilot-478288537d90/native-settings/001-set/ACEClientAppUITests.xctestrun -destination id=2EB0863C-470E-467D-A0C6-CD216DA70C67 -parallel-testing-enabled NO "-only-testing:ACEClientAppUITests/ACEClientAppUITests/testConfigureAccessibilitySettings" -resultBundlePath LOCAL_HOME/ace-private/mcx19b-orientation-repair-20260915/pilot-runs/20260915T064440Z-pilot-478288537d90/native-settings/001-set/result.xcresult

Writing result bundle at path:
	LOCAL_HOME/ace-private/mcx19b-orientation-repair-20260915/pilot-runs/20260915T064440Z-pilot-478288537d90/native-settings/001-set/result.xcresult

2026-09-15 16:55:55.267180+1000 ACEClientAppUITests-Runner[27549:4337054] [Default] Running tests...
2026-09-15 16:56:04.875619+1000 ACEClientAppUITests-Runner[27549:4341491] [General] Failed to send CA Event for app launch measurements for ca_event_type: 0 event_name: com.apple.app_launch_measurement.FirstFramePresentationMetric
    t =      nans Interface orientation changed to Portrait
Test Suite 'Selected tests' started at 2026-09-15 16:56:13.617.
Test Suite 'ACEClientAppUITests.xctest' started at 2026-09-15 16:56:13.619.
Test Suite 'ACEClientAppUITests' started at 2026-09-15 16:56:13.620.
Test Case '-[ACEClientAppUITests.ACEClientAppUITests testConfigureAccessibilitySettings]' started.
    t =     0.03s Start Test at 2026-09-15 16:56:13.646
2026-09-15 16:56:13.763469+1000 ACEClientAppUITests-Runner[27549:4341913] [General] Failed to send CA Event for app launch measurements for ca_event_type: 1 event_name: com.apple.app_launch_measurement.ExtendedLaunchMetrics
    t =     0.24s Set Up
    t =     0.30s Open com.example.aceclientapp
    t =     0.30s     Launch com.example.aceclientapp
    t =     9.76s         Setting up automation session
    t =    69.77s         Wait for com.example.aceclientapp to idle
    t =    76.08s Unable to monitor animations
    t =    76.08s Unable to monitor event loop
    t =    77.10s Waiting 5.0s for "Effective interface style" Any to exist
    t =    78.10s     Checking `Expect predicate `existsNoRetry == 1` for object "Effective interface style" Any`
    t =    78.10s         Checking existence of `"Effective interface style" Any`
    t =    78.11s             Requesting snapshot of accessibility hierarchy for app with pid 27710
    t =    82.41s         Capturing element debug description
    t =    82.42s     Checking existence of `"Effective interface style" Any`
    t =    82.42s         Requesting snapshot of accessibility hierarchy for app with pid 27710
    t =   148.47s     Checking existence of `"Effective interface style" Any` (retry 1)
    t =   148.48s         Requesting snapshot of accessibility hierarchy for app with pid 27710
    t =   214.45s     Checking existence of `"Effective interface style" Any` (retry 2)
    t =   214.45s         Requesting snapshot of accessibility hierarchy for app with pid 27710
LOCAL_HOME/Developer/sqe-platform-release-layout/ios/ACEClientApp/ACEClientAppUITests/ACEClientAppUITests.swift:153: error: -[ACEClientAppUITests.ACEClientAppUITests testConfigureAccessibilitySettings] : Failed to get matching snapshots: Timed out while fetching snapshot from testmanagerd..
    t =   415.19s Tear Down
Test Case '-[ACEClientAppUITests.ACEClientAppUITests testConfigureAccessibilitySettings]' failed (415.468 seconds).
Test Suite 'ACEClientAppUITests' failed at 2026-09-15 17:03:09.114.
	 Executed 1 test, with 1 failure (0 unexpected) in 415.468 (415.494) seconds
Test Suite 'ACEClientAppUITests.xctest' failed at 2026-09-15 17:03:09.116.
	 Executed 1 test, with 1 failure (0 unexpected) in 415.468 (415.497) seconds
Test Suite 'Selected tests' failed at 2026-09-15 17:03:09.118.
	 Executed 1 test, with 1 failure (0 unexpected) in 415.468 (415.502) seconds

Test session results, code coverage, and logs:
	LOCAL_HOME/ace-private/mcx19b-orientation-repair-20260915/pilot-runs/20260915T064440Z-pilot-478288537d90/native-settings/001-set/result.xcresult

Testing started
2026-09-15 16:53:50.046 xcodebuild[27512:4336356] [MT] IDERunDestination: Supported platforms for the buildables in the current scheme is empty.
2026-09-15 16:53:50.138 xcodebuild[27512:4336356] [MT] IDERunDestination: Supported platforms for the buildables in the current scheme is empty.
2026-09-15 16:53:51.776 xcodebuild[27512:4336356] [MT] IDERunDestination: Supported platforms for the buildables in the current scheme is empty.
2026-09-15 16:56:14.204 xcodebuild[27512:4336356] [MT] IDELaunchParametersSnapshot: The operation couldn’t be completed. (DebuggerLLDB.DebuggerVersionStore.StoreError error 0.)
2026-09-15 16:56:14.205 xcodebuild[27512:4336356] [MT] IDELaunchParametersSnapshot: no debugger version
2026-09-15 16:57:17.930 xcodebuild[27512:4336356] [MT] IDERunDestination: Supported platforms for the buildables in the current scheme is empty.
2026-09-15 16:57:18.266 xcodebuild[27512:4336356] [MT] IDERunDestination: Supported platforms for the buildables in the current scheme is empty.
2026-09-15 16:57:18.523 xcodebuild[27512:4336356] [MT] IDERunDestination: Supported platforms for the buildables in the current scheme is empty.
2026-09-15 16:57:18.776 xcodebuild[27512:4336356] [MT] IDERunDestination: Supported platforms for the buildables in the current scheme is empty.
2026-09-15 16:57:22.775 xcodebuild[27512:4336356] [MT] IDERunDestination: Supported platforms for the buildables in the current scheme is empty.
2026-09-15 16:57:22.987 xcodebuild[27512:4336356] [MT] IDERunDestination: Supported platforms for the buildables in the current scheme is empty.
2026-09-15 16:57:32.431 xcodebuild[27512:4336356] [MT] IDERunDestination: Supported platforms for the buildables in the current scheme is empty.
2026-09-15 16:57:32.558 xcodebuild[27512:4336356] [MT] IDERunDestination: Supported platforms for the buildables in the current scheme is empty.
2026-09-15 16:57:33.022 xcodebuild[27512:4336356] [MT] IDERunDestination: Supported platforms for the buildables in the current scheme is empty.
2026-09-15 16:57:33.216 xcodebuild[27512:4336356] [MT] IDERunDestination: Supported platforms for the buildables in the current scheme is empty.
2026-09-15 16:57:33.722 xcodebuild[27512:4336356] [MT] IDERunDestination: Supported platforms for the buildables in the current scheme is empty.
2026-09-15 16:57:35.641 xcodebuild[27512:4336356] [MT] IDERunDestination: Supported platforms for the buildables in the current scheme is empty.
2026-09-15 16:57:35.907 xcodebuild[27512:4336356] [MT] IDERunDestination: Supported platforms for the buildables in the current scheme is empty.
2026-09-15 16:57:39.265 xcodebuild[27512:4336356] [MT] IDERunDestination: Supported platforms for the buildables in the current scheme is empty.
2026-09-15 16:57:39.463 xcodebuild[27512:4336356] [MT] IDERunDestination: Supported platforms for the buildables in the current scheme is empty.
2026-09-15 16:57:41.098 xcodebuild[27512:4336356] [MT] IDERunDestination: Supported platforms for the buildables in the current scheme is empty.
2026-09-15 16:58:34.934 xcodebuild[27512:4336356] [MT] IDERunDestination: Supported platforms for the buildables in the current scheme is empty.
2026-09-15 17:00:30.264 xcodebuild[27512:4336356] [MT] IDERunDestination: Supported platforms for the buildables in the current scheme is empty.
2026-09-15 17:01:19.985 xcodebuild[27512:4336356] [MT] IDERunDestination: Supported platforms for the buildables in the current scheme is empty.
2026-09-15 17:01:20.389 xcodebuild[27512:4336356] [MT] IDERunDestination: Supported platforms for the buildables in the current scheme is empty.
2026-09-15 17:01:34.097 xcodebuild[27512:4336356] [MT] IDERunDestination: Supported platforms for the buildables in the current scheme is empty.
2026-09-15 17:01:34.840 xcodebuild[27512:4336356] [MT] IDERunDestination: Supported platforms for the buildables in the current scheme is empty.
2026-09-15 17:01:35.616 xcodebuild[27512:4336356] [MT] IDERunDestination: Supported platforms for the buildables in the current scheme is empty.
2026-09-15 17:01:36.572 xcodebuild[27512:4336356] [MT] IDERunDestination: Supported platforms for the buildables in the current scheme is empty.
2026-09-15 17:01:39.863 xcodebuild[27512:4336356] [MT] IDERunDestination: Supported platforms for the buildables in the current scheme is empty.
2026-09-15 17:01:55.850 xcodebuild[27512:4336356] [MT] IDERunDestination: Supported platforms for the buildables in the current scheme is empty.
2026-09-15 17:07:17.241 xcodebuild[27512:4336356] [MT] IDERunDestination: Supported platforms for the buildables in the current scheme is empty.
2026-09-15 17:07:17.414 xcodebuild[27512:4336356] [MT] IDERunDestination: Supported platforms for the buildables in the current scheme is empty.
2026-09-15 17:07:50.657 xcodebuild[27512:4336356] [MT] IDERunDestination: Supported platforms for the buildables in the current scheme is empty.
2026-09-15 17:11:54.847 xcodebuild[27512:4336356] [MT] IDETestOperationsObserverDebug: 1083.057 elapsed -- Testing started completed.
2026-09-15 17:11:54.847 xcodebuild[27512:4336356] [MT] IDETestOperationsObserverDebug: 0.000 sec, +0.000 sec -- start
2026-09-15 17:11:54.847 xcodebuild[27512:4336356] [MT] IDETestOperationsObserverDebug: 1083.057 sec, +1083.057 sec -- end
** TEST EXECUTE FAILED **

