Command line invocation:
    /Applications/Xcode.app/Contents/Developer/usr/bin/xcodebuild test-without-building -xctestrun "LOCAL_HOME/ace-private/mcx19b-orientation-repair-20260915/pilot-runs/20260915T064440Z-pilot-478288537d90/native-settings/iPhone 17 Pro Max-read/ACEClientAppUITests.xctestrun" -destination id=D1BAA05C-52DD-4E57-832F-C0A75718E085 -parallel-testing-enabled NO "-only-testing:ACEClientAppUITests/ACEClientAppUITests/testConfigureAccessibilitySettings" -resultBundlePath "LOCAL_HOME/ace-private/mcx19b-orientation-repair-20260915/pilot-runs/20260915T064440Z-pilot-478288537d90/native-settings/iPhone 17 Pro Max-read/result.xcresult"

Writing result bundle at path:
	LOCAL_HOME/ace-private/mcx19b-orientation-repair-20260915/pilot-runs/20260915T064440Z-pilot-478288537d90/native-settings/iPhone 17 Pro Max-read/result.xcresult

2026-09-15 16:46:55.661162+1000 ACEClientAppUITests-Runner[26661:4317710] [Default] Running tests...
2026-09-15 16:46:55.867849+1000 ACEClientAppUITests-Runner[26661:4318093] [General] Failed to send CA Event for app launch measurements for ca_event_type: 0 event_name: com.apple.app_launch_measurement.FirstFramePresentationMetric
2026-09-15 16:46:55.909179+1000 ACEClientAppUITests-Runner[26661:4318100] [General] Failed to send CA Event for app launch measurements for ca_event_type: 1 event_name: com.apple.app_launch_measurement.ExtendedLaunchMetrics
    t =      nans Interface orientation changed to Portrait
Test Suite 'Selected tests' started at 2026-09-15 16:47:18.177.
Test Suite 'ACEClientAppUITests.xctest' started at 2026-09-15 16:47:18.181.
Test Suite 'ACEClientAppUITests' started at 2026-09-15 16:47:18.185.
Test Case '-[ACEClientAppUITests.ACEClientAppUITests testConfigureAccessibilitySettings]' started.
    t =     0.02s Start Test at 2026-09-15 16:47:18.203
    t =     1.03s Set Up
    t =     1.07s Open com.example.aceclientapp
    t =     1.07s     Launch com.example.aceclientapp
    t =     5.19s         Setting up automation session
    t =    10.96s         Wait for com.example.aceclientapp to idle
    t =    14.23s Waiting 5.0s for "Effective interface style" Any to exist
    t =    15.31s     Checking `Expect predicate `existsNoRetry == 1` for object "Effective interface style" Any`
    t =    15.31s         Checking existence of `"Effective interface style" Any`
    t =    16.61s Find the "Effective interface style" Any
    t =    16.67s Find the "Effective interface style" ScrollView
    t =    16.74s Terminate com.example.aceclientapp:26727
    t =    17.84s Open com.example.aceclientapp
    t =    17.84s     Launch com.example.aceclientapp
    t =    19.00s         Setting up automation session
    t =    24.92s         Wait for com.example.aceclientapp to idle
    t =    28.64s Waiting 5.0s for "Effective interface style" Any to exist
    t =    29.74s     Checking `Expect predicate `existsNoRetry == 1` for object "Effective interface style" Any`
    t =    29.74s         Checking existence of `"Effective interface style" Any`
    t =    31.01s Find the "Effective interface style" Any
    t =    31.07s Find the "Effective interface style" ScrollView
ACE_SETTINGS_RESULT {"mode":"read","observed":{"boldText":false,"increaseContrast":false,"orientation":"portrait","reduceMotion":false}}
    t =    31.14s Terminate com.example.aceclientapp:26739
    t =    34.19s Tear Down
Test Case '-[ACEClientAppUITests.ACEClientAppUITests testConfigureAccessibilitySettings]' passed (36.229 seconds).
Test Suite 'ACEClientAppUITests' passed at 2026-09-15 16:47:54.425.
	 Executed 1 test, with 0 failures (0 unexpected) in 36.229 (36.240) seconds
Test Suite 'ACEClientAppUITests.xctest' passed at 2026-09-15 16:47:54.427.
	 Executed 1 test, with 0 failures (0 unexpected) in 36.229 (36.246) seconds
Test Suite 'Selected tests' passed at 2026-09-15 16:47:54.429.
	 Executed 1 test, with 0 failures (0 unexpected) in 36.229 (36.252) seconds

Test session results, code coverage, and logs:
	LOCAL_HOME/ace-private/mcx19b-orientation-repair-20260915/pilot-runs/20260915T064440Z-pilot-478288537d90/native-settings/iPhone 17 Pro Max-read/result.xcresult

** TEST EXECUTE SUCCEEDED **

Testing started
2026-09-15 16:46:14.713 xcodebuild[26594:4316064] [MT] IDERunDestination: Supported platforms for the buildables in the current scheme is empty.
2026-09-15 16:46:14.769 xcodebuild[26594:4316064] [MT] IDERunDestination: Supported platforms for the buildables in the current scheme is empty.
2026-09-15 16:46:16.152 xcodebuild[26594:4316064] [MT] IDERunDestination: Supported platforms for the buildables in the current scheme is empty.
2026-09-15 16:47:19.549 xcodebuild[26594:4316064] [MT] IDELaunchParametersSnapshot: The operation couldn’t be completed. (DebuggerLLDB.DebuggerVersionStore.StoreError error 0.)
2026-09-15 16:47:19.549 xcodebuild[26594:4316064] [MT] IDELaunchParametersSnapshot: no debugger version
2026-09-15 16:47:36.032 xcodebuild[26594:4316064] [MT] IDELaunchParametersSnapshot: The operation couldn’t be completed. (DebuggerLLDB.DebuggerVersionStore.StoreError error 0.)
2026-09-15 16:47:36.032 xcodebuild[26594:4316064] [MT] IDELaunchParametersSnapshot: no debugger version
2026-09-15 16:47:37.586 xcodebuild[26594:4316064] [MT] IDERunDestination: Supported platforms for the buildables in the current scheme is empty.
2026-09-15 16:47:54.821 xcodebuild[26594:4316064] [MT] IDETestOperationsObserverDebug: 98.659 elapsed -- Testing started completed.
2026-09-15 16:47:54.821 xcodebuild[26594:4316064] [MT] IDETestOperationsObserverDebug: 0.000 sec, +0.000 sec -- start
2026-09-15 16:47:54.821 xcodebuild[26594:4316064] [MT] IDETestOperationsObserverDebug: 98.659 sec, +98.659 sec -- end
