Command line invocation:
    /Applications/Xcode.app/Contents/Developer/usr/bin/xcodebuild test-without-building -xctestrun "LOCAL_HOME/ace-private/mcx19b-orientation-repair-20260915/12-revision5-discriminating-diagnosis/arm-A/repetition-3/native-settings/iPhone 17-restore-D1/ACEClientAppUITests.xctestrun" -destination id=2EB0863C-470E-467D-A0C6-CD216DA70C67 -parallel-testing-enabled NO "-only-testing:ACEClientAppUITests/ACEClientAppUITests/testConfigureAccessibilitySettings" -resultBundlePath "LOCAL_HOME/ace-private/mcx19b-orientation-repair-20260915/12-revision5-discriminating-diagnosis/arm-A/repetition-3/native-settings/iPhone 17-restore-D1/result.xcresult"

Writing result bundle at path:
	LOCAL_HOME/ace-private/mcx19b-orientation-repair-20260915/12-revision5-discriminating-diagnosis/arm-A/repetition-3/native-settings/iPhone 17-restore-D1/result.xcresult

2026-09-16 22:08:20.125427+1000 ACEClientAppUITests-Runner[96483:7458196] [Default] Running tests...
2026-09-16 22:08:21.187542+1000 ACEClientAppUITests-Runner[96483:7458383] [General] Failed to send CA Event for app launch measurements for ca_event_type: 0 event_name: com.apple.app_launch_measurement.FirstFramePresentationMetric
    t =      nans Interface orientation changed to Portrait
2026-09-16 22:08:26.535897+1000 ACEClientAppUITests-Runner[96483:7458385] [General] Failed to send CA Event for app launch measurements for ca_event_type: 1 event_name: com.apple.app_launch_measurement.ExtendedLaunchMetrics
Test Suite 'Selected tests' started at 2026-09-16 22:08:26.597.
Test Suite 'ACEClientAppUITests.xctest' started at 2026-09-16 22:08:26.600.
Test Suite 'ACEClientAppUITests' started at 2026-09-16 22:08:26.601.
Test Case '-[ACEClientAppUITests.ACEClientAppUITests testConfigureAccessibilitySettings]' started.
    t =     0.02s Start Test at 2026-09-16 22:08:26.619
    t =     0.24s Set Up
    t =     0.27s Open com.example.aceclientapp
    t =     0.27s     Launch com.example.aceclientapp
    t =     2.85s         Setting up automation session
    t =     8.32s         Wait for com.example.aceclientapp to idle
    t =    12.29s Waiting 5.0s for "Effective interface style" Any to exist
    t =    13.35s     Checking `Expect predicate `existsNoRetry == 1` for object "Effective interface style" Any`
    t =    13.36s         Checking existence of `"Effective interface style" Any`
    t =    14.65s Find the "Effective interface style" Any
    t =    14.72s Find the "Effective interface style" ScrollView
    t =    14.77s Terminate com.example.aceclientapp:96510
    t =    15.82s Setting device orientation to Portrait
    t =    15.85s     Wait for com.apple.springboard to idle
    t =    15.88s Open com.example.aceclientapp
    t =    15.88s     Launch com.example.aceclientapp
    t =    16.73s         Setting up automation session
    t =    22.67s         Wait for com.example.aceclientapp to idle
    t =    25.44s Waiting 5.0s for "Effective interface style" Any to exist
    t =    26.52s     Checking `Expect predicate `existsNoRetry == 1` for object "Effective interface style" Any`
    t =    26.52s         Checking existence of `"Effective interface style" Any`
    t =    27.82s Find the "Effective interface style" Any
    t =    27.89s Find the "Effective interface style" ScrollView
ACE_ORIENTATION_READ_STARTED {"requested":"portrait"}
    t =    27.94s Find the Target Application 'com.example.aceclientapp'
ACE_ORIENTATION_FRAME {"elapsedReadSeconds":0.10834620095556602,"frame":{"height":"874.0","width":"402.0","x":"0.0","y":"0.0"},"outcome":"match","requested":"portrait"}
ACE_SETTINGS_RESULT {"mode":"set","observed":{"boldText":false,"increaseContrast":false,"orientation":"portrait","reduceMotion":false}}
    t =    28.05s Terminate com.example.aceclientapp:96529
    t =    29.07s Tear Down
Test Case '-[ACEClientAppUITests.ACEClientAppUITests testConfigureAccessibilitySettings]' passed (29.255 seconds).
Test Suite 'ACEClientAppUITests' passed at 2026-09-16 22:08:55.875.
	 Executed 1 test, with 0 failures (0 unexpected) in 29.255 (29.274) seconds
Test Suite 'ACEClientAppUITests.xctest' passed at 2026-09-16 22:08:55.877.
	 Executed 1 test, with 0 failures (0 unexpected) in 29.255 (29.277) seconds
Test Suite 'Selected tests' passed at 2026-09-16 22:08:55.879.
	 Executed 1 test, with 0 failures (0 unexpected) in 29.255 (29.282) seconds

Test session results, code coverage, and logs:
	LOCAL_HOME/ace-private/mcx19b-orientation-repair-20260915/12-revision5-discriminating-diagnosis/arm-A/repetition-3/native-settings/iPhone 17-restore-D1/result.xcresult

** TEST EXECUTE SUCCEEDED **

Testing started
2026-09-16 22:08:10.990 xcodebuild[96459:7457636] [MT] IDERunDestination: Supported platforms for the buildables in the current scheme is empty.
2026-09-16 22:08:11.024 xcodebuild[96459:7457636] [MT] IDERunDestination: Supported platforms for the buildables in the current scheme is empty.
2026-09-16 22:08:12.055 xcodebuild[96459:7457636] [MT] IDERunDestination: Supported platforms for the buildables in the current scheme is empty.
2026-09-16 22:08:27.108 xcodebuild[96459:7457636] [MT] IDELaunchParametersSnapshot: The operation couldn’t be completed. (DebuggerLLDB.DebuggerVersionStore.StoreError error 0.)
2026-09-16 22:08:27.108 xcodebuild[96459:7457636] [MT] IDELaunchParametersSnapshot: no debugger version
2026-09-16 22:08:42.490 xcodebuild[96459:7457636] [MT] IDELaunchParametersSnapshot: The operation couldn’t be completed. (DebuggerLLDB.DebuggerVersionStore.StoreError error 0.)
2026-09-16 22:08:42.490 xcodebuild[96459:7457636] [MT] IDELaunchParametersSnapshot: no debugger version
2026-09-16 22:08:56.288 xcodebuild[96459:7457636] [MT] IDETestOperationsObserverDebug: 44.159 elapsed -- Testing started completed.
2026-09-16 22:08:56.288 xcodebuild[96459:7457636] [MT] IDETestOperationsObserverDebug: 0.000 sec, +0.000 sec -- start
2026-09-16 22:08:56.288 xcodebuild[96459:7457636] [MT] IDETestOperationsObserverDebug: 44.160 sec, +44.159 sec -- end
