Command line invocation:
    /Applications/Xcode.app/Contents/Developer/usr/bin/xcodebuild test-without-building -xctestrun LOCAL_HOME/ace-private/mcx19b-orientation-repair-20260915/12-revision5-discriminating-diagnosis/arm-A/repetition-2/batches/001/ACEClientAppUITests.xctestrun -destination id=2EB0863C-470E-467D-A0C6-CD216DA70C67 -parallel-testing-enabled NO "-only-testing:ACEClientAppUITests/ACEClientAppUITests/testCoverageBatch" -resultBundlePath LOCAL_HOME/ace-private/mcx19b-orientation-repair-20260915/12-revision5-discriminating-diagnosis/arm-A/repetition-2/batches/001/result.xcresult

Writing result bundle at path:
	LOCAL_HOME/ace-private/mcx19b-orientation-repair-20260915/12-revision5-discriminating-diagnosis/arm-A/repetition-2/batches/001/result.xcresult

2026-09-16 22:02:58.101459+1000 ACEClientAppUITests-Runner[91526:7431660] [Default] Running tests...
    t =      nans Interface orientation changed to Portrait
Test Suite 'Selected tests' started at 2026-09-16 22:03:02.093.
Test Suite 'ACEClientAppUITests.xctest' started at 2026-09-16 22:03:02.095.
Test Suite 'ACEClientAppUITests' started at 2026-09-16 22:03:02.095.
Test Case '-[ACEClientAppUITests.ACEClientAppUITests testCoverageBatch]' started.
    t =     0.00s Start Test at 2026-09-16 22:03:02.100
    t =     0.16s Set Up
    t =     0.17s Setting device orientation to Portrait
    t =     0.18s     Device orientation changed to Portrait
    t =     0.22s     Wait for com.apple.springboard to idle
    t =     0.45s Open com.example.aceclientapp
    t =     0.45s     Launch com.example.aceclientapp
    t =     2.18s         Setting up automation session
    t =     6.38s         Wait for com.example.aceclientapp to idle
    t =     8.94s Waiting 5.0s for "Current Release" StaticText to exist
    t =    10.00s     Checking `Expect predicate `existsNoRetry == 1` for object "Current Release" StaticText`
    t =    10.00s         Checking existence of `"Current Release" StaticText`
    t =    10.32s Checking existence of `"Current Release" StaticText`
    t =    10.39s Find the "Current Release" StaticText
    t =    10.51s Find the Target Application 'com.example.aceclientapp'
ACE_ORIENTATION_READ_STARTED {"requested":"portrait"}
    t =    10.55s Find the Target Application 'com.example.aceclientapp'
ACE_ORIENTATION_FRAME {"elapsedReadSeconds":0.039261132013052702,"frame":{"height":"874.0","width":"402.0","x":"0.0","y":"0.0"},"outcome":"match","requested":"portrait"}
    t =    10.59s Waiting 5.0s for "Effective interface style" Any to exist
    t =    11.63s     Checking `Expect predicate `existsNoRetry == 1` for object "Effective interface style" Any`
    t =    11.63s         Checking existence of `"Effective interface style" Any`
    t =    12.78s Find the "Effective interface style" Any
    t =    12.83s Find the "Effective interface style" ScrollView
    t =    13.29s Added attachment named 'Coverage pilot.iPhone-17.copyConfirmation.light.large.portrait.0.0.0 viewport initial'
    t =    17.69s Waiting 5.0s for ScrollView (First Match) to exist
    t =    18.73s     Checking `Expect predicate `existsNoRetry == 1` for object ScrollView (First Match)`
    t =    18.73s         Checking existence of `ScrollView (First Match)`
    t =    18.76s Checking existence of `"Copy action 1" Button`
    t =    18.84s Find the "Copy action 1" Button
    t =    18.96s Find the ScrollView (First Match)
    t =    19.00s Checking existence of `"Copy action 1" Button`
    t =    19.08s Find the "Copy action 1" Button
    t =    19.20s Press "Effective interface style" ScrollView[0.50, 0.72] for 0.1 seconds, then drag to "Effective interface style" ScrollView[0.50, 0.28] with velocity of 500.00 pixels per second, and then hold for 0.0 seconds 
    t =    19.20s     Wait for com.example.aceclientapp to idle
    t =    19.21s     Find the "Effective interface style" ScrollView
    t =    19.27s     Check for interrupting elements affecting "Effective interface style" ScrollView
    t =    19.35s     Synthesize event
    t =    19.36s         Find the "Effective interface style" ScrollView
    t =    19.43s         Find the "Effective interface style" ScrollView
    t =    19.50s         Find the "Effective interface style" ScrollView
    t =    19.60s         Find the "Effective interface style" ScrollView
    t =    19.67s         Find the "Effective interface style" ScrollView
    t =    20.91s     Wait for com.example.aceclientapp to idle
    t =    20.93s Checking existence of `"Copy action 1" Button`
    t =    21.01s Find the "Copy action 1" Button
    t =    21.14s Find the "Copy action 1" Button
    t =    21.24s Find the "Effective interface style" ScrollView
    t =    21.29s Checking existence of `"Copy action 1" Button`
    t =    21.37s Find the "Copy action 1" Button
    t =    21.54s Find the "Copy action 1" Button
    t =    21.63s Tap "Copy action 1" Button
    t =    21.63s     Wait for com.example.aceclientapp to idle
    t =    21.65s     Find the "Copy action 1" Button
    t =    21.74s     Check for interrupting elements affecting "Copy action 1" Button
    t =    21.81s     Synthesize event
    t =    22.16s     Wait for com.example.aceclientapp to idle
    t =    22.18s Waiting 5.0s for Any (First Match) to exist
    t =    23.20s     Checking `Expect predicate `existsNoRetry == 1` for object Any (First Match)`
    t =    23.20s         Checking existence of `Any (First Match)`
    t =    23.29s Waiting 5.0s for ScrollView (First Match) to exist
    t =    24.35s     Checking `Expect predicate `existsNoRetry == 1` for object ScrollView (First Match)`
    t =    24.35s         Checking existence of `ScrollView (First Match)`
    t =    24.38s Checking existence of `Any (First Match)`
    t =    24.47s Find the Any (First Match)
    t =    24.63s Find the "Copied Action 1." StaticText
    t =    24.83s Find the ScrollView (First Match)
    t =    24.89s Checking existence of `"Copied Action 1." StaticText`
    t =    25.00s Find the "Copied Action 1." StaticText
    t =    25.15s Find the "Copied Action 1." StaticText
    t =    25.31s Find the ScrollView (First Match)
    t =    25.74s Added attachment named 'Coverage pilot.iPhone-17.copyConfirmation.light.large.portrait.0.0.0 viewport copy-confirmation'
ACE_CASE_RESULT {"auditInvocations":2,"id":"pilot.iPhone-17.copyConfirmation.light.large.portrait.0.0.0","observed":{"appearance":"light","boldText":false,"contentSize":"large","increaseContrast":false,"orientation":"portrait","reduceMotion":false},"result":"passed","scenario":"copyConfirmation","screenshots":["Coverage pilot.iPhone-17.copyConfirmation.light.large.portrait.0.0.0 viewport initial","Coverage pilot.iPhone-17.copyConfirmation.light.large.portrait.0.0.0 viewport copy-confirmation"]}
    t =    29.46s Terminate com.example.aceclientapp:91545
    t =    30.56s Tear Down
Test Case '-[ACEClientAppUITests.ACEClientAppUITests testCoverageBatch]' passed (30.969 seconds).
Test Suite 'ACEClientAppUITests' passed at 2026-09-16 22:03:33.069.
	 Executed 1 test, with 0 failures (0 unexpected) in 30.969 (30.974) seconds
Test Suite 'ACEClientAppUITests.xctest' passed at 2026-09-16 22:03:33.071.
	 Executed 1 test, with 0 failures (0 unexpected) in 30.969 (30.977) seconds
Test Suite 'Selected tests' passed at 2026-09-16 22:03:33.073.
	 Executed 1 test, with 0 failures (0 unexpected) in 30.969 (30.980) seconds

Test session results, code coverage, and logs:
	LOCAL_HOME/ace-private/mcx19b-orientation-repair-20260915/12-revision5-discriminating-diagnosis/arm-A/repetition-2/batches/001/result.xcresult

** TEST EXECUTE SUCCEEDED **

Testing started
2026-09-16 22:02:51.724 xcodebuild[91492:7431208] [MT] IDERunDestination: Supported platforms for the buildables in the current scheme is empty.
2026-09-16 22:02:51.737 xcodebuild[91492:7431208] [MT] IDERunDestination: Supported platforms for the buildables in the current scheme is empty.
2026-09-16 22:02:52.653 xcodebuild[91492:7431208] [MT] IDERunDestination: Supported platforms for the buildables in the current scheme is empty.
2026-09-16 22:03:02.661 xcodebuild[91492:7431208] [MT] IDELaunchParametersSnapshot: The operation couldn’t be completed. (DebuggerLLDB.DebuggerVersionStore.StoreError error 0.)
2026-09-16 22:03:02.661 xcodebuild[91492:7431208] [MT] IDELaunchParametersSnapshot: no debugger version
2026-09-16 22:03:33.421 xcodebuild[91492:7431208] [MT] IDETestOperationsObserverDebug: 40.758 elapsed -- Testing started completed.
2026-09-16 22:03:33.422 xcodebuild[91492:7431208] [MT] IDETestOperationsObserverDebug: 0.000 sec, +0.000 sec -- start
2026-09-16 22:03:33.422 xcodebuild[91492:7431208] [MT] IDETestOperationsObserverDebug: 40.758 sec, +40.758 sec -- end
