Command line invocation:
    /Applications/Xcode.app/Contents/Developer/usr/bin/xcodebuild test-without-building -xctestrun "LOCAL_HOME/ace-private/mcx19b-orientation-repair-20260915/09-signin-scroll-diagnosis/native-capture-evidence-gate/positive/native-settings/iPhone 17-read/ACEClientAppUITests.xctestrun" -destination id=2EB0863C-470E-467D-A0C6-CD216DA70C67 -parallel-testing-enabled NO "-only-testing:ACEClientAppUITests/ACEClientAppUITests/testConfigureAccessibilitySettings" -resultBundlePath "LOCAL_HOME/ace-private/mcx19b-orientation-repair-20260915/09-signin-scroll-diagnosis/native-capture-evidence-gate/positive/native-settings/iPhone 17-read/result.xcresult"

Writing result bundle at path:
	LOCAL_HOME/ace-private/mcx19b-orientation-repair-20260915/09-signin-scroll-diagnosis/native-capture-evidence-gate/positive/native-settings/iPhone 17-read/result.xcresult

2026-09-15 22:18:11.693310+1000 ACEClientAppUITests-Runner[70376:5172176] [Default] Running tests...
    t =      nans Interface orientation changed to Portrait
Test Suite 'Selected tests' started at 2026-09-15 22:18:24.298.
Test Suite 'ACEClientAppUITests.xctest' started at 2026-09-15 22:18:24.300.
Test Suite 'ACEClientAppUITests' started at 2026-09-15 22:18:24.301.
Test Case '-[ACEClientAppUITests.ACEClientAppUITests testConfigureAccessibilitySettings]' started.
    t =     0.01s Start Test at 2026-09-15 22:18:24.311
    t =     0.70s Set Up
    t =     0.73s Open com.example.aceclientapp
    t =     0.73s     Launch com.example.aceclientapp
    t =     3.90s         Setting up automation session
    t =     7.67s         Wait for com.example.aceclientapp to idle
    t =    10.04s Waiting 5.0s for "Effective interface style" Any to exist
    t =    11.11s     Checking `Expect predicate `existsNoRetry == 1` for object "Effective interface style" Any`
    t =    11.12s         Checking existence of `"Effective interface style" Any`
    t =    12.31s Find the "Effective interface style" Any
    t =    12.38s Find the "Effective interface style" ScrollView
    t =    12.52s Terminate com.example.aceclientapp:70413
    t =    13.55s Open com.example.aceclientapp
    t =    13.56s     Launch com.example.aceclientapp
    t =    14.21s         Setting up automation session
    t =    18.28s         Wait for com.example.aceclientapp to idle
    t =    20.68s Waiting 5.0s for "Effective interface style" Any to exist
    t =    21.75s     Checking `Expect predicate `existsNoRetry == 1` for object "Effective interface style" Any`
    t =    21.75s         Checking existence of `"Effective interface style" Any`
    t =    22.98s Find the "Effective interface style" Any
    t =    23.03s Find the "Effective interface style" ScrollView
ACE_SETTINGS_RESULT {"mode":"read","observed":{"boldText":false,"increaseContrast":false,"orientation":"portrait","reduceMotion":false}}
    t =    23.08s Terminate com.example.aceclientapp:70430
    t =    24.12s Tear Down
Test Case '-[ACEClientAppUITests.ACEClientAppUITests testConfigureAccessibilitySettings]' passed (24.508 seconds).
Test Suite 'ACEClientAppUITests' passed at 2026-09-15 22:18:48.818.
	 Executed 1 test, with 0 failures (0 unexpected) in 24.508 (24.518) seconds
Test Suite 'ACEClientAppUITests.xctest' passed at 2026-09-15 22:18:48.821.
	 Executed 1 test, with 0 failures (0 unexpected) in 24.508 (24.521) seconds
Test Suite 'Selected tests' passed at 2026-09-15 22:18:48.823.
	 Executed 1 test, with 0 failures (0 unexpected) in 24.508 (24.525) seconds

Test session results, code coverage, and logs:
	LOCAL_HOME/ace-private/mcx19b-orientation-repair-20260915/09-signin-scroll-diagnosis/native-capture-evidence-gate/positive/native-settings/iPhone 17-read/result.xcresult

** TEST EXECUTE SUCCEEDED **

Testing started
2026-09-15 22:17:46.015 xcodebuild[70303:5170558] [MT] IDERunDestination: Supported platforms for the buildables in the current scheme is empty.
2026-09-15 22:17:46.047 xcodebuild[70303:5170558] [MT] IDERunDestination: Supported platforms for the buildables in the current scheme is empty.
2026-09-15 22:17:47.710 xcodebuild[70303:5170558] [MT] IDERunDestination: Supported platforms for the buildables in the current scheme is empty.
2026-09-15 22:18:25.268 xcodebuild[70303:5170558] [MT] IDELaunchParametersSnapshot: The operation couldn’t be completed. (DebuggerLLDB.DebuggerVersionStore.StoreError error 0.)
2026-09-15 22:18:25.268 xcodebuild[70303:5170558] [MT] IDELaunchParametersSnapshot: no debugger version
2026-09-15 22:18:37.866 xcodebuild[70303:5170558] [MT] IDELaunchParametersSnapshot: The operation couldn’t be completed. (DebuggerLLDB.DebuggerVersionStore.StoreError error 0.)
2026-09-15 22:18:37.866 xcodebuild[70303:5170558] [MT] IDELaunchParametersSnapshot: no debugger version
2026-09-15 22:18:49.229 xcodebuild[70303:5170558] [MT] IDETestOperationsObserverDebug: 61.507 elapsed -- Testing started completed.
2026-09-15 22:18:49.229 xcodebuild[70303:5170558] [MT] IDETestOperationsObserverDebug: 0.000 sec, +0.000 sec -- start
2026-09-15 22:18:49.229 xcodebuild[70303:5170558] [MT] IDETestOperationsObserverDebug: 61.507 sec, +61.507 sec -- end
