Command line invocation:
    /Applications/Xcode.app/Contents/Developer/usr/bin/xcodebuild test-without-building -xctestrun "LOCAL_HOME/ace-private/mcx19b-implementation-20260914/pilot-preparation-20260915/settings-navigation-fix/pilot-runs/20260915T025954Z-pilot-e3aba28d2fcb/native-settings/iPhone 17 Pro Max-restore/ACEClientAppUITests.xctestrun" -destination id=D1BAA05C-52DD-4E57-832F-C0A75718E085 -parallel-testing-enabled NO "-only-testing:ACEClientAppUITests/ACEClientAppUITests/testConfigureAccessibilitySettings" -resultBundlePath "LOCAL_HOME/ace-private/mcx19b-implementation-20260914/pilot-preparation-20260915/settings-navigation-fix/pilot-runs/20260915T025954Z-pilot-e3aba28d2fcb/native-settings/iPhone 17 Pro Max-restore/result.xcresult"

Writing result bundle at path:
	LOCAL_HOME/ace-private/mcx19b-implementation-20260914/pilot-preparation-20260915/settings-navigation-fix/pilot-runs/20260915T025954Z-pilot-e3aba28d2fcb/native-settings/iPhone 17 Pro Max-restore/result.xcresult

2026-09-15 13:14:11.204259+1000 ACEClientAppUITests-Runner[5002:3877765] [Default] Running tests...
2026-09-15 13:14:11.652055+1000 ACEClientAppUITests-Runner[5002:3877890] [General] Failed to send CA Event for app launch measurements for ca_event_type: 0 event_name: com.apple.app_launch_measurement.FirstFramePresentationMetric
    t =      nans Interface orientation changed to Portrait
2026-09-15 13:14:17.177697+1000 ACEClientAppUITests-Runner[5002:3877894] [General] Failed to send CA Event for app launch measurements for ca_event_type: 1 event_name: com.apple.app_launch_measurement.ExtendedLaunchMetrics
Test Suite 'Selected tests' started at 2026-09-15 13:14:17.246.
Test Suite 'ACEClientAppUITests.xctest' started at 2026-09-15 13:14:17.248.
Test Suite 'ACEClientAppUITests' started at 2026-09-15 13:14:17.249.
Test Case '-[ACEClientAppUITests.ACEClientAppUITests testConfigureAccessibilitySettings]' started.
    t =     0.01s Start Test at 2026-09-15 13:14:17.261
    t =     0.31s Set Up
    t =     0.40s Open com.example.aceclientapp
    t =     0.40s     Launch com.example.aceclientapp
    t =     3.21s         Setting up automation session
    t =    10.12s         Wait for com.example.aceclientapp to idle
    t =    13.29s Waiting 5.0s for "Effective interface style" Any to exist
    t =    14.38s     Checking `Expect predicate `existsNoRetry == 1` for object "Effective interface style" Any`
    t =    14.38s         Checking existence of `"Effective interface style" Any`
    t =    15.69s Find the "Effective interface style" Any
    t =    15.77s Find the "Effective interface style" ScrollView
    t =    15.87s Terminate com.example.aceclientapp:5024
    t =    16.91s Setting device orientation to Portrait
    t =    16.92s     Device orientation changed to Portrait
    t =    17.82s     Wait for com.apple.springboard to idle
    t =    18.09s Open com.example.aceclientapp
    t =    18.09s     Launch com.example.aceclientapp
    t =    19.19s         Setting up automation session
    t =    25.16s         Wait for com.example.aceclientapp to idle
    t =    28.46s Waiting 5.0s for "Effective interface style" Any to exist
    t =    29.55s     Checking `Expect predicate `existsNoRetry == 1` for object "Effective interface style" Any`
    t =    29.55s         Checking existence of `"Effective interface style" Any`
    t =    30.85s Find the "Effective interface style" Any
    t =    30.92s Find the "Effective interface style" ScrollView
    t =    32.02s Find the Target Application 'com.example.aceclientapp'
ACE_SETTINGS_RESULT {"mode":"set","observed":{"boldText":false,"increaseContrast":false,"orientation":"portrait","reduceMotion":false}}
    t =    32.20s Terminate com.example.aceclientapp:5054
    t =    33.31s Tear Down
Test Case '-[ACEClientAppUITests.ACEClientAppUITests testConfigureAccessibilitySettings]' passed (34.128 seconds).
Test Suite 'ACEClientAppUITests' passed at 2026-09-15 13:14:51.389.
	 Executed 1 test, with 0 failures (0 unexpected) in 34.128 (34.140) seconds
Test Suite 'ACEClientAppUITests.xctest' passed at 2026-09-15 13:14:51.393.
	 Executed 1 test, with 0 failures (0 unexpected) in 34.128 (34.145) seconds
Test Suite 'Selected tests' passed at 2026-09-15 13:14:51.396.
	 Executed 1 test, with 0 failures (0 unexpected) in 34.128 (34.150) seconds

Test session results, code coverage, and logs:
	LOCAL_HOME/ace-private/mcx19b-implementation-20260914/pilot-preparation-20260915/settings-navigation-fix/pilot-runs/20260915T025954Z-pilot-e3aba28d2fcb/native-settings/iPhone 17 Pro Max-restore/result.xcresult

** TEST EXECUTE SUCCEEDED **

Testing started
2026-09-15 13:14:00.652 xcodebuild[4981:3877018] [MT] IDERunDestination: Supported platforms for the buildables in the current scheme is empty.
2026-09-15 13:14:00.685 xcodebuild[4981:3877018] [MT] IDERunDestination: Supported platforms for the buildables in the current scheme is empty.
2026-09-15 13:14:02.913 xcodebuild[4981:3877018] [MT] IDERunDestination: Supported platforms for the buildables in the current scheme is empty.
2026-09-15 13:14:17.907 xcodebuild[4981:3877018] [MT] IDELaunchParametersSnapshot: The operation couldn’t be completed. (DebuggerLLDB.DebuggerVersionStore.StoreError error 0.)
2026-09-15 13:14:17.907 xcodebuild[4981:3877018] [MT] IDELaunchParametersSnapshot: no debugger version
2026-09-15 13:14:35.349 xcodebuild[4981:3877018] [MT] IDELaunchParametersSnapshot: The operation couldn’t be completed. (DebuggerLLDB.DebuggerVersionStore.StoreError error 0.)
2026-09-15 13:14:35.349 xcodebuild[4981:3877018] [MT] IDELaunchParametersSnapshot: no debugger version
2026-09-15 13:14:51.820 xcodebuild[4981:3877018] [MT] IDETestOperationsObserverDebug: 48.885 elapsed -- Testing started completed.
2026-09-15 13:14:51.820 xcodebuild[4981:3877018] [MT] IDETestOperationsObserverDebug: 0.000 sec, +0.000 sec -- start
2026-09-15 13:14:51.820 xcodebuild[4981:3877018] [MT] IDETestOperationsObserverDebug: 48.885 sec, +48.885 sec -- end
