Command line invocation:
    /Applications/Xcode.app/Contents/Developer/usr/bin/xcodebuild test-without-building -xctestrun LOCAL_HOME/ace-private/mcx19b-implementation-20260914/signin-prompts-after/native-settings/restored/ACEClientAppUITests.xctestrun -destination id=D1BAA05C-52DD-4E57-832F-C0A75718E085 -parallel-testing-enabled NO "-only-testing:ACEClientAppUITests/ACEClientAppUITests/testConfigureAccessibilitySettings" -resultBundlePath LOCAL_HOME/ace-private/mcx19b-implementation-20260914/signin-prompts-after/native-settings/restored/result.xcresult

Writing result bundle at path:
	LOCAL_HOME/ace-private/mcx19b-implementation-20260914/signin-prompts-after/native-settings/restored/result.xcresult

2026-09-14 19:04:11.094305+1000 ACEClientAppUITests-Runner[70572:1918636] [Default] Running tests...
    t =      nans Interface orientation changed to Portrait
Test Suite 'Selected tests' started at 2026-09-14 19:04:16.163.
Test Suite 'ACEClientAppUITests.xctest' started at 2026-09-14 19:04:16.166.
Test Suite 'ACEClientAppUITests' started at 2026-09-14 19:04:16.167.
Test Case '-[ACEClientAppUITests.ACEClientAppUITests testConfigureAccessibilitySettings]' started.
    t =     0.02s Start Test at 2026-09-14 19:04:16.194
    t =     0.28s Set Up
    t =     0.31s Open com.example.aceclientapp
    t =     0.31s     Launch com.example.aceclientapp
    t =     3.43s         Setting up automation session
    t =     9.82s         Wait for com.example.aceclientapp to idle
    t =    13.22s Waiting 5.0s for "Effective interface style" StaticText to exist
    t =    14.23s     Checking `Expect predicate `existsNoRetry == 1` for object "Effective interface style" StaticText`
    t =    14.24s         Checking existence of `"Effective interface style" StaticText`
    t =    16.28s Find the "Effective interface style" StaticText
    t =    16.52s Find the "Effective interface style" StaticText
    t =    16.74s Terminate com.example.aceclientapp:70609
    t =    17.87s Setting device orientation to Portrait
    t =    18.22s     Wait for com.apple.springboard to idle
    t =    18.40s Open com.example.aceclientapp
    t =    18.40s     Launch com.example.aceclientapp
    t =    19.46s         Setting up automation session
    t =    25.30s         Wait for com.example.aceclientapp to idle
    t =    28.57s Waiting 5.0s for "Effective interface style" StaticText to exist
    t =    29.66s     Checking `Expect predicate `existsNoRetry == 1` for object "Effective interface style" StaticText`
    t =    29.67s         Checking existence of `"Effective interface style" StaticText`
    t =    31.34s Find the "Effective interface style" StaticText
    t =    31.56s Find the "Effective interface style" StaticText
    t =    32.85s Find the Target Application 'com.example.aceclientapp'
ACE_SETTINGS_RESULT {"mode":"set","observed":{"boldText":false,"increaseContrast":false,"orientation":"portrait","reduceMotion":false}}
    t =    32.98s Terminate com.example.aceclientapp:70654
    t =    34.05s Tear Down
Test Case '-[ACEClientAppUITests.ACEClientAppUITests testConfigureAccessibilitySettings]' passed (34.140 seconds).
Test Suite 'ACEClientAppUITests' passed at 2026-09-14 19:04:50.326.
	 Executed 1 test, with 0 failures (0 unexpected) in 34.140 (34.159) seconds
Test Suite 'ACEClientAppUITests.xctest' passed at 2026-09-14 19:04:50.329.
	 Executed 1 test, with 0 failures (0 unexpected) in 34.140 (34.163) seconds
Test Suite 'Selected tests' passed at 2026-09-14 19:04:50.331.
	 Executed 1 test, with 0 failures (0 unexpected) in 34.140 (34.168) seconds

Test session results, code coverage, and logs:
	LOCAL_HOME/ace-private/mcx19b-implementation-20260914/signin-prompts-after/native-settings/restored/result.xcresult

** TEST EXECUTE SUCCEEDED **

Testing started
2026-09-14 19:04:02.065 xcodebuild[70551:1918032] [MT] IDERunDestination: Supported platforms for the buildables in the current scheme is empty.
2026-09-14 19:04:02.105 xcodebuild[70551:1918032] [MT] IDERunDestination: Supported platforms for the buildables in the current scheme is empty.
2026-09-14 19:04:03.523 xcodebuild[70551:1918032] [MT] IDERunDestination: Supported platforms for the buildables in the current scheme is empty.
2026-09-14 19:04:16.766 xcodebuild[70551:1918032] [MT] IDELaunchParametersSnapshot: The operation couldn’t be completed. (DebuggerLLDB.DebuggerVersionStore.StoreError error 0.)
2026-09-14 19:04:16.766 xcodebuild[70551:1918032] [MT] IDELaunchParametersSnapshot: no debugger version
2026-09-14 19:04:34.581 xcodebuild[70551:1918032] [MT] IDELaunchParametersSnapshot: The operation couldn’t be completed. (DebuggerLLDB.DebuggerVersionStore.StoreError error 0.)
2026-09-14 19:04:34.581 xcodebuild[70551:1918032] [MT] IDELaunchParametersSnapshot: no debugger version
2026-09-14 19:04:51.002 xcodebuild[70551:1918032] [MT] IDETestOperationsObserverDebug: 47.463 elapsed -- Testing started completed.
2026-09-14 19:04:51.002 xcodebuild[70551:1918032] [MT] IDETestOperationsObserverDebug: 0.000 sec, +0.000 sec -- start
2026-09-14 19:04:51.002 xcodebuild[70551:1918032] [MT] IDETestOperationsObserverDebug: 47.463 sec, +47.463 sec -- end
