Command line invocation:
    /Applications/Xcode.app/Contents/Developer/usr/bin/xcodebuild test-without-building -xctestrun LOCAL_HOME/ace-private/mcx19b-orientation-repair-20260915/10-target-size-diagnosis/native-measurement-focus-v1/native-settings/001-set/ACEClientAppUITests.xctestrun -destination id=2EB0863C-470E-467D-A0C6-CD216DA70C67 -parallel-testing-enabled NO "-only-testing:ACEClientAppUITests/ACEClientAppUITests/testConfigureAccessibilitySettings" -resultBundlePath LOCAL_HOME/ace-private/mcx19b-orientation-repair-20260915/10-target-size-diagnosis/native-measurement-focus-v1/native-settings/001-set/result.xcresult

Writing result bundle at path:
	LOCAL_HOME/ace-private/mcx19b-orientation-repair-20260915/10-target-size-diagnosis/native-measurement-focus-v1/native-settings/001-set/result.xcresult

2026-09-15 22:49:39.216250+1000 ACEClientAppUITests-Runner[74776:5261526] [Default] Running tests...
2026-09-15 22:49:39.422256+1000 ACEClientAppUITests-Runner[74776:5261642] [General] Failed to send CA Event for app launch measurements for ca_event_type: 0 event_name: com.apple.app_launch_measurement.FirstFramePresentationMetric
    t =      nans Interface orientation changed to Portrait
Test Suite 'Selected tests' started at 2026-09-15 22:49:43.192.
Test Suite 'ACEClientAppUITests.xctest' started at 2026-09-15 22:49:43.198.
Test Suite 'ACEClientAppUITests' started at 2026-09-15 22:49:43.202.
Test Case '-[ACEClientAppUITests.ACEClientAppUITests testConfigureAccessibilitySettings]' started.
    t =     0.01s Start Test at 2026-09-15 22:49:43.215
2026-09-15 22:49:43.309032+1000 ACEClientAppUITests-Runner[74776:5261641] [General] Failed to send CA Event for app launch measurements for ca_event_type: 1 event_name: com.apple.app_launch_measurement.ExtendedLaunchMetrics
    t =     0.20s Set Up
    t =     0.23s Open com.example.aceclientapp
    t =     0.24s     Launch com.example.aceclientapp
    t =     2.63s         Setting up automation session
    t =     6.48s         Wait for com.example.aceclientapp to idle
    t =     9.08s Waiting 5.0s for "Effective interface style" Any to exist
    t =    10.16s     Checking `Expect predicate `existsNoRetry == 1` for object "Effective interface style" Any`
    t =    10.16s         Checking existence of `"Effective interface style" Any`
    t =    11.41s Find the "Effective interface style" Any
    t =    11.54s Find the "Effective interface style" ScrollView
    t =    11.59s Terminate com.example.aceclientapp:74794
    t =    12.63s Setting device orientation to Portrait
    t =    12.65s     Device orientation changed to Portrait
    t =    12.70s     Wait for com.apple.springboard to idle
    t =    12.85s Open com.example.aceclientapp
    t =    12.86s     Launch com.example.aceclientapp
    t =    13.53s         Setting up automation session
    t =    17.45s         Wait for com.example.aceclientapp to idle
    t =    20.05s Waiting 5.0s for "Effective interface style" Any to exist
    t =    21.14s     Checking `Expect predicate `existsNoRetry == 1` for object "Effective interface style" Any`
    t =    21.14s         Checking existence of `"Effective interface style" Any`
    t =    22.35s Find the "Effective interface style" Any
    t =    22.40s Find the "Effective interface style" ScrollView
ACE_ORIENTATION_READ_STARTED {"requested":"portrait"}
    t =    22.46s Find the Target Application 'com.example.aceclientapp'
ACE_ORIENTATION_FRAME {"elapsedReadSeconds":0.07351923399255611,"frame":{"height":"874.0","width":"402.0","x":"0.0","y":"0.0"},"outcome":"match","requested":"portrait"}
ACE_SETTINGS_RESULT {"mode":"set","observed":{"boldText":false,"increaseContrast":false,"orientation":"portrait","reduceMotion":false}}
    t =    22.54s Terminate com.example.aceclientapp:74818
    t =    23.57s Tear Down
Test Case '-[ACEClientAppUITests.ACEClientAppUITests testConfigureAccessibilitySettings]' passed (23.722 seconds).
Test Suite 'ACEClientAppUITests' passed at 2026-09-15 22:50:06.937.
	 Executed 1 test, with 0 failures (0 unexpected) in 23.722 (23.735) seconds
Test Suite 'ACEClientAppUITests.xctest' passed at 2026-09-15 22:50:06.940.
	 Executed 1 test, with 0 failures (0 unexpected) in 23.722 (23.742) seconds
Test Suite 'Selected tests' passed at 2026-09-15 22:50:06.943.
	 Executed 1 test, with 0 failures (0 unexpected) in 23.722 (23.750) seconds

Test session results, code coverage, and logs:
	LOCAL_HOME/ace-private/mcx19b-orientation-repair-20260915/10-target-size-diagnosis/native-measurement-focus-v1/native-settings/001-set/result.xcresult

** TEST EXECUTE SUCCEEDED **

Testing started
2026-09-15 22:49:31.995 xcodebuild[74755:5260947] [MT] IDERunDestination: Supported platforms for the buildables in the current scheme is empty.
2026-09-15 22:49:32.040 xcodebuild[74755:5260947] [MT] IDERunDestination: Supported platforms for the buildables in the current scheme is empty.
2026-09-15 22:49:32.974 xcodebuild[74755:5260947] [MT] IDERunDestination: Supported platforms for the buildables in the current scheme is empty.
2026-09-15 22:49:33.198 xcodebuild[74755:5260947] [MT] IDERunDestination: Supported platforms for the buildables in the current scheme is empty.
2026-09-15 22:49:43.654 xcodebuild[74755:5260947] [MT] IDELaunchParametersSnapshot: The operation couldn’t be completed. (DebuggerLLDB.DebuggerVersionStore.StoreError error 0.)
2026-09-15 22:49:43.654 xcodebuild[74755:5260947] [MT] IDELaunchParametersSnapshot: no debugger version
2026-09-15 22:49:56.067 xcodebuild[74755:5260947] [MT] IDELaunchParametersSnapshot: The operation couldn’t be completed. (DebuggerLLDB.DebuggerVersionStore.StoreError error 0.)
2026-09-15 22:49:56.067 xcodebuild[74755:5260947] [MT] IDELaunchParametersSnapshot: no debugger version
2026-09-15 22:50:07.327 xcodebuild[74755:5260947] [MT] IDETestOperationsObserverDebug: 34.122 elapsed -- Testing started completed.
2026-09-15 22:50:07.327 xcodebuild[74755:5260947] [MT] IDETestOperationsObserverDebug: 0.000 sec, +0.000 sec -- start
2026-09-15 22:50:07.327 xcodebuild[74755:5260947] [MT] IDETestOperationsObserverDebug: 34.122 sec, +34.122 sec -- end
