Command line invocation:
    /Applications/Xcode.app/Contents/Developer/usr/bin/xcodebuild test-without-building -xctestrun LOCAL_HOME/ace-private/mcx19b-implementation-20260914/native-list-comparison-20260915/trial-runs/20260914T210910Z-selected-7df45149c79d/selected.xctestrun -destination id=D1BAA05C-52DD-4E57-832F-C0A75718E085 -parallel-testing-enabled NO "-only-testing:ACEClientAppUITests/ACEClientAppUITests/testFictionalReleaseHasApprovedCopyControls" -resultBundlePath LOCAL_HOME/ace-private/mcx19b-implementation-20260914/native-list-comparison-20260915/trial-runs/20260914T210910Z-selected-7df45149c79d/selected.xcresult

Writing result bundle at path:
	LOCAL_HOME/ace-private/mcx19b-implementation-20260914/native-list-comparison-20260915/trial-runs/20260914T210910Z-selected-7df45149c79d/selected.xcresult

2026-09-15 07:10:46.379845+1000 ACEClientAppUITests-Runner[57214:3159840] [Default] Running tests...
    t =      nans Interface orientation changed to Portrait
Test Suite 'Selected tests' started at 2026-09-15 07:10:50.713.
Test Suite 'ACEClientAppUITests.xctest' started at 2026-09-15 07:10:50.715.
Test Suite 'ACEClientAppUITests' started at 2026-09-15 07:10:50.716.
Test Case '-[ACEClientAppUITests.ACEClientAppUITests testFictionalReleaseHasApprovedCopyControls]' started.
    t =     0.02s Start Test at 2026-09-15 07:10:50.733
    t =     0.31s Set Up
    t =     0.34s Open com.example.aceclientapp
    t =     0.34s     Launch com.example.aceclientapp
    t =     2.58s         Setting up automation session
    t =     7.67s         Wait for com.example.aceclientapp to idle
    t =    11.07s Get all elements bound by index for: Descendants matching type Button
    t =    11.54s Waiting 5.0s for "Effective interface style" StaticText to exist
    t =    12.56s     Checking `Expect predicate `existsNoRetry == 1` for object "Effective interface style" StaticText`
    t =    12.56s         Checking existence of `"Effective interface style" StaticText`
    t =    13.84s Checking `Expect predicate `label == "light"` for object "Effective interface style" StaticText`
    t =    13.84s     Find the "Effective interface style" StaticText
    t =    14.03s Find the Target Application 'com.example.aceclientapp'
    t =    14.87s Added attachment named 'Fictional release — initial-audit — light'
ACE_A11Y_ISSUE {"auditType":"XCUIAccessibilityAuditType(rawValue: 1)","compactDescription":"Contrast nearly passed","detailedDescription":"Contrast is not high enough for SwiftUI.AccessibilityNode unless font size is larger.","element":{"identifier":"","label":"","type":"unavailable"},"scenario":"release-initial"}
LOCAL_HOME/Developer/sqe-platform-native-list-trial/ios/ACEClientApp/ACEClientAppUITests/ACEClientAppUITests.swift:675: error: -[ACEClientAppUITests.ACEClientAppUITests testFictionalReleaseHasApprovedCopyControls] : Contrast nearly passed
    t =    23.29s Find the Any (Descendant with identity binding to AX element pid: 57238, elementOrHash.elementID: 4506859376.114)
    t =    23.49s Find the "Evidence reference" StaticText
    t =    23.63s Find the "Evidence reference" StaticText
    t =    23.84s Find the "Evidence reference" StaticText
    t =    24.04s Find the "Evidence reference" StaticText
ACE_A11Y_ISSUE {"auditType":"XCUIAccessibilityAuditType(rawValue: 65536)","compactDescription":"Dynamic Type font sizes are partially unsupported","detailedDescription":"User will not be able to change the font size of this SwiftUI.AccessibilityNode","element":{"frame":{"height":18,"width":132,"x":56,"y":790.66666666666663},"identifier":"","label":"Evidence reference","type":"XCUIElementType(rawValue: 48)"},"scenario":"release-initial"}
    t =    24.26s Find the Any (Descendant with identity binding to AX element pid: 57238, elementOrHash.elementID: 4506859376.114)
    t =    24.42s Checking existence of `"Evidence reference" StaticText`
    t =    24.58s Find the "Evidence reference" StaticText
LOCAL_HOME/Developer/sqe-platform-native-list-trial/ios/ACEClientApp/ACEClientAppUITests/ACEClientAppUITests.swift:675: error: -[ACEClientAppUITests.ACEClientAppUITests testFictionalReleaseHasApprovedCopyControls] : Dynamic Type font sizes are partially unsupported
    t =    24.79s Find the Any (Descendant with identity binding to AX element pid: 57238, elementOrHash.elementID: 4506832544.107)
    t =    24.95s Find the "1" StaticText
    t =    25.14s Find the "1" StaticText
    t =    25.31s Find the "1" StaticText
    t =    25.47s Find the "1" StaticText
ACE_A11Y_ISSUE {"auditType":"XCUIAccessibilityAuditType(rawValue: 65536)","compactDescription":"Dynamic Type font sizes are partially unsupported","detailedDescription":"User will not be able to change the font size of this SwiftUI.AccessibilityNode","element":{"frame":{"height":20.333333333333314,"width":7.6666666666666643,"x":56,"y":456},"identifier":"","label":"1","type":"XCUIElementType(rawValue: 48)"},"scenario":"release-initial"}
    t =    25.64s Find the Any (Descendant with identity binding to AX element pid: 57238, elementOrHash.elementID: 4506832544.107)
    t =    25.80s Checking existence of `"1" StaticText`
    t =    25.93s Find the "1" StaticText
LOCAL_HOME/Developer/sqe-platform-native-list-trial/ios/ACEClientApp/ACEClientAppUITests/ACEClientAppUITests.swift:675: error: -[ACEClientAppUITests.ACEClientAppUITests testFictionalReleaseHasApprovedCopyControls] : Dynamic Type font sizes are partially unsupported
    t =    26.11s Find the Any (Descendant with identity binding to AX element pid: 57238, elementOrHash.elementID: 4506860160.115)
    t =    26.36s Find the "FICTIONAL-REF-001" StaticText
    t =    26.53s Find the "FICTIONAL-REF-001" StaticText
    t =    26.68s Find the "FICTIONAL-REF-001" StaticText
    t =    26.82s Find the "FICTIONAL-REF-001" StaticText
ACE_A11Y_ISSUE {"auditType":"XCUIAccessibilityAuditType(rawValue: 65536)","compactDescription":"Dynamic Type font sizes are partially unsupported","detailedDescription":"User will not be able to change the font size of this SwiftUI.AccessibilityNode","element":{"frame":{"height":20.333333333333485,"width":156,"x":56,"y":814.66666666666663},"identifier":"","label":"FICTIONAL-REF-001","type":"XCUIElementType(rawValue: 48)"},"scenario":"release-initial"}
    t =    26.98s Find the Any (Descendant with identity binding to AX element pid: 57238, elementOrHash.elementID: 4506860160.115)
    t =    27.23s Checking existence of `"FICTIONAL-REF-001" StaticText`
    t =    27.43s Find the "FICTIONAL-REF-001" StaticText
LOCAL_HOME/Developer/sqe-platform-native-list-trial/ios/ACEClientApp/ACEClientAppUITests/ACEClientAppUITests.swift:675: error: -[ACEClientAppUITests.ACEClientAppUITests testFictionalReleaseHasApprovedCopyControls] : Dynamic Type font sizes are partially unsupported
    t =    27.64s Find the Any (Descendant with identity binding to AX element pid: 57238, elementOrHash.elementID: 4506856288.112)
    t =    27.78s Find the "Conclusion summary" StaticText
    t =    27.98s Find the "Conclusion summary" StaticText
    t =    28.22s Find the "Conclusion summary" StaticText
    t =    28.39s Find the "Conclusion summary" StaticText
ACE_A11Y_ISSUE {"auditType":"XCUIAccessibilityAuditType(rawValue: 65536)","compactDescription":"Dynamic Type font sizes are partially unsupported","detailedDescription":"User will not be able to change the font size of this SwiftUI.AccessibilityNode","element":{"frame":{"height":18,"width":143.66666666666666,"x":56,"y":716.33333333333337},"identifier":"","label":"Conclusion summary","type":"XCUIElementType(rawValue: 48)"},"scenario":"release-initial"}
    t =    28.53s Find the Any (Descendant with identity binding to AX element pid: 57238, elementOrHash.elementID: 4506856288.112)
    t =    28.72s Checking existence of `"Conclusion summary" StaticText`
    t =    28.86s Find the "Conclusion summary" StaticText
LOCAL_HOME/Developer/sqe-platform-native-list-trial/ios/ACEClientApp/ACEClientAppUITests/ACEClientAppUITests.swift:675: error: -[ACEClientAppUITests.ACEClientAppUITests testFictionalReleaseHasApprovedCopyControls] : Dynamic Type font sizes are partially unsupported
    t =    29.08s Find the Any (Descendant with identity binding to AX element pid: 57238, elementOrHash.elementID: 4506870720.111)
    t =    29.22s Find the "Fictional conclusion" StaticText
    t =    29.38s Find the "Fictional conclusion" StaticText
    t =    29.55s Find the "Fictional conclusion" StaticText
    t =    29.74s Find the "Fictional conclusion" StaticText
ACE_A11Y_ISSUE {"auditType":"XCUIAccessibilityAuditType(rawValue: 65536)","compactDescription":"Dynamic Type font sizes are partially unsupported","detailedDescription":"User will not be able to change the font size of this SwiftUI.AccessibilityNode","element":{"frame":{"height":20.333333333333371,"width":150.33333333333334,"x":56,"y":666},"identifier":"","label":"Fictional conclusion","type":"XCUIElementType(rawValue: 48)"},"scenario":"release-initial"}
    t =    29.90s Find the Any (Descendant with identity binding to AX element pid: 57238, elementOrHash.elementID: 4506870720.111)
    t =    30.07s Checking existence of `"Fictional conclusion" StaticText`
    t =    30.23s Find the "Fictional conclusion" StaticText
LOCAL_HOME/Developer/sqe-platform-native-list-trial/ios/ACEClientApp/ACEClientAppUITests/ACEClientAppUITests.swift:675: error: -[ACEClientAppUITests.ACEClientAppUITests testFictionalReleaseHasApprovedCopyControls] : Dynamic Type font sizes are partially unsupported
    t =    30.43s Find the Any (Descendant with identity binding to AX element pid: 57238, elementOrHash.elementID: 4506837552.106)
    t =    30.59s Find the "Release version" StaticText
    t =    30.73s Find the "Release version" StaticText
    t =    30.88s Find the "Release version" StaticText
    t =    31.06s Find the "Release version" StaticText
ACE_A11Y_ISSUE {"auditType":"XCUIAccessibilityAuditType(rawValue: 65536)","compactDescription":"Dynamic Type font sizes are partially unsupported","detailedDescription":"User will not be able to change the font size of this SwiftUI.AccessibilityNode","element":{"frame":{"height":18,"width":107.33333333333331,"x":56,"y":432},"identifier":"","label":"Release version","type":"XCUIElementType(rawValue: 48)"},"scenario":"release-initial"}
    t =    31.20s Find the Any (Descendant with identity binding to AX element pid: 57238, elementOrHash.elementID: 4506837552.106)
    t =    31.39s Checking existence of `"Release version" StaticText`
    t =    31.51s Find the "Release version" StaticText
LOCAL_HOME/Developer/sqe-platform-native-list-trial/ios/ACEClientApp/ACEClientAppUITests/ACEClientAppUITests.swift:675: error: -[ACEClientAppUITests.ACEClientAppUITests testFictionalReleaseHasApprovedCopyControls] : Dynamic Type font sizes are partially unsupported
    t =    31.72s Find the Any (Descendant with identity binding to AX element pid: 57238, elementOrHash.elementID: 4506841568.109)
    t =    31.88s Find the "2026-08-24T10:15:30Z" StaticText
    t =    32.05s Find the "2026-08-24T10:15:30Z" StaticText
    t =    32.21s Find the "2026-08-24T10:15:30Z" StaticText
    t =    32.34s Find the "2026-08-24T10:15:30Z" StaticText
ACE_A11Y_ISSUE {"auditType":"XCUIAccessibilityAuditType(rawValue: 65536)","compactDescription":"Dynamic Type font sizes are partially unsupported","detailedDescription":"User will not be able to change the font size of this SwiftUI.AccessibilityNode","element":{"frame":{"height":20.333333333333371,"width":182,"x":56,"y":530.33333333333326},"identifier":"","label":"2026-08-24T10:15:30Z","type":"XCUIElementType(rawValue: 48)"},"scenario":"release-initial"}
    t =    32.49s Find the Any (Descendant with identity binding to AX element pid: 57238, elementOrHash.elementID: 4506841568.109)
    t =    32.65s Checking existence of `"2026-08-24T10:15:30Z" StaticText`
    t =    32.83s Find the "2026-08-24T10:15:30Z" StaticText
LOCAL_HOME/Developer/sqe-platform-native-list-trial/ios/ACEClientApp/ACEClientAppUITests/ACEClientAppUITests.swift:675: error: -[ACEClientAppUITests.ACEClientAppUITests testFictionalReleaseHasApprovedCopyControls] : Dynamic Type font sizes are partially unsupported
    t =    33.02s Find the Any (Descendant with identity binding to AX element pid: 57238, elementOrHash.elementID: 4506840784.108)
    t =    33.16s Find the "Published date and time" StaticText
    t =    33.33s Find the "Published date and time" StaticText
    t =    33.51s Find the "Published date and time" StaticText
    t =    33.67s Find the "Published date and time" StaticText
ACE_A11Y_ISSUE {"auditType":"XCUIAccessibilityAuditType(rawValue: 65536)","compactDescription":"Dynamic Type font sizes are partially unsupported","detailedDescription":"User will not be able to change the font size of this SwiftUI.AccessibilityNode","element":{"frame":{"height":17.999999999999943,"width":165.33333333333334,"x":56,"y":506.33333333333331},"identifier":"","label":"Published date and time","type":"XCUIElementType(rawValue: 48)"},"scenario":"release-initial"}
    t =    33.81s Find the Any (Descendant with identity binding to AX element pid: 57238, elementOrHash.elementID: 4506840784.108)
    t =    33.99s Checking existence of `"Published date and time" StaticText`
    t =    34.23s Find the "Published date and time" StaticText
LOCAL_HOME/Developer/sqe-platform-native-list-trial/ios/ACEClientApp/ACEClientAppUITests/ACEClientAppUITests.swift:675: error: -[ACEClientAppUITests.ACEClientAppUITests testFictionalReleaseHasApprovedCopyControls] : Dynamic Type font sizes are partially unsupported
    t =    34.51s Find the Any (Descendant with identity binding to AX element pid: 57238, elementOrHash.elementID: 4506869936.110)
    t =    34.69s Find the "Conclusion title" StaticText
    t =    35.00s Find the "Conclusion title" StaticText
    t =    35.18s Find the "Conclusion title" StaticText
    t =    35.33s Find the "Conclusion title" StaticText
ACE_A11Y_ISSUE {"auditType":"XCUIAccessibilityAuditType(rawValue: 65536)","compactDescription":"Dynamic Type font sizes are partially unsupported","detailedDescription":"User will not be able to change the font size of this SwiftUI.AccessibilityNode","element":{"frame":{"height":18,"width":106,"x":56,"y":642},"identifier":"","label":"Conclusion title","type":"XCUIElementType(rawValue: 48)"},"scenario":"release-initial"}
    t =    35.48s Find the Any (Descendant with identity binding to AX element pid: 57238, elementOrHash.elementID: 4506869936.110)
    t =    35.65s Checking existence of `"Conclusion title" StaticText`
    t =    35.78s Find the "Conclusion title" StaticText
LOCAL_HOME/Developer/sqe-platform-native-list-trial/ios/ACEClientApp/ACEClientAppUITests/ACEClientAppUITests.swift:675: error: -[ACEClientAppUITests.ACEClientAppUITests testFictionalReleaseHasApprovedCopyControls] : Dynamic Type font sizes are partially unsupported
    t =    35.99s Find the Any (Descendant with identity binding to AX element pid: 57238, elementOrHash.elementID: 4506857072.113)
    t =    36.15s Find the "Fictional summary" StaticText
    t =    36.30s Find the "Fictional summary" StaticText
    t =    36.46s Find the "Fictional summary" StaticText
    t =    36.63s Find the "Fictional summary" StaticText
ACE_A11Y_ISSUE {"auditType":"XCUIAccessibilityAuditType(rawValue: 65536)","compactDescription":"Dynamic Type font sizes are partially unsupported","detailedDescription":"User will not be able to change the font size of this SwiftUI.AccessibilityNode","element":{"frame":{"height":20.333333333333258,"width":138.66666666666666,"x":56,"y":740.33333333333337},"identifier":"","label":"Fictional summary","type":"XCUIElementType(rawValue: 48)"},"scenario":"release-initial"}
    t =    36.78s Find the Any (Descendant with identity binding to AX element pid: 57238, elementOrHash.elementID: 4506857072.113)
    t =    36.92s Checking existence of `"Fictional summary" StaticText`
    t =    37.05s Find the "Fictional summary" StaticText
LOCAL_HOME/Developer/sqe-platform-native-list-trial/ios/ACEClientApp/ACEClientAppUITests/ACEClientAppUITests.swift:675: error: -[ACEClientAppUITests.ACEClientAppUITests testFictionalReleaseHasApprovedCopyControls] : Dynamic Type font sizes are partially unsupported
    t =    37.27s Find the Any (Descendant with identity binding to AX element pid: 57238, elementOrHash.elementID: 4506848512.104)
    t =    37.44s Find the "Review status" StaticText
    t =    37.68s Find the "Review status" StaticText
    t =    37.85s Find the "Review status" StaticText
    t =    38.03s Find the "Review status" StaticText
ACE_A11Y_ISSUE {"auditType":"XCUIAccessibilityAuditType(rawValue: 65536)","compactDescription":"Dynamic Type font sizes are partially unsupported","detailedDescription":"User will not be able to change the font size of this SwiftUI.AccessibilityNode","element":{"frame":{"height":18,"width":95,"x":56,"y":357.66666666666669},"identifier":"","label":"Review status","type":"XCUIElementType(rawValue: 48)"},"scenario":"release-initial"}
    t =    38.18s Find the Any (Descendant with identity binding to AX element pid: 57238, elementOrHash.elementID: 4506848512.104)
    t =    38.33s Checking existence of `"Review status" StaticText`
    t =    38.48s Find the "Review status" StaticText
LOCAL_HOME/Developer/sqe-platform-native-list-trial/ios/ACEClientApp/ACEClientAppUITests/ACEClientAppUITests.swift:675: error: -[ACEClientAppUITests.ACEClientAppUITests testFictionalReleaseHasApprovedCopyControls] : Dynamic Type font sizes are partially unsupported
    t =    38.68s Find the Any (Descendant with identity binding to AX element pid: 57238, elementOrHash.elementID: 4506898144.105)
    t =    38.88s Find the "RELEASED" StaticText
    t =    39.15s Find the "RELEASED" StaticText
    t =    39.32s Find the "RELEASED" StaticText
    t =    39.49s Find the "RELEASED" StaticText
ACE_A11Y_ISSUE {"auditType":"XCUIAccessibilityAuditType(rawValue: 65536)","compactDescription":"Dynamic Type font sizes are partially unsupported","detailedDescription":"User will not be able to change the font size of this SwiftUI.AccessibilityNode","element":{"frame":{"height":20.333333333333314,"width":82.333333333333314,"x":56,"y":381.66666666666669},"identifier":"","label":"RELEASED","type":"XCUIElementType(rawValue: 48)"},"scenario":"release-initial"}
    t =    39.65s Find the Any (Descendant with identity binding to AX element pid: 57238, elementOrHash.elementID: 4506898144.105)
    t =    39.79s Checking existence of `"RELEASED" StaticText`
    t =    39.94s Find the "RELEASED" StaticText
LOCAL_HOME/Developer/sqe-platform-native-list-trial/ios/ACEClientApp/ACEClientAppUITests/ACEClientAppUITests.swift:675: error: -[ACEClientAppUITests.ACEClientAppUITests testFictionalReleaseHasApprovedCopyControls] : Dynamic Type font sizes are partially unsupported
    t =    40.16s Checking existence of `ScrollView (First Match)`
    t =    40.56s Checking existence of `CollectionView (First Match)`
    t =    40.60s Waiting 5.0s for CollectionView (First Match) to exist
    t =    41.68s     Checking `Expect predicate `existsNoRetry == 1` for object CollectionView (First Match)`
    t =    41.68s         Checking existence of `CollectionView (First Match)`
    t =    41.71s Checking existence of `Any (First Match)`
    t =    42.04s Find the Any (First Match)
    t =    42.49s Find the "Engagement name: Fictional Engagement" StaticText
    t =    42.85s Find the CollectionView (First Match)
    t =    42.92s Get all elements bound by index for: Descendants matching type Button
    t =    43.62s Added attachment named 'Release detail — Engagement name — light'
    t =    43.62s Checking existence of `ScrollView (First Match)`
    t =    44.03s Checking existence of `CollectionView (First Match)`
    t =    44.06s Waiting 5.0s for CollectionView (First Match) to exist
    t =    45.12s     Checking `Expect predicate `existsNoRetry == 1` for object CollectionView (First Match)`
    t =    45.12s         Checking existence of `CollectionView (First Match)`
    t =    45.15s Checking existence of `Any (First Match)`
    t =    45.46s Find the Any (First Match)
    t =    45.86s Find the "Review status: RELEASED" StaticText
    t =    46.36s Find the CollectionView (First Match)
    t =    46.41s Get all elements bound by index for: Descendants matching type Button
    t =    47.21s Added attachment named 'Release detail — Review status — light'
    t =    47.22s Checking existence of `ScrollView (First Match)`
    t =    47.55s Checking existence of `CollectionView (First Match)`
    t =    47.58s Waiting 5.0s for CollectionView (First Match) to exist
    t =    48.66s     Checking `Expect predicate `existsNoRetry == 1` for object CollectionView (First Match)`
    t =    48.66s         Checking existence of `CollectionView (First Match)`
    t =    48.69s Checking existence of `Any (First Match)`
    t =    48.96s Find the Any (First Match)
    t =    49.51s Find the "Release version: 1" StaticText
    t =    49.86s Find the CollectionView (First Match)
    t =    49.95s Get all elements bound by index for: Descendants matching type Button
    t =    50.79s Added attachment named 'Release detail — Release version — light'
    t =    50.79s Checking existence of `ScrollView (First Match)`
    t =    51.15s Checking existence of `CollectionView (First Match)`
    t =    51.17s Waiting 5.0s for CollectionView (First Match) to exist
    t =    52.24s     Checking `Expect predicate `existsNoRetry == 1` for object CollectionView (First Match)`
    t =    52.24s         Checking existence of `CollectionView (First Match)`
    t =    52.35s Checking existence of `Any (First Match)`
    t =    52.63s Find the Any (First Match)
    t =    53.06s Find the "Published date and time: 2026-08-24T10:15:30Z" StaticText
    t =    53.44s Find the CollectionView (First Match)
    t =    53.49s Get all elements bound by index for: Descendants matching type Button
    t =    54.16s Added attachment named 'Release detail — Published date and time — light'
    t =    54.17s Checking existence of `ScrollView (First Match)`
    t =    54.72s Checking existence of `CollectionView (First Match)`
    t =    54.75s Waiting 5.0s for CollectionView (First Match) to exist
    t =    55.76s     Checking `Expect predicate `existsNoRetry == 1` for object CollectionView (First Match)`
    t =    55.76s         Checking existence of `CollectionView (First Match)`
    t =    55.79s Checking existence of `Any (First Match)`
    t =    56.13s Find the Any (First Match)
    t =    56.56s Find the "Conclusion title: Fictional conclusion" StaticText
    t =    56.96s Find the CollectionView (First Match)
    t =    57.00s Get all elements bound by index for: Descendants matching type Button
    t =    57.88s Added attachment named 'Release detail — Conclusion title — light'
    t =    57.88s Checking existence of `ScrollView (First Match)`
    t =    58.32s Checking existence of `CollectionView (First Match)`
    t =    58.42s Waiting 5.0s for CollectionView (First Match) to exist
    t =    59.48s     Checking `Expect predicate `existsNoRetry == 1` for object CollectionView (First Match)`
    t =    59.48s         Checking existence of `CollectionView (First Match)`
    t =    59.51s Checking existence of `Any (First Match)`
    t =    59.87s Find the Any (First Match)
    t =    60.26s Find the "Conclusion summary: Fictional summary" StaticText
    t =    60.62s Find the CollectionView (First Match)
    t =    60.66s Get all elements bound by index for: Descendants matching type Button
    t =    61.48s Added attachment named 'Release detail — Conclusion summary — light'
    t =    61.48s Checking existence of `ScrollView (First Match)`
    t =    61.82s Checking existence of `CollectionView (First Match)`
    t =    61.84s Waiting 5.0s for CollectionView (First Match) to exist
    t =    62.86s     Checking `Expect predicate `existsNoRetry == 1` for object CollectionView (First Match)`
    t =    62.86s         Checking existence of `CollectionView (First Match)`
    t =    62.89s Checking existence of `Any (First Match)`
    t =    63.21s Find the Any (First Match)
    t =    63.70s Find the "Evidence reference: FICTIONAL-REF-001" StaticText
    t =    64.12s Find the CollectionView (First Match)
    t =    64.22s Get all elements bound by index for: Descendants matching type Button
    t =    64.91s Added attachment named 'Release detail — Evidence reference — light'
    t =    64.92s Checking existence of `ScrollView (First Match)`
    t =    65.32s Checking existence of `CollectionView (First Match)`
    t =    65.35s Waiting 5.0s for CollectionView (First Match) to exist
    t =    66.39s     Checking `Expect predicate `existsNoRetry == 1` for object CollectionView (First Match)`
    t =    66.39s         Checking existence of `CollectionView (First Match)`
    t =    66.42s Checking existence of `Any (First Match)`
    t =    66.80s Find the CollectionView (First Match)
    t =    66.84s Checking existence of `Any (First Match)`
    t =    67.47s Press CollectionView at {{16.0, 114.3}, {408.0, 791.7}}[0.50, 0.72] for 0.1 seconds, then drag to CollectionView at {{16.0, 114.3}, {408.0, 791.7}}[0.50, 0.28] with velocity of 500.00 pixels per second, and then hold for 0.0 seconds 
    t =    67.47s     Wait for com.example.aceclientapp to idle
    t =    67.51s     Find the CollectionView at {{16.0, 114.3}, {408.0, 791.7}}
    t =    67.56s     Check for interrupting elements affecting CollectionView
    t =    67.72s     Synthesize event
    t =    67.75s         Find the CollectionView at {{16.0, 114.3}, {408.0, 791.7}}
    t =    67.82s         Find the CollectionView at {{16.0, 114.3}, {408.0, 791.7}}
    t =    67.89s         Find the CollectionView at {{16.0, 114.3}, {408.0, 791.7}}
    t =    67.97s         Find the CollectionView at {{16.0, 114.3}, {408.0, 791.7}}
    t =    68.08s         Find the CollectionView at {{16.0, 114.3}, {408.0, 791.7}}
    t =    69.16s     Wait for com.example.aceclientapp to idle
    t =    70.70s Checking existence of `Any (First Match)`
    t =    70.99s Find the Any (First Match)
    t =    71.41s Find the "Action description: Fictional action" StaticText
    t =    71.82s Find the CollectionView at {{16.0, 114.3}, {408.0, 791.7}}
    t =    71.86s Get all elements bound by index for: Descendants matching type Button
    t =    71.99s Find the Button (Element at index 0)
    t =    72.18s Find the "Copy action 1" Button
    t =    72.42s Find the "Copy action 1" Button
    t =    73.13s Added attachment named 'Release detail — Action description — light'
    t =    73.13s Checking existence of `ScrollView (First Match)`
    t =    73.55s Checking existence of `CollectionView (First Match)`
    t =    73.58s Waiting 5.0s for CollectionView (First Match) to exist
    t =    74.64s     Checking `Expect predicate `existsNoRetry == 1` for object CollectionView (First Match)`
    t =    74.65s         Checking existence of `CollectionView (First Match)`
    t =    74.68s Checking existence of `Any (First Match)`
    t =    74.98s Find the Any (First Match)
    t =    75.32s Find the "Action owner: Fictional owner" StaticText
    t =    75.63s Find the CollectionView (First Match)
    t =    75.69s Get all elements bound by index for: Descendants matching type Button
    t =    75.82s Find the Button (Element at index 0)
    t =    76.09s Find the "Copy action 1" Button
    t =    76.26s Find the "Copy action 1" Button
    t =    77.01s Added attachment named 'Release detail — Action owner — light'
    t =    77.01s Checking existence of `ScrollView (First Match)`
    t =    77.40s Checking existence of `CollectionView (First Match)`
    t =    77.44s Waiting 5.0s for CollectionView (First Match) to exist
    t =    78.50s     Checking `Expect predicate `existsNoRetry == 1` for object CollectionView (First Match)`
    t =    78.50s         Checking existence of `CollectionView (First Match)`
    t =    78.53s Checking existence of `Any (First Match)`
    t =    78.79s Find the Any (First Match)
    t =    79.26s Find the "Action target date: 2026-08-25" StaticText
    t =    79.57s Find the CollectionView (First Match)
    t =    79.61s Get all elements bound by index for: Descendants matching type Button
    t =    79.73s Find the Button (Element at index 0)
    t =    79.91s Find the "Copy action 1" Button
    t =    80.07s Find the "Copy action 1" Button
    t =    80.79s Added attachment named 'Release detail — Action target date — light'
    t =    80.79s Checking existence of `ScrollView (First Match)`
    t =    81.19s Checking existence of `CollectionView (First Match)`
    t =    81.30s Waiting 5.0s for CollectionView (First Match) to exist
    t =    82.38s     Checking `Expect predicate `existsNoRetry == 1` for object CollectionView (First Match)`
    t =    82.38s         Checking existence of `CollectionView (First Match)`
    t =    82.41s Checking existence of `Any (First Match)`
    t =    82.66s Find the Any (First Match)
    t =    83.15s Find the "Action status: OPEN" StaticText
    t =    83.48s Find the CollectionView (First Match)
    t =    83.53s Get all elements bound by index for: Descendants matching type Button
    t =    83.66s Find the Button (Element at index 0)
    t =    83.84s Find the "Copy action 1" Button
    t =    84.00s Find the "Copy action 1" Button
    t =    84.79s Added attachment named 'Release detail — Action status — light'
    t =    84.79s Checking existence of `"Copy action 1" Button`
    t =    84.98s Checking existence of `"Copy Engagement name" Button`
    t =    85.18s Checking existence of `"Copy Review status" Button`
    t =    85.34s Checking existence of `"Copy Release version" Button`
    t =    85.53s Checking existence of `"Copy Published date and time" Button`
    t =    85.70s Checking existence of `"Copy Conclusion title" Button`
    t =    85.87s Checking existence of `"Copy Conclusion summary" Button`
    t =    86.05s Checking existence of `"Copy Evidence reference" Button`
    t =    86.23s Checking existence of `"Copy Action description" Button`
    t =    86.39s Checking existence of `"Copy Action owner" Button`
    t =    86.57s Checking existence of `"Copy Action target date" Button`
    t =    86.75s Checking existence of `"Copy Action status" Button`
    t =    86.92s Get number of matches for: Elements matching predicate 'label BEGINSWITH "Copy "'
    t =    87.12s Get all elements bound by index for: Descendants matching type Button
    t =    87.28s Find the Button (Element at index 0)
    t =    87.46s Find the "Copy action 1" Button
    t =    87.62s Find the "Copy action 1" Button
    t =    87.77s Find the Target Application 'com.example.aceclientapp'
    t =    88.65s Added attachment named 'Fictional release — approved-controls — light'
    t =    88.65s Find the "Action 1" StaticText
    t =    88.85s Find the "OPEN" StaticText
    t =    89.58s Find the "Action 1" StaticText
    t =    89.76s Find the "OPEN" StaticText
ACE_MCX19_CONTRAST_PROBE {"after":{"Action 1":{"height":40.333333333333314,"width":368,"x":36,"y":465.66666666666669},"OPEN":{"height":20.333333333333371,"width":45,"x":56,"y":768}},"before":{"Action 1":{"height":40.333333333333314,"width":368,"x":36,"y":465.66666666666669},"OPEN":{"height":20.333333333333371,"width":45,"x":56,"y":768}}}
    t =    89.97s Find the "Action 1" StaticText
    t =    90.15s Find the "OPEN" StaticText
ACE_MCX19_ALL_AUDIT_PRE {"after":{"Action 1":{"height":40.333333333333314,"width":368,"x":36,"y":465.66666666666669},"OPEN":{"height":20.333333333333371,"width":45,"x":56,"y":768}},"before":{"Action 1":{"height":40.333333333333314,"width":368,"x":36,"y":465.66666666666669},"OPEN":{"height":20.333333333333371,"width":45,"x":56,"y":768}}}
    t =    98.54s Find the Any (Descendant with identity binding to AX element pid: 57238, elementOrHash.elementID: 4506859376.114)
    t =    98.73s Find the "Evidence reference" StaticText
    t =    98.88s Find the "Evidence reference" StaticText
    t =    99.03s Find the "Evidence reference" StaticText
    t =    99.17s Find the "Evidence reference" StaticText
ACE_A11Y_ISSUE {"auditType":"XCUIAccessibilityAuditType(rawValue: 65536)","compactDescription":"Dynamic Type font sizes are partially unsupported","detailedDescription":"User will not be able to change the font size of this SwiftUI.AccessibilityNode","element":{"frame":{"height":18,"width":132,"x":56,"y":205.99999999999991},"identifier":"","label":"Evidence reference","type":"XCUIElementType(rawValue: 48)"},"scenario":"release"}
    t =    99.33s Find the Any (Descendant with identity binding to AX element pid: 57238, elementOrHash.elementID: 4506859376.114)
    t =    99.47s Checking existence of `"Evidence reference" StaticText`
    t =    99.61s Find the "Evidence reference" StaticText
LOCAL_HOME/Developer/sqe-platform-native-list-trial/ios/ACEClientApp/ACEClientAppUITests/ACEClientAppUITests.swift:692: error: -[ACEClientAppUITests.ACEClientAppUITests testFictionalReleaseHasApprovedCopyControls] : Dynamic Type font sizes are partially unsupported
    t =    99.81s Find the Any (Descendant with identity binding to AX element pid: 57238, elementOrHash.elementID: 4506862464.101)
    t =    99.95s Find the "Actions" StaticText
    t =   100.11s Find the "Actions" StaticText
    t =   100.25s Find the "Actions" StaticText
    t =   100.43s Find the "Actions" StaticText
ACE_A11Y_ISSUE {"auditType":"XCUIAccessibilityAuditType(rawValue: 65536)","compactDescription":"Dynamic Type font sizes are partially unsupported","detailedDescription":"User will not be able to change the font size of this SwiftUI.AccessibilityNode","element":{"frame":{"height":54,"width":368,"x":36,"y":300.33333333333331},"identifier":"","label":"Actions","type":"XCUIElementType(rawValue: 48)"},"scenario":"release"}
    t =   100.58s Find the Any (Descendant with identity binding to AX element pid: 57238, elementOrHash.elementID: 4506862464.101)
    t =   100.72s Checking existence of `"Actions" StaticText`
    t =   100.84s Find the "Actions" StaticText
LOCAL_HOME/Developer/sqe-platform-native-list-trial/ios/ACEClientApp/ACEClientAppUITests/ACEClientAppUITests.swift:692: error: -[ACEClientAppUITests.ACEClientAppUITests testFictionalReleaseHasApprovedCopyControls] : Dynamic Type font sizes are partially unsupported
    t =   101.06s Find the Any (Descendant with identity binding to AX element pid: 57238, elementOrHash.elementID: 4507882176.175)
    t =   101.20s Find the "Fictional action" StaticText
    t =   101.34s Find the "Fictional action" StaticText
    t =   101.49s Find the "Fictional action" StaticText
    t =   101.63s Find the "Fictional action" StaticText
ACE_A11Y_ISSUE {"auditType":"XCUIAccessibilityAuditType(rawValue: 65536)","compactDescription":"Dynamic Type font sizes are partially unsupported","detailedDescription":"User will not be able to change the font size of this SwiftUI.AccessibilityNode","element":{"frame":{"height":20.333333333333371,"width":115,"x":56,"y":451.33333333333331},"identifier":"","label":"Fictional action","type":"XCUIElementType(rawValue: 48)"},"scenario":"release"}
    t =   101.81s Find the Any (Descendant with identity binding to AX element pid: 57238, elementOrHash.elementID: 4507882176.175)
    t =   102.06s Checking existence of `"Fictional action" StaticText`
    t =   102.18s Find the "Fictional action" StaticText
LOCAL_HOME/Developer/sqe-platform-native-list-trial/ios/ACEClientApp/ACEClientAppUITests/ACEClientAppUITests.swift:692: error: -[ACEClientAppUITests.ACEClientAppUITests testFictionalReleaseHasApprovedCopyControls] : Dynamic Type font sizes are partially unsupported
    t =   102.39s Find the Any (Descendant with identity binding to AX element pid: 57238, elementOrHash.elementID: 4507920368.174)
    t =   102.62s Find the "Action description" StaticText
    t =   102.84s Find the "Action description" StaticText
    t =   102.98s Find the "Action description" StaticText
    t =   103.12s Find the "Action description" StaticText
ACE_A11Y_ISSUE {"auditType":"XCUIAccessibilityAuditType(rawValue: 65536)","compactDescription":"Dynamic Type font sizes are partially unsupported","detailedDescription":"User will not be able to change the font size of this SwiftUI.AccessibilityNode","element":{"frame":{"height":18,"width":124.66666666666666,"x":56,"y":427.33333333333331},"identifier":"","label":"Action description","type":"XCUIElementType(rawValue: 48)"},"scenario":"release"}
    t =   103.33s Find the Any (Descendant with identity binding to AX element pid: 57238, elementOrHash.elementID: 4507920368.174)
    t =   103.48s Checking existence of `"Action description" StaticText`
    t =   103.67s Find the "Action description" StaticText
LOCAL_HOME/Developer/sqe-platform-native-list-trial/ios/ACEClientApp/ACEClientAppUITests/ACEClientAppUITests.swift:692: error: -[ACEClientAppUITests.ACEClientAppUITests testFictionalReleaseHasApprovedCopyControls] : Dynamic Type font sizes are partially unsupported
    t =   103.85s Find the Any (Descendant with identity binding to AX element pid: 57238, elementOrHash.elementID: 4555322528.179)
    t =   104.02s Find the "2026-08-25" StaticText
    t =   104.16s Find the "2026-08-25" StaticText
    t =   104.32s Find the "2026-08-25" StaticText
    t =   104.49s Find the "2026-08-25" StaticText
ACE_A11Y_ISSUE {"auditType":"XCUIAccessibilityAuditType(rawValue: 65536)","compactDescription":"Dynamic Type font sizes are partially unsupported","detailedDescription":"User will not be able to change the font size of this SwiftUI.AccessibilityNode","element":{"frame":{"height":20.333333333333371,"width":96.333333333333314,"x":56,"y":600},"identifier":"","label":"2026-08-25","type":"XCUIElementType(rawValue: 48)"},"scenario":"release"}
    t =   104.63s Find the Any (Descendant with identity binding to AX element pid: 57238, elementOrHash.elementID: 4555322528.179)
    t =   104.77s Checking existence of `"2026-08-25" StaticText`
    t =   104.89s Find the "2026-08-25" StaticText
LOCAL_HOME/Developer/sqe-platform-native-list-trial/ios/ACEClientApp/ACEClientAppUITests/ACEClientAppUITests.swift:692: error: -[ACEClientAppUITests.ACEClientAppUITests testFictionalReleaseHasApprovedCopyControls] : Dynamic Type font sizes are partially unsupported
    t =   105.08s Find the Any (Descendant with identity binding to AX element pid: 57238, elementOrHash.elementID: 4555321744.178)
    t =   105.22s Find the "Action target date" StaticText
    t =   105.41s Find the "Action target date" StaticText
    t =   105.55s Find the "Action target date" StaticText
    t =   105.72s Find the "Action target date" StaticText
ACE_A11Y_ISSUE {"auditType":"XCUIAccessibilityAuditType(rawValue: 65536)","compactDescription":"Dynamic Type font sizes are partially unsupported","detailedDescription":"User will not be able to change the font size of this SwiftUI.AccessibilityNode","element":{"frame":{"height":18,"width":123,"x":56,"y":576},"identifier":"","label":"Action target date","type":"XCUIElementType(rawValue: 48)"},"scenario":"release"}
    t =   105.86s Find the Any (Descendant with identity binding to AX element pid: 57238, elementOrHash.elementID: 4555321744.178)
    t =   105.99s Checking existence of `"Action target date" StaticText`
    t =   106.14s Find the "Action target date" StaticText
LOCAL_HOME/Developer/sqe-platform-native-list-trial/ios/ACEClientApp/ACEClientAppUITests/ACEClientAppUITests.swift:692: error: -[ACEClientAppUITests.ACEClientAppUITests testFictionalReleaseHasApprovedCopyControls] : Dynamic Type font sizes are partially unsupported
    t =   106.39s Find the Any (Descendant with identity binding to AX element pid: 57238, elementOrHash.elementID: 4506860160.115)
    t =   106.52s Find the "FICTIONAL-REF-001" StaticText
    t =   106.67s Find the "FICTIONAL-REF-001" StaticText
    t =   106.81s Find the "FICTIONAL-REF-001" StaticText
    t =   106.93s Find the "FICTIONAL-REF-001" StaticText
ACE_A11Y_ISSUE {"auditType":"XCUIAccessibilityAuditType(rawValue: 65536)","compactDescription":"Dynamic Type font sizes are partially unsupported","detailedDescription":"User will not be able to change the font size of this SwiftUI.AccessibilityNode","element":{"frame":{"height":20.333333333333343,"width":156,"x":56,"y":229.99999999999991},"identifier":"","label":"FICTIONAL-REF-001","type":"XCUIElementType(rawValue: 48)"},"scenario":"release"}
    t =   107.06s Find the Any (Descendant with identity binding to AX element pid: 57238, elementOrHash.elementID: 4506860160.115)
    t =   107.25s Checking existence of `"FICTIONAL-REF-001" StaticText`
    t =   107.38s Find the "FICTIONAL-REF-001" StaticText
LOCAL_HOME/Developer/sqe-platform-native-list-trial/ios/ACEClientApp/ACEClientAppUITests/ACEClientAppUITests.swift:692: error: -[ACEClientAppUITests.ACEClientAppUITests testFictionalReleaseHasApprovedCopyControls] : Dynamic Type font sizes are partially unsupported
    t =   107.64s Find the Any (Descendant with identity binding to AX element pid: 57238, elementOrHash.elementID: 4508015296.183)
    t =   107.78s Find the "Copy action" StaticText
    t =   107.92s Find the "Copy action" StaticText
    t =   108.11s Find the "Copy action" StaticText
    t =   108.24s Find the "Copy action" StaticText
ACE_A11Y_ISSUE {"auditType":"XCUIAccessibilityAuditType(rawValue: 65536)","compactDescription":"Dynamic Type font sizes are partially unsupported","detailedDescription":"User will not be able to change the font size of this SwiftUI.AccessibilityNode","element":{"frame":{"height":58,"width":155,"x":56,"y":724.66666666666652},"identifier":"","label":"Copy action","type":"XCUIElementType(rawValue: 48)"},"scenario":"release"}
    t =   108.38s Find the Any (Descendant with identity binding to AX element pid: 57238, elementOrHash.elementID: 4508015296.183)
    t =   108.54s Checking existence of `"Copy action" StaticText`
    t =   108.69s Find the "Copy action" StaticText
LOCAL_HOME/Developer/sqe-platform-native-list-trial/ios/ACEClientApp/ACEClientAppUITests/ACEClientAppUITests.swift:692: error: -[ACEClientAppUITests.ACEClientAppUITests testFictionalReleaseHasApprovedCopyControls] : Dynamic Type font sizes are partially unsupported
    t =   108.90s Find the Any (Descendant with identity binding to AX element pid: 57238, elementOrHash.elementID: 4507983584.177)
    t =   109.04s Find the "Fictional owner" StaticText
    t =   109.19s Find the "Fictional owner" StaticText
    t =   109.36s Find the "Fictional owner" StaticText
    t =   109.52s Find the "Fictional owner" StaticText
ACE_A11Y_ISSUE {"auditType":"XCUIAccessibilityAuditType(rawValue: 65536)","compactDescription":"Dynamic Type font sizes are partially unsupported","detailedDescription":"User will not be able to change the font size of this SwiftUI.AccessibilityNode","element":{"frame":{"height":20.333333333333258,"width":115,"x":56,"y":525.66666666666674},"identifier":"","label":"Fictional owner","type":"XCUIElementType(rawValue: 48)"},"scenario":"release"}
    t =   109.67s Find the Any (Descendant with identity binding to AX element pid: 57238, elementOrHash.elementID: 4507983584.177)
    t =   109.82s Checking existence of `"Fictional owner" StaticText`
    t =   109.99s Find the "Fictional owner" StaticText
LOCAL_HOME/Developer/sqe-platform-native-list-trial/ios/ACEClientApp/ACEClientAppUITests/ACEClientAppUITests.swift:692: error: -[ACEClientAppUITests.ACEClientAppUITests testFictionalReleaseHasApprovedCopyControls] : Dynamic Type font sizes are partially unsupported
    t =   110.19s Find the Any (Descendant with identity binding to AX element pid: 57238, elementOrHash.elementID: 4507957968.176)
    t =   110.33s Find the "Action owner" StaticText
    t =   110.57s Find the "Action owner" StaticText
    t =   110.76s Find the "Action owner" StaticText
    t =   110.90s Find the "Action owner" StaticText
ACE_A11Y_ISSUE {"auditType":"XCUIAccessibilityAuditType(rawValue: 65536)","compactDescription":"Dynamic Type font sizes are partially unsupported","detailedDescription":"User will not be able to change the font size of this SwiftUI.AccessibilityNode","element":{"frame":{"height":18.000000000000057,"width":89.666666666666657,"x":56,"y":501.66666666666669},"identifier":"","label":"Action owner","type":"XCUIElementType(rawValue: 48)"},"scenario":"release"}
    t =   111.11s Find the Any (Descendant with identity binding to AX element pid: 57238, elementOrHash.elementID: 4507957968.176)
    t =   111.26s Checking existence of `"Action owner" StaticText`
    t =   111.45s Find the "Action owner" StaticText
LOCAL_HOME/Developer/sqe-platform-native-list-trial/ios/ACEClientApp/ACEClientAppUITests/ACEClientAppUITests.swift:692: error: -[ACEClientAppUITests.ACEClientAppUITests testFictionalReleaseHasApprovedCopyControls] : Dynamic Type font sizes are partially unsupported
    t =   111.66s Find the Any (Descendant with identity binding to AX element pid: 57238, elementOrHash.elementID: 4560388640.181)
    t =   111.83s Find the "OPEN" StaticText
    t =   111.96s Find the "OPEN" StaticText
    t =   112.11s Find the "OPEN" StaticText
    t =   112.27s Find the "OPEN" StaticText
ACE_A11Y_ISSUE {"auditType":"XCUIAccessibilityAuditType(rawValue: 65536)","compactDescription":"Dynamic Type font sizes are partially unsupported","detailedDescription":"User will not be able to change the font size of this SwiftUI.AccessibilityNode","element":{"frame":{"height":20.333333333333371,"width":45,"x":56,"y":674.33333333333348},"identifier":"","label":"OPEN","type":"XCUIElementType(rawValue: 48)"},"scenario":"release"}
    t =   112.42s Find the Any (Descendant with identity binding to AX element pid: 57238, elementOrHash.elementID: 4560388640.181)
    t =   112.56s Checking existence of `"OPEN" StaticText`
    t =   112.68s Find the "OPEN" StaticText
LOCAL_HOME/Developer/sqe-platform-native-list-trial/ios/ACEClientApp/ACEClientAppUITests/ACEClientAppUITests.swift:692: error: -[ACEClientAppUITests.ACEClientAppUITests testFictionalReleaseHasApprovedCopyControls] : Dynamic Type font sizes are partially unsupported
    t =   112.88s Find the Any (Descendant with identity binding to AX element pid: 57238, elementOrHash.elementID: 4560965168.180)
    t =   113.05s Find the "Action status" StaticText
    t =   113.20s Find the "Action status" StaticText
    t =   113.38s Find the "Action status" StaticText
    t =   113.52s Find the "Action status" StaticText
ACE_A11Y_ISSUE {"auditType":"XCUIAccessibilityAuditType(rawValue: 65536)","compactDescription":"Dynamic Type font sizes are partially unsupported","detailedDescription":"User will not be able to change the font size of this SwiftUI.AccessibilityNode","element":{"frame":{"height":18,"width":90,"x":56,"y":650.33333333333348},"identifier":"","label":"Action status","type":"XCUIElementType(rawValue: 48)"},"scenario":"release"}
    t =   113.70s Find the Any (Descendant with identity binding to AX element pid: 57238, elementOrHash.elementID: 4560965168.180)
    t =   113.86s Checking existence of `"Action status" StaticText`
    t =   113.98s Find the "Action status" StaticText
LOCAL_HOME/Developer/sqe-platform-native-list-trial/ios/ACEClientApp/ACEClientAppUITests/ACEClientAppUITests.swift:692: error: -[ACEClientAppUITests.ACEClientAppUITests testFictionalReleaseHasApprovedCopyControls] : Dynamic Type font sizes are partially unsupported
    t =   114.18s Find the Any (Descendant with identity binding to AX element pid: 57238, elementOrHash.elementID: 4510025744.184)
    t =   114.32s Find the "Action 1" StaticText
    t =   114.50s Find the "Action 1" StaticText
    t =   114.65s Find the "Action 1" StaticText
    t =   114.85s Find the "Action 1" StaticText
ACE_A11Y_ISSUE {"auditType":"XCUIAccessibilityAuditType(rawValue: 1)","compactDescription":"Contrast failed","detailedDescription":"Contrast failed for SwiftUI.AccessibilityNode","element":{"frame":{"height":40.333333333333314,"width":368,"x":36,"y":371.99999999999994},"identifier":"","label":"Action 1","type":"XCUIElementType(rawValue: 48)"},"scenario":"release"}
    t =   115.06s Find the Any (Descendant with identity binding to AX element pid: 57238, elementOrHash.elementID: 4510025744.184)
    t =   115.19s Checking existence of `"Action 1" StaticText`
    t =   115.35s Find the "Action 1" StaticText
LOCAL_HOME/Developer/sqe-platform-native-list-trial/ios/ACEClientApp/ACEClientAppUITests/ACEClientAppUITests.swift:692: error: -[ACEClientAppUITests.ACEClientAppUITests testFictionalReleaseHasApprovedCopyControls] : Contrast failed
    t =   115.55s Find the Any (Descendant with identity binding to AX element pid: 57238, elementOrHash.elementID: 4506856288.112)
    t =   115.71s Find the "Conclusion summary" StaticText
    t =   115.88s Find the "Conclusion summary" StaticText
    t =   116.02s Find the "Conclusion summary" StaticText
    t =   116.26s Find the "Conclusion summary" StaticText
ACE_A11Y_ISSUE {"auditType":"XCUIAccessibilityAuditType(rawValue: 1)","compactDescription":"Contrast failed","detailedDescription":"Contrast failed for SwiftUI.AccessibilityNode","element":{"frame":{"height":18,"width":143.66666666666666,"x":56,"y":131.66666666666663},"identifier":"","label":"Conclusion summary","type":"XCUIElementType(rawValue: 48)"},"scenario":"release"}
    t =   116.44s Find the Any (Descendant with identity binding to AX element pid: 57238, elementOrHash.elementID: 4506856288.112)
    t =   116.59s Checking existence of `"Conclusion summary" StaticText`
    t =   116.71s Find the "Conclusion summary" StaticText
LOCAL_HOME/Developer/sqe-platform-native-list-trial/ios/ACEClientApp/ACEClientAppUITests/ACEClientAppUITests.swift:692: error: -[ACEClientAppUITests.ACEClientAppUITests testFictionalReleaseHasApprovedCopyControls] : Contrast failed
    t =   116.92s Find the Any (Descendant with identity binding to AX element pid: 57238, elementOrHash.elementID: 4507957968.176)
    t =   117.06s Find the "Action owner" StaticText
    t =   117.24s Find the "Action owner" StaticText
    t =   117.36s Find the "Action owner" StaticText
    t =   117.53s Find the "Action owner" StaticText
ACE_A11Y_ISSUE {"auditType":"XCUIAccessibilityAuditType(rawValue: 1)","compactDescription":"Contrast failed","detailedDescription":"Contrast failed for SwiftUI.AccessibilityNode","element":{"frame":{"height":18.000000000000057,"width":89.666666666666657,"x":56,"y":501.66666666666669},"identifier":"","label":"Action owner","type":"XCUIElementType(rawValue: 48)"},"scenario":"release"}
    t =   117.68s Find the Any (Descendant with identity binding to AX element pid: 57238, elementOrHash.elementID: 4507957968.176)
    t =   117.83s Checking existence of `"Action owner" StaticText`
    t =   117.96s Find the "Action owner" StaticText
LOCAL_HOME/Developer/sqe-platform-native-list-trial/ios/ACEClientApp/ACEClientAppUITests/ACEClientAppUITests.swift:692: error: -[ACEClientAppUITests.ACEClientAppUITests testFictionalReleaseHasApprovedCopyControls] : Contrast failed
    t =   118.15s Find the "Action 1" StaticText
    t =   118.41s Find the "OPEN" StaticText
ACE_MCX19_ALL_AUDIT_POST {"after":{"Action 1":{"height":40.333333333333314,"width":368,"x":36,"y":371.99999999999994},"OPEN":{"height":20.333333333333371,"width":45,"x":56,"y":674.33333333333348}},"before":{"Action 1":{"height":40.333333333333314,"width":368,"x":36,"y":371.99999999999994},"OPEN":{"height":20.333333333333371,"width":45,"x":56,"y":674.33333333333348}}}
    t =   118.59s Terminate com.example.aceclientapp:57238
    t =   119.61s Open com.example.aceclientapp
    t =   119.61s     Launch com.example.aceclientapp
    t =   120.45s         Setting up automation session
    t =   124.91s         Wait for com.example.aceclientapp to idle
    t =   127.79s Checking existence of `ScrollView (First Match)`
    t =   128.45s Checking existence of `CollectionView (First Match)`
    t =   128.56s Waiting 5.0s for CollectionView (First Match) to exist
    t =   129.62s     Checking `Expect predicate `existsNoRetry == 1` for object CollectionView (First Match)`
    t =   129.62s         Checking existence of `CollectionView (First Match)`
    t =   129.67s Checking existence of `"Copy action 1" Button`
    t =   129.87s Find the CollectionView (First Match)
    t =   129.92s Checking existence of `"Copy action 1" Button`
    t =   130.09s Press CollectionView at {{16.0, 114.3}, {408.0, 791.7}}[0.50, 0.72] for 0.1 seconds, then drag to CollectionView at {{16.0, 114.3}, {408.0, 791.7}}[0.50, 0.28] with velocity of 500.00 pixels per second, and then hold for 0.0 seconds 
    t =   130.09s     Wait for com.example.aceclientapp to idle
    t =   130.10s     Find the CollectionView at {{16.0, 114.3}, {408.0, 791.7}}
    t =   130.15s     Check for interrupting elements affecting CollectionView
    t =   130.37s     Synthesize event
    t =   130.38s         Find the CollectionView at {{16.0, 114.3}, {408.0, 791.7}}
    t =   130.45s         Find the CollectionView at {{16.0, 114.3}, {408.0, 791.7}}
    t =   130.55s         Find the CollectionView at {{16.0, 114.3}, {408.0, 791.7}}
    t =   130.70s         Find the CollectionView at {{16.0, 114.3}, {408.0, 791.7}}
    t =   130.80s         Find the CollectionView at {{16.0, 114.3}, {408.0, 791.7}}
    t =   131.87s     Wait for com.example.aceclientapp to idle
    t =   133.40s Checking existence of `"Copy action 1" Button`
    t =   133.58s Find the "Copy action 1" Button
    t =   133.77s Find the "Copy action 1" Button
    t =   133.96s Find the CollectionView at {{16.0, 114.3}, {408.0, 791.7}}
    t =   134.02s Tap "Copy action 1" Button
    t =   134.02s     Wait for com.example.aceclientapp to idle
    t =   134.08s     Find the "Copy action 1" Button
    t =   134.27s     Check for interrupting elements affecting "Copy action 1" Button
    t =   134.43s     Synthesize event
    t =   134.78s     Wait for com.example.aceclientapp to idle
    t =   134.80s Checking existence of `"Copied Action 1." StaticText`
    t =   134.98s Checking existence of `ScrollView (First Match)`
    t =   135.39s Checking existence of `CollectionView (First Match)`
    t =   135.45s Waiting 5.0s for CollectionView (First Match) to exist
    t =   136.46s     Checking `Expect predicate `existsNoRetry == 1` for object CollectionView (First Match)`
    t =   136.46s         Checking existence of `CollectionView (First Match)`
    t =   136.53s Checking existence of `"Copied Action 1." StaticText`
    t =   136.68s Find the "Copied Action 1." StaticText
    t =   136.88s Find the "Copied Action 1." StaticText
    t =   137.05s Find the CollectionView (First Match)
    t =   137.12s Find the CollectionView at {{16.0, 114.3}, {408.0, 791.7}}
    t =   137.18s Checking existence of `"Copied Action 1." StaticText`
    t =   137.34s Find the "Copied Action 1." StaticText
    t =   137.54s Press CollectionView at {{16.0, 114.3}, {408.0, 791.7}}[0.50, 0.72] for 0.1 seconds, then drag to CollectionView at {{16.0, 114.3}, {408.0, 791.7}}[0.50, 0.28] with velocity of 500.00 pixels per second, and then hold for 0.0 seconds 
    t =   137.54s     Wait for com.example.aceclientapp to idle
    t =   137.55s     Find the CollectionView at {{16.0, 114.3}, {408.0, 791.7}}
    t =   137.60s     Check for interrupting elements affecting CollectionView
    t =   137.76s     Synthesize event
    t =   137.76s         Find the CollectionView at {{16.0, 114.3}, {408.0, 791.7}}
    t =   137.92s         Find the CollectionView at {{16.0, 114.3}, {408.0, 791.7}}
    t =   138.00s         Find the CollectionView at {{16.0, 114.3}, {408.0, 791.7}}
    t =   138.18s         Find the CollectionView at {{16.0, 114.3}, {408.0, 791.7}}
    t =   138.25s         Find the CollectionView at {{16.0, 114.3}, {408.0, 791.7}}
    t =   139.32s     Wait for com.example.aceclientapp to idle
    t =   139.73s Checking existence of `"Copied Action 1." StaticText`
    t =   139.87s Find the "Copied Action 1." StaticText
    t =   140.06s Find the "Copied Action 1." StaticText
    t =   140.31s Find the CollectionView at {{16.0, 114.3}, {408.0, 791.7}}
    t =   140.36s Find the Target Application 'com.example.aceclientapp'
    t =   141.03s Added attachment named 'Controlled state — copyConfirmation — light'
    t =   149.26s Find the Any (Descendant with identity binding to AX element pid: 57482, elementOrHash.elementID: 4414592176.158)
    t =   149.45s Find the "Fictional owner" StaticText
    t =   149.58s Find the "Fictional owner" StaticText
    t =   149.73s Find the "Fictional owner" StaticText
    t =   149.86s Find the "Fictional owner" StaticText
ACE_A11Y_ISSUE {"auditType":"XCUIAccessibilityAuditType(rawValue: 65536)","compactDescription":"Dynamic Type font sizes are partially unsupported","detailedDescription":"User will not be able to change the font size of this SwiftUI.AccessibilityNode","element":{"frame":{"height":20.333333333333314,"width":115,"x":56,"y":402.66666666666669},"identifier":"","label":"Fictional owner","type":"XCUIElementType(rawValue: 48)"},"scenario":"copyConfirmation-after-copy"}
    t =   149.97s Find the Any (Descendant with identity binding to AX element pid: 57482, elementOrHash.elementID: 4414592176.158)
    t =   150.10s Checking existence of `"Fictional owner" StaticText`
    t =   150.25s Find the "Fictional owner" StaticText
LOCAL_HOME/Developer/sqe-platform-native-list-trial/ios/ACEClientApp/ACEClientAppUITests/ACEClientAppUITests.swift:703: error: -[ACEClientAppUITests.ACEClientAppUITests testFictionalReleaseHasApprovedCopyControls] : Dynamic Type font sizes are partially unsupported
    t =   150.47s Find the Any (Descendant with identity binding to AX element pid: 57482, elementOrHash.elementID: 4414623824.159)
    t =   150.62s Find the "Action target date" StaticText
    t =   150.75s Find the "Action target date" StaticText
    t =   150.93s Find the "Action target date" StaticText
    t =   151.07s Find the "Action target date" StaticText
ACE_A11Y_ISSUE {"auditType":"XCUIAccessibilityAuditType(rawValue: 65536)","compactDescription":"Dynamic Type font sizes are partially unsupported","detailedDescription":"User will not be able to change the font size of this SwiftUI.AccessibilityNode","element":{"frame":{"height":18,"width":123,"x":56,"y":452.99999999999994},"identifier":"","label":"Action target date","type":"XCUIElementType(rawValue: 48)"},"scenario":"copyConfirmation-after-copy"}
    t =   151.20s Find the Any (Descendant with identity binding to AX element pid: 57482, elementOrHash.elementID: 4414623824.159)
    t =   151.34s Checking existence of `"Action target date" StaticText`
    t =   151.45s Find the "Action target date" StaticText
LOCAL_HOME/Developer/sqe-platform-native-list-trial/ios/ACEClientApp/ACEClientAppUITests/ACEClientAppUITests.swift:703: error: -[ACEClientAppUITests.ACEClientAppUITests testFictionalReleaseHasApprovedCopyControls] : Dynamic Type font sizes are partially unsupported
    t =   151.65s Find the Any (Descendant with identity binding to AX element pid: 57482, elementOrHash.elementID: 4415769008.165)
    t =   151.86s Find the "Copied Action 1." StaticText
    t =   152.08s Find the "Copied Action 1." StaticText
    t =   152.23s Find the "Copied Action 1." StaticText
    t =   152.37s Find the "Copied Action 1." StaticText
ACE_A11Y_ISSUE {"auditType":"XCUIAccessibilityAuditType(rawValue: 65536)","compactDescription":"Dynamic Type font sizes are unsupported","detailedDescription":"User will not be able to change the font size of this SwiftUI.AccessibilityNode","element":{"frame":{"height":20.333333333333371,"width":123.33333333333334,"x":56,"y":667.66666666666652},"identifier":"","label":"Copied Action 1.","type":"XCUIElementType(rawValue: 48)"},"scenario":"copyConfirmation-after-copy"}
    t =   152.58s Find the Any (Descendant with identity binding to AX element pid: 57482, elementOrHash.elementID: 4415769008.165)
    t =   152.73s Checking existence of `"Copied Action 1." StaticText`
    t =   152.86s Find the "Copied Action 1." StaticText
LOCAL_HOME/Developer/sqe-platform-native-list-trial/ios/ACEClientApp/ACEClientAppUITests/ACEClientAppUITests.swift:703: error: -[ACEClientAppUITests.ACEClientAppUITests testFictionalReleaseHasApprovedCopyControls] : Dynamic Type font sizes are unsupported
    t =   153.07s Find the Any (Descendant with identity binding to AX element pid: 57482, elementOrHash.elementID: 4484863920.164)
    t =   153.19s Find the "Copy action" StaticText
    t =   153.34s Find the "Copy action" StaticText
    t =   153.59s Find the "Copy action" StaticText
    t =   153.73s Find the "Copy action" StaticText
ACE_A11Y_ISSUE {"auditType":"XCUIAccessibilityAuditType(rawValue: 65536)","compactDescription":"Dynamic Type font sizes are unsupported","detailedDescription":"User will not be able to change the font size of this SwiftUI.AccessibilityNode","element":{"frame":{"height":58,"width":155,"x":56,"y":601.66666666666652},"identifier":"","label":"Copy action","type":"XCUIElementType(rawValue: 48)"},"scenario":"copyConfirmation-after-copy"}
    t =   153.86s Find the Any (Descendant with identity binding to AX element pid: 57482, elementOrHash.elementID: 4484863920.164)
    t =   153.99s Checking existence of `"Copy action" StaticText`
    t =   154.17s Find the "Copy action" StaticText
LOCAL_HOME/Developer/sqe-platform-native-list-trial/ios/ACEClientApp/ACEClientAppUITests/ACEClientAppUITests.swift:703: error: -[ACEClientAppUITests.ACEClientAppUITests testFictionalReleaseHasApprovedCopyControls] : Dynamic Type font sizes are unsupported
    t =   154.36s Find the Any (Descendant with identity binding to AX element pid: 57482, elementOrHash.elementID: 4414591392.157)
    t =   154.56s Find the "Action owner" StaticText
    t =   154.69s Find the "Action owner" StaticText
    t =   154.82s Find the "Action owner" StaticText
    t =   155.05s Find the "Action owner" StaticText
ACE_A11Y_ISSUE {"auditType":"XCUIAccessibilityAuditType(rawValue: 65536)","compactDescription":"Dynamic Type font sizes are partially unsupported","detailedDescription":"User will not be able to change the font size of this SwiftUI.AccessibilityNode","element":{"frame":{"height":18,"width":89.666666666666657,"x":56,"y":378.66666666666669},"identifier":"","label":"Action owner","type":"XCUIElementType(rawValue: 48)"},"scenario":"copyConfirmation-after-copy"}
    t =   155.18s Find the Any (Descendant with identity binding to AX element pid: 57482, elementOrHash.elementID: 4414591392.157)
    t =   155.32s Checking existence of `"Action owner" StaticText`
    t =   155.43s Find the "Action owner" StaticText
LOCAL_HOME/Developer/sqe-platform-native-list-trial/ios/ACEClientApp/ACEClientAppUITests/ACEClientAppUITests.swift:703: error: -[ACEClientAppUITests.ACEClientAppUITests testFictionalReleaseHasApprovedCopyControls] : Dynamic Type font sizes are partially unsupported
    t =   155.63s Find the Any (Descendant with identity binding to AX element pid: 57482, elementOrHash.elementID: 4414626912.161)
    t =   155.82s Find the "Action status" StaticText
    t =   156.00s Find the "Action status" StaticText
    t =   156.15s Find the "Action status" StaticText
    t =   156.31s Find the "Action status" StaticText
ACE_A11Y_ISSUE {"auditType":"XCUIAccessibilityAuditType(rawValue: 65536)","compactDescription":"Dynamic Type font sizes are partially unsupported","detailedDescription":"User will not be able to change the font size of this SwiftUI.AccessibilityNode","element":{"frame":{"height":18,"width":90,"x":56,"y":527.33333333333348},"identifier":"","label":"Action status","type":"XCUIElementType(rawValue: 48)"},"scenario":"copyConfirmation-after-copy"}
    t =   156.46s Find the Any (Descendant with identity binding to AX element pid: 57482, elementOrHash.elementID: 4414626912.161)
    t =   156.61s Checking existence of `"Action status" StaticText`
    t =   156.73s Find the "Action status" StaticText
LOCAL_HOME/Developer/sqe-platform-native-list-trial/ios/ACEClientApp/ACEClientAppUITests/ACEClientAppUITests.swift:703: error: -[ACEClientAppUITests.ACEClientAppUITests testFictionalReleaseHasApprovedCopyControls] : Dynamic Type font sizes are partially unsupported
    t =   156.92s Find the Any (Descendant with identity binding to AX element pid: 57482, elementOrHash.elementID: 4414627696.162)
    t =   157.06s Find the "OPEN" StaticText
    t =   157.19s Find the "OPEN" StaticText
    t =   157.34s Find the "OPEN" StaticText
    t =   157.60s Find the "OPEN" StaticText
ACE_A11Y_ISSUE {"auditType":"XCUIAccessibilityAuditType(rawValue: 65536)","compactDescription":"Dynamic Type font sizes are partially unsupported","detailedDescription":"User will not be able to change the font size of this SwiftUI.AccessibilityNode","element":{"frame":{"height":20.333333333333371,"width":45,"x":56,"y":551.33333333333348},"identifier":"","label":"OPEN","type":"XCUIElementType(rawValue: 48)"},"scenario":"copyConfirmation-after-copy"}
    t =   157.75s Find the Any (Descendant with identity binding to AX element pid: 57482, elementOrHash.elementID: 4414627696.162)
    t =   157.88s Checking existence of `"OPEN" StaticText`
    t =   157.99s Find the "OPEN" StaticText
LOCAL_HOME/Developer/sqe-platform-native-list-trial/ios/ACEClientApp/ACEClientAppUITests/ACEClientAppUITests.swift:703: error: -[ACEClientAppUITests.ACEClientAppUITests testFictionalReleaseHasApprovedCopyControls] : Dynamic Type font sizes are partially unsupported
    t =   158.17s Find the Any (Descendant with identity binding to AX element pid: 57482, elementOrHash.elementID: 4414614128.155)
    t =   158.31s Find the "Action description" StaticText
    t =   158.44s Find the "Action description" StaticText
    t =   158.58s Find the "Action description" StaticText
    t =   158.75s Find the "Action description" StaticText
ACE_A11Y_ISSUE {"auditType":"XCUIAccessibilityAuditType(rawValue: 65536)","compactDescription":"Dynamic Type font sizes are partially unsupported","detailedDescription":"User will not be able to change the font size of this SwiftUI.AccessibilityNode","element":{"frame":{"height":18,"width":124.66666666666666,"x":56,"y":304.33333333333331},"identifier":"","label":"Action description","type":"XCUIElementType(rawValue: 48)"},"scenario":"copyConfirmation-after-copy"}
    t =   158.89s Find the Any (Descendant with identity binding to AX element pid: 57482, elementOrHash.elementID: 4414614128.155)
    t =   159.07s Checking existence of `"Action description" StaticText`
    t =   159.19s Find the "Action description" StaticText
LOCAL_HOME/Developer/sqe-platform-native-list-trial/ios/ACEClientApp/ACEClientAppUITests/ACEClientAppUITests.swift:703: error: -[ACEClientAppUITests.ACEClientAppUITests testFictionalReleaseHasApprovedCopyControls] : Dynamic Type font sizes are partially unsupported
    t =   159.46s Find the Any (Descendant with identity binding to AX element pid: 57482, elementOrHash.elementID: 4414588144.156)
    t =   159.60s Find the "Fictional action" StaticText
    t =   159.73s Find the "Fictional action" StaticText
    t =   159.87s Find the "Fictional action" StaticText
    t =   160.03s Find the "Fictional action" StaticText
ACE_A11Y_ISSUE {"auditType":"XCUIAccessibilityAuditType(rawValue: 65536)","compactDescription":"Dynamic Type font sizes are partially unsupported","detailedDescription":"User will not be able to change the font size of this SwiftUI.AccessibilityNode","element":{"frame":{"height":20.333333333333371,"width":115,"x":56,"y":328.33333333333331},"identifier":"","label":"Fictional action","type":"XCUIElementType(rawValue: 48)"},"scenario":"copyConfirmation-after-copy"}
    t =   160.15s Find the Any (Descendant with identity binding to AX element pid: 57482, elementOrHash.elementID: 4414588144.156)
    t =   160.27s Checking existence of `"Fictional action" StaticText`
    t =   160.39s Find the "Fictional action" StaticText
LOCAL_HOME/Developer/sqe-platform-native-list-trial/ios/ACEClientApp/ACEClientAppUITests/ACEClientAppUITests.swift:703: error: -[ACEClientAppUITests.ACEClientAppUITests testFictionalReleaseHasApprovedCopyControls] : Dynamic Type font sizes are partially unsupported
    t =   160.63s Find the Any (Descendant with identity binding to AX element pid: 57482, elementOrHash.elementID: 4414624608.160)
    t =   160.77s Find the "2026-08-25" StaticText
    t =   160.90s Find the "2026-08-25" StaticText
    t =   161.02s Find the "2026-08-25" StaticText
    t =   161.19s Find the "2026-08-25" StaticText
ACE_A11Y_ISSUE {"auditType":"XCUIAccessibilityAuditType(rawValue: 65536)","compactDescription":"Dynamic Type font sizes are partially unsupported","detailedDescription":"User will not be able to change the font size of this SwiftUI.AccessibilityNode","element":{"frame":{"height":20.333333333333314,"width":96.333333333333314,"x":56,"y":476.99999999999994},"identifier":"","label":"2026-08-25","type":"XCUIElementType(rawValue: 48)"},"scenario":"copyConfirmation-after-copy"}
    t =   161.46s Find the Any (Descendant with identity binding to AX element pid: 57482, elementOrHash.elementID: 4414624608.160)
    t =   161.60s Checking existence of `"2026-08-25" StaticText`
    t =   161.73s Find the "2026-08-25" StaticText
LOCAL_HOME/Developer/sqe-platform-native-list-trial/ios/ACEClientApp/ACEClientAppUITests/ACEClientAppUITests.swift:703: error: -[ACEClientAppUITests.ACEClientAppUITests testFictionalReleaseHasApprovedCopyControls] : Dynamic Type font sizes are partially unsupported
    t =   161.90s Find the Any (Descendant with identity binding to AX element pid: 57482, elementOrHash.elementID: 4412489968.115)
    t =   162.03s Find the "FICTIONAL-REF-001" StaticText
    t =   162.16s Find the "FICTIONAL-REF-001" StaticText
    t =   162.31s Find the "FICTIONAL-REF-001" StaticText
    t =   162.45s Find the "FICTIONAL-REF-001" StaticText
ACE_A11Y_ISSUE {"auditType":"XCUIAccessibilityAuditType(rawValue: 65536)","compactDescription":"Dynamic Type font sizes are partially unsupported","detailedDescription":"User will not be able to change the font size of this SwiftUI.AccessibilityNode","element":{"frame":{"height":20.333333333333329,"width":156,"x":56,"y":106.99999999999994},"identifier":"","label":"FICTIONAL-REF-001","type":"XCUIElementType(rawValue: 48)"},"scenario":"copyConfirmation-after-copy"}
    t =   162.58s Find the Any (Descendant with identity binding to AX element pid: 57482, elementOrHash.elementID: 4412489968.115)
    t =   162.78s Checking existence of `"FICTIONAL-REF-001" StaticText`
    t =   162.91s Find the "FICTIONAL-REF-001" StaticText
LOCAL_HOME/Developer/sqe-platform-native-list-trial/ios/ACEClientApp/ACEClientAppUITests/ACEClientAppUITests.swift:703: error: -[ACEClientAppUITests.ACEClientAppUITests testFictionalReleaseHasApprovedCopyControls] : Dynamic Type font sizes are partially unsupported
    t =   163.15s Find the Any (Descendant with identity binding to AX element pid: 57482, elementOrHash.elementID: 4484849136.101)
    t =   163.28s Find the "Actions" StaticText
    t =   163.41s Find the "Actions" StaticText
    t =   163.55s Find the "Actions" StaticText
    t =   163.68s Find the "Actions" StaticText
ACE_A11Y_ISSUE {"auditType":"XCUIAccessibilityAuditType(rawValue: 65536)","compactDescription":"Dynamic Type font sizes are partially unsupported","detailedDescription":"User will not be able to change the font size of this SwiftUI.AccessibilityNode","element":{"frame":{"height":54,"width":368,"x":36,"y":177.33333333333334},"identifier":"","label":"Actions","type":"XCUIElementType(rawValue: 48)"},"scenario":"copyConfirmation-after-copy"}
    t =   163.94s Find the Any (Descendant with identity binding to AX element pid: 57482, elementOrHash.elementID: 4484849136.101)
    t =   164.15s Checking existence of `"Actions" StaticText`
    t =   164.29s Find the "Actions" StaticText
LOCAL_HOME/Developer/sqe-platform-native-list-trial/ios/ACEClientApp/ACEClientAppUITests/ACEClientAppUITests.swift:703: error: -[ACEClientAppUITests.ACEClientAppUITests testFictionalReleaseHasApprovedCopyControls] : Dynamic Type font sizes are partially unsupported
    t =   164.52s Find the Any (Descendant with identity binding to AX element pid: 57482, elementOrHash.elementID: 4415769008.165)
    t =   164.65s Find the "Copied Action 1." StaticText
    t =   164.80s Find the "Copied Action 1." StaticText
    t =   165.00s Find the "Copied Action 1." StaticText
    t =   165.15s Find the "Copied Action 1." StaticText
ACE_A11Y_ISSUE {"auditType":"XCUIAccessibilityAuditType(rawValue: 131072)","compactDescription":"Text clipped","detailedDescription":"Text of this SwiftUI.AccessibilityNode may be clipped at larger Dynamic Type sizes.","element":{"frame":{"height":20.333333333333371,"width":123.33333333333334,"x":56,"y":667.66666666666652},"identifier":"","label":"Copied Action 1.","type":"XCUIElementType(rawValue: 48)"},"scenario":"copyConfirmation-after-copy"}
    t =   165.29s Find the Any (Descendant with identity binding to AX element pid: 57482, elementOrHash.elementID: 4415769008.165)
    t =   165.43s Checking existence of `"Copied Action 1." StaticText`
    t =   165.54s Find the "Copied Action 1." StaticText
LOCAL_HOME/Developer/sqe-platform-native-list-trial/ios/ACEClientApp/ACEClientAppUITests/ACEClientAppUITests.swift:703: error: -[ACEClientAppUITests.ACEClientAppUITests testFictionalReleaseHasApprovedCopyControls] : Text clipped
    t =   165.76s Find the Any (Descendant with identity binding to AX element pid: 57482, elementOrHash.elementID: 4484863920.164)
    t =   165.93s Find the "Copy action" StaticText
    t =   166.11s Find the "Copy action" StaticText
    t =   166.26s Find the "Copy action" StaticText
    t =   166.40s Find the "Copy action" StaticText
ACE_A11Y_ISSUE {"auditType":"XCUIAccessibilityAuditType(rawValue: 131072)","compactDescription":"Text clipped","detailedDescription":"Text of this SwiftUI.AccessibilityNode may be clipped at larger Dynamic Type sizes.","element":{"frame":{"height":58,"width":155,"x":56,"y":601.66666666666652},"identifier":"","label":"Copy action","type":"XCUIElementType(rawValue: 48)"},"scenario":"copyConfirmation-after-copy"}
    t =   166.59s Find the Any (Descendant with identity binding to AX element pid: 57482, elementOrHash.elementID: 4484863920.164)
    t =   166.75s Checking existence of `"Copy action" StaticText`
    t =   166.88s Find the "Copy action" StaticText
LOCAL_HOME/Developer/sqe-platform-native-list-trial/ios/ACEClientApp/ACEClientAppUITests/ACEClientAppUITests.swift:703: error: -[ACEClientAppUITests.ACEClientAppUITests testFictionalReleaseHasApprovedCopyControls] : Text clipped
    t =   167.08s Find the Any (Descendant with identity binding to AX element pid: 57482, elementOrHash.elementID: 4418084208.180)
    t =   167.23s Find the "Action 1" StaticText
    t =   167.38s Find the "Action 1" StaticText
    t =   167.61s Find the "Action 1" StaticText
    t =   167.77s Find the "Action 1" StaticText
ACE_A11Y_ISSUE {"auditType":"XCUIAccessibilityAuditType(rawValue: 1)","compactDescription":"Contrast nearly passed","detailedDescription":"Contrast is not high enough for SwiftUI.AccessibilityNode unless font size is larger.","element":{"frame":{"height":40.333333333333343,"width":368,"x":36,"y":248.99999999999991},"identifier":"","label":"Action 1","type":"XCUIElementType(rawValue: 48)"},"scenario":"copyConfirmation-after-copy"}
    t =   167.89s Find the Any (Descendant with identity binding to AX element pid: 57482, elementOrHash.elementID: 4418084208.180)
    t =   168.05s Checking existence of `"Action 1" StaticText`
    t =   168.17s Find the "Action 1" StaticText
LOCAL_HOME/Developer/sqe-platform-native-list-trial/ios/ACEClientApp/ACEClientAppUITests/ACEClientAppUITests.swift:703: error: -[ACEClientAppUITests.ACEClientAppUITests testFictionalReleaseHasApprovedCopyControls] : Contrast nearly passed
    t =   168.43s Terminate com.example.aceclientapp:57482
    t =   169.55s Tear Down
Test Case '-[ACEClientAppUITests.ACEClientAppUITests testFictionalReleaseHasApprovedCopyControls]' failed (169.803 seconds).
Test Suite 'ACEClientAppUITests' failed at 2026-09-15 07:13:40.536.
	 Executed 1 test, with 43 failures (0 unexpected) in 169.803 (169.820) seconds
Test Suite 'ACEClientAppUITests.xctest' failed at 2026-09-15 07:13:40.538.
	 Executed 1 test, with 43 failures (0 unexpected) in 169.803 (169.822) seconds
Test Suite 'Selected tests' failed at 2026-09-15 07:13:40.540.
	 Executed 1 test, with 43 failures (0 unexpected) in 169.803 (169.826) seconds

Test session results, code coverage, and logs:
	LOCAL_HOME/ace-private/mcx19b-implementation-20260914/native-list-comparison-20260915/trial-runs/20260914T210910Z-selected-7df45149c79d/selected.xcresult

Testing started
2026-09-15 07:10:39.227 xcodebuild[57189:3159323] [MT] IDERunDestination: Supported platforms for the buildables in the current scheme is empty.
2026-09-15 07:10:39.266 xcodebuild[57189:3159323] [MT] IDERunDestination: Supported platforms for the buildables in the current scheme is empty.
2026-09-15 07:10:40.208 xcodebuild[57189:3159323] [MT] IDERunDestination: Supported platforms for the buildables in the current scheme is empty.
2026-09-15 07:10:51.254 xcodebuild[57189:3159323] [MT] IDELaunchParametersSnapshot: The operation couldn’t be completed. (DebuggerLLDB.DebuggerVersionStore.StoreError error 0.)
2026-09-15 07:10:51.254 xcodebuild[57189:3159323] [MT] IDELaunchParametersSnapshot: no debugger version
2026-09-15 07:12:50.338 xcodebuild[57189:3159323] [MT] IDELaunchParametersSnapshot: The operation couldn’t be completed. (DebuggerLLDB.DebuggerVersionStore.StoreError error 0.)
2026-09-15 07:12:50.338 xcodebuild[57189:3159323] [MT] IDELaunchParametersSnapshot: no debugger version
2026-09-15 07:14:39.743 xcodebuild[57189:3159323] [MT] IDETestOperationsObserverDebug: 239.502 elapsed -- Testing started completed.
2026-09-15 07:14:39.743 xcodebuild[57189:3159323] [MT] IDETestOperationsObserverDebug: 0.000 sec, +0.000 sec -- start
2026-09-15 07:14:39.744 xcodebuild[57189:3159323] [MT] IDETestOperationsObserverDebug: 239.502 sec, +239.502 sec -- end
** TEST EXECUTE FAILED **

