Command line invocation:
    /Applications/Xcode.app/Contents/Developer/usr/bin/xcodebuild test-without-building -xctestrun LOCAL_HOME/ace-private/mcx19b-orientation-repair-20260915/10-target-size-diagnosis/native-target-probe/native-settings/001-set/ACEClientAppUITests.xctestrun -destination id=2EB0863C-470E-467D-A0C6-CD216DA70C67 -parallel-testing-enabled NO "-only-testing:ACEClientAppUITests/ACEClientAppUITests/testConfigureAccessibilitySettings" -resultBundlePath LOCAL_HOME/ace-private/mcx19b-orientation-repair-20260915/10-target-size-diagnosis/native-target-probe/native-settings/001-set/result.xcresult

Writing result bundle at path:
	LOCAL_HOME/ace-private/mcx19b-orientation-repair-20260915/10-target-size-diagnosis/native-target-probe/native-settings/001-set/result.xcresult

2026-09-15 22:33:06.373049+1000 ACEClientAppUITests-Runner[72404:5215542] [Default] Running tests...
    t =      nans Interface orientation changed to Portrait
Test Suite 'Selected tests' started at 2026-09-15 22:33:10.262.
Test Suite 'ACEClientAppUITests.xctest' started at 2026-09-15 22:33:10.264.
Test Suite 'ACEClientAppUITests' started at 2026-09-15 22:33:10.265.
Test Case '-[ACEClientAppUITests.ACEClientAppUITests testConfigureAccessibilitySettings]' started.
    t =     0.01s Start Test at 2026-09-15 22:33:10.274
    t =     0.23s Set Up
    t =     0.27s Open com.example.aceclientapp
    t =     0.27s     Launch com.example.aceclientapp
    t =     2.18s         Setting up automation session
    t =     6.29s         Wait for com.example.aceclientapp to idle
    t =     8.90s Waiting 5.0s for "Effective interface style" Any to exist
    t =     9.98s     Checking `Expect predicate `existsNoRetry == 1` for object "Effective interface style" Any`
    t =     9.98s         Checking existence of `"Effective interface style" Any`
    t =    11.25s Find the "Effective interface style" Any
    t =    11.31s Find the "Effective interface style" ScrollView
    t =    11.36s Terminate com.example.aceclientapp:72419
    t =    12.37s Setting device orientation to Portrait
    t =    12.38s     Device orientation changed to Portrait
    t =    12.42s     Wait for com.apple.springboard to idle
    t =    12.58s Open com.example.aceclientapp
    t =    12.58s     Launch com.example.aceclientapp
    t =    13.46s         Setting up automation session
    t =    17.18s         Wait for com.example.aceclientapp to idle
    t =    19.65s Waiting 5.0s for "Effective interface style" Any to exist
    t =    20.72s     Checking `Expect predicate `existsNoRetry == 1` for object "Effective interface style" Any`
    t =    20.72s         Checking existence of `"Effective interface style" Any`
    t =    21.93s Find the "Effective interface style" Any
    t =    21.99s Find the "Effective interface style" ScrollView
ACE_ORIENTATION_READ_STARTED {"requested":"portrait"}
    t =    22.04s Find the Target Application 'com.example.aceclientapp'
ACE_ORIENTATION_FRAME {"elapsedReadSeconds":0.077960876020370051,"frame":{"height":"874.0","width":"402.0","x":"0.0","y":"0.0"},"outcome":"match","requested":"portrait"}
ACE_SETTINGS_RESULT {"mode":"set","observed":{"boldText":false,"increaseContrast":false,"orientation":"portrait","reduceMotion":false}}
    t =    22.12s Terminate com.example.aceclientapp:72438
    t =    23.22s Tear Down
Test Case '-[ACEClientAppUITests.ACEClientAppUITests testConfigureAccessibilitySettings]' passed (23.304 seconds).
Test Suite 'ACEClientAppUITests' passed at 2026-09-15 22:33:33.578.
	 Executed 1 test, with 0 failures (0 unexpected) in 23.304 (23.313) seconds
Test Suite 'ACEClientAppUITests.xctest' passed at 2026-09-15 22:33:33.581.
	 Executed 1 test, with 0 failures (0 unexpected) in 23.304 (23.316) seconds
Test Suite 'Selected tests' passed at 2026-09-15 22:33:33.583.
	 Executed 1 test, with 0 failures (0 unexpected) in 23.304 (23.321) seconds

Test session results, code coverage, and logs:
	LOCAL_HOME/ace-private/mcx19b-orientation-repair-20260915/10-target-size-diagnosis/native-target-probe/native-settings/001-set/result.xcresult

** TEST EXECUTE SUCCEEDED **

Testing started
2026-09-15 22:32:59.051 xcodebuild[72389:5215029] [MT] IDERunDestination: Supported platforms for the buildables in the current scheme is empty.
2026-09-15 22:32:59.078 xcodebuild[72389:5215029] [MT] IDERunDestination: Supported platforms for the buildables in the current scheme is empty.
2026-09-15 22:33:00.009 xcodebuild[72389:5215029] [MT] IDERunDestination: Supported platforms for the buildables in the current scheme is empty.
2026-09-15 22:33:00.186 xcodebuild[72389:5215029] [MT] IDERunDestination: Supported platforms for the buildables in the current scheme is empty.
2026-09-15 22:33:10.760 xcodebuild[72389:5215029] [MT] IDELaunchParametersSnapshot: The operation couldn’t be completed. (DebuggerLLDB.DebuggerVersionStore.StoreError error 0.)
2026-09-15 22:33:10.761 xcodebuild[72389:5215029] [MT] IDELaunchParametersSnapshot: no debugger version
2026-09-15 22:33:22.862 xcodebuild[72389:5215029] [MT] IDELaunchParametersSnapshot: The operation couldn’t be completed. (DebuggerLLDB.DebuggerVersionStore.StoreError error 0.)
2026-09-15 22:33:22.862 xcodebuild[72389:5215029] [MT] IDELaunchParametersSnapshot: no debugger version
2026-09-15 22:33:33.980 xcodebuild[72389:5215029] [MT] IDETestOperationsObserverDebug: 33.787 elapsed -- Testing started completed.
2026-09-15 22:33:33.981 xcodebuild[72389:5215029] [MT] IDETestOperationsObserverDebug: 0.000 sec, +0.000 sec -- start
2026-09-15 22:33:33.981 xcodebuild[72389:5215029] [MT] IDETestOperationsObserverDebug: 33.787 sec, +33.787 sec -- end
