Command line invocation:
    /Applications/Xcode.app/Contents/Developer/usr/bin/xcodebuild test-without-building -xctestrun LOCAL_HOME/ace-private/mcx19b-implementation-20260914/action-copy-20260915/runs/20260914T195338Z-selected-847909b2c9d1/selected.xctestrun -destination id=D1BAA05C-52DD-4E57-832F-C0A75718E085 -parallel-testing-enabled NO "-only-testing:ACEClientAppUITests/ACEClientAppUITests/testCompleteActionClipboardPastesExactly" -resultBundlePath LOCAL_HOME/ace-private/mcx19b-implementation-20260914/action-copy-20260915/runs/20260914T195338Z-selected-847909b2c9d1/selected.xcresult

Writing result bundle at path:
	LOCAL_HOME/ace-private/mcx19b-implementation-20260914/action-copy-20260915/runs/20260914T195338Z-selected-847909b2c9d1/selected.xcresult

2026-09-15 05:55:27.976729+1000 ACEClientAppUITests-Runner[46835:2999872] [Default] Running tests...
    t =      nans Interface orientation changed to Portrait
Test Suite 'Selected tests' started at 2026-09-15 05:55:32.166.
Test Suite 'ACEClientAppUITests.xctest' started at 2026-09-15 05:55:32.168.
Test Suite 'ACEClientAppUITests' started at 2026-09-15 05:55:32.168.
Test Case '-[ACEClientAppUITests.ACEClientAppUITests testCompleteActionClipboardPastesExactly]' started.
    t =     0.01s Start Test at 2026-09-15 05:55:32.177
    t =     0.39s Set Up
    t =     0.41s Open com.example.aceclientapp
    t =     0.42s     Launch com.example.aceclientapp
    t =     3.68s         Setting up automation session
    t =    10.16s         Wait for com.example.aceclientapp to idle
    t =    13.90s Waiting 5.0s for "Username" TextField to exist
    t =    14.97s     Checking `Expect predicate `existsNoRetry == 1` for object "Username" TextField`
    t =    14.97s         Checking existence of `"Username" TextField`
    t =    15.44s Tap "Username" TextField
    t =    15.44s     Wait for com.example.aceclientapp to idle
    t =    15.46s     Find the "Username" TextField
    t =    15.54s     Check for interrupting elements affecting "Username" TextField
    t =    15.67s     Synthesize event
    t =    16.06s     Wait for com.example.aceclientapp to idle
    t =    16.24s Type 'FictionalClipboard...' into "Username" TextField
    t =    16.25s     Wait for com.example.aceclientapp to idle
    t =    16.26s     Find the "Username" TextField
    t =    16.37s     Check for interrupting elements affecting "Username" TextField
    t =    16.46s     Synthesize event
    t =    16.47s         Get number of matches for: Elements containing elements matching predicate 'hasKeyboardFocus == 1'
    t =    16.54s         Requesting snapshot of accessibility hierarchy for app with pid 46852
    t =    16.67s         Find: Descendants matching type TextField
    t =    16.67s         Find: Elements matching predicate '"Username" IN identifiers'
    t =    17.06s         Requesting snapshot of accessibility hierarchy for app with pid 46852
    t =    17.16s         Find: Descendants matching type TextField
    t =    17.16s         Find: Elements matching predicate '"Username" IN identifiers'
    t =    17.17s         Requesting snapshot of accessibility hierarchy for app with pid 46852
    t =    17.25s         Find: Descendants matching type TextField
    t =    17.25s         Requesting snapshot of accessibility hierarchy for app with pid 46852
    t =    17.40s         Requesting snapshot of accessibility hierarchy for app with pid 46852
    t =    17.50s         Find: Descendants matching type TextField
    t =    17.50s         Find: Elements matching predicate '"Username" IN identifiers'
    t =    17.83s         Requesting snapshot of accessibility hierarchy for app with pid 46852
    t =    17.93s         Find: Descendants matching type TextField
    t =    17.94s         Find: Elements matching predicate '"Username" IN identifiers'
    t =    17.94s         Requesting snapshot of accessibility hierarchy for app with pid 46852
    t =    18.04s         Find: Descendants matching type TextField
    t =    18.05s         Requesting snapshot of accessibility hierarchy for app with pid 46852
    t =    18.19s         Failed: Neither element nor any descendant has keyboard focus. Event dispatch snapshot: TextField, {{56.0, 255.7}, {328.0, 22.0}}, label: 'Username', placeholderValue: 'Username'
Element debug description:
Attributes: TextField, 0x105b0b8a0, {{56.0, 255.7}, {328.0, 22.0}}, label: 'Username', placeholderValue: 'Username'
Element subtree:
 →TextField, 0x105b0b8a0, {{56.0, 255.7}, {328.0, 22.0}}, label: 'Username', placeholderValue: 'Username'
Path to element:
 →Application, 0x102112e60, pid: 46852, label: 'ACE Client'
  ↳Window (Main), 0x102114f00, {{0.0, 0.0}, {440.0, 956.0}}
   ↳Other, 0x102115c20, {{0.0, 0.0}, {440.0, 956.0}}
    ↳Other, 0x10211c0c0, {{0.0, 0.0}, {440.0, 956.0}}
     ↳Other, 0x102115ad0, {{0.0, 0.0}, {440.0, 956.0}}
      ↳Other, 0x102115020, {{0.0, 0.0}, {440.0, 956.0}}
       ↳CollectionView, 0x10211c1e0, {{16.0, 114.3}, {408.0, 791.7}}
        ↳Cell, 0x10211c7c0, {{36.0, 240.7}, {368.0, 52.0}}
         ↳Other, 0x105b062c0, {{36.0, 240.7}, {368.0, 52.0}}
          ↳Other, 0x105b0a130, {{36.0, 240.7}, {368.0, 52.0}}
           ↳Other, 0x105b0b780, {{36.0, 240.7}, {368.0, 52.0}}
            ↳TextField, 0x105b0b8a0, {{56.0, 255.7}, {328.0, 22.0}}, label: 'Username', placeholderValue: 'Username'
Query chain:
 →Find: Target Application 'com.example.aceclientapp'
  Output: {
    Application, 0x10be05270, pid: 46852, label: 'ACE Client'
  }
  ↪︎Find: Descendants matching type TextField
    Output: {
      TextField, 0x101e1edd0, {{56.0, 255.7}, {328.0, 22.0}}, label: 'Username', placeholderValue: 'Username'
    }
    ↪︎Find: Elements matching predicate '"Username" IN identifiers'
      Output: {
        TextField, 0x102617c40, {{56.0, 255.7}, {328.0, 22.0}}, label: 'Username', placeholderValue: 'Username'
      }

    t =    18.20s     Wait for com.example.aceclientapp to idle
    t =    19.22s     Retrying `Type 'FictionalClipboard...' into "Username" TextField` (attempt #2)
    t =    19.22s         Wait for com.example.aceclientapp to idle
    t =    19.23s         Find the "Username" TextField
    t =    19.30s         Check for interrupting elements affecting "Username" TextField
    t =    19.41s         Synthesize event
    t =    19.42s             Get number of matches for: Elements containing elements matching predicate 'hasKeyboardFocus == 1'
    t =    19.49s             Requesting snapshot of accessibility hierarchy for app with pid 46852
    t =    19.58s             Find: Descendants matching type TextField
    t =    19.58s             Find: Elements matching predicate '"Username" IN identifiers'
    t =    19.88s             Requesting snapshot of accessibility hierarchy for app with pid 46852
    t =    19.98s             Find: Descendants matching type TextField
    t =    19.98s             Find: Elements matching predicate '"Username" IN identifiers'
    t =    19.99s             Requesting snapshot of accessibility hierarchy for app with pid 46852
    t =    20.09s             Find: Descendants matching type TextField
    t =    20.09s             Requesting snapshot of accessibility hierarchy for app with pid 46852
    t =    20.22s             Requesting snapshot of accessibility hierarchy for app with pid 46852
    t =    20.30s             Find: Descendants matching type TextField
    t =    20.30s             Find: Elements matching predicate '"Username" IN identifiers'
    t =    20.60s             Requesting snapshot of accessibility hierarchy for app with pid 46852
    t =    20.70s             Find: Descendants matching type TextField
    t =    20.71s             Find: Elements matching predicate '"Username" IN identifiers'
    t =    20.72s             Requesting snapshot of accessibility hierarchy for app with pid 46852
    t =    20.83s             Find: Descendants matching type TextField
    t =    20.84s             Requesting snapshot of accessibility hierarchy for app with pid 46852
    t =    20.97s             Failed: Neither element nor any descendant has keyboard focus. Event dispatch snapshot: TextField, {{56.0, 255.7}, {328.0, 22.0}}, label: 'Username', placeholderValue: 'Username'
Element debug description:
Attributes: TextField, 0x10581a800, {{56.0, 255.7}, {328.0, 22.0}}, label: 'Username', placeholderValue: 'Username'
Element subtree:
 →TextField, 0x10581a800, {{56.0, 255.7}, {328.0, 22.0}}, label: 'Username', placeholderValue: 'Username'
Path to element:
 →Application, 0x10580c150, pid: 46852, label: 'ACE Client'
  ↳Window (Main), 0x105817590, {{0.0, 0.0}, {440.0, 956.0}}
   ↳Other, 0x105817950, {{0.0, 0.0}, {440.0, 956.0}}
    ↳Other, 0x105817a70, {{0.0, 0.0}, {440.0, 956.0}}
     ↳Other, 0x1058176b0, {{0.0, 0.0}, {440.0, 956.0}}
      ↳Other, 0x1058177d0, {{0.0, 0.0}, {440.0, 956.0}}
       ↳CollectionView, 0x105817b90, {{16.0, 114.3}, {408.0, 791.7}}
        ↳Cell, 0x10581a140, {{36.0, 240.7}, {368.0, 52.0}}
         ↳Other, 0x10581a4a0, {{36.0, 240.7}, {368.0, 52.0}}
          ↳Other, 0x10581a5c0, {{36.0, 240.7}, {368.0, 52.0}}
           ↳Other, 0x10581a6e0, {{36.0, 240.7}, {368.0, 52.0}}
            ↳TextField, 0x10581a800, {{56.0, 255.7}, {328.0, 22.0}}, label: 'Username', placeholderValue: 'Username'
Query chain:
 →Find: Target Application 'com.example.aceclientapp'
  Output: {
    Application, 0x102721fb0, pid: 46852, label: 'ACE Client'
  }
  ↪︎Find: Descendants matching type TextField
    Output: {
      TextField, 0x105a18aa0, {{56.0, 255.7}, {328.0, 22.0}}, label: 'Username', placeholderValue: 'Username'
    }
    ↪︎Find: Elements matching predicate '"Username" IN identifiers'
      Output: {
        TextField, 0x101e18de0, {{56.0, 255.7}, {328.0, 22.0}}, label: 'Username', placeholderValue: 'Username'
      }

    t =    20.98s         Wait for com.example.aceclientapp to idle
    t =    22.00s     Retrying `Type 'FictionalClipboard...' into "Username" TextField` (attempt #3)
    t =    22.00s         Wait for com.example.aceclientapp to idle
    t =    22.01s         Find the "Username" TextField
    t =    22.08s         Check for interrupting elements affecting "Username" TextField
    t =    22.17s         Synthesize event
    t =    22.18s             Get number of matches for: Elements containing elements matching predicate 'hasKeyboardFocus == 1'
    t =    22.26s             Requesting snapshot of accessibility hierarchy for app with pid 46852
    t =    22.34s             Find: Descendants matching type TextField
    t =    22.35s             Find: Elements matching predicate '"Username" IN identifiers'
    t =    22.57s             Requesting snapshot of accessibility hierarchy for app with pid 46852
    t =    22.65s             Find: Descendants matching type TextField
    t =    22.66s             Find: Elements matching predicate '"Username" IN identifiers'
    t =    22.66s             Requesting snapshot of accessibility hierarchy for app with pid 46852
    t =    22.78s             Find: Descendants matching type TextField
    t =    22.80s             Requesting snapshot of accessibility hierarchy for app with pid 46852
    t =    23.04s             Requesting snapshot of accessibility hierarchy for app with pid 46852
    t =    23.14s             Find: Descendants matching type TextField
    t =    23.14s             Find: Elements matching predicate '"Username" IN identifiers'
    t =    23.41s             Requesting snapshot of accessibility hierarchy for app with pid 46852
    t =    23.57s             Find: Descendants matching type TextField
    t =    23.57s             Find: Elements matching predicate '"Username" IN identifiers'
    t =    23.58s             Requesting snapshot of accessibility hierarchy for app with pid 46852
    t =    23.70s             Find: Descendants matching type TextField
    t =    23.71s             Requesting snapshot of accessibility hierarchy for app with pid 46852
    t =    23.83s             Failed: Neither element nor any descendant has keyboard focus. Event dispatch snapshot: TextField, {{56.0, 255.7}, {328.0, 22.0}}, label: 'Username', placeholderValue: 'Username'
Element debug description:
Attributes: TextField, 0x102723dd0, {{56.0, 255.7}, {328.0, 22.0}}, label: 'Username', placeholderValue: 'Username'
Element subtree:
 →TextField, 0x102723dd0, {{56.0, 255.7}, {328.0, 22.0}}, label: 'Username', placeholderValue: 'Username'
Path to element:
 →Application, 0x102705a70, pid: 46852, label: 'ACE Client'
  ↳Window (Main), 0x1027191b0, {{0.0, 0.0}, {440.0, 956.0}}
   ↳Other, 0x10271c030, {{0.0, 0.0}, {440.0, 956.0}}
    ↳Other, 0x1027228a0, {{0.0, 0.0}, {440.0, 956.0}}
     ↳Other, 0x10272e4c0, {{0.0, 0.0}, {440.0, 956.0}}
      ↳Other, 0x102715900, {{0.0, 0.0}, {440.0, 956.0}}
       ↳CollectionView, 0x102722c30, {{16.0, 114.3}, {408.0, 791.7}}
        ↳Cell, 0x10271ec90, {{36.0, 240.7}, {368.0, 52.0}}
         ↳Other, 0x10271fed0, {{36.0, 240.7}, {368.0, 52.0}}
          ↳Other, 0x102720a80, {{36.0, 240.7}, {368.0, 52.0}}
           ↳Other, 0x10271f010, {{36.0, 240.7}, {368.0, 52.0}}
            ↳TextField, 0x102723dd0, {{56.0, 255.7}, {328.0, 22.0}}, label: 'Username', placeholderValue: 'Username'
Query chain:
 →Find: Target Application 'com.example.aceclientapp'
  Output: {
    Application, 0x105826cf0, pid: 46852, label: 'ACE Client'
  }
  ↪︎Find: Descendants matching type TextField
    Output: {
      TextField, 0x10be09a20, {{56.0, 255.7}, {328.0, 22.0}}, label: 'Username', placeholderValue: 'Username'
    }
    ↪︎Find: Elements matching predicate '"Username" IN identifiers'
      Output: {
        TextField, 0x105827550, {{56.0, 255.7}, {328.0, 22.0}}, label: 'Username', placeholderValue: 'Username'
      }

    t =    23.84s         Wait for com.example.aceclientapp to idle
    t =    23.86s     Requesting snapshot of accessibility hierarchy for app with pid 46852
LOCAL_HOME/Developer/sqe-platform-release-layout/ios/ACEClientApp/ACEClientAppUITests/ACEClientAppUITests.swift:514: error: -[ACEClientAppUITests.ACEClientAppUITests testCompleteActionClipboardPastesExactly] : Failed to synthesize event: Neither element nor any descendant has keyboard focus. Event dispatch snapshot: TextField, {{56.0, 255.7}, {328.0, 22.0}}, label: 'Username', placeholderValue: 'Username'
Element debug description:
Attributes: TextField, 0x102723dd0, {{56.0, 255.7}, {328.0, 22.0}}, label: 'Username', placeholderValue: 'Username'
Element subtree:
 →TextField, 0x102723dd0, {{56.0, 255.7}, {328.0, 22.0}}, label: 'Username', placeholderValue: 'Username'
Path to element:
 →Application, 0x102705a70, pid: 46852, label: 'ACE Client'
  ↳Window (Main), 0x1027191b0, {{0.0, 0.0}, {440.0, 956.0}}
   ↳Other, 0x10271c030, {{0.0, 0.0}, {440.0, 956.0}}
    ↳Other, 0x1027228a0, {{0.0, 0.0}, {440.0, 956.0}}
     ↳Other, 0x10272e4c0, {{0.0, 0.0}, {440.0, 956.0}}
      ↳Other, 0x102715900, {{0.0, 0.0}, {440.0, 956.0}}
       ↳CollectionView, 0x102722c30, {{16.0, 114.3}, {408.0, 791.7}}
        ↳Cell, 0x10271ec90, {{36.0, 240.7}, {368.0, 52.0}}
         ↳Other, 0x10271fed0, {{36.0, 240.7}, {368.0, 52.0}}
          ↳Other, 0x102720a80, {{36.0, 240.7}, {368.0, 52.0}}
           ↳Other, 0x10271f010, {{36.0, 240.7}, {368.0, 52.0}}
            ↳TextField, 0x102723dd0, {{56.0, 255.7}, {328.0, 22.0}}, label: 'Username', placeholderValue: 'Username'
Query chain:
 →Find: Target Application 'com.example.aceclientapp'
  Output: {
    Application, 0x105826cf0, pid: 46852, label: 'ACE Client'
  }
  ↪︎Find: Descendants matching type TextField
    Output: {
      TextField, 0x10be09a20, {{56.0, 255.7}, {328.0, 22.0}}, label: 'Username', placeholderValue: 'Username'
    }
    ↪︎Find: Elements matching predicate '"Username" IN identifiers'
      Output: {
        TextField, 0x105827550, {{56.0, 255.7}, {328.0, 22.0}}, label: 'Username', placeholderValue: 'Username'
      }

    t =    24.29s Tear Down
Test Case '-[ACEClientAppUITests.ACEClientAppUITests testCompleteActionClipboardPastesExactly]' failed (24.618 seconds).
Test Suite 'ACEClientAppUITests' failed at 2026-09-15 05:55:56.794.
	 Executed 1 test, with 1 failure (0 unexpected) in 24.618 (24.625) seconds
Test Suite 'ACEClientAppUITests.xctest' failed at 2026-09-15 05:55:56.796.
	 Executed 1 test, with 1 failure (0 unexpected) in 24.618 (24.628) seconds
Test Suite 'Selected tests' failed at 2026-09-15 05:55:56.798.
	 Executed 1 test, with 1 failure (0 unexpected) in 24.618 (24.631) seconds

Test session results, code coverage, and logs:
	LOCAL_HOME/ace-private/mcx19b-implementation-20260914/action-copy-20260915/runs/20260914T195338Z-selected-847909b2c9d1/selected.xcresult

Testing started
2026-09-15 05:55:19.901 xcodebuild[46809:2999141] [MT] IDERunDestination: Supported platforms for the buildables in the current scheme is empty.
2026-09-15 05:55:19.946 xcodebuild[46809:2999141] [MT] IDERunDestination: Supported platforms for the buildables in the current scheme is empty.
2026-09-15 05:55:21.201 xcodebuild[46809:2999141] [MT] IDERunDestination: Supported platforms for the buildables in the current scheme is empty.
2026-09-15 05:55:26.680 xcodebuild[46809:2999141] [MT] IDERunDestination: Supported platforms for the buildables in the current scheme is empty.
2026-09-15 05:55:33.546 xcodebuild[46809:2999141] [MT] IDELaunchParametersSnapshot: The operation couldn’t be completed. (DebuggerLLDB.DebuggerVersionStore.StoreError error 0.)
2026-09-15 05:55:33.546 xcodebuild[46809:2999141] [MT] IDELaunchParametersSnapshot: no debugger version
2026-09-15 05:56:12.630 xcodebuild[46809:2999141] [MT] IDERunDestination: Supported platforms for the buildables in the current scheme is empty.
2026-09-15 05:56:58.565 xcodebuild[46809:2999141] [MT] IDETestOperationsObserverDebug: 97.359 elapsed -- Testing started completed.
2026-09-15 05:56:58.565 xcodebuild[46809:2999141] [MT] IDETestOperationsObserverDebug: 0.000 sec, +0.000 sec -- start
2026-09-15 05:56:58.565 xcodebuild[46809:2999141] [MT] IDETestOperationsObserverDebug: 97.359 sec, +97.359 sec -- end
** TEST EXECUTE FAILED **

