Command line invocation:
    /Applications/Xcode.app/Contents/Developer/usr/bin/xcodebuild test-without-building -xctestrun "LOCAL_HOME/ace-private/mcx19b-orientation-repair-20260915/09-signin-scroll-diagnosis/native-capture-evidence-gate/positive/native-settings/iPhone 17-restore-failure/ACEClientAppUITests.xctestrun" -destination id=2EB0863C-470E-467D-A0C6-CD216DA70C67 -parallel-testing-enabled NO "-only-testing:ACEClientAppUITests/ACEClientAppUITests/testConfigureAccessibilitySettings" -resultBundlePath "LOCAL_HOME/ace-private/mcx19b-orientation-repair-20260915/09-signin-scroll-diagnosis/native-capture-evidence-gate/positive/native-settings/iPhone 17-restore-failure/result.xcresult"

Writing result bundle at path:
	LOCAL_HOME/ace-private/mcx19b-orientation-repair-20260915/09-signin-scroll-diagnosis/native-capture-evidence-gate/positive/native-settings/iPhone 17-restore-failure/result.xcresult

2026-09-15 22:21:42.367304+1000 ACEClientAppUITests-Runner[70775:5186021] [Default] Running tests...
    t =      nans Interface orientation changed to Portrait
Test Suite 'Selected tests' started at 2026-09-15 22:21:47.059.
Test Suite 'ACEClientAppUITests.xctest' started at 2026-09-15 22:21:47.062.
Test Suite 'ACEClientAppUITests' started at 2026-09-15 22:21:47.064.
Test Case '-[ACEClientAppUITests.ACEClientAppUITests testConfigureAccessibilitySettings]' started.
    t =     0.02s Start Test at 2026-09-15 22:21:47.086
    t =     0.25s Set Up
    t =     0.27s Open com.example.aceclientapp
    t =     0.27s     Launch com.example.aceclientapp
    t =     2.43s         Setting up automation session
    t =     7.33s         Wait for com.example.aceclientapp to idle
    t =     9.99s Waiting 5.0s for "Effective interface style" Any to exist
    t =    11.04s     Checking `Expect predicate `existsNoRetry == 1` for object "Effective interface style" Any`
    t =    11.05s         Checking existence of `"Effective interface style" Any`
    t =    12.26s Find the "Effective interface style" Any
    t =    12.33s Find the "Effective interface style" ScrollView
    t =    12.38s Terminate com.example.aceclientapp:70788
    t =    14.48s Setting device orientation to Portrait
    t =    14.56s     Wait for com.apple.springboard to idle
    t =    14.58s Open com.example.aceclientapp
    t =    14.59s     Launch com.example.aceclientapp
    t =    15.45s         Setting up automation session
    t =    20.39s         Wait for com.example.aceclientapp to idle
    t =    23.29s Waiting 5.0s for "Effective interface style" Any to exist
    t =    24.36s     Checking `Expect predicate `existsNoRetry == 1` for object "Effective interface style" Any`
    t =    24.36s         Checking existence of `"Effective interface style" Any`
    t =    25.76s Find the "Effective interface style" Any
    t =    25.83s Find the "Effective interface style" ScrollView
ACE_ORIENTATION_READ_STARTED {"requested":"portrait"}
    t =    25.88s Find the Target Application 'com.example.aceclientapp'
ACE_ORIENTATION_FRAME {"elapsedReadSeconds":0.097075119992950931,"frame":{"height":"874.0","width":"402.0","x":"0.0","y":"0.0"},"outcome":"match","requested":"portrait"}
ACE_SETTINGS_RESULT {"mode":"set","observed":{"boldText":false,"increaseContrast":false,"orientation":"portrait","reduceMotion":false}}
    t =    25.98s Terminate com.example.aceclientapp:70802
    t =    27.06s Tear Down
Test Case '-[ACEClientAppUITests.ACEClientAppUITests testConfigureAccessibilitySettings]' passed (27.602 seconds).
Test Suite 'ACEClientAppUITests' passed at 2026-09-15 22:22:14.687.
	 Executed 1 test, with 0 failures (0 unexpected) in 27.602 (27.623) seconds
Test Suite 'ACEClientAppUITests.xctest' passed at 2026-09-15 22:22:14.689.
	 Executed 1 test, with 0 failures (0 unexpected) in 27.602 (27.627) seconds
Test Suite 'Selected tests' passed at 2026-09-15 22:22:14.692.
	 Executed 1 test, with 0 failures (0 unexpected) in 27.602 (27.633) seconds

Test session results, code coverage, and logs:
	LOCAL_HOME/ace-private/mcx19b-orientation-repair-20260915/09-signin-scroll-diagnosis/native-capture-evidence-gate/positive/native-settings/iPhone 17-restore-failure/result.xcresult

** TEST EXECUTE SUCCEEDED **

Testing started
2026-09-15 22:21:35.510 xcodebuild[70759:5185511] [MT] IDERunDestination: Supported platforms for the buildables in the current scheme is empty.
2026-09-15 22:21:35.529 xcodebuild[70759:5185511] [MT] IDERunDestination: Supported platforms for the buildables in the current scheme is empty.
2026-09-15 22:21:36.430 xcodebuild[70759:5185511] [MT] IDERunDestination: Supported platforms for the buildables in the current scheme is empty.
2026-09-15 22:21:47.589 xcodebuild[70759:5185511] [MT] IDELaunchParametersSnapshot: The operation couldn’t be completed. (DebuggerLLDB.DebuggerVersionStore.StoreError error 0.)
2026-09-15 22:21:47.589 xcodebuild[70759:5185511] [MT] IDELaunchParametersSnapshot: no debugger version
2026-09-15 22:22:01.659 xcodebuild[70759:5185511] [MT] IDELaunchParametersSnapshot: The operation couldn’t be completed. (DebuggerLLDB.DebuggerVersionStore.StoreError error 0.)
2026-09-15 22:22:01.659 xcodebuild[70759:5185511] [MT] IDELaunchParametersSnapshot: no debugger version
2026-09-15 22:22:15.113 xcodebuild[70759:5185511] [MT] IDETestOperationsObserverDebug: 38.672 elapsed -- Testing started completed.
2026-09-15 22:22:15.113 xcodebuild[70759:5185511] [MT] IDETestOperationsObserverDebug: 0.000 sec, +0.000 sec -- start
2026-09-15 22:22:15.113 xcodebuild[70759:5185511] [MT] IDETestOperationsObserverDebug: 38.672 sec, +38.672 sec -- end
