Command line invocation:
    /Applications/Xcode.app/Contents/Developer/usr/bin/xcodebuild test-without-building -xctestrun "LOCAL_HOME/ace-private/mcx19b-orientation-repair-20260915/07-scroll-margin-diagnosis/native-focus-v3/native-settings/iPhone 17-restore-batch/ACEClientAppUITests.xctestrun" -destination id=2EB0863C-470E-467D-A0C6-CD216DA70C67 -parallel-testing-enabled NO "-only-testing:ACEClientAppUITests/ACEClientAppUITests/testConfigureAccessibilitySettings" -resultBundlePath "LOCAL_HOME/ace-private/mcx19b-orientation-repair-20260915/07-scroll-margin-diagnosis/native-focus-v3/native-settings/iPhone 17-restore-batch/result.xcresult"

Writing result bundle at path:
	LOCAL_HOME/ace-private/mcx19b-orientation-repair-20260915/07-scroll-margin-diagnosis/native-focus-v3/native-settings/iPhone 17-restore-batch/result.xcresult

2026-09-15 19:51:52.794471+1000 ACEClientAppUITests-Runner[49292:4762265] [Default] Running tests...
    t =      nans Interface orientation changed to Portrait
Test Suite 'Selected tests' started at 2026-09-15 19:51:56.143.
Test Suite 'ACEClientAppUITests.xctest' started at 2026-09-15 19:51:56.145.
Test Suite 'ACEClientAppUITests' started at 2026-09-15 19:51:56.146.
Test Case '-[ACEClientAppUITests.ACEClientAppUITests testConfigureAccessibilitySettings]' started.
    t =     0.01s Start Test at 2026-09-15 19:51:56.160
    t =     0.19s Set Up
    t =     0.22s Open com.example.aceclientapp
    t =     0.22s     Launch com.example.aceclientapp
    t =     1.97s         Setting up automation session
    t =     6.11s         Wait for com.example.aceclientapp to idle
    t =     8.61s Waiting 5.0s for "Effective interface style" Any to exist
    t =     9.65s     Checking `Expect predicate `existsNoRetry == 1` for object "Effective interface style" Any`
    t =     9.65s         Checking existence of `"Effective interface style" Any`
    t =    10.94s Find the "Effective interface style" Any
    t =    11.01s Find the "Effective interface style" ScrollView
    t =    11.06s Terminate com.example.aceclientapp:49317
    t =    12.11s Setting device orientation to Portrait
    t =    12.14s     Wait for com.apple.springboard to idle
    t =    12.16s Open com.example.aceclientapp
    t =    12.17s     Launch com.example.aceclientapp
    t =    13.04s         Setting up automation session
    t =    16.97s         Wait for com.example.aceclientapp to idle
    t =    19.44s Waiting 5.0s for "Effective interface style" Any to exist
    t =    20.50s     Checking `Expect predicate `existsNoRetry == 1` for object "Effective interface style" Any`
    t =    20.50s         Checking existence of `"Effective interface style" Any`
    t =    21.73s Find the "Effective interface style" Any
    t =    21.79s Find the "Effective interface style" ScrollView
ACE_ORIENTATION_READ_STARTED {"requested":"portrait"}
    t =    21.87s Find the Target Application 'com.example.aceclientapp'
ACE_ORIENTATION_FRAME {"elapsedReadSeconds":0.076519952999660745,"frame":{"height":"874.0","width":"402.0","x":"0.0","y":"0.0"},"outcome":"match","requested":"portrait"}
ACE_SETTINGS_RESULT {"mode":"set","observed":{"boldText":false,"increaseContrast":false,"orientation":"portrait","reduceMotion":false}}
    t =    21.95s Terminate com.example.aceclientapp:49337
    t =    22.96s Tear Down
Test Case '-[ACEClientAppUITests.ACEClientAppUITests testConfigureAccessibilitySettings]' passed (23.177 seconds).
Test Suite 'ACEClientAppUITests' passed at 2026-09-15 19:52:19.337.
	 Executed 1 test, with 0 failures (0 unexpected) in 23.177 (23.190) seconds
Test Suite 'ACEClientAppUITests.xctest' passed at 2026-09-15 19:52:19.339.
	 Executed 1 test, with 0 failures (0 unexpected) in 23.177 (23.194) seconds
Test Suite 'Selected tests' passed at 2026-09-15 19:52:19.341.
	 Executed 1 test, with 0 failures (0 unexpected) in 23.177 (23.199) seconds

Test session results, code coverage, and logs:
	LOCAL_HOME/ace-private/mcx19b-orientation-repair-20260915/07-scroll-margin-diagnosis/native-focus-v3/native-settings/iPhone 17-restore-batch/result.xcresult

** TEST EXECUTE SUCCEEDED **

Testing started
2026-09-15 19:51:46.720 xcodebuild[49281:4761862] [MT] IDERunDestination: Supported platforms for the buildables in the current scheme is empty.
2026-09-15 19:51:46.734 xcodebuild[49281:4761862] [MT] IDERunDestination: Supported platforms for the buildables in the current scheme is empty.
2026-09-15 19:51:47.572 xcodebuild[49281:4761862] [MT] IDERunDestination: Supported platforms for the buildables in the current scheme is empty.
2026-09-15 19:51:56.532 xcodebuild[49281:4761862] [MT] IDELaunchParametersSnapshot: The operation couldn’t be completed. (DebuggerLLDB.DebuggerVersionStore.StoreError error 0.)
2026-09-15 19:51:56.532 xcodebuild[49281:4761862] [MT] IDELaunchParametersSnapshot: no debugger version
2026-09-15 19:52:08.318 xcodebuild[49281:4761862] [MT] IDELaunchParametersSnapshot: The operation couldn’t be completed. (DebuggerLLDB.DebuggerVersionStore.StoreError error 0.)
2026-09-15 19:52:08.318 xcodebuild[49281:4761862] [MT] IDELaunchParametersSnapshot: no debugger version
2026-09-15 19:52:19.713 xcodebuild[49281:4761862] [MT] IDETestOperationsObserverDebug: 32.135 elapsed -- Testing started completed.
2026-09-15 19:52:19.713 xcodebuild[49281:4761862] [MT] IDETestOperationsObserverDebug: 0.000 sec, +0.000 sec -- start
2026-09-15 19:52:19.713 xcodebuild[49281:4761862] [MT] IDETestOperationsObserverDebug: 32.135 sec, +32.135 sec -- end
