Command line invocation:
    /Applications/Xcode.app/Contents/Developer/usr/bin/xcodebuild test-without-building -xctestrun "LOCAL_HOME/ace-private/mcx19b-orientation-repair-20260915/05-serial-native-gate/positive/native-settings/iPhone 17 Pro Max-restore-post-boot/ACEClientAppUITests.xctestrun" -destination id=D1BAA05C-52DD-4E57-832F-C0A75718E085 -parallel-testing-enabled NO "-only-testing:ACEClientAppUITests/ACEClientAppUITests/testConfigureAccessibilitySettings" -resultBundlePath "LOCAL_HOME/ace-private/mcx19b-orientation-repair-20260915/05-serial-native-gate/positive/native-settings/iPhone 17 Pro Max-restore-post-boot/result.xcresult"

Writing result bundle at path:
	LOCAL_HOME/ace-private/mcx19b-orientation-repair-20260915/05-serial-native-gate/positive/native-settings/iPhone 17 Pro Max-restore-post-boot/result.xcresult

2026-09-15 18:10:40.951059+1000 ACEClientAppUITests-Runner[36069:4518950] [Default] Running tests...
2026-09-15 18:10:41.105070+1000 ACEClientAppUITests-Runner[36069:4519140] [General] Failed to send CA Event for app launch measurements for ca_event_type: 0 event_name: com.apple.app_launch_measurement.FirstFramePresentationMetric
2026-09-15 18:10:41.148128+1000 ACEClientAppUITests-Runner[36069:4519140] [General] Failed to send CA Event for app launch measurements for ca_event_type: 1 event_name: com.apple.app_launch_measurement.ExtendedLaunchMetrics
    t =      nans Interface orientation changed to Portrait
Test Suite 'Selected tests' started at 2026-09-15 18:10:53.494.
Test Suite 'ACEClientAppUITests.xctest' started at 2026-09-15 18:10:53.497.
Test Suite 'ACEClientAppUITests' started at 2026-09-15 18:10:53.498.
Test Case '-[ACEClientAppUITests.ACEClientAppUITests testConfigureAccessibilitySettings]' started.
    t =     0.01s Start Test at 2026-09-15 18:10:53.506
    t =     0.72s Set Up
    t =     0.75s Open com.example.aceclientapp
    t =     0.75s     Launch com.example.aceclientapp
    t =     3.24s         Setting up automation session
    t =     7.44s         Wait for com.example.aceclientapp to idle
    t =    10.06s Waiting 5.0s for "Effective interface style" Any to exist
    t =    11.15s     Checking `Expect predicate `existsNoRetry == 1` for object "Effective interface style" Any`
    t =    11.15s         Checking existence of `"Effective interface style" Any`
    t =    12.44s Find the "Effective interface style" Any
    t =    12.50s Find the "Effective interface style" ScrollView
    t =    12.56s Terminate com.example.aceclientapp:36108
    t =    13.59s Setting device orientation to Portrait
    t =    13.59s     Device orientation changed to Portrait
    t =    13.64s     Wait for com.apple.springboard to idle
    t =    13.77s Open com.example.aceclientapp
    t =    13.77s     Launch com.example.aceclientapp
    t =    14.42s         Setting up automation session
    t =    18.30s         Wait for com.example.aceclientapp to idle
    t =    20.79s Waiting 5.0s for "Effective interface style" Any to exist
    t =    21.86s     Checking `Expect predicate `existsNoRetry == 1` for object "Effective interface style" Any`
    t =    21.86s         Checking existence of `"Effective interface style" Any`
    t =    23.13s Find the "Effective interface style" Any
    t =    23.19s Find the "Effective interface style" ScrollView
ACE_ORIENTATION_READ_STARTED {"requested":"portrait"}
    t =    23.24s Find the Target Application 'com.example.aceclientapp'
ACE_ORIENTATION_FRAME {"elapsedReadSeconds":0.077011337998555973,"frame":{"height":"956.0","width":"440.0","x":"0.0","y":"0.0"},"outcome":"match","requested":"portrait"}
ACE_SETTINGS_RESULT {"mode":"set","observed":{"boldText":false,"increaseContrast":false,"orientation":"portrait","reduceMotion":false}}
    t =    23.32s Terminate com.example.aceclientapp:36127
    t =    24.33s Tear Down
Test Case '-[ACEClientAppUITests.ACEClientAppUITests testConfigureAccessibilitySettings]' passed (24.557 seconds).
Test Suite 'ACEClientAppUITests' passed at 2026-09-15 18:11:18.063.
	 Executed 1 test, with 0 failures (0 unexpected) in 24.557 (24.565) seconds
Test Suite 'ACEClientAppUITests.xctest' passed at 2026-09-15 18:11:18.065.
	 Executed 1 test, with 0 failures (0 unexpected) in 24.557 (24.568) seconds
Test Suite 'Selected tests' passed at 2026-09-15 18:11:18.067.
	 Executed 1 test, with 0 failures (0 unexpected) in 24.557 (24.573) seconds

Test session results, code coverage, and logs:
	LOCAL_HOME/ace-private/mcx19b-orientation-repair-20260915/05-serial-native-gate/positive/native-settings/iPhone 17 Pro Max-restore-post-boot/result.xcresult

** TEST EXECUTE SUCCEEDED **

Testing started
2026-09-15 18:10:13.244 xcodebuild[36000:4517372] [MT] IDERunDestination: Supported platforms for the buildables in the current scheme is empty.
2026-09-15 18:10:13.288 xcodebuild[36000:4517372] [MT] IDERunDestination: Supported platforms for the buildables in the current scheme is empty.
2026-09-15 18:10:14.907 xcodebuild[36000:4517372] [MT] IDERunDestination: Supported platforms for the buildables in the current scheme is empty.
2026-09-15 18:10:54.411 xcodebuild[36000:4517372] [MT] IDELaunchParametersSnapshot: The operation couldn’t be completed. (DebuggerLLDB.DebuggerVersionStore.StoreError error 0.)
2026-09-15 18:10:54.411 xcodebuild[36000:4517372] [MT] IDELaunchParametersSnapshot: no debugger version
2026-09-15 18:11:07.273 xcodebuild[36000:4517372] [MT] IDELaunchParametersSnapshot: The operation couldn’t be completed. (DebuggerLLDB.DebuggerVersionStore.StoreError error 0.)
2026-09-15 18:11:07.273 xcodebuild[36000:4517372] [MT] IDELaunchParametersSnapshot: no debugger version
2026-09-15 18:11:18.422 xcodebuild[36000:4517372] [MT] IDETestOperationsObserverDebug: 63.484 elapsed -- Testing started completed.
2026-09-15 18:11:18.422 xcodebuild[36000:4517372] [MT] IDETestOperationsObserverDebug: 0.000 sec, +0.000 sec -- start
2026-09-15 18:11:18.422 xcodebuild[36000:4517372] [MT] IDETestOperationsObserverDebug: 63.484 sec, +63.484 sec -- end
