Command line invocation:
    /Applications/Xcode.app/Contents/Developer/usr/bin/xcodebuild test-without-building -xctestrun "LOCAL_HOME/ace-private/mcx19b-orientation-repair-20260915/08-copy-confirmation-diagnosis/native-frame-probe/native-settings/iPhone 17-restore-batch/ACEClientAppUITests.xctestrun" -destination id=2EB0863C-470E-467D-A0C6-CD216DA70C67 -parallel-testing-enabled NO "-only-testing:ACEClientAppUITests/ACEClientAppUITests/testConfigureAccessibilitySettings" -resultBundlePath "LOCAL_HOME/ace-private/mcx19b-orientation-repair-20260915/08-copy-confirmation-diagnosis/native-frame-probe/native-settings/iPhone 17-restore-batch/result.xcresult"

Writing result bundle at path:
	LOCAL_HOME/ace-private/mcx19b-orientation-repair-20260915/08-copy-confirmation-diagnosis/native-frame-probe/native-settings/iPhone 17-restore-batch/result.xcresult

2026-09-15 20:33:11.665476+1000 ACEClientAppUITests-Runner[54556:4863086] [Default] Running tests...
    t =      nans Interface orientation changed to Portrait
Test Suite 'Selected tests' started at 2026-09-15 20:33:14.785.
Test Suite 'ACEClientAppUITests.xctest' started at 2026-09-15 20:33:14.787.
Test Suite 'ACEClientAppUITests' started at 2026-09-15 20:33:14.788.
Test Case '-[ACEClientAppUITests.ACEClientAppUITests testConfigureAccessibilitySettings]' started.
    t =     0.01s Start Test at 2026-09-15 20:33:14.795
    t =     0.22s Set Up
    t =     0.26s Open com.example.aceclientapp
    t =     0.26s     Launch com.example.aceclientapp
    t =     2.13s         Setting up automation session
    t =     6.28s         Wait for com.example.aceclientapp to idle
    t =     8.87s Waiting 5.0s for "Effective interface style" Any to exist
    t =     9.93s     Checking `Expect predicate `existsNoRetry == 1` for object "Effective interface style" Any`
    t =     9.93s         Checking existence of `"Effective interface style" Any`
    t =    11.11s Find the "Effective interface style" Any
    t =    11.20s Find the "Effective interface style" ScrollView
    t =    11.26s Terminate com.example.aceclientapp:54573
    t =    12.30s Setting device orientation to Portrait
    t =    12.34s     Wait for com.apple.springboard to idle
    t =    12.36s Open com.example.aceclientapp
    t =    12.36s     Launch com.example.aceclientapp
    t =    13.01s         Setting up automation session
    t =    16.76s         Wait for com.example.aceclientapp to idle
    t =    19.33s Waiting 5.0s for "Effective interface style" Any to exist
    t =    20.38s     Checking `Expect predicate `existsNoRetry == 1` for object "Effective interface style" Any`
    t =    20.38s         Checking existence of `"Effective interface style" Any`
    t =    21.54s Find the "Effective interface style" Any
    t =    21.60s Find the "Effective interface style" ScrollView
ACE_ORIENTATION_READ_STARTED {"requested":"portrait"}
    t =    21.65s Find the Target Application 'com.example.aceclientapp'
ACE_ORIENTATION_FRAME {"elapsedReadSeconds":0.082335122977383435,"frame":{"height":"874.0","width":"402.0","x":"0.0","y":"0.0"},"outcome":"match","requested":"portrait"}
ACE_SETTINGS_RESULT {"mode":"set","observed":{"boldText":false,"increaseContrast":false,"orientation":"portrait","reduceMotion":false}}
    t =    21.74s Terminate com.example.aceclientapp:54585
    t =    22.81s Tear Down
Test Case '-[ACEClientAppUITests.ACEClientAppUITests testConfigureAccessibilitySettings]' passed (22.939 seconds).
Test Suite 'ACEClientAppUITests' passed at 2026-09-15 20:33:37.734.
	 Executed 1 test, with 0 failures (0 unexpected) in 22.939 (22.945) seconds
Test Suite 'ACEClientAppUITests.xctest' passed at 2026-09-15 20:33:37.735.
	 Executed 1 test, with 0 failures (0 unexpected) in 22.939 (22.948) seconds
Test Suite 'Selected tests' passed at 2026-09-15 20:33:37.737.
	 Executed 1 test, with 0 failures (0 unexpected) in 22.939 (22.952) seconds

Test session results, code coverage, and logs:
	LOCAL_HOME/ace-private/mcx19b-orientation-repair-20260915/08-copy-confirmation-diagnosis/native-frame-probe/native-settings/iPhone 17-restore-batch/result.xcresult

** TEST EXECUTE SUCCEEDED **

Testing started
2026-09-15 20:33:05.427 xcodebuild[54542:4862740] [MT] IDERunDestination: Supported platforms for the buildables in the current scheme is empty.
2026-09-15 20:33:05.441 xcodebuild[54542:4862740] [MT] IDERunDestination: Supported platforms for the buildables in the current scheme is empty.
2026-09-15 20:33:06.268 xcodebuild[54542:4862740] [MT] IDERunDestination: Supported platforms for the buildables in the current scheme is empty.
2026-09-15 20:33:15.214 xcodebuild[54542:4862740] [MT] IDELaunchParametersSnapshot: The operation couldn’t be completed. (DebuggerLLDB.DebuggerVersionStore.StoreError error 0.)
2026-09-15 20:33:15.214 xcodebuild[54542:4862740] [MT] IDELaunchParametersSnapshot: no debugger version
2026-09-15 20:33:27.158 xcodebuild[54542:4862740] [MT] IDELaunchParametersSnapshot: The operation couldn’t be completed. (DebuggerLLDB.DebuggerVersionStore.StoreError error 0.)
2026-09-15 20:33:27.158 xcodebuild[54542:4862740] [MT] IDELaunchParametersSnapshot: no debugger version
2026-09-15 20:33:38.114 xcodebuild[54542:4862740] [MT] IDETestOperationsObserverDebug: 31.836 elapsed -- Testing started completed.
2026-09-15 20:33:38.114 xcodebuild[54542:4862740] [MT] IDETestOperationsObserverDebug: 0.000 sec, +0.000 sec -- start
2026-09-15 20:33:38.114 xcodebuild[54542:4862740] [MT] IDETestOperationsObserverDebug: 31.836 sec, +31.836 sec -- end
