Command line invocation:
    /Applications/Xcode.app/Contents/Developer/usr/bin/xcodebuild test-without-building -xctestrun LOCAL_HOME/ace-private/mcx19b-implementation-20260914/signin-prompts-after-2/batches/000/ACEClientAppUITests.xctestrun -destination id=D1BAA05C-52DD-4E57-832F-C0A75718E085 -parallel-testing-enabled NO "-only-testing:ACEClientAppUITests/ACEClientAppUITests/testCoverageBatch" -resultBundlePath LOCAL_HOME/ace-private/mcx19b-implementation-20260914/signin-prompts-after-2/batches/000/result.xcresult

Writing result bundle at path:
	LOCAL_HOME/ace-private/mcx19b-implementation-20260914/signin-prompts-after-2/batches/000/result.xcresult

2026-09-14 19:13:24.888164+1000 ACEClientAppUITests-Runner[71672:1935678] [Default] Running tests...
    t =      nans Interface orientation changed to Portrait
Test Suite 'Selected tests' started at 2026-09-14 19:13:29.856.
Test Suite 'ACEClientAppUITests.xctest' started at 2026-09-14 19:13:29.859.
Test Suite 'ACEClientAppUITests' started at 2026-09-14 19:13:29.860.
Test Case '-[ACEClientAppUITests.ACEClientAppUITests testCoverageBatch]' started.
    t =     0.01s Start Test at 2026-09-14 19:13:29.868
    t =     0.25s Set Up
    t =     0.27s Setting device orientation to Portrait
    t =     0.33s     Wait for com.apple.springboard to idle
    t =     0.42s Open com.example.aceclientapp
    t =     0.42s     Launch com.example.aceclientapp
    t =     2.55s         Setting up automation session
    t =     9.22s         Wait for com.example.aceclientapp to idle
    t =    12.53s Waiting 5.0s for "Sign In heading" StaticText to exist
    t =    13.58s     Checking `Expect predicate `existsNoRetry == 1` for object "Sign In heading" StaticText`
    t =    13.58s         Checking existence of `"Sign In heading" StaticText`
    t =    13.96s Find the "Sign In heading" StaticText
    t =    14.08s Find the Target Application 'com.example.aceclientapp'
    t =    15.29s Find the Target Application 'com.example.aceclientapp'
    t =    15.37s Waiting 5.0s for "Effective interface style" StaticText to exist
    t =    16.45s     Checking `Expect predicate `existsNoRetry == 1` for object "Effective interface style" StaticText`
    t =    16.45s         Checking existence of `"Effective interface style" StaticText`
    t =    17.62s Find the "Effective interface style" StaticText
    t =    17.74s Find the "Effective interface style" StaticText
    t =    17.81s Find the Target Application 'com.example.aceclientapp'
    t =    18.63s Added attachment named 'Coverage diagnostic-prompt-correction.iPhone-17-Pro-Max.signIn.light.large.portrait.0.0.0 viewport initial'
    t =    23.52s Checking existence of `"Password" SecureTextField`
    t =    23.61s Find the "Sign in" Button
    t =    23.72s Find the Target Application 'com.example.aceclientapp'
    t =    23.79s Find the "Sign in" Button
    t =    23.94s Checking existence of `"Sign in" Button`
    t =    24.03s Find the "Sign in" Button
    t =    24.24s Find the "Sign in" Button
    t =    24.37s Find the "Sign in" Button
    t =    24.48s Find the Target Application 'com.example.aceclientapp'
    t =    25.45s Added attachment named 'Coverage diagnostic-prompt-correction.iPhone-17-Pro-Max.signIn.light.large.portrait.0.0.0 viewport control-Sign in'
ACE_CASE_RESULT {"auditInvocations":1,"id":"diagnostic-prompt-correction.iPhone-17-Pro-Max.signIn.light.large.portrait.0.0.0","observed":{"appearance":"light","boldText":false,"contentSize":"large","increaseContrast":false,"orientation":"portrait","reduceMotion":false},"result":"passed","scenario":"signIn","screenshots":["Coverage diagnostic-prompt-correction.iPhone-17-Pro-Max.signIn.light.large.portrait.0.0.0 viewport initial","Coverage diagnostic-prompt-correction.iPhone-17-Pro-Max.signIn.light.large.portrait.0.0.0 viewport control-Sign in"]}
    t =    25.45s Terminate com.example.aceclientapp:71693
    t =    26.51s Tear Down
Test Case '-[ACEClientAppUITests.ACEClientAppUITests testCoverageBatch]' passed (27.082 seconds).
Test Suite 'ACEClientAppUITests' passed at 2026-09-14 19:13:56.950.
	 Executed 1 test, with 0 failures (0 unexpected) in 27.082 (27.091) seconds
Test Suite 'ACEClientAppUITests.xctest' passed at 2026-09-14 19:13:56.953.
	 Executed 1 test, with 0 failures (0 unexpected) in 27.082 (27.095) seconds
Test Suite 'Selected tests' passed at 2026-09-14 19:13:56.956.
	 Executed 1 test, with 0 failures (0 unexpected) in 27.082 (27.100) seconds

Test session results, code coverage, and logs:
	LOCAL_HOME/ace-private/mcx19b-implementation-20260914/signin-prompts-after-2/batches/000/result.xcresult

** TEST EXECUTE SUCCEEDED **

Testing started
2026-09-14 19:13:15.618 xcodebuild[71652:1935201] [MT] IDERunDestination: Supported platforms for the buildables in the current scheme is empty.
2026-09-14 19:13:15.656 xcodebuild[71652:1935201] [MT] IDERunDestination: Supported platforms for the buildables in the current scheme is empty.
2026-09-14 19:13:17.165 xcodebuild[71652:1935201] [MT] IDERunDestination: Supported platforms for the buildables in the current scheme is empty.
2026-09-14 19:13:30.523 xcodebuild[71652:1935201] [MT] IDELaunchParametersSnapshot: The operation couldn’t be completed. (DebuggerLLDB.DebuggerVersionStore.StoreError error 0.)
2026-09-14 19:13:30.523 xcodebuild[71652:1935201] [MT] IDELaunchParametersSnapshot: no debugger version
2026-09-14 19:13:57.379 xcodebuild[71652:1935201] [MT] IDETestOperationsObserverDebug: 40.151 elapsed -- Testing started completed.
2026-09-14 19:13:57.379 xcodebuild[71652:1935201] [MT] IDETestOperationsObserverDebug: 0.000 sec, +0.000 sec -- start
2026-09-14 19:13:57.379 xcodebuild[71652:1935201] [MT] IDETestOperationsObserverDebug: 40.151 sec, +40.151 sec -- end
