Command line invocation:
    /Applications/Xcode.app/Contents/Developer/usr/bin/xcodebuild test-without-building -xctestrun "LOCAL_HOME/ace-private/mcx19b-implementation-20260914/pilot-preparation-20260915/pilot-runs/20260915T011300Z-pilot-3679b0557e89/native-settings/iPhone 17-read/ACEClientAppUITests.xctestrun" -destination id=2EB0863C-470E-467D-A0C6-CD216DA70C67 -parallel-testing-enabled NO "-only-testing:ACEClientAppUITests/ACEClientAppUITests/testConfigureAccessibilitySettings" -resultBundlePath "LOCAL_HOME/ace-private/mcx19b-implementation-20260914/pilot-preparation-20260915/pilot-runs/20260915T011300Z-pilot-3679b0557e89/native-settings/iPhone 17-read/result.xcresult"

Writing result bundle at path:
	LOCAL_HOME/ace-private/mcx19b-implementation-20260914/pilot-preparation-20260915/pilot-runs/20260915T011300Z-pilot-3679b0557e89/native-settings/iPhone 17-read/result.xcresult

2026-09-15 11:18:09.319795+1000 ACEClientAppUITests-Runner[89918:3609639] [Default] Running tests...
    t =      nans Interface orientation changed to Portrait
Test Suite 'Selected tests' started at 2026-09-15 11:19:15.262.
Test Suite 'ACEClientAppUITests.xctest' started at 2026-09-15 11:19:15.265.
Test Suite 'ACEClientAppUITests' started at 2026-09-15 11:19:15.266.
Test Case '-[ACEClientAppUITests.ACEClientAppUITests testConfigureAccessibilitySettings]' started.
    t =     0.01s Start Test at 2026-09-15 11:19:15.274
    t =     1.25s Set Up
    t =     1.28s Open com.example.aceclientapp
    t =     1.29s     Launch com.example.aceclientapp
    t =     4.88s         Setting up automation session
    t =    10.60s         Wait for com.example.aceclientapp to idle
    t =    13.49s Waiting 5.0s for "Effective interface style" Any to exist
    t =    14.57s     Checking `Expect predicate `existsNoRetry == 1` for object "Effective interface style" Any`
    t =    14.57s         Checking existence of `"Effective interface style" Any`
    t =    15.86s Find the "Effective interface style" Any
    t =    15.94s Find the "Effective interface style" ScrollView
    t =    16.00s Terminate com.example.aceclientapp:90093
    t =    17.07s Open com.example.aceclientapp
    t =    17.07s     Launch com.example.aceclientapp
    t =    18.55s         Setting up automation session
    t =    26.65s         Wait for com.example.aceclientapp to idle
    t =    30.86s Waiting 5.0s for "Effective interface style" Any to exist
    t =    31.92s     Checking `Expect predicate `existsNoRetry == 1` for object "Effective interface style" Any`
    t =    31.92s         Checking existence of `"Effective interface style" Any`
    t =    33.22s Find the "Effective interface style" Any
    t =    33.29s Find the "Effective interface style" ScrollView
ACE_SETTINGS_RESULT {"mode":"read","observed":{"boldText":false,"increaseContrast":false,"orientation":"portrait","reduceMotion":false}}
    t =    33.35s Terminate com.example.aceclientapp:90126
    t =    34.44s Tear Down
Test Case '-[ACEClientAppUITests.ACEClientAppUITests testConfigureAccessibilitySettings]' passed (37.415 seconds).
Test Suite 'ACEClientAppUITests' passed at 2026-09-15 11:19:52.689.
	 Executed 1 test, with 0 failures (0 unexpected) in 37.415 (37.423) seconds
Test Suite 'ACEClientAppUITests.xctest' passed at 2026-09-15 11:19:52.691.
	 Executed 1 test, with 0 failures (0 unexpected) in 37.415 (37.427) seconds
Test Suite 'Selected tests' passed at 2026-09-15 11:19:52.695.
	 Executed 1 test, with 0 failures (0 unexpected) in 37.415 (37.432) seconds

Test session results, code coverage, and logs:
	LOCAL_HOME/ace-private/mcx19b-implementation-20260914/pilot-preparation-20260915/pilot-runs/20260915T011300Z-pilot-3679b0557e89/native-settings/iPhone 17-read/result.xcresult

** TEST EXECUTE SUCCEEDED **

Testing started
2026-09-15 11:16:38.048 xcodebuild[89715:3605715] [MT] IDERunDestination: Supported platforms for the buildables in the current scheme is empty.
2026-09-15 11:16:38.126 xcodebuild[89715:3605715] [MT] IDERunDestination: Supported platforms for the buildables in the current scheme is empty.
2026-09-15 11:16:40.833 xcodebuild[89715:3605715] [MT] IDERunDestination: Supported platforms for the buildables in the current scheme is empty.
2026-09-15 11:19:16.766 xcodebuild[89715:3605715] [MT] IDELaunchParametersSnapshot: The operation couldn’t be completed. (DebuggerLLDB.DebuggerVersionStore.StoreError error 0.)
2026-09-15 11:19:16.766 xcodebuild[89715:3605715] [MT] IDELaunchParametersSnapshot: no debugger version
2026-09-15 11:19:32.348 xcodebuild[89715:3605715] [MT] IDELaunchParametersSnapshot: The operation couldn’t be completed. (DebuggerLLDB.DebuggerVersionStore.StoreError error 0.)
2026-09-15 11:19:32.348 xcodebuild[89715:3605715] [MT] IDELaunchParametersSnapshot: no debugger version
2026-09-15 11:19:53.137 xcodebuild[89715:3605715] [MT] IDETestOperationsObserverDebug: 192.234 elapsed -- Testing started completed.
2026-09-15 11:19:53.137 xcodebuild[89715:3605715] [MT] IDETestOperationsObserverDebug: 0.000 sec, +0.000 sec -- start
2026-09-15 11:19:53.137 xcodebuild[89715:3605715] [MT] IDETestOperationsObserverDebug: 192.234 sec, +192.234 sec -- end
