Command line invocation:
    /Applications/Xcode.app/Contents/Developer/usr/bin/xcodebuild test-without-building -xctestrun "LOCAL_HOME/ace-private/mcx19b-orientation-repair-20260915/10-target-size-diagnosis/complete-pilot-runs/20260915T125618Z-pilot-b5a15e274c09/native-settings/iPhone 17 Pro Max-restore-post-boot/ACEClientAppUITests.xctestrun" -destination id=D1BAA05C-52DD-4E57-832F-C0A75718E085 -parallel-testing-enabled NO "-only-testing:ACEClientAppUITests/ACEClientAppUITests/testConfigureAccessibilitySettings" -resultBundlePath "LOCAL_HOME/ace-private/mcx19b-orientation-repair-20260915/10-target-size-diagnosis/complete-pilot-runs/20260915T125618Z-pilot-b5a15e274c09/native-settings/iPhone 17 Pro Max-restore-post-boot/result.xcresult"

Writing result bundle at path:
	LOCAL_HOME/ace-private/mcx19b-orientation-repair-20260915/10-target-size-diagnosis/complete-pilot-runs/20260915T125618Z-pilot-b5a15e274c09/native-settings/iPhone 17 Pro Max-restore-post-boot/result.xcresult

2026-09-15 23:08:46.201206+1000 ACEClientAppUITests-Runner[77421:5319164] [Default] Running tests...
    t =      nans Interface orientation changed to Portrait
Test Suite 'Selected tests' started at 2026-09-15 23:08:58.151.
Test Suite 'ACEClientAppUITests.xctest' started at 2026-09-15 23:08:58.154.
Test Suite 'ACEClientAppUITests' started at 2026-09-15 23:08:58.155.
Test Case '-[ACEClientAppUITests.ACEClientAppUITests testConfigureAccessibilitySettings]' started.
    t =     0.01s Start Test at 2026-09-15 23:08:58.169
    t =     0.73s Set Up
    t =     0.75s Open com.example.aceclientapp
    t =     0.76s     Launch com.example.aceclientapp
    t =     3.46s         Setting up automation session
    t =     7.27s         Wait for com.example.aceclientapp to idle
    t =    10.02s Waiting 5.0s for "Effective interface style" Any to exist
    t =    11.08s     Checking `Expect predicate `existsNoRetry == 1` for object "Effective interface style" Any`
    t =    11.08s         Checking existence of `"Effective interface style" Any`
    t =    12.37s Find the "Effective interface style" Any
    t =    12.44s Find the "Effective interface style" ScrollView
    t =    12.50s Terminate com.example.aceclientapp:77471
    t =    13.55s Setting device orientation to Portrait
    t =    13.56s     Device orientation changed to Portrait
    t =    13.64s     Wait for com.apple.springboard to idle
    t =    13.84s Open com.example.aceclientapp
    t =    13.84s     Launch com.example.aceclientapp
    t =    14.49s         Setting up automation session
    t =    18.05s         Wait for com.example.aceclientapp to idle
    t =    20.39s Waiting 5.0s for "Effective interface style" Any to exist
    t =    21.46s     Checking `Expect predicate `existsNoRetry == 1` for object "Effective interface style" Any`
    t =    21.47s         Checking existence of `"Effective interface style" Any`
    t =    22.68s Find the "Effective interface style" Any
    t =    22.73s Find the "Effective interface style" ScrollView
ACE_ORIENTATION_READ_STARTED {"requested":"portrait"}
    t =    22.78s Find the Target Application 'com.example.aceclientapp'
ACE_ORIENTATION_FRAME {"elapsedReadSeconds":0.065329566976288334,"frame":{"height":"956.0","width":"440.0","x":"0.0","y":"0.0"},"outcome":"match","requested":"portrait"}
ACE_SETTINGS_RESULT {"mode":"set","observed":{"boldText":false,"increaseContrast":false,"orientation":"portrait","reduceMotion":false}}
    t =    22.85s Terminate com.example.aceclientapp:77509
    t =    23.88s Tear Down
Test Case '-[ACEClientAppUITests.ACEClientAppUITests testConfigureAccessibilitySettings]' passed (24.035 seconds).
Test Suite 'ACEClientAppUITests' passed at 2026-09-15 23:09:22.199.
	 Executed 1 test, with 0 failures (0 unexpected) in 24.035 (24.044) seconds
Test Suite 'ACEClientAppUITests.xctest' passed at 2026-09-15 23:09:22.200.
	 Executed 1 test, with 0 failures (0 unexpected) in 24.035 (24.047) seconds
Test Suite 'Selected tests' passed at 2026-09-15 23:09:22.203.
	 Executed 1 test, with 0 failures (0 unexpected) in 24.035 (24.051) seconds

Test session results, code coverage, and logs:
	LOCAL_HOME/ace-private/mcx19b-orientation-repair-20260915/10-target-size-diagnosis/complete-pilot-runs/20260915T125618Z-pilot-b5a15e274c09/native-settings/iPhone 17 Pro Max-restore-post-boot/result.xcresult

** TEST EXECUTE SUCCEEDED **

Testing started
2026-09-15 23:08:20.960 xcodebuild[77343:5317715] [MT] IDERunDestination: Supported platforms for the buildables in the current scheme is empty.
2026-09-15 23:08:21.015 xcodebuild[77343:5317715] [MT] IDERunDestination: Supported platforms for the buildables in the current scheme is empty.
2026-09-15 23:08:21.044 xcodebuild[77343:5317715] [MT] IDERunDestination: Supported platforms for the buildables in the current scheme is empty.
2026-09-15 23:08:59.076 xcodebuild[77343:5317715] [MT] IDELaunchParametersSnapshot: The operation couldn’t be completed. (DebuggerLLDB.DebuggerVersionStore.StoreError error 0.)
2026-09-15 23:08:59.076 xcodebuild[77343:5317715] [MT] IDELaunchParametersSnapshot: no debugger version
2026-09-15 23:09:12.009 xcodebuild[77343:5317715] [MT] IDELaunchParametersSnapshot: The operation couldn’t be completed. (DebuggerLLDB.DebuggerVersionStore.StoreError error 0.)
2026-09-15 23:09:12.009 xcodebuild[77343:5317715] [MT] IDELaunchParametersSnapshot: no debugger version
2026-09-15 23:09:22.576 xcodebuild[77343:5317715] [MT] IDETestOperationsObserverDebug: 60.071 elapsed -- Testing started completed.
2026-09-15 23:09:22.576 xcodebuild[77343:5317715] [MT] IDETestOperationsObserverDebug: 0.000 sec, +0.000 sec -- start
2026-09-15 23:09:22.576 xcodebuild[77343:5317715] [MT] IDETestOperationsObserverDebug: 60.071 sec, +60.071 sec -- end
