Command line invocation:
    /Applications/Xcode.app/Contents/Developer/usr/bin/xcodebuild test-without-building -xctestrun "LOCAL_HOME/ace-private/mcx19b-implementation-20260914/pilot-preparation-20260915/pilot-runs/20260915T011300Z-pilot-3679b0557e89/native-settings/iPhone 17 Pro Max-restore/ACEClientAppUITests.xctestrun" -destination id=D1BAA05C-52DD-4E57-832F-C0A75718E085 -parallel-testing-enabled NO "-only-testing:ACEClientAppUITests/ACEClientAppUITests/testConfigureAccessibilitySettings" -resultBundlePath "LOCAL_HOME/ace-private/mcx19b-implementation-20260914/pilot-preparation-20260915/pilot-runs/20260915T011300Z-pilot-3679b0557e89/native-settings/iPhone 17 Pro Max-restore/result.xcresult"

Writing result bundle at path:
	LOCAL_HOME/ace-private/mcx19b-implementation-20260914/pilot-preparation-20260915/pilot-runs/20260915T011300Z-pilot-3679b0557e89/native-settings/iPhone 17 Pro Max-restore/result.xcresult

2026-09-15 11:33:29.624326+1000 ACEClientAppUITests-Runner[91802:3649226] [Default] Running tests...
    t =      nans Interface orientation changed to Portrait
Test Suite 'Selected tests' started at 2026-09-15 11:33:47.697.
Test Suite 'ACEClientAppUITests.xctest' started at 2026-09-15 11:33:47.699.
Test Suite 'ACEClientAppUITests' started at 2026-09-15 11:33:47.700.
Test Case '-[ACEClientAppUITests.ACEClientAppUITests testConfigureAccessibilitySettings]' started.
    t =     0.01s Start Test at 2026-09-15 11:33:47.706
    t =     0.37s Set Up
    t =     0.42s Open com.example.aceclientapp
    t =     0.42s     Launch com.example.aceclientapp
    t =     3.83s         Setting up automation session
    t =    24.89s         Wait for com.example.aceclientapp to idle
    t =    50.68s Waiting 5.0s for "Effective interface style" Any to exist
    t =    51.77s     Checking `Expect predicate `existsNoRetry == 1` for object "Effective interface style" Any`
    t =    51.77s         Checking existence of `"Effective interface style" Any`
    t =    55.22s Find the "Effective interface style" Any
    t =    55.27s Find the "Effective interface style" ScrollView
    t =    55.31s Terminate com.example.aceclientapp:92068
    t =    56.37s Setting device orientation to Portrait
    t =    57.37s     Wait for com.apple.springboard to idle
    t =    57.39s Open com.example.aceclientapp
    t =    57.39s     Launch com.example.aceclientapp
    t =    60.60s         Setting up automation session
    t =    68.45s         Wait for com.example.aceclientapp to idle
    t =    74.06s Waiting 5.0s for "Effective interface style" Any to exist
    t =    75.13s     Checking `Expect predicate `existsNoRetry == 1` for object "Effective interface style" Any`
    t =    75.13s         Checking existence of `"Effective interface style" Any`
    t =    77.39s Find the "Effective interface style" Any
    t =    77.44s Find the "Effective interface style" ScrollView
    t =    78.59s Find the Target Application 'com.example.aceclientapp'
ACE_SETTINGS_RESULT {"mode":"set","observed":{"boldText":false,"increaseContrast":false,"orientation":"portrait","reduceMotion":false}}
    t =    78.65s Terminate com.example.aceclientapp:92184
    t =    82.66s Tear Down
Test Case '-[ACEClientAppUITests.ACEClientAppUITests testConfigureAccessibilitySettings]' passed (83.972 seconds).
Test Suite 'ACEClientAppUITests' passed at 2026-09-15 11:35:11.678.
	 Executed 1 test, with 0 failures (0 unexpected) in 83.972 (83.978) seconds
Test Suite 'ACEClientAppUITests.xctest' passed at 2026-09-15 11:35:11.680.
	 Executed 1 test, with 0 failures (0 unexpected) in 83.972 (83.981) seconds
Test Suite 'Selected tests' passed at 2026-09-15 11:35:11.682.
	 Executed 1 test, with 0 failures (0 unexpected) in 83.972 (83.984) seconds

Test session results, code coverage, and logs:
	LOCAL_HOME/ace-private/mcx19b-implementation-20260914/pilot-preparation-20260915/pilot-runs/20260915T011300Z-pilot-3679b0557e89/native-settings/iPhone 17 Pro Max-restore/result.xcresult

** TEST EXECUTE SUCCEEDED **

Testing started
2026-09-15 11:31:28.628 xcodebuild[91771:3647898] [MT] IDERunDestination: Supported platforms for the buildables in the current scheme is empty.
2026-09-15 11:31:28.682 xcodebuild[91771:3647898] [MT] IDERunDestination: Supported platforms for the buildables in the current scheme is empty.
2026-09-15 11:31:29.555 xcodebuild[91771:3647898] [MT] IDERunDestination: Supported platforms for the buildables in the current scheme is empty.
2026-09-15 11:33:23.036 xcodebuild[91771:3647898] [MT] IDERunDestination: Supported platforms for the buildables in the current scheme is empty.
2026-09-15 11:33:48.339 xcodebuild[91771:3647898] [MT] IDELaunchParametersSnapshot: The operation couldn’t be completed. (DebuggerLLDB.DebuggerVersionStore.StoreError error 0.)
2026-09-15 11:33:48.339 xcodebuild[91771:3647898] [MT] IDELaunchParametersSnapshot: no debugger version
2026-09-15 11:34:45.100 xcodebuild[91771:3647898] [MT] IDELaunchParametersSnapshot: The operation couldn’t be completed. (DebuggerLLDB.DebuggerVersionStore.StoreError error 0.)
2026-09-15 11:34:45.100 xcodebuild[91771:3647898] [MT] IDELaunchParametersSnapshot: no debugger version
2026-09-15 11:35:12.289 xcodebuild[91771:3647898] [MT] IDETestOperationsObserverDebug: 222.728 elapsed -- Testing started completed.
2026-09-15 11:35:12.289 xcodebuild[91771:3647898] [MT] IDETestOperationsObserverDebug: 0.000 sec, +0.000 sec -- start
2026-09-15 11:35:12.289 xcodebuild[91771:3647898] [MT] IDETestOperationsObserverDebug: 222.728 sec, +222.728 sec -- end
