Command line invocation:
    /Applications/Xcode.app/Contents/Developer/usr/bin/xcodebuild test-without-building -xctestrun LOCAL_HOME/ace-private/mcx19b-implementation-20260914/signin-maximum-integration/batches/001/ACEClientAppUITests.xctestrun -destination id=D1BAA05C-52DD-4E57-832F-C0A75718E085 -parallel-testing-enabled NO "-only-testing:ACEClientAppUITests/ACEClientAppUITests/testCoverageBatch" -resultBundlePath LOCAL_HOME/ace-private/mcx19b-implementation-20260914/signin-maximum-integration/batches/001/result.xcresult

Writing result bundle at path:
	LOCAL_HOME/ace-private/mcx19b-implementation-20260914/signin-maximum-integration/batches/001/result.xcresult

2026-09-14 20:20:57.315622+1000 ACEClientAppUITests-Runner[80128:2084407] [Default] Running tests...
    t =      nans Interface orientation changed to Portrait
Test Suite 'Selected tests' started at 2026-09-14 20:21:02.686.
Test Suite 'ACEClientAppUITests.xctest' started at 2026-09-14 20:21:02.688.
Test Suite 'ACEClientAppUITests' started at 2026-09-14 20:21:02.689.
Test Case '-[ACEClientAppUITests.ACEClientAppUITests testCoverageBatch]' started.
    t =     0.06s Start Test at 2026-09-14 20:21:02.748
    t =     0.44s Set Up
    t =     0.46s Setting device orientation to Portrait
    t =     0.50s     Wait for com.apple.springboard to idle
    t =     0.55s Open com.example.aceclientapp
    t =     0.56s     Launch com.example.aceclientapp
    t =     3.00s         Setting up automation session
    t =     8.68s         Wait for com.example.aceclientapp to idle
    t =    11.74s Waiting 5.0s for "Sign In heading" StaticText to exist
    t =    12.84s     Checking `Expect predicate `existsNoRetry == 1` for object "Sign In heading" StaticText`
    t =    12.84s         Checking existence of `"Sign In heading" StaticText`
    t =    13.28s Find the "Sign In heading" StaticText
    t =    13.42s Find the Target Application 'com.example.aceclientapp'
    t =    14.55s Find the Target Application 'com.example.aceclientapp'
    t =    14.63s Waiting 5.0s for "Effective interface style" StaticText to exist
    t =    15.70s     Checking `Expect predicate `existsNoRetry == 1` for object "Effective interface style" StaticText`
    t =    15.70s         Checking existence of `"Effective interface style" StaticText`
    t =    16.88s Find the "Effective interface style" StaticText
    t =    17.00s Find the "Effective interface style" StaticText
    t =    17.09s Find the Target Application 'com.example.aceclientapp'
    t =    17.96s Added attachment named 'Coverage diagnostic-signin-maximum.iPhone-17-Pro-Max.signIn.dark.accessibility-extra-extra-extra-large.portrait.0.0.0 viewport initial'
    t =    23.15s Checking existence of `"Username" TextField`
    t =    23.24s Checking existence of `"Password" SecureTextField`
    t =    23.34s Find the "Sign in" Button
    t =    23.44s Find the Target Application 'com.example.aceclientapp'
    t =    23.51s Find the "Sign in" Button
    t =    23.66s Checking existence of `"Sign in" Button`
    t =    23.77s Find the "Sign in" Button
    t =    23.92s Find the "Sign in" Button
    t =    24.02s Find the "Sign in" Button
    t =    24.12s Find the Target Application 'com.example.aceclientapp'
    t =    25.05s Added attachment named 'Coverage diagnostic-signin-maximum.iPhone-17-Pro-Max.signIn.dark.accessibility-extra-extra-extra-large.portrait.0.0.0 viewport control-Sign in'
ACE_CASE_RESULT {"auditInvocations":1,"id":"diagnostic-signin-maximum.iPhone-17-Pro-Max.signIn.dark.accessibility-extra-extra-extra-large.portrait.0.0.0","observed":{"appearance":"dark","boldText":false,"contentSize":"accessibility-extra-extra-extra-large","increaseContrast":false,"orientation":"portrait","reduceMotion":false},"result":"passed","scenario":"signIn","screenshots":["Coverage diagnostic-signin-maximum.iPhone-17-Pro-Max.signIn.dark.accessibility-extra-extra-extra-large.portrait.0.0.0 viewport initial","Coverage diagnostic-signin-maximum.iPhone-17-Pro-Max.signIn.dark.accessibility-extra-extra-extra-large.portrait.0.0.0 viewport control-Sign in"]}
    t =    25.05s Terminate com.example.aceclientapp:80147
    t =    26.09s Tear Down
Test Case '-[ACEClientAppUITests.ACEClientAppUITests testCoverageBatch]' passed (26.336 seconds).
Test Suite 'ACEClientAppUITests' passed at 2026-09-14 20:21:29.084.
	 Executed 1 test, with 0 failures (0 unexpected) in 26.336 (26.395) seconds
Test Suite 'ACEClientAppUITests.xctest' passed at 2026-09-14 20:21:29.087.
	 Executed 1 test, with 0 failures (0 unexpected) in 26.336 (26.399) seconds
Test Suite 'Selected tests' passed at 2026-09-14 20:21:29.091.
	 Executed 1 test, with 0 failures (0 unexpected) in 26.336 (26.405) seconds

Test session results, code coverage, and logs:
	LOCAL_HOME/ace-private/mcx19b-implementation-20260914/signin-maximum-integration/batches/001/result.xcresult

** TEST EXECUTE SUCCEEDED **

Testing started
2026-09-14 20:20:47.474 xcodebuild[80105:2083885] [MT] IDERunDestination: Supported platforms for the buildables in the current scheme is empty.
2026-09-14 20:20:47.531 xcodebuild[80105:2083885] [MT] IDERunDestination: Supported platforms for the buildables in the current scheme is empty.
2026-09-14 20:20:49.095 xcodebuild[80105:2083885] [MT] IDERunDestination: Supported platforms for the buildables in the current scheme is empty.
2026-09-14 20:20:49.471 xcodebuild[80105:2083885] [MT] IDERunDestination: Supported platforms for the buildables in the current scheme is empty.
2026-09-14 20:21:03.433 xcodebuild[80105:2083885] [MT] IDELaunchParametersSnapshot: The operation couldn’t be completed. (DebuggerLLDB.DebuggerVersionStore.StoreError error 0.)
2026-09-14 20:21:03.433 xcodebuild[80105:2083885] [MT] IDELaunchParametersSnapshot: no debugger version
2026-09-14 20:21:29.544 xcodebuild[80105:2083885] [MT] IDETestOperationsObserverDebug: 39.996 elapsed -- Testing started completed.
2026-09-14 20:21:29.544 xcodebuild[80105:2083885] [MT] IDETestOperationsObserverDebug: 0.000 sec, +0.000 sec -- start
2026-09-14 20:21:29.544 xcodebuild[80105:2083885] [MT] IDETestOperationsObserverDebug: 39.996 sec, +39.996 sec -- end
