Command line invocation:
    /Applications/Xcode.app/Contents/Developer/usr/bin/xcodebuild test-without-building -xctestrun "LOCAL_HOME/ace-private/mcx19b-orientation-repair-20260915/pilot-runs/20260915T064440Z-pilot-478288537d90/native-settings/iPhone 17-read/ACEClientAppUITests.xctestrun" -destination id=2EB0863C-470E-467D-A0C6-CD216DA70C67 -parallel-testing-enabled NO "-only-testing:ACEClientAppUITests/ACEClientAppUITests/testConfigureAccessibilitySettings" -resultBundlePath "LOCAL_HOME/ace-private/mcx19b-orientation-repair-20260915/pilot-runs/20260915T064440Z-pilot-478288537d90/native-settings/iPhone 17-read/result.xcresult"

Writing result bundle at path:
	LOCAL_HOME/ace-private/mcx19b-orientation-repair-20260915/pilot-runs/20260915T064440Z-pilot-478288537d90/native-settings/iPhone 17-read/result.xcresult

2026-09-15 16:52:30.878027+1000 ACEClientAppUITests-Runner[27359:4332855] [Default] Running tests...
2026-09-15 16:52:31.057550+1000 ACEClientAppUITests-Runner[27359:4333225] [General] Failed to send CA Event for app launch measurements for ca_event_type: 0 event_name: com.apple.app_launch_measurement.FirstFramePresentationMetric
2026-09-15 16:52:31.097096+1000 ACEClientAppUITests-Runner[27359:4333225] [General] Failed to send CA Event for app launch measurements for ca_event_type: 1 event_name: com.apple.app_launch_measurement.ExtendedLaunchMetrics
    t =      nans Interface orientation changed to Portrait
Test Suite 'Selected tests' started at 2026-09-15 16:53:01.991.
Test Suite 'ACEClientAppUITests.xctest' started at 2026-09-15 16:53:01.994.
Test Suite 'ACEClientAppUITests' started at 2026-09-15 16:53:01.995.
Test Case '-[ACEClientAppUITests.ACEClientAppUITests testConfigureAccessibilitySettings]' started.
    t =     0.02s Start Test at 2026-09-15 16:53:02.016
    t =     1.08s Set Up
    t =     1.11s Open com.example.aceclientapp
    t =     1.11s     Launch com.example.aceclientapp
    t =     4.92s         Setting up automation session
    t =    14.12s         Wait for com.example.aceclientapp to idle
    t =    17.67s Waiting 5.0s for "Effective interface style" Any to exist
    t =    18.67s     Checking `Expect predicate `existsNoRetry == 1` for object "Effective interface style" Any`
    t =    18.67s         Checking existence of `"Effective interface style" Any`
    t =    20.01s Find the "Effective interface style" Any
    t =    20.08s Find the "Effective interface style" ScrollView
    t =    20.17s Terminate com.example.aceclientapp:27444
    t =    21.23s Open com.example.aceclientapp
    t =    21.23s     Launch com.example.aceclientapp
    t =    22.09s         Setting up automation session
    t =    27.93s         Wait for com.example.aceclientapp to idle
    t =    31.44s Waiting 5.0s for "Effective interface style" Any to exist
    t =    32.51s     Checking `Expect predicate `existsNoRetry == 1` for object "Effective interface style" Any`
    t =    32.51s         Checking existence of `"Effective interface style" Any`
    t =    33.69s Find the "Effective interface style" Any
    t =    33.76s Find the "Effective interface style" ScrollView
ACE_SETTINGS_RESULT {"mode":"read","observed":{"boldText":false,"increaseContrast":false,"orientation":"portrait","reduceMotion":false}}
    t =    33.82s Terminate com.example.aceclientapp:27474
    t =    34.86s Tear Down
Test Case '-[ACEClientAppUITests.ACEClientAppUITests testConfigureAccessibilitySettings]' passed (37.629 seconds).
Test Suite 'ACEClientAppUITests' passed at 2026-09-15 16:53:39.641.
	 Executed 1 test, with 0 failures (0 unexpected) in 37.629 (37.646) seconds
Test Suite 'ACEClientAppUITests.xctest' passed at 2026-09-15 16:53:39.644.
	 Executed 1 test, with 0 failures (0 unexpected) in 37.629 (37.650) seconds
Test Suite 'Selected tests' passed at 2026-09-15 16:53:39.646.
	 Executed 1 test, with 0 failures (0 unexpected) in 37.629 (37.656) seconds

Test session results, code coverage, and logs:
	LOCAL_HOME/ace-private/mcx19b-orientation-repair-20260915/pilot-runs/20260915T064440Z-pilot-478288537d90/native-settings/iPhone 17-read/result.xcresult

** TEST EXECUTE SUCCEEDED **

Testing started
2026-09-15 16:49:13.370 xcodebuild[27029:4324309] [MT] IDERunDestination: Supported platforms for the buildables in the current scheme is empty.
2026-09-15 16:49:13.451 xcodebuild[27029:4324309] [MT] IDERunDestination: Supported platforms for the buildables in the current scheme is empty.
2026-09-15 16:49:13.556 xcodebuild[27029:4324309] [MT] IDERunDestination: Supported platforms for the buildables in the current scheme is empty.
2026-09-15 16:49:22.271 xcodebuild[27029:4324309] [MT] IDERunDestination: Supported platforms for the buildables in the current scheme is empty.
2026-09-15 16:51:20.618 xcodebuild[27029:4324309] [MT] IDERunDestination: Supported platforms for the buildables in the current scheme is empty.
2026-09-15 16:51:25.280 xcodebuild[27029:4324309] [MT] IDERunDestination: Supported platforms for the buildables in the current scheme is empty.
2026-09-15 16:51:25.738 xcodebuild[27029:4324309] [MT] IDERunDestination: Supported platforms for the buildables in the current scheme is empty.
2026-09-15 16:52:10.060 xcodebuild[27029:4324309] [MT] IDERunDestination: Supported platforms for the buildables in the current scheme is empty.
2026-09-15 16:52:27.827 xcodebuild[27029:4324309] [MT] IDERunDestination: Supported platforms for the buildables in the current scheme is empty.
2026-09-15 16:52:28.783 xcodebuild[27029:4324309] [MT] IDERunDestination: Supported platforms for the buildables in the current scheme is empty.
2026-09-15 16:52:33.268 xcodebuild[27029:4324309] [MT] IDERunDestination: Supported platforms for the buildables in the current scheme is empty.
2026-09-15 16:52:35.891 xcodebuild[27029:4324309] [MT] IDERunDestination: Supported platforms for the buildables in the current scheme is empty.
2026-09-15 16:52:36.214 xcodebuild[27029:4324309] [MT] IDERunDestination: Supported platforms for the buildables in the current scheme is empty.
2026-09-15 16:52:37.297 xcodebuild[27029:4324309] [MT] IDERunDestination: Supported platforms for the buildables in the current scheme is empty.
2026-09-15 16:52:40.627 xcodebuild[27029:4324309] [MT] IDERunDestination: Supported platforms for the buildables in the current scheme is empty.
2026-09-15 16:52:53.592 xcodebuild[27029:4324309] [MT] IDERunDestination: Supported platforms for the buildables in the current scheme is empty.
2026-09-15 16:53:03.319 xcodebuild[27029:4324309] [MT] IDELaunchParametersSnapshot: The operation couldn’t be completed. (DebuggerLLDB.DebuggerVersionStore.StoreError error 0.)
2026-09-15 16:53:03.319 xcodebuild[27029:4324309] [MT] IDELaunchParametersSnapshot: no debugger version
2026-09-15 16:53:23.236 xcodebuild[27029:4324309] [MT] IDELaunchParametersSnapshot: The operation couldn’t be completed. (DebuggerLLDB.DebuggerVersionStore.StoreError error 0.)
2026-09-15 16:53:23.236 xcodebuild[27029:4324309] [MT] IDELaunchParametersSnapshot: no debugger version
2026-09-15 16:53:40.030 xcodebuild[27029:4324309] [MT] IDETestOperationsObserverDebug: 263.501 elapsed -- Testing started completed.
2026-09-15 16:53:40.030 xcodebuild[27029:4324309] [MT] IDETestOperationsObserverDebug: 0.000 sec, +0.000 sec -- start
2026-09-15 16:53:40.030 xcodebuild[27029:4324309] [MT] IDETestOperationsObserverDebug: 263.501 sec, +263.501 sec -- end
