Command line invocation:
    /Applications/Xcode.app/Contents/Developer/usr/bin/xcodebuild test-without-building -xctestrun LOCAL_HOME/ace-private/mcx19b-implementation-20260914/ace-ios-local-runs/20260914T105749Z-selected-a3ce7a2127bf/selected.xctestrun -destination id=D1BAA05C-52DD-4E57-832F-C0A75718E085 -parallel-testing-enabled NO "-only-testing:ACEClientAppTests/ACEClientAppTests/testRequestIsGETAndHasNoCache" -resultBundlePath LOCAL_HOME/ace-private/mcx19b-implementation-20260914/ace-ios-local-runs/20260914T105749Z-selected-a3ce7a2127bf/selected.xcresult

Writing result bundle at path:
	LOCAL_HOME/ace-private/mcx19b-implementation-20260914/ace-ios-local-runs/20260914T105749Z-selected-a3ce7a2127bf/selected.xcresult

Test Suite 'Selected tests' started at 2026-09-14 21:00:12.578.
Test Suite 'ACEClientAppTests.xctest' started at 2026-09-14 21:00:12.580.
Test Suite 'ACEClientAppTests' started at 2026-09-14 21:00:12.581.
Test Case '-[ACEClientAppTests.ACEClientAppTests testRequestIsGETAndHasNoCache]' started.
Test Case '-[ACEClientAppTests.ACEClientAppTests testRequestIsGETAndHasNoCache]' passed (0.016 seconds).
Test Suite 'ACEClientAppTests' passed at 2026-09-14 21:00:12.608.
	 Executed 1 test, with 0 failures (0 unexpected) in 0.016 (0.027) seconds
Test Suite 'ACEClientAppTests.xctest' passed at 2026-09-14 21:00:12.610.
	 Executed 1 test, with 0 failures (0 unexpected) in 0.016 (0.030) seconds
Test Suite 'Selected tests' passed at 2026-09-14 21:00:12.611.
	 Executed 1 test, with 0 failures (0 unexpected) in 0.016 (0.033) seconds

Test session results, code coverage, and logs:
	LOCAL_HOME/ace-private/mcx19b-implementation-20260914/ace-ios-local-runs/20260914T105749Z-selected-a3ce7a2127bf/selected.xcresult

** TEST EXECUTE SUCCEEDED **

Testing started
2026-09-14 21:00:04.830 xcodebuild[85144:2161803] [MT] IDERunDestination: Supported platforms for the buildables in the current scheme is empty.
2026-09-14 21:00:04.902 xcodebuild[85144:2161803] [MT] IDERunDestination: Supported platforms for the buildables in the current scheme is empty.
2026-09-14 21:00:06.173 xcodebuild[85144:2161803] [MT] IDERunDestination: Supported platforms for the buildables in the current scheme is empty.
2026-09-14 21:00:13.016 xcodebuild[85144:2161803] [MT] IDETestOperationsObserverDebug: 6.708 elapsed -- Testing started completed.
2026-09-14 21:00:13.016 xcodebuild[85144:2161803] [MT] IDETestOperationsObserverDebug: 0.000 sec, +0.000 sec -- start
2026-09-14 21:00:13.016 xcodebuild[85144:2161803] [MT] IDETestOperationsObserverDebug: 6.708 sec, +6.708 sec -- end
