Command line invocation:
    /Applications/Xcode.app/Contents/Developer/usr/bin/xcodebuild test-without-building -xctestrun "LOCAL_HOME/ace-private/mcx19b-orientation-repair-20260915/11-settings-toggle-diagnosis/complete-pilot-runs/20260915T133932Z-pilot-497a5a280dc6/native-settings/iPhone 17 Pro Max-read/ACEClientAppUITests.xctestrun" -destination id=D1BAA05C-52DD-4E57-832F-C0A75718E085 -parallel-testing-enabled NO "-only-testing:ACEClientAppUITests/ACEClientAppUITests/testConfigureAccessibilitySettings" -resultBundlePath "LOCAL_HOME/ace-private/mcx19b-orientation-repair-20260915/11-settings-toggle-diagnosis/complete-pilot-runs/20260915T133932Z-pilot-497a5a280dc6/native-settings/iPhone 17 Pro Max-read/result.xcresult"

Writing result bundle at path:
	LOCAL_HOME/ace-private/mcx19b-orientation-repair-20260915/11-settings-toggle-diagnosis/complete-pilot-runs/20260915T133932Z-pilot-497a5a280dc6/native-settings/iPhone 17 Pro Max-read/result.xcresult

2026-09-15 23:39:53.801412+1000 ACEClientAppUITests-Runner[81352:5385017] [Default] Running tests...
    t =      nans Interface orientation changed to Portrait
Test Suite 'Selected tests' started at 2026-09-15 23:39:58.207.
Test Suite 'ACEClientAppUITests.xctest' started at 2026-09-15 23:39:58.211.
Test Suite 'ACEClientAppUITests' started at 2026-09-15 23:39:58.212.
Test Case '-[ACEClientAppUITests.ACEClientAppUITests testConfigureAccessibilitySettings]' started.
    t =     0.01s Start Test at 2026-09-15 23:39:58.220
    t =     0.28s Set Up
    t =     0.32s Open com.example.aceclientapp
    t =     0.32s     Launch com.example.aceclientapp
    t =     2.61s         Setting up automation session
    t =     8.35s         Wait for com.example.aceclientapp to idle
    t =    11.15s Waiting 5.0s for "Effective interface style" Any to exist
    t =    12.23s     Checking `Expect predicate `existsNoRetry == 1` for object "Effective interface style" Any`
    t =    12.23s         Checking existence of `"Effective interface style" Any`
    t =    13.46s Find the "Effective interface style" Any
    t =    13.52s Find the "Effective interface style" ScrollView
    t =    13.58s Terminate com.example.aceclientapp:81366
    t =    14.61s Open com.example.aceclientapp
    t =    14.61s     Launch com.example.aceclientapp
    t =    16.35s         Setting up automation session
    t =    21.45s         Wait for com.example.aceclientapp to idle
    t =    24.30s Waiting 5.0s for "Effective interface style" Any to exist
    t =    25.40s     Checking `Expect predicate `existsNoRetry == 1` for object "Effective interface style" Any`
    t =    25.40s         Checking existence of `"Effective interface style" Any`
    t =    26.66s Find the "Effective interface style" Any
    t =    26.73s Find the "Effective interface style" ScrollView
ACE_SETTINGS_RESULT {"mode":"read","observed":{"boldText":false,"increaseContrast":false,"orientation":"portrait","reduceMotion":false}}
    t =    26.80s Terminate com.example.aceclientapp:81389
    t =    27.88s Tear Down
Test Case '-[ACEClientAppUITests.ACEClientAppUITests testConfigureAccessibilitySettings]' passed (28.338 seconds).
Test Suite 'ACEClientAppUITests' passed at 2026-09-15 23:40:26.558.
	 Executed 1 test, with 0 failures (0 unexpected) in 28.338 (28.345) seconds
Test Suite 'ACEClientAppUITests.xctest' passed at 2026-09-15 23:40:26.560.
	 Executed 1 test, with 0 failures (0 unexpected) in 28.338 (28.349) seconds
Test Suite 'Selected tests' passed at 2026-09-15 23:40:26.563.
	 Executed 1 test, with 0 failures (0 unexpected) in 28.338 (28.356) seconds

Test session results, code coverage, and logs:
	LOCAL_HOME/ace-private/mcx19b-orientation-repair-20260915/11-settings-toggle-diagnosis/complete-pilot-runs/20260915T133932Z-pilot-497a5a280dc6/native-settings/iPhone 17 Pro Max-read/result.xcresult

** TEST EXECUTE SUCCEEDED **

Testing started
2026-09-15 23:39:45.673 xcodebuild[81339:5384493] [MT] IDERunDestination: Supported platforms for the buildables in the current scheme is empty.
2026-09-15 23:39:45.691 xcodebuild[81339:5384493] [MT] IDERunDestination: Supported platforms for the buildables in the current scheme is empty.
2026-09-15 23:39:46.812 xcodebuild[81339:5384493] [MT] IDERunDestination: Supported platforms for the buildables in the current scheme is empty.
2026-09-15 23:39:58.743 xcodebuild[81339:5384493] [MT] IDELaunchParametersSnapshot: The operation couldn’t be completed. (DebuggerLLDB.DebuggerVersionStore.StoreError error 0.)
2026-09-15 23:39:58.743 xcodebuild[81339:5384493] [MT] IDELaunchParametersSnapshot: no debugger version
2026-09-15 23:40:12.837 xcodebuild[81339:5384493] [MT] IDELaunchParametersSnapshot: The operation couldn’t be completed. (DebuggerLLDB.DebuggerVersionStore.StoreError error 0.)
2026-09-15 23:40:12.837 xcodebuild[81339:5384493] [MT] IDELaunchParametersSnapshot: no debugger version
2026-09-15 23:40:26.971 xcodebuild[81339:5384493] [MT] IDETestOperationsObserverDebug: 40.147 elapsed -- Testing started completed.
2026-09-15 23:40:26.971 xcodebuild[81339:5384493] [MT] IDETestOperationsObserverDebug: 0.000 sec, +0.000 sec -- start
2026-09-15 23:40:26.971 xcodebuild[81339:5384493] [MT] IDETestOperationsObserverDebug: 40.147 sec, +40.147 sec -- end
