Command line invocation:
    /Applications/Xcode.app/Contents/Developer/usr/bin/xcodebuild test-without-building -xctestrun "LOCAL_HOME/ace-private/mcx19b-complete-pilot-20260915/pilot-runs/20260915T045947Z-pilot-84db4f8f536f/native-settings/iPhone 17-read/ACEClientAppUITests.xctestrun" -destination id=2EB0863C-470E-467D-A0C6-CD216DA70C67 -parallel-testing-enabled NO "-only-testing:ACEClientAppUITests/ACEClientAppUITests/testConfigureAccessibilitySettings" -resultBundlePath "LOCAL_HOME/ace-private/mcx19b-complete-pilot-20260915/pilot-runs/20260915T045947Z-pilot-84db4f8f536f/native-settings/iPhone 17-read/result.xcresult"

Writing result bundle at path:
	LOCAL_HOME/ace-private/mcx19b-complete-pilot-20260915/pilot-runs/20260915T045947Z-pilot-84db4f8f536f/native-settings/iPhone 17-read/result.xcresult

2026-09-15 15:07:43.863707+1000 ACEClientAppUITests-Runner[14994:4079452] [Default] Running tests...
Test Suite 'Selected tests' started at 2026-09-15 15:08:21.885.
Test Suite 'ACEClientAppUITests.xctest' started at 2026-09-15 15:08:21.888.
Test Suite 'ACEClientAppUITests' started at 2026-09-15 15:08:21.890.
Test Case '-[ACEClientAppUITests.ACEClientAppUITests testConfigureAccessibilitySettings]' started.
    t =     0.02s Start Test at 2026-09-15 15:08:21.913
    t =     1.79s Set Up
    t =     1.85s Open com.example.aceclientapp
    t =     1.86s     Launch com.example.aceclientapp
    t =     6.02s         Setting up automation session
    t =    13.29s         Wait for com.example.aceclientapp to idle
    t =    16.67s Waiting 5.0s for "Effective interface style" Any to exist
    t =    17.77s     Checking `Expect predicate `existsNoRetry == 1` for object "Effective interface style" Any`
    t =    17.77s         Checking existence of `"Effective interface style" Any`
    t =    19.31s Find the "Effective interface style" Any
    t =    19.38s Find the "Effective interface style" ScrollView
    t =    19.45s Terminate com.example.aceclientapp:15105
    t =    29.51s Open com.example.aceclientapp
    t =    29.51s     Launch com.example.aceclientapp
    t =    32.69s         Setting up automation session
    t =    44.83s         Wait for com.example.aceclientapp to idle
    t =    48.28s Waiting 5.0s for "Effective interface style" Any to exist
    t =    49.36s     Checking `Expect predicate `existsNoRetry == 1` for object "Effective interface style" Any`
    t =    49.36s         Checking existence of `"Effective interface style" Any`
    t =    52.69s Find the "Effective interface style" Any
    t =    52.76s Find the "Effective interface style" ScrollView
ACE_SETTINGS_RESULT {"mode":"read","observed":{"boldText":false,"increaseContrast":false,"orientation":"portrait","reduceMotion":false}}
    t =    52.81s Terminate com.example.aceclientapp:15158
    t =    53.92s Tear Down
Test Case '-[ACEClientAppUITests.ACEClientAppUITests testConfigureAccessibilitySettings]' passed (57.301 seconds).
Test Suite 'ACEClientAppUITests' passed at 2026-09-15 15:09:19.212.
	 Executed 1 test, with 0 failures (0 unexpected) in 57.301 (57.322) seconds
Test Suite 'ACEClientAppUITests.xctest' passed at 2026-09-15 15:09:19.215.
	 Executed 1 test, with 0 failures (0 unexpected) in 57.301 (57.326) seconds
Test Suite 'Selected tests' passed at 2026-09-15 15:09:19.217.
	 Executed 1 test, with 0 failures (0 unexpected) in 57.301 (57.332) seconds

Test session results, code coverage, and logs:
	LOCAL_HOME/ace-private/mcx19b-complete-pilot-20260915/pilot-runs/20260915T045947Z-pilot-84db4f8f536f/native-settings/iPhone 17-read/result.xcresult

** TEST EXECUTE SUCCEEDED **

Testing started
2026-09-15 15:03:40.653 xcodebuild[14571:4070406] [MT] IDERunDestination: Supported platforms for the buildables in the current scheme is empty.
2026-09-15 15:03:40.723 xcodebuild[14571:4070406] [MT] IDERunDestination: Supported platforms for the buildables in the current scheme is empty.
2026-09-15 15:03:42.530 xcodebuild[14571:4070406] [MT] IDERunDestination: Supported platforms for the buildables in the current scheme is empty.
2026-09-15 15:08:24.136 xcodebuild[14571:4070406] [MT] IDELaunchParametersSnapshot: The operation couldn’t be completed. (DebuggerLLDB.DebuggerVersionStore.StoreError error 0.)
2026-09-15 15:08:24.136 xcodebuild[14571:4070406] [MT] IDELaunchParametersSnapshot: no debugger version
2026-09-15 15:08:51.410 xcodebuild[14571:4070406] [MT] IDELaunchParametersSnapshot: The operation couldn’t be completed. (DebuggerLLDB.DebuggerVersionStore.StoreError error 0.)
2026-09-15 15:08:51.410 xcodebuild[14571:4070406] [MT] IDELaunchParametersSnapshot: no debugger version
2026-09-15 15:09:19.740 xcodebuild[14571:4070406] [MT] IDETestOperationsObserverDebug: 337.181 elapsed -- Testing started completed.
2026-09-15 15:09:19.740 xcodebuild[14571:4070406] [MT] IDETestOperationsObserverDebug: 0.000 sec, +0.000 sec -- start
2026-09-15 15:09:19.740 xcodebuild[14571:4070406] [MT] IDETestOperationsObserverDebug: 337.181 sec, +337.181 sec -- end
