Command line invocation:
    /Applications/Xcode.app/Contents/Developer/usr/bin/xcodebuild test-without-building -xctestrun LOCAL_HOME/ace-private/mcx19b-orientation-repair-20260915/12-revision5-discriminating-diagnosis/arm-B/repetition-3/native-settings/initial-read/ACEClientAppUITests.xctestrun -destination id=2EB0863C-470E-467D-A0C6-CD216DA70C67 -parallel-testing-enabled NO "-only-testing:ACEClientAppUITests/ACEClientAppUITests/testConfigureAccessibilitySettings" -resultBundlePath LOCAL_HOME/ace-private/mcx19b-orientation-repair-20260915/12-revision5-discriminating-diagnosis/arm-B/repetition-3/native-settings/initial-read/result.xcresult

Writing result bundle at path:
	LOCAL_HOME/ace-private/mcx19b-orientation-repair-20260915/12-revision5-discriminating-diagnosis/arm-B/repetition-3/native-settings/initial-read/result.xcresult

2026-09-17 00:45:02.360450+1000 ACEClientAppUITests-Runner[13157:7722421] [Default] Running tests...
    t =      nans Interface orientation changed to Portrait
Test Suite 'Selected tests' started at 2026-09-17 00:45:23.589.
Test Suite 'ACEClientAppUITests.xctest' started at 2026-09-17 00:45:23.603.
Test Suite 'ACEClientAppUITests' started at 2026-09-17 00:45:23.604.
Test Case '-[ACEClientAppUITests.ACEClientAppUITests testConfigureAccessibilitySettings]' started.
    t =     0.01s Start Test at 2026-09-17 00:45:23.616
    t =     1.19s Set Up
    t =     1.23s Open com.example.aceclientapp
    t =     1.23s     Launch com.example.aceclientapp
    t =     7.30s         Setting up automation session
    t =    11.89s         Wait for com.example.aceclientapp to idle
    t =    14.48s Waiting 5.0s for "Effective interface style" Any to exist
    t =    15.53s     Checking `Expect predicate `existsNoRetry == 1` for object "Effective interface style" Any`
    t =    15.54s         Checking existence of `"Effective interface style" Any`
    t =    16.79s Find the "Effective interface style" Any
    t =    16.92s Find the "Effective interface style" ScrollView
    t =    16.97s Terminate com.example.aceclientapp:13213
    t =    18.01s Open com.example.aceclientapp
    t =    18.01s     Launch com.example.aceclientapp
    t =    18.65s         Setting up automation session
    t =    23.82s         Wait for com.example.aceclientapp to idle
    t =    26.52s Waiting 5.0s for "Effective interface style" Any to exist
    t =    27.61s     Checking `Expect predicate `existsNoRetry == 1` for object "Effective interface style" Any`
    t =    27.61s         Checking existence of `"Effective interface style" Any`
    t =    28.89s Find the "Effective interface style" Any
    t =    28.94s Find the "Effective interface style" ScrollView
ACE_SETTINGS_RESULT {"mode":"read","observed":{"boldText":false,"increaseContrast":false,"orientation":"portrait","reduceMotion":false}}
    t =    28.99s Terminate com.example.aceclientapp:13235
    t =    30.03s Tear Down
Test Case '-[ACEClientAppUITests.ACEClientAppUITests testConfigureAccessibilitySettings]' passed (31.272 seconds).
Test Suite 'ACEClientAppUITests' passed at 2026-09-17 00:45:54.888.
	 Executed 1 test, with 0 failures (0 unexpected) in 31.272 (31.284) seconds
Test Suite 'ACEClientAppUITests.xctest' passed at 2026-09-17 00:45:54.891.
	 Executed 1 test, with 0 failures (0 unexpected) in 31.272 (31.288) seconds
Test Suite 'Selected tests' passed at 2026-09-17 00:45:54.893.
	 Executed 1 test, with 0 failures (0 unexpected) in 31.272 (31.304) seconds

Test session results, code coverage, and logs:
	LOCAL_HOME/ace-private/mcx19b-orientation-repair-20260915/12-revision5-discriminating-diagnosis/arm-B/repetition-3/native-settings/initial-read/result.xcresult

** TEST EXECUTE SUCCEEDED **

Testing started
2026-09-17 00:44:09.549 xcodebuild[12999:7718918] [MT] IDERunDestination: Supported platforms for the buildables in the current scheme is empty.
2026-09-17 00:44:09.582 xcodebuild[12999:7718918] [MT] IDERunDestination: Supported platforms for the buildables in the current scheme is empty.
2026-09-17 00:44:14.885 xcodebuild[12999:7718918] [MT] IDERunDestination: Supported platforms for the buildables in the current scheme is empty.
2026-09-17 00:45:26.044 xcodebuild[12999:7718918] [MT] IDELaunchParametersSnapshot: The operation couldn’t be completed. (DebuggerLLDB.DebuggerVersionStore.StoreError error 0.)
2026-09-17 00:45:26.044 xcodebuild[12999:7718918] [MT] IDELaunchParametersSnapshot: no debugger version
2026-09-17 00:45:41.618 xcodebuild[12999:7718918] [MT] IDELaunchParametersSnapshot: The operation couldn’t be completed. (DebuggerLLDB.DebuggerVersionStore.StoreError error 0.)
2026-09-17 00:45:41.618 xcodebuild[12999:7718918] [MT] IDELaunchParametersSnapshot: no debugger version
2026-09-17 00:45:55.414 xcodebuild[12999:7718918] [MT] IDETestOperationsObserverDebug: 100.506 elapsed -- Testing started completed.
2026-09-17 00:45:55.414 xcodebuild[12999:7718918] [MT] IDETestOperationsObserverDebug: 0.000 sec, +0.000 sec -- start
2026-09-17 00:45:55.414 xcodebuild[12999:7718918] [MT] IDETestOperationsObserverDebug: 100.506 sec, +100.506 sec -- end
