Command line invocation:
    /Applications/Xcode.app/Contents/Developer/usr/bin/xcodebuild test-without-building -xctestrun LOCAL_HOME/ace-private/mcx19b-orientation-repair-20260915/12-revision5-discriminating-diagnosis/arm-A/repetition-4/native-settings/initial-read/ACEClientAppUITests.xctestrun -destination id=2EB0863C-470E-467D-A0C6-CD216DA70C67 -parallel-testing-enabled NO "-only-testing:ACEClientAppUITests/ACEClientAppUITests/testConfigureAccessibilitySettings" -resultBundlePath LOCAL_HOME/ace-private/mcx19b-orientation-repair-20260915/12-revision5-discriminating-diagnosis/arm-A/repetition-4/native-settings/initial-read/result.xcresult

Writing result bundle at path:
	LOCAL_HOME/ace-private/mcx19b-orientation-repair-20260915/12-revision5-discriminating-diagnosis/arm-A/repetition-4/native-settings/initial-read/result.xcresult

2026-09-16 22:11:17.209038+1000 ACEClientAppUITests-Runner[97064:7468090] [Default] Running tests...
    t =      nans Interface orientation changed to Portrait
Test Suite 'Selected tests' started at 2026-09-16 22:11:36.124.
Test Suite 'ACEClientAppUITests.xctest' started at 2026-09-16 22:11:36.127.
Test Suite 'ACEClientAppUITests' started at 2026-09-16 22:11:36.128.
Test Case '-[ACEClientAppUITests.ACEClientAppUITests testConfigureAccessibilitySettings]' started.
    t =     0.01s Start Test at 2026-09-16 22:11:36.137
    t =     0.82s Set Up
    t =     0.85s Open com.example.aceclientapp
    t =     0.85s     Launch com.example.aceclientapp
    t =     4.01s         Setting up automation session
    t =     9.71s         Wait for com.example.aceclientapp to idle
    t =    12.50s Waiting 5.0s for "Effective interface style" Any to exist
    t =    13.52s     Checking `Expect predicate `existsNoRetry == 1` for object "Effective interface style" Any`
    t =    13.53s         Checking existence of `"Effective interface style" Any`
    t =    14.82s Find the "Effective interface style" Any
    t =    14.90s Find the "Effective interface style" ScrollView
    t =    14.95s Terminate com.example.aceclientapp:97126
    t =    16.01s Open com.example.aceclientapp
    t =    16.01s     Launch com.example.aceclientapp
    t =    16.91s         Setting up automation session
    t =    22.61s         Wait for com.example.aceclientapp to idle
    t =    25.92s Waiting 5.0s for "Effective interface style" Any to exist
    t =    27.02s     Checking `Expect predicate `existsNoRetry == 1` for object "Effective interface style" Any`
    t =    27.03s         Checking existence of `"Effective interface style" Any`
    t =    28.30s Find the "Effective interface style" Any
    t =    28.35s Find the "Effective interface style" ScrollView
ACE_SETTINGS_RESULT {"mode":"read","observed":{"boldText":false,"increaseContrast":false,"orientation":"portrait","reduceMotion":false}}
    t =    28.42s Terminate com.example.aceclientapp:97159
    t =    29.49s Tear Down
Test Case '-[ACEClientAppUITests.ACEClientAppUITests testConfigureAccessibilitySettings]' passed (29.846 seconds).
Test Suite 'ACEClientAppUITests' passed at 2026-09-16 22:12:05.983.
	 Executed 1 test, with 0 failures (0 unexpected) in 29.846 (29.856) seconds
Test Suite 'ACEClientAppUITests.xctest' passed at 2026-09-16 22:12:05.986.
	 Executed 1 test, with 0 failures (0 unexpected) in 29.846 (29.860) seconds
Test Suite 'Selected tests' passed at 2026-09-16 22:12:05.989.
	 Executed 1 test, with 0 failures (0 unexpected) in 29.846 (29.865) seconds

Test session results, code coverage, and logs:
	LOCAL_HOME/ace-private/mcx19b-orientation-repair-20260915/12-revision5-discriminating-diagnosis/arm-A/repetition-4/native-settings/initial-read/result.xcresult

** TEST EXECUTE SUCCEEDED **

Testing started
2026-09-16 22:10:27.870 xcodebuild[96920:7465425] [MT] IDERunDestination: Supported platforms for the buildables in the current scheme is empty.
2026-09-16 22:10:27.942 xcodebuild[96920:7465425] [MT] IDERunDestination: Supported platforms for the buildables in the current scheme is empty.
2026-09-16 22:10:27.970 xcodebuild[96920:7465425] [MT] IDERunDestination: Supported platforms for the buildables in the current scheme is empty.
2026-09-16 22:10:30.034 xcodebuild[96920:7465425] [MT] IDERunDestination: Supported platforms for the buildables in the current scheme is empty.
2026-09-16 22:10:30.515 xcodebuild[96920:7465425] [MT] IDERunDestination: Supported platforms for the buildables in the current scheme is empty.
2026-09-16 22:11:37.180 xcodebuild[96920:7465425] [MT] IDELaunchParametersSnapshot: The operation couldn’t be completed. (DebuggerLLDB.DebuggerVersionStore.StoreError error 0.)
2026-09-16 22:11:37.180 xcodebuild[96920:7465425] [MT] IDELaunchParametersSnapshot: no debugger version
2026-09-16 22:11:52.149 xcodebuild[96920:7465425] [MT] IDELaunchParametersSnapshot: The operation couldn’t be completed. (DebuggerLLDB.DebuggerVersionStore.StoreError error 0.)
2026-09-16 22:11:52.149 xcodebuild[96920:7465425] [MT] IDELaunchParametersSnapshot: no debugger version
2026-09-16 22:12:06.390 xcodebuild[96920:7465425] [MT] IDETestOperationsObserverDebug: 95.836 elapsed -- Testing started completed.
2026-09-16 22:12:06.390 xcodebuild[96920:7465425] [MT] IDETestOperationsObserverDebug: 0.000 sec, +0.000 sec -- start
2026-09-16 22:12:06.390 xcodebuild[96920:7465425] [MT] IDETestOperationsObserverDebug: 95.836 sec, +95.836 sec -- end
