Command line invocation:
    /Applications/Xcode.app/Contents/Developer/usr/bin/xcodebuild test-without-building -xctestrun "LOCAL_HOME/ace-private/mcx19b-orientation-repair-20260915/margin-pilot-runs/20260915T100107Z-pilot-a8d5a906fdf3/native-settings/iPhone 17 Pro Max-read/ACEClientAppUITests.xctestrun" -destination id=D1BAA05C-52DD-4E57-832F-C0A75718E085 -parallel-testing-enabled NO "-only-testing:ACEClientAppUITests/ACEClientAppUITests/testConfigureAccessibilitySettings" -resultBundlePath "LOCAL_HOME/ace-private/mcx19b-orientation-repair-20260915/margin-pilot-runs/20260915T100107Z-pilot-a8d5a906fdf3/native-settings/iPhone 17 Pro Max-read/result.xcresult"

Writing result bundle at path:
	LOCAL_HOME/ace-private/mcx19b-orientation-repair-20260915/margin-pilot-runs/20260915T100107Z-pilot-a8d5a906fdf3/native-settings/iPhone 17 Pro Max-read/result.xcresult

2026-09-15 20:02:46.030078+1000 ACEClientAppUITests-Runner[50586:4787233] [Default] Running tests...
2026-09-15 20:02:46.301917+1000 ACEClientAppUITests-Runner[50586:4787362] [General] Failed to send CA Event for app launch measurements for ca_event_type: 0 event_name: com.apple.app_launch_measurement.FirstFramePresentationMetric
    t =      nans Interface orientation changed to Portrait
Test Suite 'Selected tests' started at 2026-09-15 20:02:50.699.
Test Suite 'ACEClientAppUITests.xctest' started at 2026-09-15 20:02:50.708.
Test Suite 'ACEClientAppUITests' started at 2026-09-15 20:02:50.710.
Test Case '-[ACEClientAppUITests.ACEClientAppUITests testConfigureAccessibilitySettings]' started.
    t =     0.09s Start Test at 2026-09-15 20:02:50.799
2026-09-15 20:02:50.926933+1000 ACEClientAppUITests-Runner[50586:4787366] [General] Failed to send CA Event for app launch measurements for ca_event_type: 1 event_name: com.apple.app_launch_measurement.ExtendedLaunchMetrics
    t =     0.38s Set Up
    t =     0.41s Open com.example.aceclientapp
    t =     0.41s     Launch com.example.aceclientapp
    t =     3.05s         Setting up automation session
    t =     8.33s         Wait for com.example.aceclientapp to idle
    t =    11.37s Waiting 5.0s for "Effective interface style" Any to exist
    t =    12.44s     Checking `Expect predicate `existsNoRetry == 1` for object "Effective interface style" Any`
    t =    12.45s         Checking existence of `"Effective interface style" Any`
    t =    13.83s Find the "Effective interface style" Any
    t =    13.91s Find the "Effective interface style" ScrollView
    t =    13.97s Terminate com.example.aceclientapp:50602
    t =    15.03s Open com.example.aceclientapp
    t =    15.03s     Launch com.example.aceclientapp
    t =    16.10s         Setting up automation session
    t =    21.12s         Wait for com.example.aceclientapp to idle
    t =    24.17s Waiting 5.0s for "Effective interface style" Any to exist
    t =    25.25s     Checking `Expect predicate `existsNoRetry == 1` for object "Effective interface style" Any`
    t =    25.26s         Checking existence of `"Effective interface style" Any`
    t =    26.69s Find the "Effective interface style" Any
    t =    26.78s Find the "Effective interface style" ScrollView
ACE_SETTINGS_RESULT {"mode":"read","observed":{"boldText":false,"increaseContrast":false,"orientation":"portrait","reduceMotion":false}}
    t =    26.83s Terminate com.example.aceclientapp:50621
    t =    27.88s Tear Down
Test Case '-[ACEClientAppUITests.ACEClientAppUITests testConfigureAccessibilitySettings]' passed (28.348 seconds).
Test Suite 'ACEClientAppUITests' passed at 2026-09-15 20:03:19.147.
	 Executed 1 test, with 0 failures (0 unexpected) in 28.348 (28.437) seconds
Test Suite 'ACEClientAppUITests.xctest' passed at 2026-09-15 20:03:19.150.
	 Executed 1 test, with 0 failures (0 unexpected) in 28.348 (28.441) seconds
Test Suite 'Selected tests' passed at 2026-09-15 20:03:19.152.
	 Executed 1 test, with 0 failures (0 unexpected) in 28.348 (28.453) seconds

Test session results, code coverage, and logs:
	LOCAL_HOME/ace-private/mcx19b-orientation-repair-20260915/margin-pilot-runs/20260915T100107Z-pilot-a8d5a906fdf3/native-settings/iPhone 17 Pro Max-read/result.xcresult

** TEST EXECUTE SUCCEEDED **

Testing started
2026-09-15 20:02:37.462 xcodebuild[50566:4786692] [MT] IDERunDestination: Supported platforms for the buildables in the current scheme is empty.
2026-09-15 20:02:37.484 xcodebuild[50566:4786692] [MT] IDERunDestination: Supported platforms for the buildables in the current scheme is empty.
2026-09-15 20:02:38.763 xcodebuild[50566:4786692] [MT] IDERunDestination: Supported platforms for the buildables in the current scheme is empty.
2026-09-15 20:02:51.279 xcodebuild[50566:4786692] [MT] IDELaunchParametersSnapshot: The operation couldn’t be completed. (DebuggerLLDB.DebuggerVersionStore.StoreError error 0.)
2026-09-15 20:02:51.279 xcodebuild[50566:4786692] [MT] IDELaunchParametersSnapshot: no debugger version
2026-09-15 20:03:05.747 xcodebuild[50566:4786692] [MT] IDELaunchParametersSnapshot: The operation couldn’t be completed. (DebuggerLLDB.DebuggerVersionStore.StoreError error 0.)
2026-09-15 20:03:05.747 xcodebuild[50566:4786692] [MT] IDELaunchParametersSnapshot: no debugger version
2026-09-15 20:03:19.556 xcodebuild[50566:4786692] [MT] IDETestOperationsObserverDebug: 40.787 elapsed -- Testing started completed.
2026-09-15 20:03:19.556 xcodebuild[50566:4786692] [MT] IDETestOperationsObserverDebug: 0.000 sec, +0.000 sec -- start
2026-09-15 20:03:19.556 xcodebuild[50566:4786692] [MT] IDETestOperationsObserverDebug: 40.787 sec, +40.787 sec -- end
