Command line invocation:
    /Applications/Xcode.app/Contents/Developer/usr/bin/xcodebuild test-without-building -xctestrun "LOCAL_HOME/ace-private/mcx19b-orientation-repair-20260915/post-diagnostic-pilot-runs/20260915T110638Z-pilot-71f4f52cf8a8/native-settings/iPhone 17-read/ACEClientAppUITests.xctestrun" -destination id=2EB0863C-470E-467D-A0C6-CD216DA70C67 -parallel-testing-enabled NO "-only-testing:ACEClientAppUITests/ACEClientAppUITests/testConfigureAccessibilitySettings" -resultBundlePath "LOCAL_HOME/ace-private/mcx19b-orientation-repair-20260915/post-diagnostic-pilot-runs/20260915T110638Z-pilot-71f4f52cf8a8/native-settings/iPhone 17-read/result.xcresult"

Writing result bundle at path:
	LOCAL_HOME/ace-private/mcx19b-orientation-repair-20260915/post-diagnostic-pilot-runs/20260915T110638Z-pilot-71f4f52cf8a8/native-settings/iPhone 17-read/result.xcresult

2026-09-15 21:09:19.113733+1000 ACEClientAppUITests-Runner[59709:4963745] [Default] Running tests...
    t =      nans Interface orientation changed to Portrait
Test Suite 'Selected tests' started at 2026-09-15 21:09:28.201.
Test Suite 'ACEClientAppUITests.xctest' started at 2026-09-15 21:09:28.203.
Test Suite 'ACEClientAppUITests' started at 2026-09-15 21:09:28.203.
Test Case '-[ACEClientAppUITests.ACEClientAppUITests testConfigureAccessibilitySettings]' started.
    t =     0.01s Start Test at 2026-09-15 21:09:28.210
    t =     0.53s Set Up
    t =     0.55s Open com.example.aceclientapp
    t =     0.55s     Launch com.example.aceclientapp
    t =     2.54s         Setting up automation session
    t =     5.26s         Wait for com.example.aceclientapp to idle
    t =     7.33s Waiting 5.0s for "Effective interface style" Any to exist
    t =     8.37s     Checking `Expect predicate `existsNoRetry == 1` for object "Effective interface style" Any`
    t =     8.37s         Checking existence of `"Effective interface style" Any`
    t =     9.47s Find the "Effective interface style" Any
    t =     9.51s Find the "Effective interface style" ScrollView
    t =     9.54s Terminate com.example.aceclientapp:59741
    t =    10.59s Open com.example.aceclientapp
    t =    10.59s     Launch com.example.aceclientapp
    t =    11.02s         Setting up automation session
    t =    13.95s         Wait for com.example.aceclientapp to idle
    t =    16.34s Waiting 5.0s for "Effective interface style" Any to exist
    t =    17.38s     Checking `Expect predicate `existsNoRetry == 1` for object "Effective interface style" Any`
    t =    17.39s         Checking existence of `"Effective interface style" Any`
    t =    18.54s Find the "Effective interface style" Any
    t =    18.60s Find the "Effective interface style" ScrollView
ACE_SETTINGS_RESULT {"mode":"read","observed":{"boldText":false,"increaseContrast":false,"orientation":"portrait","reduceMotion":false}}
    t =    18.65s Terminate com.example.aceclientapp:59760
    t =    19.73s Tear Down
Test Case '-[ACEClientAppUITests.ACEClientAppUITests testConfigureAccessibilitySettings]' passed (20.256 seconds).
Test Suite 'ACEClientAppUITests' passed at 2026-09-15 21:09:48.466.
	 Executed 1 test, with 0 failures (0 unexpected) in 20.256 (20.263) seconds
Test Suite 'ACEClientAppUITests.xctest' passed at 2026-09-15 21:09:48.468.
	 Executed 1 test, with 0 failures (0 unexpected) in 20.256 (20.265) seconds
Test Suite 'Selected tests' passed at 2026-09-15 21:09:48.470.
	 Executed 1 test, with 0 failures (0 unexpected) in 20.256 (20.269) seconds

Test session results, code coverage, and logs:
	LOCAL_HOME/ace-private/mcx19b-orientation-repair-20260915/post-diagnostic-pilot-runs/20260915T110638Z-pilot-71f4f52cf8a8/native-settings/iPhone 17-read/result.xcresult

** TEST EXECUTE SUCCEEDED **

Testing started
2026-09-15 21:08:57.907 xcodebuild[59642:4962335] [MT] IDERunDestination: Supported platforms for the buildables in the current scheme is empty.
2026-09-15 21:08:57.961 xcodebuild[59642:4962335] [MT] IDERunDestination: Supported platforms for the buildables in the current scheme is empty.
2026-09-15 21:08:59.044 xcodebuild[59642:4962335] [MT] IDERunDestination: Supported platforms for the buildables in the current scheme is empty.
2026-09-15 21:08:59.392 xcodebuild[59642:4962335] [MT] IDERunDestination: Supported platforms for the buildables in the current scheme is empty.
2026-09-15 21:09:28.849 xcodebuild[59642:4962335] [MT] IDELaunchParametersSnapshot: The operation couldn’t be completed. (DebuggerLLDB.DebuggerVersionStore.StoreError error 0.)
2026-09-15 21:09:28.849 xcodebuild[59642:4962335] [MT] IDELaunchParametersSnapshot: no debugger version
2026-09-15 21:09:38.795 xcodebuild[59642:4962335] [MT] IDELaunchParametersSnapshot: The operation couldn’t be completed. (DebuggerLLDB.DebuggerVersionStore.StoreError error 0.)
2026-09-15 21:09:38.796 xcodebuild[59642:4962335] [MT] IDELaunchParametersSnapshot: no debugger version
2026-09-15 21:09:48.809 xcodebuild[59642:4962335] [MT] IDETestOperationsObserverDebug: 49.411 elapsed -- Testing started completed.
2026-09-15 21:09:48.809 xcodebuild[59642:4962335] [MT] IDETestOperationsObserverDebug: 0.000 sec, +0.000 sec -- start
2026-09-15 21:09:48.809 xcodebuild[59642:4962335] [MT] IDETestOperationsObserverDebug: 49.411 sec, +49.411 sec -- end
