Command line invocation:
    /Applications/Xcode.app/Contents/Developer/usr/bin/xcodebuild test-without-building -xctestrun LOCAL_HOME/ace-private/mcx19b-implementation-20260914/remaining-settings-integration/native-settings/landscape-restore/ACEClientAppUITests.xctestrun -destination id=D1BAA05C-52DD-4E57-832F-C0A75718E085 -parallel-testing-enabled NO "-only-testing:ACEClientAppUITests/ACEClientAppUITests/testConfigureAccessibilitySettings" -resultBundlePath LOCAL_HOME/ace-private/mcx19b-implementation-20260914/remaining-settings-integration/native-settings/landscape-restore/result.xcresult

Writing result bundle at path:
	LOCAL_HOME/ace-private/mcx19b-implementation-20260914/remaining-settings-integration/native-settings/landscape-restore/result.xcresult

2026-09-14 19:29:18.305117+1000 ACEClientAppUITests-Runner[73417:1967585] [Default] Running tests...
    t =      nans Interface orientation changed to Portrait
Test Suite 'Selected tests' started at 2026-09-14 19:29:24.011.
Test Suite 'ACEClientAppUITests.xctest' started at 2026-09-14 19:29:24.014.
Test Suite 'ACEClientAppUITests' started at 2026-09-14 19:29:24.016.
Test Case '-[ACEClientAppUITests.ACEClientAppUITests testConfigureAccessibilitySettings]' started.
    t =     0.01s Start Test at 2026-09-14 19:29:24.028
    t =     0.24s Set Up
    t =     0.27s Open com.example.aceclientapp
    t =     0.27s     Launch com.example.aceclientapp
    t =     2.78s         Setting up automation session
    t =     2.90s             Interface orientation changed to Landscape Right
    t =     8.60s         Wait for com.example.aceclientapp to idle
    t =    11.62s Waiting 5.0s for "Effective interface style" StaticText to exist
    t =    12.68s     Checking `Expect predicate `existsNoRetry == 1` for object "Effective interface style" StaticText`
    t =    12.69s         Checking existence of `"Effective interface style" StaticText`
    t =    14.29s Find the "Effective interface style" StaticText
    t =    14.51s Find the "Effective interface style" StaticText
    t =    14.67s Terminate com.example.aceclientapp:73443
    t =    15.13s     Interface orientation changed to Portrait
    t =    15.78s Setting device orientation to Portrait
    t =    15.78s     Device orientation changed to Portrait
    t =    16.85s     Wait for com.apple.springboard to idle
    t =    16.87s Open com.example.aceclientapp
    t =    16.87s     Launch com.example.aceclientapp
    t =    18.18s         Setting up automation session
    t =    24.08s         Wait for com.example.aceclientapp to idle
    t =    26.92s Waiting 5.0s for "Effective interface style" StaticText to exist
    t =    27.98s     Checking `Expect predicate `existsNoRetry == 1` for object "Effective interface style" StaticText`
    t =    27.98s         Checking existence of `"Effective interface style" StaticText`
    t =    29.57s Find the "Effective interface style" StaticText
    t =    29.80s Find the "Effective interface style" StaticText
    t =    31.03s Find the Target Application 'com.example.aceclientapp'
ACE_SETTINGS_RESULT {"mode":"set","observed":{"boldText":false,"increaseContrast":false,"orientation":"portrait","reduceMotion":false}}
    t =    31.14s Terminate com.example.aceclientapp:73467
    t =    32.18s Tear Down
Test Case '-[ACEClientAppUITests.ACEClientAppUITests testConfigureAccessibilitySettings]' passed (32.432 seconds).
Test Suite 'ACEClientAppUITests' passed at 2026-09-14 19:29:56.458.
	 Executed 1 test, with 0 failures (0 unexpected) in 32.432 (32.443) seconds
Test Suite 'ACEClientAppUITests.xctest' passed at 2026-09-14 19:29:56.462.
	 Executed 1 test, with 0 failures (0 unexpected) in 32.432 (32.448) seconds
Test Suite 'Selected tests' passed at 2026-09-14 19:29:56.464.
	 Executed 1 test, with 0 failures (0 unexpected) in 32.432 (32.452) seconds

Test session results, code coverage, and logs:
	LOCAL_HOME/ace-private/mcx19b-implementation-20260914/remaining-settings-integration/native-settings/landscape-restore/result.xcresult

** TEST EXECUTE SUCCEEDED **

Testing started
2026-09-14 19:29:08.535 xcodebuild[73396:1967038] [MT] IDERunDestination: Supported platforms for the buildables in the current scheme is empty.
2026-09-14 19:29:08.627 xcodebuild[73396:1967038] [MT] IDERunDestination: Supported platforms for the buildables in the current scheme is empty.
2026-09-14 19:29:09.980 xcodebuild[73396:1967038] [MT] IDERunDestination: Supported platforms for the buildables in the current scheme is empty.
2026-09-14 19:29:10.598 xcodebuild[73396:1967038] [MT] IDERunDestination: Supported platforms for the buildables in the current scheme is empty.
2026-09-14 19:29:24.523 xcodebuild[73396:1967038] [MT] IDELaunchParametersSnapshot: The operation couldn’t be completed. (DebuggerLLDB.DebuggerVersionStore.StoreError error 0.)
2026-09-14 19:29:24.523 xcodebuild[73396:1967038] [MT] IDELaunchParametersSnapshot: no debugger version
2026-09-14 19:29:40.899 xcodebuild[73396:1967038] [MT] IDELaunchParametersSnapshot: The operation couldn’t be completed. (DebuggerLLDB.DebuggerVersionStore.StoreError error 0.)
2026-09-14 19:29:40.899 xcodebuild[73396:1967038] [MT] IDELaunchParametersSnapshot: no debugger version
2026-09-14 19:29:56.934 xcodebuild[73396:1967038] [MT] IDETestOperationsObserverDebug: 46.326 elapsed -- Testing started completed.
2026-09-14 19:29:56.934 xcodebuild[73396:1967038] [MT] IDETestOperationsObserverDebug: 0.000 sec, +0.000 sec -- start
2026-09-14 19:29:56.934 xcodebuild[73396:1967038] [MT] IDETestOperationsObserverDebug: 46.326 sec, +46.326 sec -- end
