Command line invocation:
    /Applications/Xcode.app/Contents/Developer/usr/bin/xcodebuild test-without-building -xctestrun LOCAL_HOME/ace-private/mcx19b-orientation-repair-20260915/10-target-size-diagnosis/complete-pilot-runs/20260915T125618Z-pilot-b5a15e274c09/native-settings/001-set/ACEClientAppUITests.xctestrun -destination id=2EB0863C-470E-467D-A0C6-CD216DA70C67 -parallel-testing-enabled NO "-only-testing:ACEClientAppUITests/ACEClientAppUITests/testConfigureAccessibilitySettings" -resultBundlePath LOCAL_HOME/ace-private/mcx19b-orientation-repair-20260915/10-target-size-diagnosis/complete-pilot-runs/20260915T125618Z-pilot-b5a15e274c09/native-settings/001-set/result.xcresult

Writing result bundle at path:
	LOCAL_HOME/ace-private/mcx19b-orientation-repair-20260915/10-target-size-diagnosis/complete-pilot-runs/20260915T125618Z-pilot-b5a15e274c09/native-settings/001-set/result.xcresult

2026-09-15 22:59:23.741212+1000 ACEClientAppUITests-Runner[76214:5291046] [Default] Running tests...
    t =      nans Interface orientation changed to Portrait
Test Suite 'Selected tests' started at 2026-09-15 22:59:27.776.
Test Suite 'ACEClientAppUITests.xctest' started at 2026-09-15 22:59:27.778.
Test Suite 'ACEClientAppUITests' started at 2026-09-15 22:59:27.779.
Test Case '-[ACEClientAppUITests.ACEClientAppUITests testConfigureAccessibilitySettings]' started.
    t =     0.01s Start Test at 2026-09-15 22:59:27.786
    t =     0.19s Set Up
    t =     0.23s Open com.example.aceclientapp
    t =     0.23s     Launch com.example.aceclientapp
    t =     2.78s         Setting up automation session
    t =     6.79s         Wait for com.example.aceclientapp to idle
    t =     9.41s Waiting 5.0s for "Effective interface style" Any to exist
    t =    10.42s     Checking `Expect predicate `existsNoRetry == 1` for object "Effective interface style" Any`
    t =    10.42s         Checking existence of `"Effective interface style" Any`
    t =    11.69s Find the "Effective interface style" Any
    t =    11.75s Find the "Effective interface style" ScrollView
    t =    11.79s Terminate com.example.aceclientapp:76238
    t =    12.82s Setting device orientation to Portrait
    t =    12.83s     Device orientation changed to Portrait
    t =    12.87s     Wait for com.apple.springboard to idle
    t =    13.03s Open com.example.aceclientapp
    t =    13.03s     Launch com.example.aceclientapp
    t =    13.70s         Setting up automation session
    t =    17.68s         Wait for com.example.aceclientapp to idle
    t =    20.07s Waiting 5.0s for "Effective interface style" Any to exist
    t =    21.12s     Checking `Expect predicate `existsNoRetry == 1` for object "Effective interface style" Any`
    t =    21.12s         Checking existence of `"Effective interface style" Any`
    t =    22.32s Find the "Effective interface style" Any
    t =    22.38s Find the "Effective interface style" ScrollView
ACE_ORIENTATION_READ_STARTED {"requested":"portrait"}
    t =    22.43s Find the Target Application 'com.example.aceclientapp'
ACE_ORIENTATION_FRAME {"elapsedReadSeconds":0.065795286005595699,"frame":{"height":"874.0","width":"402.0","x":"0.0","y":"0.0"},"outcome":"match","requested":"portrait"}
ACE_SETTINGS_RESULT {"mode":"set","observed":{"boldText":false,"increaseContrast":false,"orientation":"portrait","reduceMotion":false}}
    t =    22.50s Terminate com.example.aceclientapp:76253
    t =    23.54s Tear Down
Test Case '-[ACEClientAppUITests.ACEClientAppUITests testConfigureAccessibilitySettings]' passed (23.692 seconds).
Test Suite 'ACEClientAppUITests' passed at 2026-09-15 22:59:51.479.
	 Executed 1 test, with 0 failures (0 unexpected) in 23.692 (23.699) seconds
Test Suite 'ACEClientAppUITests.xctest' passed at 2026-09-15 22:59:51.481.
	 Executed 1 test, with 0 failures (0 unexpected) in 23.692 (23.702) seconds
Test Suite 'Selected tests' passed at 2026-09-15 22:59:51.482.
	 Executed 1 test, with 0 failures (0 unexpected) in 23.692 (23.706) seconds

Test session results, code coverage, and logs:
	LOCAL_HOME/ace-private/mcx19b-orientation-repair-20260915/10-target-size-diagnosis/complete-pilot-runs/20260915T125618Z-pilot-b5a15e274c09/native-settings/001-set/result.xcresult

** TEST EXECUTE SUCCEEDED **

Testing started
2026-09-15 22:59:16.603 xcodebuild[76198:5290563] [MT] IDERunDestination: Supported platforms for the buildables in the current scheme is empty.
2026-09-15 22:59:16.642 xcodebuild[76198:5290563] [MT] IDERunDestination: Supported platforms for the buildables in the current scheme is empty.
2026-09-15 22:59:17.387 xcodebuild[76198:5290563] [MT] IDERunDestination: Supported platforms for the buildables in the current scheme is empty.
2026-09-15 22:59:28.244 xcodebuild[76198:5290563] [MT] IDELaunchParametersSnapshot: The operation couldn’t be completed. (DebuggerLLDB.DebuggerVersionStore.StoreError error 0.)
2026-09-15 22:59:28.244 xcodebuild[76198:5290563] [MT] IDELaunchParametersSnapshot: no debugger version
2026-09-15 22:59:40.826 xcodebuild[76198:5290563] [MT] IDELaunchParametersSnapshot: The operation couldn’t be completed. (DebuggerLLDB.DebuggerVersionStore.StoreError error 0.)
2026-09-15 22:59:40.826 xcodebuild[76198:5290563] [MT] IDELaunchParametersSnapshot: no debugger version
2026-09-15 22:59:51.869 xcodebuild[76198:5290563] [MT] IDETestOperationsObserverDebug: 34.475 elapsed -- Testing started completed.
2026-09-15 22:59:51.869 xcodebuild[76198:5290563] [MT] IDETestOperationsObserverDebug: 0.000 sec, +0.000 sec -- start
2026-09-15 22:59:51.869 xcodebuild[76198:5290563] [MT] IDETestOperationsObserverDebug: 34.475 sec, +34.475 sec -- end
