Command line invocation:
    /Applications/Xcode.app/Contents/Developer/usr/bin/xcodebuild test-without-building -xctestrun "LOCAL_HOME/ace-private/mcx19b-orientation-repair-20260915/shutdown-pilot-runs/20260915T085501Z-pilot-a40a74500076/native-settings/iPhone 17-read/ACEClientAppUITests.xctestrun" -destination id=2EB0863C-470E-467D-A0C6-CD216DA70C67 -parallel-testing-enabled NO "-only-testing:ACEClientAppUITests/ACEClientAppUITests/testConfigureAccessibilitySettings" -resultBundlePath "LOCAL_HOME/ace-private/mcx19b-orientation-repair-20260915/shutdown-pilot-runs/20260915T085501Z-pilot-a40a74500076/native-settings/iPhone 17-read/result.xcresult"

Writing result bundle at path:
	LOCAL_HOME/ace-private/mcx19b-orientation-repair-20260915/shutdown-pilot-runs/20260915T085501Z-pilot-a40a74500076/native-settings/iPhone 17-read/result.xcresult

2026-09-15 18:58:44.691158+1000 ACEClientAppUITests-Runner[42626:4639621] [Default] Running tests...
2026-09-15 18:58:44.824919+1000 ACEClientAppUITests-Runner[42626:4639867] [General] Failed to send CA Event for app launch measurements for ca_event_type: 0 event_name: com.apple.app_launch_measurement.FirstFramePresentationMetric
2026-09-15 18:58:44.865588+1000 ACEClientAppUITests-Runner[42626:4639867] [General] Failed to send CA Event for app launch measurements for ca_event_type: 1 event_name: com.apple.app_launch_measurement.ExtendedLaunchMetrics
    t =      nans Interface orientation changed to Portrait
Test Suite 'Selected tests' started at 2026-09-15 18:58:57.905.
Test Suite 'ACEClientAppUITests.xctest' started at 2026-09-15 18:58:57.907.
Test Suite 'ACEClientAppUITests' started at 2026-09-15 18:58:57.908.
Test Case '-[ACEClientAppUITests.ACEClientAppUITests testConfigureAccessibilitySettings]' started.
    t =     0.01s Start Test at 2026-09-15 18:58:57.913
    t =     0.80s Set Up
    t =     0.83s Open com.example.aceclientapp
    t =     0.83s     Launch com.example.aceclientapp
    t =     3.54s         Setting up automation session
    t =     7.34s         Wait for com.example.aceclientapp to idle
    t =     9.64s Waiting 5.0s for "Effective interface style" Any to exist
    t =    10.71s     Checking `Expect predicate `existsNoRetry == 1` for object "Effective interface style" Any`
    t =    10.72s         Checking existence of `"Effective interface style" Any`
    t =    11.91s Find the "Effective interface style" Any
    t =    12.03s Find the "Effective interface style" ScrollView
    t =    12.07s Terminate com.example.aceclientapp:42658
    t =    13.10s Open com.example.aceclientapp
    t =    13.10s     Launch com.example.aceclientapp
    t =    13.74s         Setting up automation session
    t =    18.05s         Wait for com.example.aceclientapp to idle
    t =    20.64s Waiting 5.0s for "Effective interface style" Any to exist
    t =    21.72s     Checking `Expect predicate `existsNoRetry == 1` for object "Effective interface style" Any`
    t =    21.72s         Checking existence of `"Effective interface style" Any`
    t =    23.00s Find the "Effective interface style" Any
    t =    23.05s Find the "Effective interface style" ScrollView
ACE_SETTINGS_RESULT {"mode":"read","observed":{"boldText":false,"increaseContrast":false,"orientation":"portrait","reduceMotion":false}}
    t =    23.11s Terminate com.example.aceclientapp:42680
    t =    24.13s Tear Down
Test Case '-[ACEClientAppUITests.ACEClientAppUITests testConfigureAccessibilitySettings]' passed (24.280 seconds).
Test Suite 'ACEClientAppUITests' passed at 2026-09-15 18:59:22.193.
	 Executed 1 test, with 0 failures (0 unexpected) in 24.280 (24.285) seconds
Test Suite 'ACEClientAppUITests.xctest' passed at 2026-09-15 18:59:22.195.
	 Executed 1 test, with 0 failures (0 unexpected) in 24.280 (24.288) seconds
Test Suite 'Selected tests' passed at 2026-09-15 18:59:22.197.
	 Executed 1 test, with 0 failures (0 unexpected) in 24.280 (24.292) seconds

Test session results, code coverage, and logs:
	LOCAL_HOME/ace-private/mcx19b-orientation-repair-20260915/shutdown-pilot-runs/20260915T085501Z-pilot-a40a74500076/native-settings/iPhone 17-read/result.xcresult

** TEST EXECUTE SUCCEEDED **

Testing started
2026-09-15 18:58:15.822 xcodebuild[42548:4637926] [MT] IDERunDestination: Supported platforms for the buildables in the current scheme is empty.
2026-09-15 18:58:15.854 xcodebuild[42548:4637926] [MT] IDERunDestination: Supported platforms for the buildables in the current scheme is empty.
2026-09-15 18:58:17.698 xcodebuild[42548:4637926] [MT] IDERunDestination: Supported platforms for the buildables in the current scheme is empty.
2026-09-15 18:58:18.209 xcodebuild[42548:4637926] [MT] IDERunDestination: Supported platforms for the buildables in the current scheme is empty.
2026-09-15 18:58:58.919 xcodebuild[42548:4637926] [MT] IDELaunchParametersSnapshot: The operation couldn’t be completed. (DebuggerLLDB.DebuggerVersionStore.StoreError error 0.)
2026-09-15 18:58:58.919 xcodebuild[42548:4637926] [MT] IDELaunchParametersSnapshot: no debugger version
2026-09-15 18:59:11.015 xcodebuild[42548:4637926] [MT] IDELaunchParametersSnapshot: The operation couldn’t be completed. (DebuggerLLDB.DebuggerVersionStore.StoreError error 0.)
2026-09-15 18:59:11.015 xcodebuild[42548:4637926] [MT] IDELaunchParametersSnapshot: no debugger version
2026-09-15 18:59:22.560 xcodebuild[42548:4637926] [MT] IDETestOperationsObserverDebug: 64.342 elapsed -- Testing started completed.
2026-09-15 18:59:22.560 xcodebuild[42548:4637926] [MT] IDETestOperationsObserverDebug: 0.000 sec, +0.000 sec -- start
2026-09-15 18:59:22.560 xcodebuild[42548:4637926] [MT] IDETestOperationsObserverDebug: 64.342 sec, +64.342 sec -- end
