Command line invocation:
    /Applications/Xcode.app/Contents/Developer/usr/bin/xcodebuild test-without-building -xctestrun "LOCAL_HOME/ace-private/mcx19b-orientation-repair-20260915/11-settings-toggle-diagnosis/native-settings-on-off-v1/native-settings/iPhone 17-restore-final/ACEClientAppUITests.xctestrun" -destination id=2EB0863C-470E-467D-A0C6-CD216DA70C67 -parallel-testing-enabled NO "-only-testing:ACEClientAppUITests/ACEClientAppUITests/testConfigureAccessibilitySettings" -resultBundlePath "LOCAL_HOME/ace-private/mcx19b-orientation-repair-20260915/11-settings-toggle-diagnosis/native-settings-on-off-v1/native-settings/iPhone 17-restore-final/result.xcresult"

Writing result bundle at path:
	LOCAL_HOME/ace-private/mcx19b-orientation-repair-20260915/11-settings-toggle-diagnosis/native-settings-on-off-v1/native-settings/iPhone 17-restore-final/result.xcresult

2026-09-15 23:33:45.785524+1000 ACEClientAppUITests-Runner[80367:5368393] [Default] Running tests...
2026-09-15 23:33:46.068492+1000 ACEClientAppUITests-Runner[80367:5368507] [General] Failed to send CA Event for app launch measurements for ca_event_type: 0 event_name: com.apple.app_launch_measurement.FirstFramePresentationMetric
    t =      nans Interface orientation changed to Portrait
Test Suite 'Selected tests' started at 2026-09-15 23:33:50.976.
Test Suite 'ACEClientAppUITests.xctest' started at 2026-09-15 23:33:50.983.
Test Suite 'ACEClientAppUITests' started at 2026-09-15 23:33:50.984.
Test Case '-[ACEClientAppUITests.ACEClientAppUITests testConfigureAccessibilitySettings]' started.
    t =     0.01s Start Test at 2026-09-15 23:33:50.997
2026-09-15 23:33:51.098527+1000 ACEClientAppUITests-Runner[80367:5368509] [General] Failed to send CA Event for app launch measurements for ca_event_type: 1 event_name: com.apple.app_launch_measurement.ExtendedLaunchMetrics
    t =     0.27s Set Up
    t =     0.30s Open com.example.aceclientapp
    t =     0.30s     Launch com.example.aceclientapp
    t =     2.56s         Setting up automation session
    t =     7.36s         Wait for com.example.aceclientapp to idle
    t =    10.48s Waiting 5.0s for "Effective interface style" Any to exist
    t =    11.56s     Checking `Expect predicate `existsNoRetry == 1` for object "Effective interface style" Any`
    t =    11.56s         Checking existence of `"Effective interface style" Any`
    t =    12.86s Find the "Effective interface style" Any
    t =    12.94s Find the "Effective interface style" ScrollView
    t =    13.01s Terminate com.example.aceclientapp:80388
    t =    14.04s Setting device orientation to Portrait
    t =    14.09s     Wait for com.apple.springboard to idle
    t =    14.31s Open com.example.aceclientapp
    t =    14.31s     Launch com.example.aceclientapp
    t =    15.16s         Setting up automation session
    t =    20.67s         Wait for com.example.aceclientapp to idle
    t =    23.50s Waiting 5.0s for "Effective interface style" Any to exist
    t =    24.52s     Checking `Expect predicate `existsNoRetry == 1` for object "Effective interface style" Any`
    t =    24.52s         Checking existence of `"Effective interface style" Any`
    t =    25.86s Find the "Effective interface style" Any
    t =    25.92s Find the "Effective interface style" ScrollView
ACE_ORIENTATION_READ_STARTED {"requested":"portrait"}
    t =    25.97s Find the Target Application 'com.example.aceclientapp'
ACE_ORIENTATION_FRAME {"elapsedReadSeconds":0.072211107995826751,"frame":{"height":"874.0","width":"402.0","x":"0.0","y":"0.0"},"outcome":"match","requested":"portrait"}
ACE_SETTINGS_RESULT {"mode":"set","observed":{"boldText":false,"increaseContrast":false,"orientation":"portrait","reduceMotion":false}}
    t =    26.05s Terminate com.example.aceclientapp:80410
    t =    27.07s Tear Down
Test Case '-[ACEClientAppUITests.ACEClientAppUITests testConfigureAccessibilitySettings]' passed (27.787 seconds).
Test Suite 'ACEClientAppUITests' passed at 2026-09-15 23:34:18.785.
	 Executed 1 test, with 0 failures (0 unexpected) in 27.787 (27.801) seconds
Test Suite 'ACEClientAppUITests.xctest' passed at 2026-09-15 23:34:18.788.
	 Executed 1 test, with 0 failures (0 unexpected) in 27.787 (27.805) seconds
Test Suite 'Selected tests' passed at 2026-09-15 23:34:18.790.
	 Executed 1 test, with 0 failures (0 unexpected) in 27.787 (27.814) seconds

Test session results, code coverage, and logs:
	LOCAL_HOME/ace-private/mcx19b-orientation-repair-20260915/11-settings-toggle-diagnosis/native-settings-on-off-v1/native-settings/iPhone 17-restore-final/result.xcresult

** TEST EXECUTE SUCCEEDED **

Testing started
2026-09-15 23:33:37.000 xcodebuild[80344:5367821] [MT] IDERunDestination: Supported platforms for the buildables in the current scheme is empty.
2026-09-15 23:33:37.033 xcodebuild[80344:5367821] [MT] IDERunDestination: Supported platforms for the buildables in the current scheme is empty.
2026-09-15 23:33:38.175 xcodebuild[80344:5367821] [MT] IDERunDestination: Supported platforms for the buildables in the current scheme is empty.
2026-09-15 23:33:51.525 xcodebuild[80344:5367821] [MT] IDELaunchParametersSnapshot: The operation couldn’t be completed. (DebuggerLLDB.DebuggerVersionStore.StoreError error 0.)
2026-09-15 23:33:51.525 xcodebuild[80344:5367821] [MT] IDELaunchParametersSnapshot: no debugger version
2026-09-15 23:34:05.304 xcodebuild[80344:5367821] [MT] IDELaunchParametersSnapshot: The operation couldn’t be completed. (DebuggerLLDB.DebuggerVersionStore.StoreError error 0.)
2026-09-15 23:34:05.304 xcodebuild[80344:5367821] [MT] IDELaunchParametersSnapshot: no debugger version
2026-09-15 23:34:19.290 xcodebuild[80344:5367821] [MT] IDETestOperationsObserverDebug: 41.061 elapsed -- Testing started completed.
2026-09-15 23:34:19.290 xcodebuild[80344:5367821] [MT] IDETestOperationsObserverDebug: 0.000 sec, +0.000 sec -- start
2026-09-15 23:34:19.290 xcodebuild[80344:5367821] [MT] IDETestOperationsObserverDebug: 41.061 sec, +41.061 sec -- end
