Command line invocation:
    /Applications/Xcode.app/Contents/Developer/usr/bin/xcodebuild test-without-building -xctestrun LOCAL_HOME/ace-private/mcx19b-implementation-20260914/settings-bold-integration/native-settings/before/ACEClientAppUITests.xctestrun -destination id=D1BAA05C-52DD-4E57-832F-C0A75718E085 -parallel-testing-enabled NO "-only-testing:ACEClientAppUITests/ACEClientAppUITests/testConfigureAccessibilitySettings" -resultBundlePath LOCAL_HOME/ace-private/mcx19b-implementation-20260914/settings-bold-integration/native-settings/before/result.xcresult

Writing result bundle at path:
	LOCAL_HOME/ace-private/mcx19b-implementation-20260914/settings-bold-integration/native-settings/before/result.xcresult

2026-09-14 18:07:06.920483+1000 ACEClientAppUITests-Runner[63231:1785919] [Default] Running tests...
    t =      nans Interface orientation changed to Portrait
Test Suite 'Selected tests' started at 2026-09-14 18:07:11.850.
Test Suite 'ACEClientAppUITests.xctest' started at 2026-09-14 18:07:11.862.
Test Suite 'ACEClientAppUITests' started at 2026-09-14 18:07:11.880.
Test Case '-[ACEClientAppUITests.ACEClientAppUITests testConfigureAccessibilitySettings]' started.
    t =     0.01s Start Test at 2026-09-14 18:07:11.891
    t =     0.25s Set Up
    t =     0.30s Open com.example.aceclientapp
    t =     0.30s     Launch com.example.aceclientapp
    t =     2.93s         Setting up automation session
    t =     9.02s         Wait for com.example.aceclientapp to idle
    t =    12.10s Waiting 5.0s for "Effective interface style" StaticText to exist
    t =    13.18s     Checking `Expect predicate `existsNoRetry == 1` for object "Effective interface style" StaticText`
    t =    13.19s         Checking existence of `"Effective interface style" StaticText`
    t =    14.77s Find the "Effective interface style" StaticText
    t =    14.99s Find the "Effective interface style" StaticText
    t =    15.19s Terminate com.example.aceclientapp:63268
    t =    16.25s Open com.example.aceclientapp
    t =    16.25s     Launch com.example.aceclientapp
    t =    19.01s         Setting up automation session
    t =    24.31s         Wait for com.example.aceclientapp to idle
    t =    27.43s Waiting 5.0s for "Effective interface style" StaticText to exist
    t =    28.51s     Checking `Expect predicate `existsNoRetry == 1` for object "Effective interface style" StaticText`
    t =    28.51s         Checking existence of `"Effective interface style" StaticText`
    t =    30.12s Find the "Effective interface style" StaticText
    t =    30.35s Find the "Effective interface style" StaticText
ACE_SETTINGS_RESULT {"mode":"read","observed":{"boldText":false,"increaseContrast":false,"orientation":"portrait","reduceMotion":false}}
    t =    30.55s Terminate com.example.aceclientapp:63289
    t =    31.61s Tear Down
Test Case '-[ACEClientAppUITests.ACEClientAppUITests testConfigureAccessibilitySettings]' passed (31.717 seconds).
Test Suite 'ACEClientAppUITests' passed at 2026-09-14 18:07:43.608.
	 Executed 1 test, with 0 failures (0 unexpected) in 31.717 (31.728) seconds
Test Suite 'ACEClientAppUITests.xctest' passed at 2026-09-14 18:07:43.611.
	 Executed 1 test, with 0 failures (0 unexpected) in 31.717 (31.748) seconds
Test Suite 'Selected tests' passed at 2026-09-14 18:07:43.613.
	 Executed 1 test, with 0 failures (0 unexpected) in 31.717 (31.763) seconds

Test session results, code coverage, and logs:
	LOCAL_HOME/ace-private/mcx19b-implementation-20260914/settings-bold-integration/native-settings/before/result.xcresult

** TEST EXECUTE SUCCEEDED **

Testing started
2026-09-14 18:06:57.545 xcodebuild[63218:1785453] [MT] IDERunDestination: Supported platforms for the buildables in the current scheme is empty.
2026-09-14 18:06:57.576 xcodebuild[63218:1785453] [MT] IDERunDestination: Supported platforms for the buildables in the current scheme is empty.
2026-09-14 18:06:58.822 xcodebuild[63218:1785453] [MT] IDERunDestination: Supported platforms for the buildables in the current scheme is empty.
2026-09-14 18:06:59.089 xcodebuild[63218:1785453] [MT] IDERunDestination: Supported platforms for the buildables in the current scheme is empty.
2026-09-14 18:07:12.399 xcodebuild[63218:1785453] [MT] IDELaunchParametersSnapshot: The operation couldn’t be completed. (DebuggerLLDB.DebuggerVersionStore.StoreError error 0.)
2026-09-14 18:07:12.399 xcodebuild[63218:1785453] [MT] IDELaunchParametersSnapshot: no debugger version
2026-09-14 18:07:28.142 xcodebuild[63218:1785453] [MT] IDELaunchParametersSnapshot: The operation couldn’t be completed. (DebuggerLLDB.DebuggerVersionStore.StoreError error 0.)
2026-09-14 18:07:28.142 xcodebuild[63218:1785453] [MT] IDELaunchParametersSnapshot: no debugger version
2026-09-14 18:07:44.102 xcodebuild[63218:1785453] [MT] IDETestOperationsObserverDebug: 45.007 elapsed -- Testing started completed.
2026-09-14 18:07:44.102 xcodebuild[63218:1785453] [MT] IDETestOperationsObserverDebug: 0.000 sec, +0.000 sec -- start
2026-09-14 18:07:44.102 xcodebuild[63218:1785453] [MT] IDETestOperationsObserverDebug: 45.007 sec, +45.007 sec -- end
