Command line invocation:
    /Applications/Xcode.app/Contents/Developer/usr/bin/xcodebuild test-without-building -xctestrun LOCAL_HOME/ace-private/mcx19b-implementation-20260914/copy-colour-investigation-20260915/dark-runs/20260914T232753Z-selected-97c06b7e5334/selected.xctestrun -destination id=D1BAA05C-52DD-4E57-832F-C0A75718E085 -parallel-testing-enabled NO "-only-testing:ACEClientAppUITests/ACEClientAppUITests/testFictionalReleaseHasApprovedCopyControls" "-only-testing:ACEClientAppUITests/ACEClientAppUITests/testClippingNoActionsStandaloneAudit" "-only-testing:ACEClientAppUITests/ACEClientAppUITests/testClippingNoConclusionStandaloneAudit" -resultBundlePath LOCAL_HOME/ace-private/mcx19b-implementation-20260914/copy-colour-investigation-20260915/dark-runs/20260914T232753Z-selected-97c06b7e5334/selected.xcresult

Writing result bundle at path:
	LOCAL_HOME/ace-private/mcx19b-implementation-20260914/copy-colour-investigation-20260915/dark-runs/20260914T232753Z-selected-97c06b7e5334/selected.xcresult

2026-09-15 09:29:52.372461+1000 ACEClientAppUITests-Runner[76205:3420116] [Default] Running tests...
    t =      nans Interface orientation changed to Portrait
Test Suite 'Selected tests' started at 2026-09-15 09:29:57.340.
Test Suite 'ACEClientAppUITests.xctest' started at 2026-09-15 09:29:57.373.
Test Suite 'ACEClientAppUITests' started at 2026-09-15 09:29:57.374.
Test Case '-[ACEClientAppUITests.ACEClientAppUITests testClippingNoActionsStandaloneAudit]' started.
    t =     0.01s Start Test at 2026-09-15 09:29:57.383
    t =     0.32s Set Up
    t =     0.35s Open com.example.aceclientapp
    t =     0.35s     Launch com.example.aceclientapp
    t =     3.30s         Setting up automation session
    t =     9.14s         Wait for com.example.aceclientapp to idle
    t =    12.06s Waiting 5.0s for "No actions are available." StaticText to exist
    t =    13.16s     Checking `Expect predicate `existsNoRetry == 1` for object "No actions are available." StaticText`
    t =    13.16s         Checking existence of `"No actions are available." StaticText`
    t =    13.49s Get number of matches for: Elements matching predicate 'label BEGINSWITH "Copy "'
    t =    13.55s Get all elements bound by index for: Descendants matching type Button
    t =    13.61s Find the Button (Element at index 0)
    t =    13.74s Find the "Refresh current release" Button
    t =    13.82s Find the "Refresh current release" Button
    t =    13.90s Find the Button (Element at index 1)
    t =    14.01s Find the "Sign out" Button
    t =    14.14s Find the "Sign out" Button
    t =    14.22s Waiting 5.0s for ScrollView (First Match) to exist
    t =    15.30s     Checking `Expect predicate `existsNoRetry == 1` for object ScrollView (First Match)`
    t =    15.30s         Checking existence of `ScrollView (First Match)`
    t =    15.34s Checking existence of `"No actions are available." StaticText`
    t =    15.41s Find the "No actions are available." StaticText
    t =    15.56s Find the "No actions are available." StaticText
    t =    15.64s Find the ScrollView (First Match)
    t =    15.69s Find the Target Application 'com.example.aceclientapp'
    t =    16.65s Added attachment named 'Controlled state — noActions — dark'
    t =    23.35s Terminate com.example.aceclientapp:76224
    t =    24.39s Tear Down
Test Case '-[ACEClientAppUITests.ACEClientAppUITests testClippingNoActionsStandaloneAudit]' passed (24.772 seconds).
Test Case '-[ACEClientAppUITests.ACEClientAppUITests testClippingNoConclusionStandaloneAudit]' started.
    t =     0.00s Start Test at 2026-09-15 09:30:22.157
    t =     0.25s Set Up
    t =     0.25s Open com.example.aceclientapp
    t =     0.26s     Launch com.example.aceclientapp
    t =     1.11s         Setting up automation session
    t =     6.35s         Wait for com.example.aceclientapp to idle
    t =    10.51s Checking existence of `"No conclusion is available." StaticText`
    t =    10.84s Get all elements bound by index for: Descendants matching type Button
    t =    10.90s Find the Button (Element at index 0)
    t =    11.12s Find the "Refresh current release" Button
    t =    11.21s Find the "Refresh current release" Button
    t =    11.27s Find the Button (Element at index 1)
    t =    11.42s Find the Button (Element at index 2)
    t =    11.56s Find the "Copy action 1" Button
    t =    11.72s Find the "Copy action 1" Button
    t =    11.80s Waiting 5.0s for ScrollView (First Match) to exist
    t =    12.87s     Checking `Expect predicate `existsNoRetry == 1` for object ScrollView (First Match)`
    t =    12.87s         Checking existence of `ScrollView (First Match)`
    t =    12.91s Checking existence of `"No conclusion is available." StaticText`
    t =    12.98s Find the "No conclusion is available." StaticText
    t =    13.21s Find the "No conclusion is available." StaticText
    t =    13.30s Find the ScrollView (First Match)
    t =    13.36s Find the Target Application 'com.example.aceclientapp'
    t =    14.15s Added attachment named 'Controlled state — noConclusion — dark'
    t =    20.18s Terminate com.example.aceclientapp:76257
    t =    21.21s Tear Down
Test Case '-[ACEClientAppUITests.ACEClientAppUITests testClippingNoConclusionStandaloneAudit]' passed (21.395 seconds).
Test Case '-[ACEClientAppUITests.ACEClientAppUITests testFictionalReleaseHasApprovedCopyControls]' started.
    t =     0.00s Start Test at 2026-09-15 09:30:43.553
    t =     0.22s Set Up
    t =     0.23s Open com.example.aceclientapp
    t =     0.23s     Launch com.example.aceclientapp
    t =     1.12s         Setting up automation session
    t =     6.50s         Wait for com.example.aceclientapp to idle
    t =     9.68s Checking existence of `"Copy action 1" Button`
    t =    10.01s Checking existence of `"Copy Engagement name" Button`
    t =    10.12s Checking existence of `"Copy Review status" Button`
    t =    10.23s Checking existence of `"Copy Release version" Button`
    t =    10.34s Checking existence of `"Copy Published date and time" Button`
    t =    10.44s Checking existence of `"Copy Conclusion title" Button`
    t =    10.56s Checking existence of `"Copy Conclusion summary" Button`
    t =    10.69s Checking existence of `"Copy Evidence reference" Button`
    t =    10.80s Checking existence of `"Copy Action description" Button`
    t =    10.90s Checking existence of `"Copy Action owner" Button`
    t =    11.08s Checking existence of `"Copy Action target date" Button`
    t =    11.18s Checking existence of `"Copy Action status" Button`
    t =    11.29s Get number of matches for: Elements matching predicate 'label BEGINSWITH "Copy "'
    t =    11.43s Get all elements bound by index for: Descendants matching type Button
    t =    11.51s Find the Button (Element at index 0)
    t =    11.75s Find the Button (Element at index 1)
    t =    11.88s Find the Button (Element at index 2)
    t =    12.02s Waiting 5.0s for "Effective interface style" Any to exist
    t =    13.02s     Checking `Expect predicate `existsNoRetry == 1` for object "Effective interface style" Any`
    t =    13.02s         Checking existence of `"Effective interface style" Any`
    t =    14.20s Checking `Expect predicate `label == "dark"` for object "Effective interface style" Any`
    t =    14.20s     Find the "Effective interface style" Any
    t =    19.70s Waiting 5.0s for ScrollView (First Match) to exist
    t =    20.73s     Checking `Expect predicate `existsNoRetry == 1` for object ScrollView (First Match)`
    t =    20.73s         Checking existence of `ScrollView (First Match)`
    t =    20.77s Checking existence of `Any (First Match)`
    t =    20.84s Find the Any (First Match)
    t =    20.98s Find the "Engagement name: Fictional Engagement" StaticText
    t =    21.07s Find the ScrollView (First Match)
    t =    21.13s Get all elements bound by index for: Descendants matching type Button
    t =    21.19s Find the Button (Element at index 0)
    t =    21.30s Find the Button (Element at index 1)
    t =    21.41s Find the Button (Element at index 2)
    t =    22.32s Added attachment named 'Release detail — Engagement name — dark'
    t =    22.32s Waiting 5.0s for ScrollView (First Match) to exist
    t =    23.41s     Checking `Expect predicate `existsNoRetry == 1` for object ScrollView (First Match)`
    t =    23.41s         Checking existence of `ScrollView (First Match)`
    t =    23.45s Checking existence of `Any (First Match)`
    t =    23.52s Find the Any (First Match)
    t =    23.66s Find the "Review status: RELEASED" StaticText
    t =    23.76s Find the ScrollView (First Match)
    t =    23.85s Get all elements bound by index for: Descendants matching type Button
    t =    23.91s Find the Button (Element at index 0)
    t =    24.01s Find the Button (Element at index 1)
    t =    24.11s Find the Button (Element at index 2)
    t =    25.24s Added attachment named 'Release detail — Review status — dark'
    t =    25.25s Waiting 5.0s for ScrollView (First Match) to exist
    t =    26.33s     Checking `Expect predicate `existsNoRetry == 1` for object ScrollView (First Match)`
    t =    26.33s         Checking existence of `ScrollView (First Match)`
    t =    26.36s Checking existence of `Any (First Match)`
    t =    26.43s Find the Any (First Match)
    t =    26.58s Find the "Release version: 1" StaticText
    t =    26.71s Find the ScrollView (First Match)
    t =    26.77s Get all elements bound by index for: Descendants matching type Button
    t =    26.83s Find the Button (Element at index 0)
    t =    27.02s Find the Button (Element at index 1)
    t =    27.12s Find the Button (Element at index 2)
    t =    27.87s Added attachment named 'Release detail — Release version — dark'
    t =    27.88s Waiting 5.0s for ScrollView (First Match) to exist
    t =    28.94s     Checking `Expect predicate `existsNoRetry == 1` for object ScrollView (First Match)`
    t =    28.94s         Checking existence of `ScrollView (First Match)`
    t =    28.98s Checking existence of `Any (First Match)`
    t =    29.06s Find the Any (First Match)
    t =    29.20s Find the "Published date and time: 2026-08-24T10:15:30Z" StaticText
    t =    29.30s Find the ScrollView (First Match)
    t =    29.35s Get all elements bound by index for: Descendants matching type Button
    t =    29.42s Find the Button (Element at index 0)
    t =    29.60s Find the Button (Element at index 1)
    t =    29.72s Find the Button (Element at index 2)
    t =    30.83s Added attachment named 'Release detail — Published date and time — dark'
    t =    30.83s Waiting 5.0s for ScrollView (First Match) to exist
    t =    31.90s     Checking `Expect predicate `existsNoRetry == 1` for object ScrollView (First Match)`
    t =    31.90s         Checking existence of `ScrollView (First Match)`
    t =    31.94s Checking existence of `Any (First Match)`
    t =    32.03s Find the Any (First Match)
    t =    32.22s Find the "Conclusion title: Fictional conclusion" StaticText
    t =    32.32s Find the ScrollView (First Match)
    t =    32.37s Get all elements bound by index for: Descendants matching type Button
    t =    32.44s Find the Button (Element at index 0)
    t =    32.59s Find the Button (Element at index 1)
    t =    32.70s Find the Button (Element at index 2)
    t =    33.64s Added attachment named 'Release detail — Conclusion title — dark'
    t =    33.64s Waiting 5.0s for ScrollView (First Match) to exist
    t =    34.74s     Checking `Expect predicate `existsNoRetry == 1` for object ScrollView (First Match)`
    t =    34.74s         Checking existence of `ScrollView (First Match)`
    t =    34.78s Checking existence of `Any (First Match)`
    t =    34.86s Find the Any (First Match)
    t =    35.02s Find the "Conclusion summary: Fictional summary" StaticText
    t =    35.15s Find the ScrollView (First Match)
    t =    35.20s Get all elements bound by index for: Descendants matching type Button
    t =    35.26s Find the Button (Element at index 0)
    t =    35.36s Find the Button (Element at index 1)
    t =    35.47s Find the Button (Element at index 2)
    t =    36.24s Added attachment named 'Release detail — Conclusion summary — dark'
    t =    36.25s Waiting 5.0s for ScrollView (First Match) to exist
    t =    37.33s     Checking `Expect predicate `existsNoRetry == 1` for object ScrollView (First Match)`
    t =    37.33s         Checking existence of `ScrollView (First Match)`
    t =    37.37s Checking existence of `Any (First Match)`
    t =    37.47s Find the Any (First Match)
    t =    37.62s Find the "Evidence reference: FICTIONAL-REF-001" StaticText
    t =    37.71s Find the ScrollView (First Match)
    t =    37.76s Get all elements bound by index for: Descendants matching type Button
    t =    37.82s Find the Button (Element at index 0)
    t =    37.92s Find the Button (Element at index 1)
    t =    38.12s Find the Button (Element at index 2)
    t =    38.98s Added attachment named 'Release detail — Evidence reference — dark'
    t =    38.98s Waiting 5.0s for ScrollView (First Match) to exist
    t =    40.03s     Checking `Expect predicate `existsNoRetry == 1` for object ScrollView (First Match)`
    t =    40.03s         Checking existence of `ScrollView (First Match)`
    t =    40.07s Checking existence of `Any (First Match)`
    t =    40.18s Find the Any (First Match)
    t =    40.39s Find the "Action description: Fictional action" StaticText
    t =    40.60s Find the ScrollView (First Match)
    t =    40.67s Get all elements bound by index for: Descendants matching type Button
    t =    40.75s Find the Button (Element at index 0)
    t =    40.85s Find the Button (Element at index 1)
    t =    40.96s Find the Button (Element at index 2)
    t =    41.86s Added attachment named 'Release detail — Action description — dark'
    t =    41.87s Waiting 5.0s for ScrollView (First Match) to exist
    t =    42.95s     Checking `Expect predicate `existsNoRetry == 1` for object ScrollView (First Match)`
    t =    42.95s         Checking existence of `ScrollView (First Match)`
    t =    42.98s Checking existence of `Any (First Match)`
    t =    43.10s Find the Any (First Match)
    t =    43.32s Find the "Action owner: Fictional owner" StaticText
    t =    43.49s Find the ScrollView (First Match)
    t =    43.54s Get all elements bound by index for: Descendants matching type Button
    t =    43.60s Find the Button (Element at index 0)
    t =    43.76s Find the Button (Element at index 1)
    t =    43.87s Find the Button (Element at index 2)
    t =    44.68s Added attachment named 'Release detail — Action owner — dark'
    t =    44.68s Waiting 5.0s for ScrollView (First Match) to exist
    t =    45.75s     Checking `Expect predicate `existsNoRetry == 1` for object ScrollView (First Match)`
    t =    45.75s         Checking existence of `ScrollView (First Match)`
    t =    45.78s Checking existence of `Any (First Match)`
    t =    45.91s Find the Any (First Match)
    t =    46.10s Find the "Action target date: 2026-08-25" StaticText
    t =    46.26s Find the ScrollView (First Match)
    t =    46.35s Find the "Effective interface style" ScrollView
    t =    46.44s Checking existence of `"Action target date: 2026-08-25" StaticText`
    t =    46.68s Find the "Action target date: 2026-08-25" StaticText
    t =    46.87s Press "Effective interface style" ScrollView[0.50, 0.72] for 0.1 seconds, then drag to "Effective interface style" ScrollView[0.50, 0.28] with velocity of 500.00 pixels per second, and then hold for 0.0 seconds 
    t =    46.87s     Wait for com.example.aceclientapp to idle
    t =    46.88s     Find the "Effective interface style" ScrollView
    t =    46.94s     Check for interrupting elements affecting "Effective interface style" ScrollView
    t =    47.07s     Synthesize event
    t =    47.07s         Find the "Effective interface style" ScrollView
    t =    47.14s         Find the "Effective interface style" ScrollView
    t =    47.23s         Find the "Effective interface style" ScrollView
    t =    47.31s         Find the "Effective interface style" ScrollView
    t =    47.41s         Find the "Effective interface style" ScrollView
    t =    48.53s     Wait for com.example.aceclientapp to idle
    t =    48.95s Checking existence of `"Action target date: 2026-08-25" StaticText`
    t =    49.07s Find the "Action target date: 2026-08-25" StaticText
    t =    49.38s Find the "Action target date: 2026-08-25" StaticText
    t =    49.58s Find the "Effective interface style" ScrollView
    t =    49.63s Get all elements bound by index for: Descendants matching type Button
    t =    49.69s Find the Button (Element at index 0)
    t =    49.82s Find the "Refresh current release" Button
    t =    49.92s Find the "Refresh current release" Button
    t =    49.99s Find the Button (Element at index 1)
    t =    50.23s Find the "Sign out" Button
    t =    50.34s Find the "Sign out" Button
    t =    50.43s Find the Button (Element at index 2)
    t =    50.57s Find the "Copy action 1" Button
    t =    50.72s Find the "Copy action 1" Button
    t =    51.61s Added attachment named 'Release detail — Action target date — dark'
    t =    51.61s Waiting 5.0s for ScrollView (First Match) to exist
    t =    52.67s     Checking `Expect predicate `existsNoRetry == 1` for object ScrollView (First Match)`
    t =    52.67s         Checking existence of `ScrollView (First Match)`
    t =    52.70s Checking existence of `Any (First Match)`
    t =    52.90s Find the Any (First Match)
    t =    53.10s Find the "Action status: OPEN" StaticText
    t =    53.26s Find the ScrollView (First Match)
    t =    53.30s Get all elements bound by index for: Descendants matching type Button
    t =    53.36s Find the Button (Element at index 0)
    t =    53.52s Find the "Refresh current release" Button
    t =    53.61s Find the "Refresh current release" Button
    t =    53.71s Find the Button (Element at index 1)
    t =    53.86s Find the "Sign out" Button
    t =    53.96s Find the "Sign out" Button
    t =    54.07s Find the Button (Element at index 2)
    t =    54.21s Find the "Copy action 1" Button
    t =    54.31s Find the "Copy action 1" Button
    t =    55.09s Added attachment named 'Release detail — Action status — dark'
    t =    55.10s Get all elements bound by index for: Descendants matching type Button
    t =    55.16s Find the Button (Element at index 0)
    t =    55.34s Find the "Refresh current release" Button
    t =    55.44s Find the "Refresh current release" Button
    t =    55.50s Find the Button (Element at index 1)
    t =    55.63s Find the "Sign out" Button
    t =    55.77s Find the "Sign out" Button
    t =    55.85s Find the Button (Element at index 2)
    t =    56.01s Find the "Copy action 1" Button
    t =    56.11s Find the "Copy action 1" Button
    t =    56.18s Find the Target Application 'com.example.aceclientapp'
    t =    57.08s Added attachment named 'Fictional release — approved-controls — dark'
    t =    57.08s Find the "Action 1" StaticText
    t =    57.20s Find the "Action status: OPEN" StaticText
    t =    57.85s Find the "Action 1" StaticText
    t =    57.97s Find the "Action status: OPEN" StaticText
ACE_MCX19_CONTRAST_PROBE {"after":{"Action 1":{"height":20.333333333333428,"width":63.333333333333329,"x":32,"y":454.33333333333326},"Action status: OPEN":{"height":42.333333333333258,"width":99.666666666666657,"x":32,"y":649.66666666666674}},"before":{"Action 1":{"height":20.333333333333428,"width":63.333333333333329,"x":32,"y":454.33333333333326},"Action status: OPEN":{"height":42.333333333333258,"width":99.666666666666657,"x":32,"y":649.66666666666674}}}
    t =    58.10s Find the "Action 1" StaticText
    t =    58.22s Find the "Action status: OPEN" StaticText
ACE_MCX19_ALL_AUDIT_PRE {"after":{"Action 1":{"height":20.333333333333428,"width":63.333333333333329,"x":32,"y":454.33333333333326},"Action status: OPEN":{"height":42.333333333333258,"width":99.666666666666657,"x":32,"y":649.66666666666674}},"before":{"Action 1":{"height":20.333333333333428,"width":63.333333333333329,"x":32,"y":454.33333333333326},"Action status: OPEN":{"height":42.333333333333258,"width":99.666666666666657,"x":32,"y":649.66666666666674}}}
    t =    63.01s Find the "Action 1" StaticText
    t =    63.17s Find the "Action status: OPEN" StaticText
ACE_MCX19_ALL_AUDIT_POST {"after":{"Action 1":{"height":20.333333333333371,"width":63.333333333333329,"x":32,"y":542.99999999999989},"Action status: OPEN":{"height":42.333333333333258,"width":99.666666666666657,"x":32,"y":738.33333333333337}},"before":{"Action 1":{"height":20.333333333333371,"width":63.333333333333329,"x":32,"y":542.99999999999989},"Action status: OPEN":{"height":42.333333333333258,"width":99.666666666666657,"x":32,"y":738.33333333333337}}}
    t =    63.29s Terminate com.example.aceclientapp:76295
    t =    64.37s Open com.example.aceclientapp
    t =    64.38s     Launch com.example.aceclientapp
    t =    65.23s         Setting up automation session
    t =    70.68s         Wait for com.example.aceclientapp to idle
    t =    74.01s Waiting 5.0s for ScrollView (First Match) to exist
    t =    75.07s     Checking `Expect predicate `existsNoRetry == 1` for object ScrollView (First Match)`
    t =    75.07s         Checking existence of `ScrollView (First Match)`
    t =    75.20s Checking existence of `"Copy action 1" Button`
    t =    75.40s Find the "Copy action 1" Button
    t =    75.56s Find the ScrollView (First Match)
    t =    75.65s Checking existence of `"Copy action 1" Button`
    t =    75.73s Find the "Copy action 1" Button
    t =    75.85s Press "Effective interface style" ScrollView[0.50, 0.72] for 0.1 seconds, then drag to "Effective interface style" ScrollView[0.50, 0.28] with velocity of 500.00 pixels per second, and then hold for 0.0 seconds 
    t =    75.85s     Wait for com.example.aceclientapp to idle
    t =    75.86s     Find the "Effective interface style" ScrollView
    t =    75.93s     Check for interrupting elements affecting "Effective interface style" ScrollView
    t =    76.03s     Synthesize event
    t =    76.03s         Find the "Effective interface style" ScrollView
    t =    76.21s         Find the "Effective interface style" ScrollView
    t =    76.29s         Find the "Effective interface style" ScrollView
    t =    76.37s         Find the "Effective interface style" ScrollView
    t =    76.49s         Find the "Effective interface style" ScrollView
    t =    77.63s     Wait for com.example.aceclientapp to idle
    t =    78.12s Checking existence of `"Copy action 1" Button`
    t =    78.21s Find the "Copy action 1" Button
    t =    78.37s Find the "Copy action 1" Button
    t =    78.51s Find the "Effective interface style" ScrollView
    t =    78.57s Tap "Copy action 1" Button
    t =    78.58s     Wait for com.example.aceclientapp to idle
    t =    78.59s     Find the "Copy action 1" Button
    t =    78.69s     Check for interrupting elements affecting "Copy action 1" Button
    t =    78.80s     Synthesize event
    t =    79.19s     Wait for com.example.aceclientapp to idle
    t =    79.20s Checking existence of `"Copied Action 1." StaticText`
    t =    79.30s Waiting 5.0s for ScrollView (First Match) to exist
    t =    80.32s     Checking `Expect predicate `existsNoRetry == 1` for object ScrollView (First Match)`
    t =    80.32s         Checking existence of `ScrollView (First Match)`
    t =    80.35s Checking existence of `"Copied Action 1." StaticText`
    t =    80.44s Find the "Copied Action 1." StaticText
    t =    80.68s Find the "Copied Action 1." StaticText
    t =    80.80s Find the ScrollView (First Match)
    t =    80.85s Find the Target Application 'com.example.aceclientapp'
    t =    81.75s Added attachment named 'Controlled state — copyConfirmation — dark'
    t =    87.25s Terminate com.example.aceclientapp:76426
    t =    88.38s Tear Down
Test Case '-[ACEClientAppUITests.ACEClientAppUITests testFictionalReleaseHasApprovedCopyControls]' passed (88.855 seconds).
Test Suite 'ACEClientAppUITests' passed at 2026-09-15 09:32:12.408.
	 Executed 3 tests, with 0 failures (0 unexpected) in 135.022 (135.034) seconds
Test Suite 'ACEClientAppUITests.xctest' passed at 2026-09-15 09:32:12.411.
	 Executed 3 tests, with 0 failures (0 unexpected) in 135.022 (135.038) seconds
Test Suite 'Selected tests' passed at 2026-09-15 09:32:12.413.
	 Executed 3 tests, with 0 failures (0 unexpected) in 135.022 (135.074) seconds

Test session results, code coverage, and logs:
	LOCAL_HOME/ace-private/mcx19b-implementation-20260914/copy-colour-investigation-20260915/dark-runs/20260914T232753Z-selected-97c06b7e5334/selected.xcresult

** TEST EXECUTE SUCCEEDED **

Testing started
2026-09-15 09:29:43.346 xcodebuild[76177:3419569] [MT] IDERunDestination: Supported platforms for the buildables in the current scheme is empty.
2026-09-15 09:29:43.363 xcodebuild[76177:3419569] [MT] IDERunDestination: Supported platforms for the buildables in the current scheme is empty.
2026-09-15 09:29:44.867 xcodebuild[76177:3419569] [MT] IDERunDestination: Supported platforms for the buildables in the current scheme is empty.
2026-09-15 09:29:57.938 xcodebuild[76177:3419569] [MT] IDELaunchParametersSnapshot: The operation couldn’t be completed. (DebuggerLLDB.DebuggerVersionStore.StoreError error 0.)
2026-09-15 09:29:57.938 xcodebuild[76177:3419569] [MT] IDELaunchParametersSnapshot: no debugger version
2026-09-15 09:30:22.418 xcodebuild[76177:3419569] [MT] IDELaunchParametersSnapshot: The operation couldn’t be completed. (DebuggerLLDB.DebuggerVersionStore.StoreError error 0.)
2026-09-15 09:30:22.418 xcodebuild[76177:3419569] [MT] IDELaunchParametersSnapshot: no debugger version
2026-09-15 09:30:43.785 xcodebuild[76177:3419569] [MT] IDELaunchParametersSnapshot: The operation couldn’t be completed. (DebuggerLLDB.DebuggerVersionStore.StoreError error 0.)
2026-09-15 09:30:43.785 xcodebuild[76177:3419569] [MT] IDELaunchParametersSnapshot: no debugger version
2026-09-15 09:31:47.932 xcodebuild[76177:3419569] [MT] IDELaunchParametersSnapshot: The operation couldn’t be completed. (DebuggerLLDB.DebuggerVersionStore.StoreError error 0.)
2026-09-15 09:31:47.932 xcodebuild[76177:3419569] [MT] IDELaunchParametersSnapshot: no debugger version
2026-09-15 09:32:12.882 xcodebuild[76177:3419569] [MT] IDETestOperationsObserverDebug: 148.005 elapsed -- Testing started completed.
2026-09-15 09:32:12.882 xcodebuild[76177:3419569] [MT] IDETestOperationsObserverDebug: 0.000 sec, +0.000 sec -- start
2026-09-15 09:32:12.882 xcodebuild[76177:3419569] [MT] IDETestOperationsObserverDebug: 148.005 sec, +148.005 sec -- end
