Command line invocation:
    /Applications/Xcode.app/Contents/Developer/usr/bin/xcodebuild test-without-building -xctestrun LOCAL_HOME/ace-private/mcx19b-implementation-20260914/signin-maximum-integration/native-settings/restored/ACEClientAppUITests.xctestrun -destination id=D1BAA05C-52DD-4E57-832F-C0A75718E085 -parallel-testing-enabled NO "-only-testing:ACEClientAppUITests/ACEClientAppUITests/testConfigureAccessibilitySettings" -resultBundlePath LOCAL_HOME/ace-private/mcx19b-implementation-20260914/signin-maximum-integration/native-settings/restored/result.xcresult

Writing result bundle at path:
	LOCAL_HOME/ace-private/mcx19b-implementation-20260914/signin-maximum-integration/native-settings/restored/result.xcresult

2026-09-14 20:21:49.628370+1000 ACEClientAppUITests-Runner[80217:2086505] [Default] Running tests...
    t =      nans Interface orientation changed to Portrait
Test Suite 'Selected tests' started at 2026-09-14 20:21:54.480.
Test Suite 'ACEClientAppUITests.xctest' started at 2026-09-14 20:21:54.482.
Test Suite 'ACEClientAppUITests' started at 2026-09-14 20:21:54.482.
Test Case '-[ACEClientAppUITests.ACEClientAppUITests testConfigureAccessibilitySettings]' started.
    t =     0.01s Start Test at 2026-09-14 20:21:54.489
    t =     0.24s Set Up
    t =     0.26s Open com.example.aceclientapp
    t =     0.27s     Launch com.example.aceclientapp
    t =     3.15s         Setting up automation session
    t =     8.82s         Wait for com.example.aceclientapp to idle
    t =    11.92s Waiting 5.0s for "Effective interface style" StaticText to exist
    t =    13.00s     Checking `Expect predicate `existsNoRetry == 1` for object "Effective interface style" StaticText`
    t =    13.01s         Checking existence of `"Effective interface style" StaticText`
    t =    14.59s Find the "Effective interface style" StaticText
    t =    14.85s Find the "Effective interface style" StaticText
    t =    15.10s Terminate com.example.aceclientapp:80232
    t =    16.14s Setting device orientation to Portrait
    t =    16.21s     Wait for com.apple.springboard to idle
    t =    16.23s Open com.example.aceclientapp
    t =    16.24s     Launch com.example.aceclientapp
    t =    17.12s         Setting up automation session
    t =    23.31s         Wait for com.example.aceclientapp to idle
    t =    26.88s Waiting 5.0s for "Effective interface style" StaticText to exist
    t =    27.94s     Checking `Expect predicate `existsNoRetry == 1` for object "Effective interface style" StaticText`
    t =    27.95s         Checking existence of `"Effective interface style" StaticText`
    t =    29.75s Find the "Effective interface style" StaticText
    t =    29.98s Find the "Effective interface style" StaticText
    t =    31.24s Find the Target Application 'com.example.aceclientapp'
ACE_SETTINGS_RESULT {"mode":"set","observed":{"boldText":false,"increaseContrast":false,"orientation":"portrait","reduceMotion":false}}
    t =    31.39s Terminate com.example.aceclientapp:80257
    t =    32.50s Tear Down
Test Case '-[ACEClientAppUITests.ACEClientAppUITests testConfigureAccessibilitySettings]' passed (32.896 seconds).
Test Suite 'ACEClientAppUITests' passed at 2026-09-14 20:22:27.385.
	 Executed 1 test, with 0 failures (0 unexpected) in 32.896 (32.903) seconds
Test Suite 'ACEClientAppUITests.xctest' passed at 2026-09-14 20:22:27.388.
	 Executed 1 test, with 0 failures (0 unexpected) in 32.896 (32.906) seconds
Test Suite 'Selected tests' passed at 2026-09-14 20:22:27.390.
	 Executed 1 test, with 0 failures (0 unexpected) in 32.896 (32.910) seconds

Test session results, code coverage, and logs:
	LOCAL_HOME/ace-private/mcx19b-implementation-20260914/signin-maximum-integration/native-settings/restored/result.xcresult

** TEST EXECUTE SUCCEEDED **

Testing started
2026-09-14 20:21:40.654 xcodebuild[80198:2085964] [MT] IDERunDestination: Supported platforms for the buildables in the current scheme is empty.
2026-09-14 20:21:40.714 xcodebuild[80198:2085964] [MT] IDERunDestination: Supported platforms for the buildables in the current scheme is empty.
2026-09-14 20:21:42.057 xcodebuild[80198:2085964] [MT] IDERunDestination: Supported platforms for the buildables in the current scheme is empty.
2026-09-14 20:21:54.961 xcodebuild[80198:2085964] [MT] IDELaunchParametersSnapshot: The operation couldn’t be completed. (DebuggerLLDB.DebuggerVersionStore.StoreError error 0.)
2026-09-14 20:21:54.961 xcodebuild[80198:2085964] [MT] IDELaunchParametersSnapshot: no debugger version
2026-09-14 20:22:10.725 xcodebuild[80198:2085964] [MT] IDELaunchParametersSnapshot: The operation couldn’t be completed. (DebuggerLLDB.DebuggerVersionStore.StoreError error 0.)
2026-09-14 20:22:10.725 xcodebuild[80198:2085964] [MT] IDELaunchParametersSnapshot: no debugger version
2026-09-14 20:22:27.802 xcodebuild[80198:2085964] [MT] IDETestOperationsObserverDebug: 45.726 elapsed -- Testing started completed.
2026-09-14 20:22:27.802 xcodebuild[80198:2085964] [MT] IDETestOperationsObserverDebug: 0.000 sec, +0.000 sec -- start
2026-09-14 20:22:27.802 xcodebuild[80198:2085964] [MT] IDETestOperationsObserverDebug: 45.726 sec, +45.726 sec -- end
