Command line invocation:
    /Applications/Xcode.app/Contents/Developer/usr/bin/xcodebuild test-without-building -xctestrun "LOCAL_HOME/ace-private/mcx19b-orientation-repair-20260915/07-scroll-margin-diagnosis/native-focus-v3/native-settings/iPhone 17 Pro Max-read/ACEClientAppUITests.xctestrun" -destination id=D1BAA05C-52DD-4E57-832F-C0A75718E085 -parallel-testing-enabled NO "-only-testing:ACEClientAppUITests/ACEClientAppUITests/testConfigureAccessibilitySettings" -resultBundlePath "LOCAL_HOME/ace-private/mcx19b-orientation-repair-20260915/07-scroll-margin-diagnosis/native-focus-v3/native-settings/iPhone 17 Pro Max-read/result.xcresult"

Writing result bundle at path:
	LOCAL_HOME/ace-private/mcx19b-orientation-repair-20260915/07-scroll-margin-diagnosis/native-focus-v3/native-settings/iPhone 17 Pro Max-read/result.xcresult

2026-09-15 19:47:07.964017+1000 ACEClientAppUITests-Runner[48607:4747882] [Default] Running tests...
    t =      nans Interface orientation changed to Portrait
Test Suite 'Selected tests' started at 2026-09-15 19:47:12.623.
Test Suite 'ACEClientAppUITests.xctest' started at 2026-09-15 19:47:12.626.
Test Suite 'ACEClientAppUITests' started at 2026-09-15 19:47:12.627.
Test Case '-[ACEClientAppUITests.ACEClientAppUITests testConfigureAccessibilitySettings]' started.
    t =     0.01s Start Test at 2026-09-15 19:47:12.635
    t =     0.32s Set Up
    t =     0.35s Open com.example.aceclientapp
    t =     0.35s     Launch com.example.aceclientapp
    t =     2.66s         Setting up automation session
    t =    10.00s         Wait for com.example.aceclientapp to idle
    t =    13.02s Waiting 5.0s for "Effective interface style" Any to exist
    t =    14.06s     Checking `Expect predicate `existsNoRetry == 1` for object "Effective interface style" Any`
    t =    14.07s         Checking existence of `"Effective interface style" Any`
    t =    15.35s Find the "Effective interface style" Any
    t =    15.42s Find the "Effective interface style" ScrollView
    t =    15.60s Terminate com.example.aceclientapp:48623
    t =    16.69s Open com.example.aceclientapp
    t =    16.69s     Launch com.example.aceclientapp
    t =    18.59s         Setting up automation session
    t =    23.87s         Wait for com.example.aceclientapp to idle
    t =    26.92s Waiting 5.0s for "Effective interface style" Any to exist
    t =    27.96s     Checking `Expect predicate `existsNoRetry == 1` for object "Effective interface style" Any`
    t =    27.96s         Checking existence of `"Effective interface style" Any`
    t =    29.16s Find the "Effective interface style" Any
    t =    29.22s Find the "Effective interface style" ScrollView
ACE_SETTINGS_RESULT {"mode":"read","observed":{"boldText":false,"increaseContrast":false,"orientation":"portrait","reduceMotion":false}}
    t =    29.29s Terminate com.example.aceclientapp:48649
    t =    30.31s Tear Down
Test Case '-[ACEClientAppUITests.ACEClientAppUITests testConfigureAccessibilitySettings]' passed (30.904 seconds).
Test Suite 'ACEClientAppUITests' passed at 2026-09-15 19:47:43.539.
	 Executed 1 test, with 0 failures (0 unexpected) in 30.904 (30.912) seconds
Test Suite 'ACEClientAppUITests.xctest' passed at 2026-09-15 19:47:43.541.
	 Executed 1 test, with 0 failures (0 unexpected) in 30.904 (30.915) seconds
Test Suite 'Selected tests' passed at 2026-09-15 19:47:43.544.
	 Executed 1 test, with 0 failures (0 unexpected) in 30.904 (30.920) seconds

Test session results, code coverage, and logs:
	LOCAL_HOME/ace-private/mcx19b-orientation-repair-20260915/07-scroll-margin-diagnosis/native-focus-v3/native-settings/iPhone 17 Pro Max-read/result.xcresult

** TEST EXECUTE SUCCEEDED **

Testing started
2026-09-15 19:46:59.038 xcodebuild[48593:4747315] [MT] IDERunDestination: Supported platforms for the buildables in the current scheme is empty.
2026-09-15 19:46:59.052 xcodebuild[48593:4747315] [MT] IDERunDestination: Supported platforms for the buildables in the current scheme is empty.
2026-09-15 19:47:00.754 xcodebuild[48593:4747315] [MT] IDERunDestination: Supported platforms for the buildables in the current scheme is empty.
2026-09-15 19:47:13.138 xcodebuild[48593:4747315] [MT] IDELaunchParametersSnapshot: The operation couldn’t be completed. (DebuggerLLDB.DebuggerVersionStore.StoreError error 0.)
2026-09-15 19:47:13.138 xcodebuild[48593:4747315] [MT] IDELaunchParametersSnapshot: no debugger version
2026-09-15 19:47:29.325 xcodebuild[48593:4747315] [MT] IDELaunchParametersSnapshot: The operation couldn’t be completed. (DebuggerLLDB.DebuggerVersionStore.StoreError error 0.)
2026-09-15 19:47:29.325 xcodebuild[48593:4747315] [MT] IDELaunchParametersSnapshot: no debugger version
2026-09-15 19:47:43.946 xcodebuild[48593:4747315] [MT] IDETestOperationsObserverDebug: 43.175 elapsed -- Testing started completed.
2026-09-15 19:47:43.946 xcodebuild[48593:4747315] [MT] IDETestOperationsObserverDebug: 0.000 sec, +0.000 sec -- start
2026-09-15 19:47:43.946 xcodebuild[48593:4747315] [MT] IDETestOperationsObserverDebug: 43.175 sec, +43.175 sec -- end
