Command line invocation:
    /Applications/Xcode.app/Contents/Developer/usr/bin/xcodebuild test-without-building -xctestrun "LOCAL_HOME/ace-private/mcx19b-orientation-repair-20260915/06-shutdown-native-gate/positive/native-settings/iPhone 17 Pro Max-restore-post-boot/ACEClientAppUITests.xctestrun" -destination id=D1BAA05C-52DD-4E57-832F-C0A75718E085 -parallel-testing-enabled NO "-only-testing:ACEClientAppUITests/ACEClientAppUITests/testConfigureAccessibilitySettings" -resultBundlePath "LOCAL_HOME/ace-private/mcx19b-orientation-repair-20260915/06-shutdown-native-gate/positive/native-settings/iPhone 17 Pro Max-restore-post-boot/result.xcresult"

Writing result bundle at path:
	LOCAL_HOME/ace-private/mcx19b-orientation-repair-20260915/06-shutdown-native-gate/positive/native-settings/iPhone 17 Pro Max-restore-post-boot/result.xcresult

2026-09-15 18:50:09.652780+1000 ACEClientAppUITests-Runner[41479:4619243] [Default] Running tests...
    t =      nans Interface orientation changed to Portrait
Test Suite 'Selected tests' started at 2026-09-15 18:50:21.906.
Test Suite 'ACEClientAppUITests.xctest' started at 2026-09-15 18:50:21.908.
Test Suite 'ACEClientAppUITests' started at 2026-09-15 18:50:21.908.
Test Case '-[ACEClientAppUITests.ACEClientAppUITests testConfigureAccessibilitySettings]' started.
    t =     0.01s Start Test at 2026-09-15 18:50:21.919
    t =     0.85s Set Up
    t =     0.88s Open com.example.aceclientapp
    t =     0.89s     Launch com.example.aceclientapp
    t =     4.23s         Setting up automation session
    t =     8.50s         Wait for com.example.aceclientapp to idle
    t =    10.94s Waiting 5.0s for "Effective interface style" Any to exist
    t =    12.02s     Checking `Expect predicate `existsNoRetry == 1` for object "Effective interface style" Any`
    t =    12.02s         Checking existence of `"Effective interface style" Any`
    t =    13.25s Find the "Effective interface style" Any
    t =    13.32s Find the "Effective interface style" ScrollView
    t =    13.39s Terminate com.example.aceclientapp:41520
    t =    14.42s Setting device orientation to Portrait
    t =    14.43s     Device orientation changed to Portrait
    t =    14.47s     Wait for com.apple.springboard to idle
    t =    14.62s Open com.example.aceclientapp
    t =    14.62s     Launch com.example.aceclientapp
    t =    15.47s         Setting up automation session
    t =    19.14s         Wait for com.example.aceclientapp to idle
    t =    21.58s Waiting 5.0s for "Effective interface style" Any to exist
    t =    22.65s     Checking `Expect predicate `existsNoRetry == 1` for object "Effective interface style" Any`
    t =    22.65s         Checking existence of `"Effective interface style" Any`
    t =    23.86s Find the "Effective interface style" Any
    t =    23.92s Find the "Effective interface style" ScrollView
ACE_ORIENTATION_READ_STARTED {"requested":"portrait"}
    t =    23.97s Find the Target Application 'com.example.aceclientapp'
ACE_ORIENTATION_FRAME {"elapsedReadSeconds":0.096114501007832587,"frame":{"height":"956.0","width":"440.0","x":"0.0","y":"0.0"},"outcome":"match","requested":"portrait"}
ACE_SETTINGS_RESULT {"mode":"set","observed":{"boldText":false,"increaseContrast":false,"orientation":"portrait","reduceMotion":false}}
    t =    24.07s Terminate com.example.aceclientapp:41546
    t =    25.14s Tear Down
Test Case '-[ACEClientAppUITests.ACEClientAppUITests testConfigureAccessibilitySettings]' passed (25.332 seconds).
Test Suite 'ACEClientAppUITests' passed at 2026-09-15 18:50:47.251.
	 Executed 1 test, with 0 failures (0 unexpected) in 25.332 (25.342) seconds
Test Suite 'ACEClientAppUITests.xctest' passed at 2026-09-15 18:50:47.253.
	 Executed 1 test, with 0 failures (0 unexpected) in 25.332 (25.345) seconds
Test Suite 'Selected tests' passed at 2026-09-15 18:50:47.255.
	 Executed 1 test, with 0 failures (0 unexpected) in 25.332 (25.349) seconds

Test session results, code coverage, and logs:
	LOCAL_HOME/ace-private/mcx19b-orientation-repair-20260915/06-shutdown-native-gate/positive/native-settings/iPhone 17 Pro Max-restore-post-boot/result.xcresult

** TEST EXECUTE SUCCEEDED **

Testing started
2026-09-15 18:49:41.222 xcodebuild[41403:4617476] [MT] IDERunDestination: Supported platforms for the buildables in the current scheme is empty.
2026-09-15 18:49:41.254 xcodebuild[41403:4617476] [MT] IDERunDestination: Supported platforms for the buildables in the current scheme is empty.
2026-09-15 18:49:42.929 xcodebuild[41403:4617476] [MT] IDERunDestination: Supported platforms for the buildables in the current scheme is empty.
2026-09-15 18:49:43.345 xcodebuild[41403:4617476] [MT] IDERunDestination: Supported platforms for the buildables in the current scheme is empty.
2026-09-15 18:50:22.942 xcodebuild[41403:4617476] [MT] IDELaunchParametersSnapshot: The operation couldn’t be completed. (DebuggerLLDB.DebuggerVersionStore.StoreError error 0.)
2026-09-15 18:50:22.942 xcodebuild[41403:4617476] [MT] IDELaunchParametersSnapshot: no debugger version
2026-09-15 18:50:36.538 xcodebuild[41403:4617476] [MT] IDELaunchParametersSnapshot: The operation couldn’t be completed. (DebuggerLLDB.DebuggerVersionStore.StoreError error 0.)
2026-09-15 18:50:36.538 xcodebuild[41403:4617476] [MT] IDELaunchParametersSnapshot: no debugger version
2026-09-15 18:50:47.620 xcodebuild[41403:4617476] [MT] IDETestOperationsObserverDebug: 64.266 elapsed -- Testing started completed.
2026-09-15 18:50:47.620 xcodebuild[41403:4617476] [MT] IDETestOperationsObserverDebug: 0.000 sec, +0.000 sec -- start
2026-09-15 18:50:47.620 xcodebuild[41403:4617476] [MT] IDETestOperationsObserverDebug: 64.266 sec, +64.266 sec -- end
