Command line invocation:
    /Applications/Xcode.app/Contents/Developer/usr/bin/xcodebuild test-without-building -xctestrun "LOCAL_HOME/ace-private/mcx19b-orientation-repair-20260915/09-signin-scroll-diagnosis/native-capture-evidence-gate/negative/native-settings/iPhone 17 Pro Max-read/ACEClientAppUITests.xctestrun" -destination id=D1BAA05C-52DD-4E57-832F-C0A75718E085 -parallel-testing-enabled NO "-only-testing:ACEClientAppUITests/ACEClientAppUITests/testConfigureAccessibilitySettings" -resultBundlePath "LOCAL_HOME/ace-private/mcx19b-orientation-repair-20260915/09-signin-scroll-diagnosis/native-capture-evidence-gate/negative/native-settings/iPhone 17 Pro Max-read/result.xcresult"

Writing result bundle at path:
	LOCAL_HOME/ace-private/mcx19b-orientation-repair-20260915/09-signin-scroll-diagnosis/native-capture-evidence-gate/negative/native-settings/iPhone 17 Pro Max-read/result.xcresult

2026-09-15 22:08:38.964746+1000 ACEClientAppUITests-Runner[68503:5134497] [Default] Running tests...
    t =      nans Interface orientation changed to Portrait
Test Suite 'Selected tests' started at 2026-09-15 22:08:43.440.
Test Suite 'ACEClientAppUITests.xctest' started at 2026-09-15 22:08:43.443.
Test Suite 'ACEClientAppUITests' started at 2026-09-15 22:08:43.444.
Test Case '-[ACEClientAppUITests.ACEClientAppUITests testConfigureAccessibilitySettings]' started.
    t =     0.02s Start Test at 2026-09-15 22:08:43.462
    t =     0.28s Set Up
    t =     0.33s Open com.example.aceclientapp
    t =     0.33s     Launch com.example.aceclientapp
    t =     2.69s         Setting up automation session
    t =     8.15s         Wait for com.example.aceclientapp to idle
    t =    10.99s Waiting 5.0s for "Effective interface style" Any to exist
    t =    12.07s     Checking `Expect predicate `existsNoRetry == 1` for object "Effective interface style" Any`
    t =    12.07s         Checking existence of `"Effective interface style" Any`
    t =    13.36s Find the "Effective interface style" Any
    t =    13.43s Find the "Effective interface style" ScrollView
    t =    13.48s Terminate com.example.aceclientapp:68523
    t =    14.50s Open com.example.aceclientapp
    t =    14.50s     Launch com.example.aceclientapp
    t =    15.36s         Setting up automation session
    t =    20.66s         Wait for com.example.aceclientapp to idle
    t =    23.74s Waiting 5.0s for "Effective interface style" Any to exist
    t =    24.75s     Checking `Expect predicate `existsNoRetry == 1` for object "Effective interface style" Any`
    t =    24.75s         Checking existence of `"Effective interface style" Any`
    t =    25.99s Find the "Effective interface style" Any
    t =    26.06s Find the "Effective interface style" ScrollView
ACE_SETTINGS_RESULT {"mode":"read","observed":{"boldText":false,"increaseContrast":false,"orientation":"portrait","reduceMotion":false}}
    t =    26.11s Terminate com.example.aceclientapp:68542
    t =    27.13s Tear Down
Test Case '-[ACEClientAppUITests.ACEClientAppUITests testConfigureAccessibilitySettings]' passed (28.271 seconds).
Test Suite 'ACEClientAppUITests' passed at 2026-09-15 22:09:11.732.
	 Executed 1 test, with 0 failures (0 unexpected) in 28.271 (28.288) seconds
Test Suite 'ACEClientAppUITests.xctest' passed at 2026-09-15 22:09:11.735.
	 Executed 1 test, with 0 failures (0 unexpected) in 28.271 (28.291) seconds
Test Suite 'Selected tests' passed at 2026-09-15 22:09:11.737.
	 Executed 1 test, with 0 failures (0 unexpected) in 28.271 (28.297) seconds

Test session results, code coverage, and logs:
	LOCAL_HOME/ace-private/mcx19b-orientation-repair-20260915/09-signin-scroll-diagnosis/native-capture-evidence-gate/negative/native-settings/iPhone 17 Pro Max-read/result.xcresult

** TEST EXECUTE SUCCEEDED **

Testing started
2026-09-15 22:08:33.091 xcodebuild[68496:5134051] [MT] IDERunDestination: Supported platforms for the buildables in the current scheme is empty.
2026-09-15 22:08:33.115 xcodebuild[68496:5134051] [MT] IDERunDestination: Supported platforms for the buildables in the current scheme is empty.
2026-09-15 22:08:33.846 xcodebuild[68496:5134051] [MT] IDERunDestination: Supported platforms for the buildables in the current scheme is empty.
2026-09-15 22:08:44.088 xcodebuild[68496:5134051] [MT] IDELaunchParametersSnapshot: The operation couldn’t be completed. (DebuggerLLDB.DebuggerVersionStore.StoreError error 0.)
2026-09-15 22:08:44.088 xcodebuild[68496:5134051] [MT] IDELaunchParametersSnapshot: no debugger version
2026-09-15 22:08:57.953 xcodebuild[68496:5134051] [MT] IDELaunchParametersSnapshot: The operation couldn’t be completed. (DebuggerLLDB.DebuggerVersionStore.StoreError error 0.)
2026-09-15 22:08:57.953 xcodebuild[68496:5134051] [MT] IDELaunchParametersSnapshot: no debugger version
2026-09-15 22:09:12.218 xcodebuild[68496:5134051] [MT] IDETestOperationsObserverDebug: 38.346 elapsed -- Testing started completed.
2026-09-15 22:09:12.218 xcodebuild[68496:5134051] [MT] IDETestOperationsObserverDebug: 0.000 sec, +0.000 sec -- start
2026-09-15 22:09:12.218 xcodebuild[68496:5134051] [MT] IDETestOperationsObserverDebug: 38.346 sec, +38.346 sec -- end
