Command line invocation:
    /Applications/Xcode.app/Contents/Developer/usr/bin/xcodebuild test-without-building -xctestrun "LOCAL_HOME/ace-private/mcx19b-orientation-repair-20260915/12-revision5-discriminating-diagnosis/arm-B/repetition-5/native-settings/iPhone 17-restore-D1/ACEClientAppUITests.xctestrun" -destination id=2EB0863C-470E-467D-A0C6-CD216DA70C67 -parallel-testing-enabled NO "-only-testing:ACEClientAppUITests/ACEClientAppUITests/testConfigureAccessibilitySettings" -resultBundlePath "LOCAL_HOME/ace-private/mcx19b-orientation-repair-20260915/12-revision5-discriminating-diagnosis/arm-B/repetition-5/native-settings/iPhone 17-restore-D1/result.xcresult"

Writing result bundle at path:
	LOCAL_HOME/ace-private/mcx19b-orientation-repair-20260915/12-revision5-discriminating-diagnosis/arm-B/repetition-5/native-settings/iPhone 17-restore-D1/result.xcresult

2026-09-17 00:59:09.303158+1000 ACEClientAppUITests-Runner[15256:7761982] [Default] Running tests...
    t =      nans Interface orientation changed to Portrait
Test Suite 'Selected tests' started at 2026-09-17 00:59:13.495.
Test Suite 'ACEClientAppUITests.xctest' started at 2026-09-17 00:59:13.497.
Test Suite 'ACEClientAppUITests' started at 2026-09-17 00:59:13.498.
Test Case '-[ACEClientAppUITests.ACEClientAppUITests testConfigureAccessibilitySettings]' started.
    t =     0.01s Start Test at 2026-09-17 00:59:13.505
    t =     0.20s Set Up
    t =     0.24s Open com.example.aceclientapp
    t =     0.24s     Launch com.example.aceclientapp
    t =     1.95s         Setting up automation session
    t =     6.37s         Wait for com.example.aceclientapp to idle
    t =     9.64s Waiting 5.0s for "Effective interface style" Any to exist
    t =    10.72s     Checking `Expect predicate `existsNoRetry == 1` for object "Effective interface style" Any`
    t =    10.72s         Checking existence of `"Effective interface style" Any`
    t =    11.97s Find the "Effective interface style" Any
    t =    12.04s Find the "Effective interface style" ScrollView
    t =    12.09s Terminate com.example.aceclientapp:15276
    t =    13.18s Setting device orientation to Portrait
    t =    13.22s     Wait for com.apple.springboard to idle
    t =    13.24s Open com.example.aceclientapp
    t =    13.25s     Launch com.example.aceclientapp
    t =    14.32s         Setting up automation session
    t =    18.94s         Wait for com.example.aceclientapp to idle
    t =    21.84s Waiting 5.0s for "Effective interface style" Any to exist
    t =    22.91s     Checking `Expect predicate `existsNoRetry == 1` for object "Effective interface style" Any`
    t =    22.91s         Checking existence of `"Effective interface style" Any`
    t =    24.24s Find the "Effective interface style" Any
    t =    24.32s Find the "Effective interface style" ScrollView
ACE_ORIENTATION_READ_STARTED {"requested":"portrait"}
    t =    24.37s Find the Target Application 'com.example.aceclientapp'
ACE_ORIENTATION_FRAME {"elapsedReadSeconds":0.07924455200554803,"frame":{"height":"874.0","width":"402.0","x":"0.0","y":"0.0"},"outcome":"match","requested":"portrait"}
ACE_SETTINGS_RESULT {"mode":"set","observed":{"boldText":false,"increaseContrast":false,"orientation":"portrait","reduceMotion":false}}
    t =    24.45s Terminate com.example.aceclientapp:15298
    t =    25.47s Tear Down
Test Case '-[ACEClientAppUITests.ACEClientAppUITests testConfigureAccessibilitySettings]' passed (25.651 seconds).
Test Suite 'ACEClientAppUITests' passed at 2026-09-17 00:59:39.155.
	 Executed 1 test, with 0 failures (0 unexpected) in 25.651 (25.656) seconds
Test Suite 'ACEClientAppUITests.xctest' passed at 2026-09-17 00:59:39.156.
	 Executed 1 test, with 0 failures (0 unexpected) in 25.651 (25.659) seconds
Test Suite 'Selected tests' passed at 2026-09-17 00:59:39.158.
	 Executed 1 test, with 0 failures (0 unexpected) in 25.651 (25.663) seconds

Test session results, code coverage, and logs:
	LOCAL_HOME/ace-private/mcx19b-orientation-repair-20260915/12-revision5-discriminating-diagnosis/arm-B/repetition-5/native-settings/iPhone 17-restore-D1/result.xcresult

** TEST EXECUTE SUCCEEDED **

Testing started
2026-09-17 00:59:01.534 xcodebuild[15231:7761436] [MT] IDERunDestination: Supported platforms for the buildables in the current scheme is empty.
2026-09-17 00:59:01.599 xcodebuild[15231:7761436] [MT] IDERunDestination: Supported platforms for the buildables in the current scheme is empty.
2026-09-17 00:59:02.791 xcodebuild[15231:7761436] [MT] IDERunDestination: Supported platforms for the buildables in the current scheme is empty.
2026-09-17 00:59:13.895 xcodebuild[15231:7761436] [MT] IDELaunchParametersSnapshot: The operation couldn’t be completed. (DebuggerLLDB.DebuggerVersionStore.StoreError error 0.)
2026-09-17 00:59:13.895 xcodebuild[15231:7761436] [MT] IDELaunchParametersSnapshot: no debugger version
2026-09-17 00:59:26.756 xcodebuild[15231:7761436] [MT] IDELaunchParametersSnapshot: The operation couldn’t be completed. (DebuggerLLDB.DebuggerVersionStore.StoreError error 0.)
2026-09-17 00:59:26.756 xcodebuild[15231:7761436] [MT] IDELaunchParametersSnapshot: no debugger version
2026-09-17 00:59:39.547 xcodebuild[15231:7761436] [MT] IDETestOperationsObserverDebug: 36.746 elapsed -- Testing started completed.
2026-09-17 00:59:39.547 xcodebuild[15231:7761436] [MT] IDETestOperationsObserverDebug: 0.000 sec, +0.000 sec -- start
2026-09-17 00:59:39.547 xcodebuild[15231:7761436] [MT] IDETestOperationsObserverDebug: 36.746 sec, +36.746 sec -- end
