Command line invocation:
    /Applications/Xcode.app/Contents/Developer/usr/bin/xcodebuild test-without-building -xctestrun LOCAL_HOME/ace-private/mcx19b-implementation-20260914/signin-prompts-after-2/batches/001/ACEClientAppUITests.xctestrun -destination id=D1BAA05C-52DD-4E57-832F-C0A75718E085 -parallel-testing-enabled NO "-only-testing:ACEClientAppUITests/ACEClientAppUITests/testCoverageBatch" -resultBundlePath LOCAL_HOME/ace-private/mcx19b-implementation-20260914/signin-prompts-after-2/batches/001/result.xcresult

Writing result bundle at path:
	LOCAL_HOME/ace-private/mcx19b-implementation-20260914/signin-prompts-after-2/batches/001/result.xcresult

2026-09-14 19:14:18.026607+1000 ACEClientAppUITests-Runner[71776:1937937] [Default] Running tests...
    t =      nans Interface orientation changed to Portrait
Test Suite 'Selected tests' started at 2026-09-14 19:14:24.442.
Test Suite 'ACEClientAppUITests.xctest' started at 2026-09-14 19:14:24.444.
Test Suite 'ACEClientAppUITests' started at 2026-09-14 19:14:24.445.
Test Case '-[ACEClientAppUITests.ACEClientAppUITests testCoverageBatch]' started.
    t =     0.01s Start Test at 2026-09-14 19:14:24.455
    t =     0.29s Set Up
    t =     0.32s Setting device orientation to Portrait
    t =     0.36s     Wait for com.apple.springboard to idle
    t =     0.41s Open com.example.aceclientapp
    t =     0.41s     Launch com.example.aceclientapp
    t =     3.08s         Setting up automation session
    t =     8.61s         Wait for com.example.aceclientapp to idle
    t =    11.61s Waiting 5.0s for "Sign In heading" StaticText to exist
    t =    12.69s     Checking `Expect predicate `existsNoRetry == 1` for object "Sign In heading" StaticText`
    t =    12.69s         Checking existence of `"Sign In heading" StaticText`
    t =    13.08s Find the "Sign In heading" StaticText
    t =    13.20s Find the Target Application 'com.example.aceclientapp'
    t =    14.34s Find the Target Application 'com.example.aceclientapp'
    t =    14.40s Waiting 5.0s for "Effective interface style" StaticText to exist
    t =    15.41s     Checking `Expect predicate `existsNoRetry == 1` for object "Effective interface style" StaticText`
    t =    15.41s         Checking existence of `"Effective interface style" StaticText`
    t =    16.59s Find the "Effective interface style" StaticText
    t =    16.68s Find the "Effective interface style" StaticText
    t =    16.75s Find the Target Application 'com.example.aceclientapp'
    t =    17.78s Added attachment named 'Coverage diagnostic-prompt-correction.iPhone-17-Pro-Max.signIn.dark.large.portrait.0.0.0 viewport initial'
    t =    22.93s Checking existence of `"Password" SecureTextField`
    t =    23.03s Find the "Sign in" Button
    t =    23.14s Find the Target Application 'com.example.aceclientapp'
    t =    23.21s Find the "Sign in" Button
    t =    23.39s Checking existence of `"Sign in" Button`
    t =    23.48s Find the "Sign in" Button
    t =    23.65s Find the "Sign in" Button
    t =    23.81s Find the "Sign in" Button
    t =    23.91s Find the Target Application 'com.example.aceclientapp'
    t =    24.95s Added attachment named 'Coverage diagnostic-prompt-correction.iPhone-17-Pro-Max.signIn.dark.large.portrait.0.0.0 viewport control-Sign in'
ACE_CASE_RESULT {"auditInvocations":1,"id":"diagnostic-prompt-correction.iPhone-17-Pro-Max.signIn.dark.large.portrait.0.0.0","observed":{"appearance":"dark","boldText":false,"contentSize":"large","increaseContrast":false,"orientation":"portrait","reduceMotion":false},"result":"passed","scenario":"signIn","screenshots":["Coverage diagnostic-prompt-correction.iPhone-17-Pro-Max.signIn.dark.large.portrait.0.0.0 viewport initial","Coverage diagnostic-prompt-correction.iPhone-17-Pro-Max.signIn.dark.large.portrait.0.0.0 viewport control-Sign in"]}
    t =    24.95s Terminate com.example.aceclientapp:71799
    t =    26.03s Tear Down
Test Case '-[ACEClientAppUITests.ACEClientAppUITests testCoverageBatch]' passed (26.102 seconds).
Test Suite 'ACEClientAppUITests' passed at 2026-09-14 19:14:50.556.
	 Executed 1 test, with 0 failures (0 unexpected) in 26.102 (26.111) seconds
Test Suite 'ACEClientAppUITests.xctest' passed at 2026-09-14 19:14:50.559.
	 Executed 1 test, with 0 failures (0 unexpected) in 26.102 (26.115) seconds
Test Suite 'Selected tests' passed at 2026-09-14 19:14:50.561.
	 Executed 1 test, with 0 failures (0 unexpected) in 26.102 (26.120) seconds

Test session results, code coverage, and logs:
	LOCAL_HOME/ace-private/mcx19b-implementation-20260914/signin-prompts-after-2/batches/001/result.xcresult

** TEST EXECUTE SUCCEEDED **

Testing started
2026-09-14 19:14:08.081 xcodebuild[71751:1937393] [MT] IDERunDestination: Supported platforms for the buildables in the current scheme is empty.
2026-09-14 19:14:08.134 xcodebuild[71751:1937393] [MT] IDERunDestination: Supported platforms for the buildables in the current scheme is empty.
2026-09-14 19:14:09.678 xcodebuild[71751:1937393] [MT] IDERunDestination: Supported platforms for the buildables in the current scheme is empty.
2026-09-14 19:14:10.125 xcodebuild[71751:1937393] [MT] IDERunDestination: Supported platforms for the buildables in the current scheme is empty.
2026-09-14 19:14:25.131 xcodebuild[71751:1937393] [MT] IDELaunchParametersSnapshot: The operation couldn’t be completed. (DebuggerLLDB.DebuggerVersionStore.StoreError error 0.)
2026-09-14 19:14:25.132 xcodebuild[71751:1937393] [MT] IDELaunchParametersSnapshot: no debugger version
2026-09-14 19:14:51.046 xcodebuild[71751:1937393] [MT] IDETestOperationsObserverDebug: 40.869 elapsed -- Testing started completed.
2026-09-14 19:14:51.046 xcodebuild[71751:1937393] [MT] IDETestOperationsObserverDebug: 0.000 sec, +0.000 sec -- start
2026-09-14 19:14:51.046 xcodebuild[71751:1937393] [MT] IDETestOperationsObserverDebug: 40.869 sec, +40.869 sec -- end
