Command line invocation:
    /Applications/Xcode.app/Contents/Developer/usr/bin/xcodebuild test-without-building -xctestrun LOCAL_HOME/ace-private/mcx19b-orientation-repair-20260915/12-revision5-discriminating-diagnosis/arm-B/repetition-5/batches/001/ACEClientAppUITests.xctestrun -destination id=2EB0863C-470E-467D-A0C6-CD216DA70C67 -parallel-testing-enabled NO "-only-testing:ACEClientAppUITests/ACEClientAppUITests/testCoverageBatch" -resultBundlePath LOCAL_HOME/ace-private/mcx19b-orientation-repair-20260915/12-revision5-discriminating-diagnosis/arm-B/repetition-5/batches/001/result.xcresult

Writing result bundle at path:
	LOCAL_HOME/ace-private/mcx19b-orientation-repair-20260915/12-revision5-discriminating-diagnosis/arm-B/repetition-5/batches/001/result.xcresult

2026-09-17 00:57:47.911348+1000 ACEClientAppUITests-Runner[15084:7758414] [Default] Running tests...
    t =      nans Interface orientation changed to Portrait
Test Suite 'Selected tests' started at 2026-09-17 00:57:53.094.
Test Suite 'ACEClientAppUITests.xctest' started at 2026-09-17 00:57:53.109.
Test Suite 'ACEClientAppUITests' started at 2026-09-17 00:57:53.109.
Test Case '-[ACEClientAppUITests.ACEClientAppUITests testCoverageBatch]' started.
    t =     0.02s Start Test at 2026-09-17 00:57:53.129
    t =     0.25s Set Up
    t =     0.28s Setting device orientation to Portrait
    t =     0.30s     Device orientation changed to Portrait
    t =     0.34s     Wait for com.apple.springboard to idle
    t =     0.53s Open com.example.aceclientapp
    t =     0.53s     Launch com.example.aceclientapp
    t =     3.33s         Setting up automation session
    t =     8.60s         Wait for com.example.aceclientapp to idle
    t =    11.40s Waiting 5.0s for "Current Release" StaticText to exist
    t =    12.49s     Checking `Expect predicate `existsNoRetry == 1` for object "Current Release" StaticText`
    t =    12.49s         Checking existence of `"Current Release" StaticText`
    t =    12.86s Checking existence of `"Current Release" StaticText`
    t =    12.94s Find the "Current Release" StaticText
    t =    13.03s Find the Target Application 'com.example.aceclientapp'
ACE_ORIENTATION_READ_STARTED {"requested":"portrait"}
    t =    13.08s Find the Target Application 'com.example.aceclientapp'
ACE_ORIENTATION_FRAME {"elapsedReadSeconds":0.051715563982725143,"frame":{"height":"874.0","width":"402.0","x":"0.0","y":"0.0"},"outcome":"match","requested":"portrait"}
    t =    13.14s Waiting 5.0s for "Effective interface style" Any to exist
    t =    14.21s     Checking `Expect predicate `existsNoRetry == 1` for object "Effective interface style" Any`
    t =    14.21s         Checking existence of `"Effective interface style" Any`
    t =    15.35s Find the "Effective interface style" Any
    t =    15.40s Find the "Effective interface style" ScrollView
    t =    16.04s Added attachment named 'Coverage pilot.iPhone-17.copyConfirmation.light.large.portrait.0.0.0 viewport initial'
ACE_D1_AUDIT_CALL {"arm":"B","auditName":"contrast","error":null,"issueObserved":false,"repetition":"5","returnedNormally":true,"viewport":"initial"}
ACE_D1_AUDIT_CALL {"arm":"B","auditName":"elementDetection","error":null,"issueObserved":false,"repetition":"5","returnedNormally":true,"viewport":"initial"}
ACE_D1_AUDIT_CALL {"arm":"B","auditName":"hitRegion","error":null,"issueObserved":false,"repetition":"5","returnedNormally":true,"viewport":"initial"}
ACE_D1_AUDIT_CALL {"arm":"B","auditName":"sufficientElementDescription","error":null,"issueObserved":false,"repetition":"5","returnedNormally":true,"viewport":"initial"}
ACE_D1_AUDIT_CALL {"arm":"B","auditName":"dynamicType","error":null,"issueObserved":false,"repetition":"5","returnedNormally":true,"viewport":"initial"}
ACE_D1_AUDIT_CALL {"arm":"B","auditName":"textClipped","error":null,"issueObserved":false,"repetition":"5","returnedNormally":true,"viewport":"initial"}
ACE_D1_AUDIT_CALL {"arm":"B","auditName":"trait","error":null,"issueObserved":false,"repetition":"5","returnedNormally":true,"viewport":"initial"}
    t =    30.79s Waiting 5.0s for ScrollView (First Match) to exist
    t =    31.87s     Checking `Expect predicate `existsNoRetry == 1` for object ScrollView (First Match)`
    t =    31.87s         Checking existence of `ScrollView (First Match)`
    t =    31.93s Checking existence of `"Copy action 1" Button`
    t =    32.03s Find the "Copy action 1" Button
    t =    32.18s Find the ScrollView (First Match)
    t =    32.23s Checking existence of `"Copy action 1" Button`
    t =    32.31s Find the "Copy action 1" Button
    t =    32.45s Press "Effective interface style" ScrollView[0.50, 0.72] for 0.1 seconds, then drag to "Effective interface style" ScrollView[0.50, 0.28] with velocity of 500.00 pixels per second, and then hold for 0.0 seconds 
    t =    32.45s     Wait for com.example.aceclientapp to idle
    t =    32.46s     Find the "Effective interface style" ScrollView
    t =    32.51s     Check for interrupting elements affecting "Effective interface style" ScrollView
    t =    32.61s     Synthesize event
    t =    32.61s         Find the "Effective interface style" ScrollView
    t =    32.71s         Find the "Effective interface style" ScrollView
    t =    32.79s         Find the "Effective interface style" ScrollView
    t =    32.86s         Find the "Effective interface style" ScrollView
    t =    32.95s         Find the "Effective interface style" ScrollView
    t =    34.21s     Wait for com.example.aceclientapp to idle
    t =    34.26s Checking existence of `"Copy action 1" Button`
    t =    34.37s Find the "Copy action 1" Button
    t =    34.51s Find the "Copy action 1" Button
    t =    34.65s Find the "Effective interface style" ScrollView
    t =    34.70s Checking existence of `"Copy action 1" Button`
    t =    34.77s Find the "Copy action 1" Button
    t =    34.97s Find the "Copy action 1" Button
    t =    35.09s Tap "Copy action 1" Button
    t =    35.10s     Wait for com.example.aceclientapp to idle
    t =    35.30s     Find the "Copy action 1" Button
    t =    35.39s     Check for interrupting elements affecting "Copy action 1" Button
    t =    35.47s     Synthesize event
    t =    35.84s     Wait for com.example.aceclientapp to idle
    t =    35.87s Waiting 5.0s for Any (First Match) to exist
    t =    36.97s     Checking `Expect predicate `existsNoRetry == 1` for object Any (First Match)`
    t =    36.97s         Checking existence of `Any (First Match)`
    t =    37.08s Waiting 5.0s for ScrollView (First Match) to exist
    t =    38.14s     Checking `Expect predicate `existsNoRetry == 1` for object ScrollView (First Match)`
    t =    38.14s         Checking existence of `ScrollView (First Match)`
    t =    38.17s Checking existence of `Any (First Match)`
    t =    38.30s Find the Any (First Match)
    t =    38.48s Find the "Copied Action 1." StaticText
    t =    38.68s Find the ScrollView (First Match)
    t =    38.74s Checking existence of `"Copied Action 1." StaticText`
    t =    38.88s Find the "Copied Action 1." StaticText
    t =    39.09s Find the "Copied Action 1." StaticText
    t =    39.23s Find the ScrollView (First Match)
    t =    39.82s Added attachment named 'Coverage pilot.iPhone-17.copyConfirmation.light.large.portrait.0.0.0 viewport copy-confirmation'
ACE_D1_AUDIT_CALL {"arm":"B","auditName":"contrast","error":null,"issueObserved":false,"repetition":"5","returnedNormally":true,"viewport":"copy-confirmation"}
ACE_D1_AUDIT_CALL {"arm":"B","auditName":"elementDetection","error":null,"issueObserved":false,"repetition":"5","returnedNormally":true,"viewport":"copy-confirmation"}
ACE_D1_AUDIT_CALL {"arm":"B","auditName":"hitRegion","error":null,"issueObserved":false,"repetition":"5","returnedNormally":true,"viewport":"copy-confirmation"}
ACE_D1_AUDIT_CALL {"arm":"B","auditName":"sufficientElementDescription","error":null,"issueObserved":false,"repetition":"5","returnedNormally":true,"viewport":"copy-confirmation"}
ACE_D1_AUDIT_CALL {"arm":"B","auditName":"dynamicType","error":null,"issueObserved":false,"repetition":"5","returnedNormally":true,"viewport":"copy-confirmation"}
ACE_D1_AUDIT_CALL {"arm":"B","auditName":"textClipped","error":null,"issueObserved":false,"repetition":"5","returnedNormally":true,"viewport":"copy-confirmation"}
ACE_D1_AUDIT_CALL {"arm":"B","auditName":"trait","error":null,"issueObserved":false,"repetition":"5","returnedNormally":true,"viewport":"copy-confirmation"}
ACE_CASE_RESULT {"auditInvocations":2,"id":"pilot.iPhone-17.copyConfirmation.light.large.portrait.0.0.0","observed":{"appearance":"light","boldText":false,"contentSize":"large","increaseContrast":false,"orientation":"portrait","reduceMotion":false},"result":"passed","scenario":"copyConfirmation","screenshots":["Coverage pilot.iPhone-17.copyConfirmation.light.large.portrait.0.0.0 viewport initial","Coverage pilot.iPhone-17.copyConfirmation.light.large.portrait.0.0.0 viewport copy-confirmation"]}
    t =    53.18s Terminate com.example.aceclientapp:15106
ACE_D1_DIAGNOSTIC_COMPLETE {"allAuditCallsReturnedNormally":true,"allAuditTypesAttempted":true,"arm":"B","attemptedAuditCalls":14,"auditErrors":[],"bothViewportAuditGroupsCompleted":true,"callbackIssueCount":0,"completedViewports":["copy-confirmation","initial"],"expectedAuditCalls":14,"repetition":"5","returnedNormallyAuditCalls":14}
    t =    54.22s Tear Down
Test Case '-[ACEClientAppUITests.ACEClientAppUITests testCoverageBatch]' passed (54.737 seconds).
Test Suite 'ACEClientAppUITests' passed at 2026-09-17 00:58:47.854.
	 Executed 1 test, with 0 failures (0 unexpected) in 54.737 (54.744) seconds
Test Suite 'ACEClientAppUITests.xctest' passed at 2026-09-17 00:58:47.856.
	 Executed 1 test, with 0 failures (0 unexpected) in 54.737 (54.748) seconds
Test Suite 'Selected tests' passed at 2026-09-17 00:58:47.858.
	 Executed 1 test, with 0 failures (0 unexpected) in 54.737 (54.764) seconds

Test session results, code coverage, and logs:
	LOCAL_HOME/ace-private/mcx19b-orientation-repair-20260915/12-revision5-discriminating-diagnosis/arm-B/repetition-5/batches/001/result.xcresult

** TEST EXECUTE SUCCEEDED **

Testing started
2026-09-17 00:57:39.126 xcodebuild[15059:7757789] [MT] IDERunDestination: Supported platforms for the buildables in the current scheme is empty.
2026-09-17 00:57:39.164 xcodebuild[15059:7757789] [MT] IDERunDestination: Supported platforms for the buildables in the current scheme is empty.
2026-09-17 00:57:39.184 xcodebuild[15059:7757789] [MT] IDERunDestination: Supported platforms for the buildables in the current scheme is empty.
2026-09-17 00:57:53.839 xcodebuild[15059:7757789] [MT] IDELaunchParametersSnapshot: The operation couldn’t be completed. (DebuggerLLDB.DebuggerVersionStore.StoreError error 0.)
2026-09-17 00:57:53.839 xcodebuild[15059:7757789] [MT] IDELaunchParametersSnapshot: no debugger version
2026-09-17 00:58:48.270 xcodebuild[15059:7757789] [MT] IDETestOperationsObserverDebug: 68.090 elapsed -- Testing started completed.
2026-09-17 00:58:48.270 xcodebuild[15059:7757789] [MT] IDETestOperationsObserverDebug: 0.000 sec, +0.000 sec -- start
2026-09-17 00:58:48.270 xcodebuild[15059:7757789] [MT] IDETestOperationsObserverDebug: 68.090 sec, +68.089 sec -- end
