Command line invocation:
    /Applications/Xcode.app/Contents/Developer/usr/bin/xcodebuild test-without-building -xctestrun LOCAL_HOME/ace-private/mcx19b-orientation-repair-20260915/07-scroll-margin-diagnosis/native-focus-v2/native-settings/001-set/ACEClientAppUITests.xctestrun -destination id=2EB0863C-470E-467D-A0C6-CD216DA70C67 -parallel-testing-enabled NO "-only-testing:ACEClientAppUITests/ACEClientAppUITests/testConfigureAccessibilitySettings" -resultBundlePath LOCAL_HOME/ace-private/mcx19b-orientation-repair-20260915/07-scroll-margin-diagnosis/native-focus-v2/native-settings/001-set/result.xcresult

Writing result bundle at path:
	LOCAL_HOME/ace-private/mcx19b-orientation-repair-20260915/07-scroll-margin-diagnosis/native-focus-v2/native-settings/001-set/result.xcresult

2026-09-15 19:37:31.911047+1000 ACEClientAppUITests-Runner[47115:4722287] [Default] Running tests...
    t =      nans Interface orientation changed to Portrait
Test Suite 'Selected tests' started at 2026-09-15 19:37:35.478.
Test Suite 'ACEClientAppUITests.xctest' started at 2026-09-15 19:37:35.481.
Test Suite 'ACEClientAppUITests' started at 2026-09-15 19:37:35.482.
Test Case '-[ACEClientAppUITests.ACEClientAppUITests testConfigureAccessibilitySettings]' started.
    t =     0.01s Start Test at 2026-09-15 19:37:35.496
    t =     0.21s Set Up
    t =     0.24s Open com.example.aceclientapp
    t =     0.24s     Launch com.example.aceclientapp
    t =     2.16s         Setting up automation session
    t =     6.24s         Wait for com.example.aceclientapp to idle
    t =     8.95s Waiting 5.0s for "Effective interface style" Any to exist
    t =    10.03s     Checking `Expect predicate `existsNoRetry == 1` for object "Effective interface style" Any`
    t =    10.03s         Checking existence of `"Effective interface style" Any`
    t =    11.28s Find the "Effective interface style" Any
    t =    11.37s Find the "Effective interface style" ScrollView
    t =    11.43s Terminate com.example.aceclientapp:47128
    t =    12.47s Setting device orientation to Portrait
    t =    12.48s     Device orientation changed to Portrait
    t =    12.54s     Wait for com.apple.springboard to idle
    t =    12.72s Open com.example.aceclientapp
    t =    12.72s     Launch com.example.aceclientapp
    t =    13.57s         Setting up automation session
    t =    17.29s         Wait for com.example.aceclientapp to idle
    t =    19.89s Waiting 5.0s for "Effective interface style" Any to exist
    t =    20.96s     Checking `Expect predicate `existsNoRetry == 1` for object "Effective interface style" Any`
    t =    20.96s         Checking existence of `"Effective interface style" Any`
    t =    22.20s Find the "Effective interface style" Any
    t =    22.27s Find the "Effective interface style" ScrollView
ACE_ORIENTATION_READ_STARTED {"requested":"portrait"}
    t =    22.32s Find the Target Application 'com.example.aceclientapp'
ACE_ORIENTATION_FRAME {"elapsedReadSeconds":0.066161122027551755,"frame":{"height":"874.0","width":"402.0","x":"0.0","y":"0.0"},"outcome":"match","requested":"portrait"}
ACE_SETTINGS_RESULT {"mode":"set","observed":{"boldText":false,"increaseContrast":false,"orientation":"portrait","reduceMotion":false}}
    t =    22.38s Terminate com.example.aceclientapp:47143
    t =    23.40s Tear Down
Test Case '-[ACEClientAppUITests.ACEClientAppUITests testConfigureAccessibilitySettings]' passed (23.788 seconds).
Test Suite 'ACEClientAppUITests' passed at 2026-09-15 19:37:59.282.
	 Executed 1 test, with 0 failures (0 unexpected) in 23.788 (23.800) seconds
Test Suite 'ACEClientAppUITests.xctest' passed at 2026-09-15 19:37:59.284.
	 Executed 1 test, with 0 failures (0 unexpected) in 23.788 (23.804) seconds
Test Suite 'Selected tests' passed at 2026-09-15 19:37:59.287.
	 Executed 1 test, with 0 failures (0 unexpected) in 23.788 (23.809) seconds

Test session results, code coverage, and logs:
	LOCAL_HOME/ace-private/mcx19b-orientation-repair-20260915/07-scroll-margin-diagnosis/native-focus-v2/native-settings/001-set/result.xcresult

** TEST EXECUTE SUCCEEDED **

Testing started
2026-09-15 19:37:24.834 xcodebuild[47101:4721761] [MT] IDERunDestination: Supported platforms for the buildables in the current scheme is empty.
2026-09-15 19:37:24.860 xcodebuild[47101:4721761] [MT] IDERunDestination: Supported platforms for the buildables in the current scheme is empty.
2026-09-15 19:37:25.663 xcodebuild[47101:4721761] [MT] IDERunDestination: Supported platforms for the buildables in the current scheme is empty.
2026-09-15 19:37:25.923 xcodebuild[47101:4721761] [MT] IDERunDestination: Supported platforms for the buildables in the current scheme is empty.
2026-09-15 19:37:35.871 xcodebuild[47101:4721761] [MT] IDELaunchParametersSnapshot: The operation couldn’t be completed. (DebuggerLLDB.DebuggerVersionStore.StoreError error 0.)
2026-09-15 19:37:35.871 xcodebuild[47101:4721761] [MT] IDELaunchParametersSnapshot: no debugger version
2026-09-15 19:37:48.208 xcodebuild[47101:4721761] [MT] IDELaunchParametersSnapshot: The operation couldn’t be completed. (DebuggerLLDB.DebuggerVersionStore.StoreError error 0.)
2026-09-15 19:37:48.208 xcodebuild[47101:4721761] [MT] IDELaunchParametersSnapshot: no debugger version
2026-09-15 19:37:59.739 xcodebuild[47101:4721761] [MT] IDETestOperationsObserverDebug: 33.808 elapsed -- Testing started completed.
2026-09-15 19:37:59.739 xcodebuild[47101:4721761] [MT] IDETestOperationsObserverDebug: 0.000 sec, +0.000 sec -- start
2026-09-15 19:37:59.739 xcodebuild[47101:4721761] [MT] IDETestOperationsObserverDebug: 33.808 sec, +33.808 sec -- end
