Command line invocation:
    /Applications/Xcode.app/Contents/Developer/usr/bin/xcodebuild test-without-building -xctestrun "LOCAL_HOME/ace-private/mcx19b-orientation-repair-20260915/07-scroll-margin-diagnosis/native-focus-v2/native-settings/iPhone 17 Pro Max-read/ACEClientAppUITests.xctestrun" -destination id=D1BAA05C-52DD-4E57-832F-C0A75718E085 -parallel-testing-enabled NO "-only-testing:ACEClientAppUITests/ACEClientAppUITests/testConfigureAccessibilitySettings" -resultBundlePath "LOCAL_HOME/ace-private/mcx19b-orientation-repair-20260915/07-scroll-margin-diagnosis/native-focus-v2/native-settings/iPhone 17 Pro Max-read/result.xcresult"

Writing result bundle at path:
	LOCAL_HOME/ace-private/mcx19b-orientation-repair-20260915/07-scroll-margin-diagnosis/native-focus-v2/native-settings/iPhone 17 Pro Max-read/result.xcresult

2026-09-15 19:34:36.095326+1000 ACEClientAppUITests-Runner[46585:4712304] [Default] Running tests...
2026-09-15 19:34:36.468987+1000 ACEClientAppUITests-Runner[46585:4712410] [General] Failed to send CA Event for app launch measurements for ca_event_type: 0 event_name: com.apple.app_launch_measurement.FirstFramePresentationMetric
    t =      nans Interface orientation changed to Portrait
2026-09-15 19:34:40.991503+1000 ACEClientAppUITests-Runner[46585:4712410] [General] Failed to send CA Event for app launch measurements for ca_event_type: 1 event_name: com.apple.app_launch_measurement.ExtendedLaunchMetrics
Test Suite 'Selected tests' started at 2026-09-15 19:34:41.106.
Test Suite 'ACEClientAppUITests.xctest' started at 2026-09-15 19:34:41.113.
Test Suite 'ACEClientAppUITests' started at 2026-09-15 19:34:41.120.
Test Case '-[ACEClientAppUITests.ACEClientAppUITests testConfigureAccessibilitySettings]' started.
    t =     0.02s Start Test at 2026-09-15 19:34:41.141
    t =     0.38s Set Up
    t =     0.41s Open com.example.aceclientapp
    t =     0.42s     Launch com.example.aceclientapp
    t =     2.55s         Setting up automation session
    t =     9.06s         Wait for com.example.aceclientapp to idle
    t =    12.37s Waiting 5.0s for "Effective interface style" Any to exist
    t =    13.40s     Checking `Expect predicate `existsNoRetry == 1` for object "Effective interface style" Any`
    t =    13.40s         Checking existence of `"Effective interface style" Any`
    t =    14.71s Find the "Effective interface style" Any
    t =    14.79s Find the "Effective interface style" ScrollView
    t =    14.85s Terminate com.example.aceclientapp:46603
    t =    15.89s Open com.example.aceclientapp
    t =    15.90s     Launch com.example.aceclientapp
    t =    16.98s         Setting up automation session
    t =    22.47s         Wait for com.example.aceclientapp to idle
    t =    25.33s Waiting 5.0s for "Effective interface style" Any to exist
    t =    26.42s     Checking `Expect predicate `existsNoRetry == 1` for object "Effective interface style" Any`
    t =    26.42s         Checking existence of `"Effective interface style" Any`
    t =    27.69s Find the "Effective interface style" Any
    t =    27.76s Find the "Effective interface style" ScrollView
ACE_SETTINGS_RESULT {"mode":"read","observed":{"boldText":false,"increaseContrast":false,"orientation":"portrait","reduceMotion":false}}
    t =    27.82s Terminate com.example.aceclientapp:46622
    t =    28.90s Tear Down
Test Case '-[ACEClientAppUITests.ACEClientAppUITests testConfigureAccessibilitySettings]' passed (29.298 seconds).
Test Suite 'ACEClientAppUITests' passed at 2026-09-15 19:35:10.432.
	 Executed 1 test, with 0 failures (0 unexpected) in 29.298 (29.312) seconds
Test Suite 'ACEClientAppUITests.xctest' passed at 2026-09-15 19:35:10.434.
	 Executed 1 test, with 0 failures (0 unexpected) in 29.298 (29.320) seconds
Test Suite 'Selected tests' passed at 2026-09-15 19:35:10.436.
	 Executed 1 test, with 0 failures (0 unexpected) in 29.298 (29.330) seconds

Test session results, code coverage, and logs:
	LOCAL_HOME/ace-private/mcx19b-orientation-repair-20260915/07-scroll-margin-diagnosis/native-focus-v2/native-settings/iPhone 17 Pro Max-read/result.xcresult

** TEST EXECUTE SUCCEEDED **

Testing started
2026-09-15 19:34:26.499 xcodebuild[46571:4711787] [MT] IDERunDestination: Supported platforms for the buildables in the current scheme is empty.
2026-09-15 19:34:26.533 xcodebuild[46571:4711787] [MT] IDERunDestination: Supported platforms for the buildables in the current scheme is empty.
2026-09-15 19:34:27.845 xcodebuild[46571:4711787] [MT] IDERunDestination: Supported platforms for the buildables in the current scheme is empty.
2026-09-15 19:34:41.737 xcodebuild[46571:4711787] [MT] IDELaunchParametersSnapshot: The operation couldn’t be completed. (DebuggerLLDB.DebuggerVersionStore.StoreError error 0.)
2026-09-15 19:34:41.737 xcodebuild[46571:4711787] [MT] IDELaunchParametersSnapshot: no debugger version
2026-09-15 19:34:57.023 xcodebuild[46571:4711787] [MT] IDELaunchParametersSnapshot: The operation couldn’t be completed. (DebuggerLLDB.DebuggerVersionStore.StoreError error 0.)
2026-09-15 19:34:57.023 xcodebuild[46571:4711787] [MT] IDELaunchParametersSnapshot: no debugger version
2026-09-15 19:35:10.836 xcodebuild[46571:4711787] [MT] IDETestOperationsObserverDebug: 42.983 elapsed -- Testing started completed.
2026-09-15 19:35:10.836 xcodebuild[46571:4711787] [MT] IDETestOperationsObserverDebug: 0.000 sec, +0.000 sec -- start
2026-09-15 19:35:10.836 xcodebuild[46571:4711787] [MT] IDETestOperationsObserverDebug: 42.983 sec, +42.983 sec -- end
