Command line invocation:
    /Applications/Xcode.app/Contents/Developer/usr/bin/xcodebuild test-without-building -xctestrun "LOCAL_HOME/ace-private/mcx19b-orientation-repair-20260915/shutdown-pilot-runs/20260915T085501Z-pilot-a40a74500076/native-settings/iPhone 17 Pro Max-restore-post-boot/ACEClientAppUITests.xctestrun" -destination id=D1BAA05C-52DD-4E57-832F-C0A75718E085 -parallel-testing-enabled NO "-only-testing:ACEClientAppUITests/ACEClientAppUITests/testConfigureAccessibilitySettings" -resultBundlePath "LOCAL_HOME/ace-private/mcx19b-orientation-repair-20260915/shutdown-pilot-runs/20260915T085501Z-pilot-a40a74500076/native-settings/iPhone 17 Pro Max-restore-post-boot/result.xcresult"

Writing result bundle at path:
	LOCAL_HOME/ace-private/mcx19b-orientation-repair-20260915/shutdown-pilot-runs/20260915T085501Z-pilot-a40a74500076/native-settings/iPhone 17 Pro Max-restore-post-boot/result.xcresult

2026-09-15 19:06:23.340834+1000 ACEClientAppUITests-Runner[43584:4664350] [Default] Running tests...
    t =      nans Interface orientation changed to Portrait
Test Suite 'Selected tests' started at 2026-09-15 19:06:36.154.
Test Suite 'ACEClientAppUITests.xctest' started at 2026-09-15 19:06:36.156.
Test Suite 'ACEClientAppUITests' started at 2026-09-15 19:06:36.158.
Test Case '-[ACEClientAppUITests.ACEClientAppUITests testConfigureAccessibilitySettings]' started.
    t =     0.01s Start Test at 2026-09-15 19:06:36.166
    t =     0.76s Set Up
    t =     0.78s Open com.example.aceclientapp
    t =     0.79s     Launch com.example.aceclientapp
    t =     3.95s         Setting up automation session
    t =     7.93s         Wait for com.example.aceclientapp to idle
    t =    10.70s Waiting 5.0s for "Effective interface style" Any to exist
    t =    11.79s     Checking `Expect predicate `existsNoRetry == 1` for object "Effective interface style" Any`
    t =    11.80s         Checking existence of `"Effective interface style" Any`
    t =    12.97s Find the "Effective interface style" Any
    t =    13.03s Find the "Effective interface style" ScrollView
    t =    13.15s Terminate com.example.aceclientapp:43621
    t =    14.18s Setting device orientation to Portrait
    t =    14.19s     Device orientation changed to Portrait
    t =    14.26s     Wait for com.apple.springboard to idle
    t =    14.44s Open com.example.aceclientapp
    t =    14.45s     Launch com.example.aceclientapp
    t =    15.11s         Setting up automation session
    t =    19.34s         Wait for com.example.aceclientapp to idle
    t =    21.90s Waiting 5.0s for "Effective interface style" Any to exist
    t =    22.98s     Checking `Expect predicate `existsNoRetry == 1` for object "Effective interface style" Any`
    t =    22.98s         Checking existence of `"Effective interface style" Any`
    t =    24.21s Find the "Effective interface style" Any
    t =    24.28s Find the "Effective interface style" ScrollView
ACE_ORIENTATION_READ_STARTED {"requested":"portrait"}
    t =    24.34s Find the Target Application 'com.example.aceclientapp'
ACE_ORIENTATION_FRAME {"elapsedReadSeconds":0.07555114000570029,"frame":{"height":"956.0","width":"440.0","x":"0.0","y":"0.0"},"outcome":"match","requested":"portrait"}
ACE_SETTINGS_RESULT {"mode":"set","observed":{"boldText":false,"increaseContrast":false,"orientation":"portrait","reduceMotion":false}}
    t =    24.42s Terminate com.example.aceclientapp:43639
    t =    25.46s Tear Down
Test Case '-[ACEClientAppUITests.ACEClientAppUITests testConfigureAccessibilitySettings]' passed (25.726 seconds).
Test Suite 'ACEClientAppUITests' passed at 2026-09-15 19:07:01.892.
	 Executed 1 test, with 0 failures (0 unexpected) in 25.726 (25.734) seconds
Test Suite 'ACEClientAppUITests.xctest' passed at 2026-09-15 19:07:01.895.
	 Executed 1 test, with 0 failures (0 unexpected) in 25.726 (25.739) seconds
Test Suite 'Selected tests' passed at 2026-09-15 19:07:01.897.
	 Executed 1 test, with 0 failures (0 unexpected) in 25.726 (25.743) seconds

Test session results, code coverage, and logs:
	LOCAL_HOME/ace-private/mcx19b-orientation-repair-20260915/shutdown-pilot-runs/20260915T085501Z-pilot-a40a74500076/native-settings/iPhone 17 Pro Max-restore-post-boot/result.xcresult

** TEST EXECUTE SUCCEEDED **

Testing started
2026-09-15 19:05:56.265 xcodebuild[43497:4662745] [MT] IDERunDestination: Supported platforms for the buildables in the current scheme is empty.
2026-09-15 19:05:56.329 xcodebuild[43497:4662745] [MT] IDERunDestination: Supported platforms for the buildables in the current scheme is empty.
2026-09-15 19:05:57.627 xcodebuild[43497:4662745] [MT] IDERunDestination: Supported platforms for the buildables in the current scheme is empty.
2026-09-15 19:05:57.921 xcodebuild[43497:4662745] [MT] IDERunDestination: Supported platforms for the buildables in the current scheme is empty.
2026-09-15 19:06:37.096 xcodebuild[43497:4662745] [MT] IDELaunchParametersSnapshot: The operation couldn’t be completed. (DebuggerLLDB.DebuggerVersionStore.StoreError error 0.)
2026-09-15 19:06:37.096 xcodebuild[43497:4662745] [MT] IDELaunchParametersSnapshot: no debugger version
2026-09-15 19:06:50.609 xcodebuild[43497:4662745] [MT] IDELaunchParametersSnapshot: The operation couldn’t be completed. (DebuggerLLDB.DebuggerVersionStore.StoreError error 0.)
2026-09-15 19:06:50.610 xcodebuild[43497:4662745] [MT] IDELaunchParametersSnapshot: no debugger version
2026-09-15 19:07:02.247 xcodebuild[43497:4662745] [MT] IDETestOperationsObserverDebug: 64.319 elapsed -- Testing started completed.
2026-09-15 19:07:02.247 xcodebuild[43497:4662745] [MT] IDETestOperationsObserverDebug: 0.000 sec, +0.000 sec -- start
2026-09-15 19:07:02.247 xcodebuild[43497:4662745] [MT] IDETestOperationsObserverDebug: 64.319 sec, +64.319 sec -- end
